[test_assign1_1.c-test create open and close methods-L46-12:08:15] OK: expected true: filename correct
[test_assign1_1.c-test create open and close methods-L47-12:08:15] OK: expected true: expect 1 page in new file
[test_assign1_1.c-test create open and close methods-L48-12:08:15] OK: expected true: freshly opened file's page position should be 0
[test_assign1_1.c-test create open and close methods-L54-12:08:15] OK: expected true: opening non-existing file should return an error.
[test_assign1_1.c-test create open and close methods-L56-12:08:15] OK: finished test

created and opened file
[test_assign1_1.c-test single page content-L80-12:08:15] OK: expected true: expected zero byte in first page of freshly initialized page
[test_assign1_1.c-test single page content-L80-12:08:15] OK: expected true: expected zero byte in first page of freshly initialized page
[test_assign1_1.c-test single page content-L80-12:08:15] OK: expected true: expected zero byte in first page of freshly initialized page
[test_assign1_1.c-test single page content-L80-12:08:15] OK: expected true: expected zero byte in first page of freshly initialized page
[test_assign1_1.c-test single page content-L80-12:08:15] OK: expected true: expected zero byte in first page of freshly initialized page
[test_assign1_1.c-test single page content-L80-12:08:15] OK: expected true: expected zero byte in first page of freshly initialized page
[test_assign1_1.c-test single page content-L80-12:08:15] OK: expected true: expected zero byte in first page of freshly initialized page
[test_assign1_1.c-test single page content-L80-12:08:15] OK: expected true: expected zero byte in first page of freshly initialized page
[test_assign1_1.c-test single page content-L80-12:08:15] OK: expected true: expected zero byte in first page of freshly initialized page
[test_assign1_1.c-test single page content-L80-12:08:15] OK: expected true: expected zero byte in first page of freshly initialized page
[test_assign1_1.c-test single page content-L80-12:08:15] OK: expected true: expected zero byte in first page of freshly initialized page
[test_assign1_1.c-test single page content-L80-12:08:15] OK: expected true: expected zero byte in first page of freshly initialized page
[test_assign1_1.c-test single page content-L80-12:08:15] OK: expected true: expected zero byte in first page of freshly initialized page
[test_assign1_1.c-test single page content-L80-12:08:15] OK: expected true: expected zero byte in first page of freshly initialized page
[test_assign1_1.c-test single page content-L80-12:08:15] OK: expected true: expected zero byte in first page of freshly initialized page
[test_assign1_1.c-test single page content-L80-12:08:15] OK: expected true: expected zero byte in first page of freshly initialized page
[test_assign1_1.c-test single page content-L80-12:08:15] OK: expected true: expected zero byte in first page of freshly initialized page
[test_assign1_1.c-test single page content-L80-12:08:15] OK: expected true: expected zero byte in first page of freshly initialized page
[test_assign1_1.c-test single page content-L80-12:08:15] OK: expected true: expected zero byte in first page of freshly initialized page
[test_assign1_1.c-test single page content-L80-12:08:15] OK: expected true: expected zero byte in first page of freshly initialized page
[test_assign1_1.c-test single page content-L80-12:08:15] OK: expected true: expected zero byte in first page of freshly initialized page
[test_assign1_1.c-test single page content-L80-12:08:15] OK: expected true: expected zero byte in first page of freshly initialized page
[test_assign1_1.c-test single page content-L80-12:08:15] OK: expected true: expected zero byte in first page of freshly initialized page
[test_assign1_1.c-test single page content-L80-12:08:15] OK: expected true: expected zero byte in first page of freshly initialized page
[test_assign1_1.c-test single page content-L80-12:08:15] OK: expected true: expected zero byte in first page of freshly initialized page
[test_assign1_1.c-test single page content-L80-12:08:15] OK: expected true: expected zero byte in first page of freshly initialized page
[test_assign1_1.c-test single page content-L80-12:08:15] OK: expected true: expected zero byte in first page of freshly initialized page
[test_assign1_1.c-test single page content-L80-12:08:15] OK: expected true: expected zero byte in first page of freshly initialized page
[test_assign1_1.c-test single page content-L80-12:08:15] OK: expected true: expected zero byte in first page of freshly initialized page
[test_assign1_1.c-test single page content-L80-12:08:15] OK: expected true: expected zero byte in first page of freshly initialized page
[test_assign1_1.c-test single page content-L80-12:08:15] OK: expected true: expected zero byte in first page of freshly initialized page
[test_assign1_1.c-test single page content-L80-12:08:15] OK: expected true: expected zero byte in first page of freshly initialized page
[test_assign1_1.c-test single page content-L80-12:08:15] OK: expected true: expected zero byte in first page of freshly initialized page
[test_assign1_1.c-test single page content-L80-12:08:15] OK: expected true: expected zero byte in first page of freshly initialized page
[test_assign1_1.c-test single page content-L80-12:08:15] OK: expected true: expected zero byte in first page of freshly initialized page
[test_assign1_1.c-test single page content-L80-12:08:15] OK: expected true: expected zero byte in first page of freshly initialized page
[test_assign1_1.c-test single page content-L80-12:08:15] OK: expected true: expected zero byte in first page of freshly initialized page
[test_assign1_1.c-test single page content-L80-12:08:15] OK: expected true: expected zero byte in first page of freshly initialized page
[test_assign1_1.c-test single page content-L80-12:08:15] OK: expected true: expected zero byte in first page of freshly initialized page
[test_assign1_1.c-test single page content-L80-12:08:15] OK: expected true: expected zero byte in first page of freshly initialized page
[test_assign1_1.c-test single page content-L80-12:08:15] OK: expected true: expected zero byte in first page of freshly initialized page
[test_assign1_1.c-test single page content-L80-12:08:15] OK: expected true: expected zero byte in first page of freshly initialized page
[test_assign1_1.c-test single page content-L80-12:08:15] OK: expected true: expected zero byte in first page of freshly initialized page
[test_assign1_1.c-test single page content-L80-12:08:15] OK: expected true: expected zero byte in first page of freshly initialized page
[test_assign1_1.c-test single page content-L80-12:08:15] OK: expected true: expected zero byte in first page of freshly initialized page
[test_assign1_1.c-test single page content-L80-12:08:15] OK: expected true: expected zero byte in first page of freshly initialized page
[test_assign1_1.c-test single page content-L80-12:08:15] OK: expected true: expected zero byte in first page of freshly initialized page
[test_assign1_1.c-test single page content-L80-12:08:15] OK: expected true: expected zero byte in first page of freshly initialized page
[test_assign1_1.c-test single page content-L80-12:08:15] OK: expected true: expected zero byte in first page of freshly initialized page
[test_assign1_1.c-test single page content-L80-12:08:15] OK: expected true: expected zero byte in first page of freshly initialized page
[test_assign1_1.c-test single page content-L80-12:08:15] OK: expected true: expected zero byte in first page of freshly initialized page
[test_assign1_1.c-test single page content-L80-12:08:15] OK: expected true: expected zero byte in first page of freshly initialized page
[test_assign1_1.c-test single page content-L80-12:08:15] OK: expected true: expected zero byte in first page of freshly initialized page
[test_assign1_1.c-test single page content-L80-12:08:15] OK: expected true: expected zero byte in first page of freshly initialized page
[test_assign1_1.c-test single page content-L80-12:08:15] OK: expected true: expected zero byte in first page of freshly initialized page
[test_assign1_1.c-test single page content-L80-12:08:15] OK: expected true: expected zero byte in first page of freshly initialized page
[test_assign1_1.c-test single page content-L80-12:08:15] OK: expected true: expected zero byte in first page of freshly initialized page
[test_assign1_1.c-test single page content-L80-12:08:15] OK: expected true: expected zero byte in first page of freshly initialized page
[test_assign1_1.c-test single page content-L80-12:08:15] OK: expected true: expected zero byte in first page of freshly initialized page
[test_assign1_1.c-test single page content-L80-12:08:15] OK: expected true: expected zero byte in first page of freshly initialized page
[test_assign1_1.c-test single page content-L80-12:08:15] OK: expected true: expected zero byte in first page of freshly initialized page
[test_assign1_1.c-test single page content-L80-12:08:15] OK: expected true: expected zero byte in first page of freshly initialized page
[test_assign1_1.c-test single page content-L80-12:08:15] OK: expected true: expected zero byte in first page of freshly initialized page
[test_assign1_1.c-test single page content-L80-12:08:15] OK: expected true: expected zero byte in first page of freshly initialized page
[test_assign1_1.c-test single page content-L80-12:08:15] OK: expected true: expected zero byte in first page of freshly initialized page
[test_assign1_1.c-test single page content-L80-12:08:15] OK: expected true: expected zero byte in first page of freshly initialized page
[test_assign1_1.c-test single page content-L80-12:08:15] OK: expected true: expected zero byte in first page of freshly initialized page
[test_assign1_1.c-test single page content-L80-12:08:15] OK: expected true: expected zero byte in first page of freshly initialized page
[test_assign1_1.c-test single page content-L80-12:08:15] OK: expected true: expected zero byte in first page of freshly initialized page
[test_assign1_1.c-test single page content-L80-12:08:15] OK: expected true: expected zero byte in first page of freshly initialized page
[test_assign1_1.c-test single page content-L80-12:08:15] OK: expected true: expected zero byte in first page of freshly initialized page
[test_assign1_1.c-test single page content-L80-12:08:15] OK: expected true: expected zero byte in first page of freshly initialized page
[test_assign1_1.c-test single page content-L80-12:08:15] OK: expected true: expected zero byte in first page of freshly initialized page
[test_assign1_1.c-test single page content-L80-12:08:15] OK: expected true: expected zero byte in first page of freshly initialized page
[test_assign1_1.c-test single page content-L80-12:08:15] OK: expected true: expected zero byte in first page of freshly initialized page
[test_assign1_1.c-test single page content-L80-12:08:15] OK: expected true: expected zero byte in first page of freshly initialized page
[test_assign1_1.c-test single page content-L80-12:08:15] OK: expected true: expected zero byte in first page of freshly initialized page
[test_assign1_1.c-test single page content-L80-12:08:15] OK: expected true: expected zero byte in first page of freshly initialized page
[test_assign1_1.c-test single page content-L80-12:08:15] OK: expected true: expected zero byte in first page of freshly initialized page
[test_assign1_1.c-test single page content-L80-12:08:15] OK: expected true: expected zero byte in first page of freshly initialized page
[test_assign1_1.c-test single page content-L80-12:08:15] OK: expected true: expected zero byte in first page of freshly initialized page
[test_assign1_1.c-test single page content-L80-12:08:15] OK: expected true: expected zero byte in first page of freshly initialized page
[test_assign1_1.c-test single page content-L80-12:08:15] OK: expected true: expected zero byte in first page of freshly initialized page
[test_assign1_1.c-test single page content-L80-12:08:15] OK: expected true: expected zero byte in first page of freshly initialized page
[test_assign1_1.c-test single page content-L80-12:08:15] OK: expected true: expected zero byte in first page of freshly initialized page
[test_assign1_1.c-test single page content-L80-12:08:15] OK: expected true: expected zero byte in first page of freshly initialized page
[test_assign1_1.c-test single page content-L80-12:08:15] OK: expected true: expected zero byte in first page of freshly initialized page
[test_assign1_1.c-test single page content-L80-12:08:15] OK: expected true: expected zero byte in first page of freshly initialized page
[test_assign1_1.c-test single page content-L80-12:08:15] OK: expected true: expected zero byte in first page of freshly initialized page
[test_assign1_1.c-test single page content-L80-12:08:15] OK: expected true: expected zero byte in first page of freshly initialized page
[test_assign1_1.c-test single page content-L80-12:08:15] OK: expected true: expected zero byte in first page of freshly initialized page
[test_assign1_1.c-test single page content-L80-12:08:15] OK: expected true: expected zero byte in first page of freshly initialized page
[test_assign1_1.c-test single page content-L80-12:08:15] OK: expected true: expected zero byte in first page of freshly initialized page
[test_assign1_1.c-test single page content-L80-12:08:15] OK: expected true: expected zero byte in first page of freshly initialized page
[test_assign1_1.c-test single page content-L80-12:08:15] OK: expected true: expected zero byte in first page of freshly initialized page
[test_assign1_1.c-test single page content-L80-12:08:15] OK: expected true: expected zero byte in first page of freshly initialized page
[test_assign1_1.c-test single page content-L80-12:08:15] OK: expected true: expected zero byte in first page of freshly initialized page
[test_assign1_1.c-test single page content-L80-12:08:15] OK: expected true: expected zero byte in first page of freshly initialized page
[test_assign1_1.c-test single page content-L80-12:08:15] OK: expected true: expected zero byte in first page of freshly initialized page
[test_assign1_1.c-test single page content-L80-12:08:15] OK: expected true: expected zero byte in first page of freshly initialized page
[test_assign1_1.c-test single page content-L80-12:08:15] OK: expected true: expected zero byte in first page of freshly initialized page
[test_assign1_1.c-test single page content-L80-12:08:15] OK: expected true: expected zero byte in first page of freshly initialized page
[test_assign1_1.c-test single page content-L80-12:08:15] OK: expected true: expected zero byte in first page of freshly initialized page
[test_assign1_1.c-test single page content-L80-12:08:15] OK: expected true: expected zero byte in first page of freshly initialized page
[test_assign1_1.c-test single page content-L80-12:08:15] OK: expected true: expected zero byte in first page of freshly initialized page
[test_assign1_1.c-test single page content-L80-12:08:15] OK: expected true: expected zero byte in first page of freshly initialized page
[test_assign1_1.c-test single page content-L80-12:08:15] OK: expected true: expected zero byte in first page of freshly initialized page
[test_assign1_1.c-test single page content-L80-12:08:15] OK: expected true: expected zero byte in first page of freshly initialized page
[test_assign1_1.c-test single page content-L80-12:08:15] OK: expected true: expected zero byte in first page of freshly initialized page
[test_assign1_1.c-test single page content-L80-12:08:15] OK: expected true: expected zero byte in first page of freshly initialized page
[test_assign1_1.c-test single page content-L80-12:08:15] OK: expected true: expected zero byte in first page of freshly initialized page
[test_assign1_1.c-test single page content-L80-12:08:15] OK: expected true: expected zero byte in first page of freshly initialized page
[test_assign1_1.c-test single page content-L80-12:08:15] OK: expected true: expected zero byte in first page of freshly initialized page
[test_assign1_1.c-test single page content-L80-12:08:15] OK: expected true: expected zero byte in first page of freshly initialized page
[test_assign1_1.c-test single page content-L80-12:08:15] OK: expected true: expected zero byte in first page of freshly initialized page
[test_assign1_1.c-test single page content-L80-12:08:15] OK: expected true: expected zero byte in first page of freshly initialized page
[test_assign1_1.c-test single page content-L80-12:08:15] OK: expected true: expected zero byte in first page of freshly initialized page
[test_assign1_1.c-test single page content-L80-12:08:15] OK: expected true: expected zero byte in first page of freshly initialized page
[test_assign1_1.c-test single page content-L80-12:08:15] OK: expected true: expected zero byte in first page of freshly initialized page
[test_assign1_1.c-test single page content-L80-12:08:15] OK: expected true: expected zero byte in first page of freshly initialized page
[test_assign1_1.c-test single page content-L80-12:08:15] OK: expected true: expected zero byte in first page of freshly initialized page
[test_assign1_1.c-test single page content-L80-12:08:15] OK: expected true: expected zero byte in first page of freshly initialized page
[test_assign1_1.c-test single page content-L80-12:08:15] OK: expected true: expected zero byte in first page of freshly initialized page
[test_assign1_1.c-test single page content-L80-12:08:15] OK: expected true: expected zero byte in first page of freshly initialized page
[test_assign1_1.c-test single page content-L80-12:08:15] OK: expected true: expected zero byte in first page of freshly initialized page
[test_assign1_1.c-test single page content-L80-12:08:15] OK: expected true: expected zero byte in first page of freshly initialized page
[test_assign1_1.c-test single page content-L80-12:08:15] OK: expected true: expected zero byte in first page of freshly initialized page
[test_assign1_1.c-test single page content-L80-12:08:15] OK: expected true: expected zero byte in first page of freshly initialized page
[test_assign1_1.c-test single page content-L80-12:08:15] OK: expected true: expected zero byte in first page of freshly initialized page
[test_assign1_1.c-test single page content-L80-12:08:15] OK: expected true: expected zero byte in first page of freshly initialized page
[test_assign1_1.c-test single page content-L80-12:08:15] OK: expected true: expected zero byte in first page of freshly initialized page
[test_assign1_1.c-test single page content-L80-12:08:15] OK: expected true: expected zero byte in first page of freshly initialized page
[test_assign1_1.c-test single page content-L80-12:08:15] OK: expected true: expected zero byte in first page of freshly initialized page
[test_assign1_1.c-test single page content-L80-12:08:15] OK: expected true: expected zero byte in first page of freshly initialized page
[test_assign1_1.c-test single page content-L80-12:08:15] OK: expected true: expected zero byte in first page of freshly initialized page
[test_assign1_1.c-test single page content-L80-12:08:15] OK: expected true: expected zero byte in first page of freshly initialized page
[test_assign1_1.c-test single page content-L80-12:08:15] OK: expected true: expected zero byte in first page of freshly initialized page
[test_assign1_1.c-test single page content-L80-12:08:15] OK: expected true: expected zero byte in first page of freshly initialized page
[test_assign1_1.c-test single page content-L80-12:08:15] OK: expected true: expected zero byte in first page of freshly initialized page
[test_assign1_1.c-test single page content-L80-12:08:15] OK: expected true: expected zero byte in first page of freshly initialized page
[test_assign1_1.c-test single page content-L80-12:08:15] OK: expected true: expected zero byte in first page of freshly initialized page
[test_assign1_1.c-test single page content-L80-12:08:15] OK: expected true: expected zero byte in first page of freshly initialized page
[test_assign1_1.c-test single page content-L80-12:08:15] OK: expected true: expected zero byte in first page of freshly initialized page
[test_assign1_1.c-test single page content-L80-12:08:15] OK: expected true: expected zero byte in first page of freshly initialized page
[test_assign1_1.c-test single page content-L80-12:08:15] OK: expected true: expected zero byte in first page of freshly initialized page
[test_assign1_1.c-test single page content-L80-12:08:15] OK: expected true: expected zero byte in first page of freshly initialized page
[test_assign1_1.c-test single page content-L80-12:08:15] OK: expected true: expected zero byte in first page of freshly initialized page
[test_assign1_1.c-test single page content-L80-12:08:15] OK: expected true: expected zero byte in first page of freshly initialized page
[test_assign1_1.c-test single page content-L80-12:08:15] OK: expected true: expected zero byte in first page of freshly initialized page
[test_assign1_1.c-test single page content-L80-12:08:15] OK: expected true: expected zero byte in first page of freshly initialized page
[test_assign1_1.c-test single page content-L80-12:08:15] OK: expected true: expected zero byte in first page of freshly initialized page
[test_assign1_1.c-test single page content-L80-12:08:15] OK: expected true: expected zero byte in first page of freshly initialized page
[test_assign1_1.c-test single page content-L80-12:08:15] OK: expected true: expected zero byte in first page of freshly initialized page
[test_assign1_1.c-test single page content-L80-12:08:15] OK: expected true: expected zero byte in first page of freshly initialized page
[test_assign1_1.c-test single page content-L80-12:08:15] OK: expected true: expected zero byte in first page of freshly initialized page
[test_assign1_1.c-test single page content-L80-12:08:15] OK: expected true: expected zero byte in first page of freshly initialized page
[test_assign1_1.c-test single page content-L80-12:08:15] OK: expected true: expected zero byte in first page of freshly initialized page
[test_assign1_1.c-test single page content-L80-12:08:15] OK: expected true: expected zero byte in first page of freshly initialized page
[test_assign1_1.c-test single page content-L80-12:08:15] OK: expected true: expected zero byte in first page of freshly initialized page
[test_assign1_1.c-test single page content-L80-12:08:15] OK: expected true: expected zero byte in first page of freshly initialized page
[test_assign1_1.c-test single page content-L80-12:08:15] OK: expected true: expected zero byte in first page of freshly initialized page
[test_assign1_1.c-test single page content-L80-12:08:15] OK: expected true: expected zero byte in first page of freshly initialized page
[test_assign1_1.c-test single page content-L80-12:08:15] OK: expected true: expected zero byte in first page of freshly initialized page
[test_assign1_1.c-test single page content-L80-12:08:15] OK: expected true: expected zero byte in first page of freshly initialized page
[test_assign1_1.c-test single page content-L80-12:08:15] OK: expected true: expected zero byte in first page of freshly initialized page
[test_assign1_1.c-test single page content-L80-12:08:15] OK: expected true: expected zero byte in first page of freshly initialized page
[test_assign1_1.c-test single page content-L80-12:08:15] OK: expected true: expected zero byte in first page of freshly initialized page
[test_assign1_1.c-test single page content-L80-12:08:15] OK: expected true: expected zero byte in first page of freshly initialized page
[test_assign1_1.c-test single page content-L80-12:08:15] OK: expected true: expected zero byte in first page of freshly initialized page
[test_assign1_1.c-test single page content-L80-12:08:15] OK: expected true: expected zero byte in first page of freshly initialized page
[test_assign1_1.c-test single page content-L80-12:08:15] OK: expected true: expected zero byte in first page of freshly initialized page
[test_assign1_1.c-test single page content-L80-12:08:15] OK: expected true: expected zero byte in first page of freshly initialized page
[test_assign1_1.c-test single page content-L80-12:08:15] OK: expected true: expected zero byte in first page of freshly initialized page
[test_assign1_1.c-test single page content-L80-12:08:15] OK: expected true: expected zero byte in first page of freshly initialized page
[test_assign1_1.c-test single page content-L80-12:08:15] OK: expected true: expected zero byte in first page of freshly initialized page
[test_assign1_1.c-test single page content-L80-12:08:15] OK: expected true: expected zero byte in first page of freshly initialized page
[test_assign1_1.c-test single page content-L80-12:08:15] OK: expected true: expected zero byte in first page of freshly initialized page
[test_assign1_1.c-test single page content-L80-12:08:15] OK: expected true: expected zero byte in first page of freshly initialized page
[test_assign1_1.c-test single page content-L80-12:08:15] OK: expected true: expected zero byte in first page of freshly initialized page
[test_assign1_1.c-test single page content-L80-12:08:15] OK: expected true: expected zero byte in first page of freshly initialized page
[test_assign1_1.c-test single page content-L80-12:08:15] OK: expected true: expected zero byte in first page of freshly initialized page
[test_assign1_1.c-test single page content-L80-12:08:15] OK: expected true: expected zero byte in first page of freshly initialized page
[test_assign1_1.c-test single page content-L80-12:08:15] OK: expected true: expected zero byte in first page of freshly initialized page
[test_assign1_1.c-test single page content-L80-12:08:15] OK: expected true: expected zero byte in first page of freshly initialized page
[test_assign1_1.c-test single page content-L80-12:08:15] OK: expected true: expected zero byte in first page of freshly initialized page
[test_assign1_1.c-test single page content-L80-12:08:15] OK: expected true: expected zero byte in first page of freshly initialized page
[test_assign1_1.c-test single page content-L80-12:08:15] OK: expected true: expected zero byte in first page of freshly initialized page
[test_assign1_1.c-test single page content-L80-12:08:15] OK: expected true: expected zero byte in first page of freshly initialized page
[test_assign1_1.c-test single page content-L80-12:08:15] OK: expected true: expected zero byte in first page of freshly initialized page
[test_assign1_1.c-test single page content-L80-12:08:15] OK: expected true: expected zero byte in first page of freshly initialized page
[test_assign1_1.c-test single page content-L80-12:08:15] OK: expected true: expected zero byte in first page of freshly initialized page
[test_assign1_1.c-test single page content-L80-12:08:15] OK: expected true: expected zero byte in first page of freshly initialized page
[test_assign1_1.c-test single page content-L80-12:08:15] OK: expected true: expected zero byte in first page of freshly initialized page
[test_assign1_1.c-test single page content-L80-12:08:15] OK: expected true: expected zero byte in first page of freshly initialized page
[test_assign1_1.c-test single page content-L80-12:08:15] OK: expected true: expected zero byte in first page of freshly initialized page
[test_assign1_1.c-test single page content-L80-12:08:15] OK: expected true: expected zero byte in first page of freshly initialized page
[test_assign1_1.c-test single page content-L80-12:08:15] OK: expected true: expected zero byte in first page of freshly initialized page
[test_assign1_1.c-test single page content-L80-12:08:15] OK: expected true: expected zero byte in first page of freshly initialized page
[test_assign1_1.c-test single page content-L80-12:08:15] OK: expected true: expected zero byte in first page of freshly initialized page
[test_assign1_1.c-test single page content-L80-12:08:15] OK: expected true: expected zero byte in first page of freshly initialized page
[test_assign1_1.c-test single page content-L80-12:08:15] OK: expected true: expected zero byte in first page of freshly initialized page
[test_assign1_1.c-test single page content-L80-12:08:15] OK: expected true: expected zero byte in first page of freshly initialized page
[test_assign1_1.c-test single page content-L80-12:08:15] OK: expected true: expected zero byte in first page of freshly initialized page
[test_assign1_1.c-test single page content-L80-12:08:15] OK: expected true: expected zero byte in first page of freshly initialized page
[test_assign1_1.c-test single page content-L80-12:08:15] OK: expected true: expected zero byte in first page of freshly initialized page
[test_assign1_1.c-test single page content-L80-12:08:15] OK: expected true: expected zero byte in first page of freshly initialized page
[test_assign1_1.c-test single page content-L80-12:08:15] OK: expected true: expected zero byte in first page of freshly initialized page
[test_assign1_1.c-test single page content-L80-12:08:15] OK: expected true: expected zero byte in first page of freshly initialized page
[test_assign1_1.c-test single page content-L80-12:08:15] OK: expected true: expected zero byte in first page of freshly initialized page
[test_assign1_1.c-test single page content-L80-12:08:15] OK: expected true: expected zero byte in first page of freshly initialized page
[test_assign1_1.c-test single page content-L80-12:08:15] OK: expected true: expected zero byte in first page of freshly initialized page
[test_assign1_1.c-test single page content-L80-12:08:15] OK: expected true: expected zero byte in first page of freshly initialized page
[test_assign1_1.c-test single page content-L80-12:08:15] OK: expected true: expected zero byte in first page of freshly initialized page
[test_assign1_1.c-test single page content-L80-12:08:15] OK: expected true: expected zero byte in first page of freshly initialized page
[test_assign1_1.c-test single page content-L80-12:08:15] OK: expected true: expected zero byte in first page of freshly initialized page
[test_assign1_1.c-test single page content-L80-12:08:15] OK: expected true: expected zero byte in first page of freshly initialized page
[test_assign1_1.c-test single page content-L80-12:08:15] OK: expected true: expected zero byte in first page of freshly initialized page
[test_assign1_1.c-test single page content-L80-12:08:15] OK: expected true: expected zero byte in first page of freshly initialized page
[test_assign1_1.c-test single page content-L80-12:08:15] OK: expected true: expected zero byte in first page of freshly initialized page
[test_assign1_1.c-test single page content-L80-12:08:15] OK: expected true: expected zero byte in first page of freshly initialized page
[test_assign1_1.c-test single page content-L80-12:08:15] OK: expected true: expected zero byte in first page of freshly initialized page
[test_assign1_1.c-test single page content-L80-12:08:15] OK: expected true: expected zero byte in first page of freshly initialized page
[test_assign1_1.c-test single page content-L80-12:08:15] OK: expected true: expected zero byte in first page of freshly initialized page
[test_assign1_1.c-test single page content-L80-12:08:15] OK: expected true: expected zero byte in first page of freshly initialized page
[test_assign1_1.c-test single page content-L80-12:08:15] OK: expected true: expected zero byte in first page of freshly initialized page
[test_assign1_1.c-test single page content-L80-12:08:15] OK: expected true: expected zero byte in first page of freshly initialized page
[test_assign1_1.c-test single page content-L80-12:08:15] OK: expected true: expected zero byte in first page of freshly initialized page
[test_assign1_1.c-test single page content-L80-12:08:15] OK: expected true: expected zero byte in first page of freshly initialized page
[test_assign1_1.c-test single page content-L80-12:08:15] OK: expected true: expected zero byte in first page of freshly initialized page
[test_assign1_1.c-test single page content-L80-12:08:15] OK: expected true: expected zero byte in first page of freshly initialized page
[test_assign1_1.c-test single page content-L80-12:08:15] OK: expected true: expected zero byte in first page of freshly initialized page
[test_assign1_1.c-test single page content-L80-12:08:15] OK: expected true: expected zero byte in first page of freshly initialized page
[test_assign1_1.c-test single page content-L80-12:08:15] OK: expected true: expected zero byte in first page of freshly initialized page
[test_assign1_1.c-test single page content-L80-12:08:15] OK: expected true: expected zero byte in first page of freshly initialized page
[test_assign1_1.c-test single page content-L80-12:08:15] OK: expected true: expected zero byte in first page of freshly initialized page
[test_assign1_1.c-test single page content-L80-12:08:15] OK: expected true: expected zero byte in first page of freshly initialized page
[test_assign1_1.c-test single page content-L80-12:08:15] OK: expected true: expected zero byte in first page of freshly initialized page
[test_assign1_1.c-test single page content-L80-12:08:15] OK: expected true: expected zero byte in first page of freshly initialized page
[test_assign1_1.c-test single page content-L80-12:08:15] OK: expected true: expected zero byte in first page of freshly initialized page
[test_assign1_1.c-test single page content-L80-12:08:15] OK: expected true: expected zero byte in first page of freshly initialized page
[test_assign1_1.c-test single page content-L80-12:08:15] OK: expected true: expected zero byte in first page of freshly initialized page
[test_assign1_1.c-test single page content-L80-12:08:15] OK: expected true: expected zero byte in first page of freshly initialized page
[test_assign1_1.c-test single page content-L80-12:08:15] OK: expected true: expected zero byte in first page of freshly initialized page
[test_assign1_1.c-test single page content-L80-12:08:15] OK: expected true: expected zero byte in first page of freshly initialized page
[test_assign1_1.c-test single page content-L80-12:08:15] OK: expected true: expected zero byte in first page of freshly initialized page
[test_assign1_1.c-test single page content-L80-12:08:15] OK: expected true: expected zero byte in first page of freshly initialized page
[test_assign1_1.c-test single page content-L80-12:08:15] OK: expected true: expected zero byte in first page of freshly initialized page
[test_assign1_1.c-test single page content-L80-12:08:15] OK: expected true: expected zero byte in first page of freshly initialized page
[test_assign1_1.c-test single page content-L80-12:08:15] OK: expected true: expected zero byte in first page of freshly initialized page
[test_assign1_1.c-test single page content-L80-12:08:15] OK: expected true: expected zero byte in first page of freshly initialized page
[test_assign1_1.c-test single page content-L80-12:08:15] OK: expected true: expected zero byte in first page of freshly initialized page
[test_assign1_1.c-test single page content-L80-12:08:15] OK: expected true: expected zero byte in first page of freshly initialized page
[test_assign1_1.c-test single page content-L80-12:08:15] OK: expected true: expected zero byte in first page of freshly initialized page
[test_assign1_1.c-test single page content-L80-12:08:15] OK: expected true: expected zero byte in first page of freshly initialized page
[test_assign1_1.c-test single page content-L80-12:08:15] OK: expected true: expected zero byte in first page of freshly initialized page
[test_assign1_1.c-test single page content-L80-12:08:15] OK: expected true: expected zero byte in first page of freshly initialized page
[test_assign1_1.c-test single page content-L80-12:08:15] OK: expected true: expected zero byte in first page of freshly initialized page
[test_assign1_1.c-test single page content-L80-12:08:15] OK: expected true: expected zero byte in first page of freshly initialized page
[test_assign1_1.c-test single page content-L80-12:08:15] OK: expected true: expected zero byte in first page of freshly initialized page
[test_assign1_1.c-test single page content-L80-12:08:15] OK: expected true: expected zero byte in first page of freshly initialized page
[test_assign1_1.c-test single page content-L80-12:08:15] OK: expected true: expected zero byte in first page of freshly initialized page
[test_assign1_1.c-test single page content-L80-12:08:15] OK: expected true: expected zero byte in first page of freshly initialized page
[test_assign1_1.c-test single page content-L80-12:08:15] OK: expected true: expected zero byte in first page of freshly initialized page
[test_assign1_1.c-test single page content-L80-12:08:15] OK: expected true: expected zero byte in first page of freshly initialized page
[test_assign1_1.c-test single page content-L80-12:08:15] OK: expected true: expected zero byte in first page of freshly initialized page
[test_assign1_1.c-test single page content-L80-12:08:15] OK: expected true: expected zero byte in first page of freshly initialized page
[test_assign1_1.c-test single page content-L80-12:08:15] OK: expected true: expected zero byte in first page of freshly initialized page
[test_assign1_1.c-test single page content-L80-12:08:15] OK: expected true: expected zero byte in first page of freshly initialized page
[test_assign1_1.c-test single page content-L80-12:08:15] OK: expected true: expected zero byte in first page of freshly initialized page
[test_assign1_1.c-test single page content-L80-12:08:15] OK: expected true: expected zero byte in first page of freshly initialized page
[test_assign1_1.c-test single page content-L80-12:08:15] OK: expected true: expected zero byte in first page of freshly initialized page
[test_assign1_1.c-test single page content-L80-12:08:15] OK: expected true: expected zero byte in first page of freshly initialized page
[test_assign1_1.c-test single page content-L80-12:08:15] OK: expected true: expected zero byte in first page of freshly initialized page
[test_assign1_1.c-test single page content-L80-12:08:15] OK: expected true: expected zero byte in first page of freshly initialized page
[test_assign1_1.c-test single page content-L80-12:08:15] OK: expected true: expected zero byte in first page of freshly initialized page
[test_assign1_1.c-test single page content-L80-12:08:15] OK: expected true: expected zero byte in first page of freshly initialized page
[test_assign1_1.c-test single page content-L80-12:08:15] OK: expected true: expected zero byte in first page of freshly initialized page
[test_assign1_1.c-test single page content-L80-12:08:15] OK: expected true: expected zero byte in first page of freshly initialized page
[test_assign1_1.c-test single page content-L80-12:08:15] OK: expected true: expected zero byte in first page of freshly initialized page
[test_assign1_1.c-test single page content-L80-12:08:15] OK: expected true: expected zero byte in first page of freshly initialized page
[test_assign1_1.c-test single page content-L80-12:08:15] OK: expected true: expected zero byte in first page of freshly initialized page
[test_assign1_1.c-test single page content-L80-12:08:15] OK: expected true: expected zero byte in first page of freshly initialized page
[test_assign1_1.c-test single page content-L80-12:08:15] OK: expected true: expected zero byte in first page of freshly initialized page
[test_assign1_1.c-test single page content-L80-12:08:15] OK: expected true: expected zero byte in first page of freshly initialized page
[test_assign1_1.c-test single page content-L80-12:08:15] OK: expected true: expected zero byte in first page of freshly initialized page
[test_assign1_1.c-test single page content-L80-12:08:15] OK: expected true: expected zero byte in first page of freshly initialized page
[test_assign1_1.c-test single page content-L80-12:08:15] OK: expected true: expected zero byte in first page of freshly initialized page
[test_assign1_1.c-test single page content-L80-12:08:15] OK: expected true: expected zero byte in first page of freshly initialized page
[test_assign1_1.c-test single page content-L80-12:08:15] OK: expected true: expected zero byte in first page of freshly initialized page
[test_assign1_1.c-test single page content-L80-12:08:15] OK: expected true: expected zero byte in first page of freshly initialized page
[test_assign1_1.c-test single page content-L80-12:08:15] OK: expected true: expected zero byte in first page of freshly initialized page
[test_assign1_1.c-test single page content-L80-12:08:15] OK: expected true: expected zero byte in first page of freshly initialized page
[test_assign1_1.c-test single page content-L80-12:08:15] OK: expected true: expected zero byte in first page of freshly initialized page
[test_assign1_1.c-test single page content-L80-12:08:15] OK: expected true: expected zero byte in first page of freshly initialized page
[test_assign1_1.c-test single page content-L80-12:08:15] OK: expected true: expected zero byte in first page of freshly initialized page
[test_assign1_1.c-test single page content-L80-12:08:15] OK: expected true: expected zero byte in first page of freshly initialized page
[test_assign1_1.c-test single page content-L80-12:08:15] OK: expected true: expected zero byte in first page of freshly initialized page
[test_assign1_1.c-test single page content-L80-12:08:15] OK: expected true: expected zero byte in first page of freshly initialized page
[test_assign1_1.c-test single page content-L80-12:08:15] OK: expected true: expected zero byte in first page of freshly initialized page
[test_assign1_1.c-test single page content-L80-12:08:15] OK: expected true: expected zero byte in first page of freshly initialized page
[test_assign1_1.c-test single page content-L80-12:08:15] OK: expected true: expected zero byte in first page of freshly initialized page
[test_assign1_1.c-test single page content-L80-12:08:15] OK: expected true: expected zero byte in first page of freshly initialized page
[test_assign1_1.c-test single page content-L80-12:08:15] OK: expected true: expected zero byte in first page of freshly initialized page
[test_assign1_1.c-test single page content-L80-12:08:15] OK: expected true: expected zero byte in first page of freshly initialized page
[test_assign1_1.c-test single page content-L80-12:08:15] OK: expected true: expected zero byte in first page of freshly initialized page
[test_assign1_1.c-test single page content-L80-12:08:15] OK: expected true: expected zero byte in first page of freshly initialized page
[test_assign1_1.c-test single page content-L80-12:08:15] OK: expected true: expected zero byte in first page of freshly initialized page
[test_assign1_1.c-test single page content-L80-12:08:15] OK: expected true: expected zero byte in first page of freshly initialized page
[test_assign1_1.c-test single page content-L80-12:08:15] OK: expected true: expected zero byte in first page of freshly initialized page
[test_assign1_1.c-test single page content-L80-12:08:15] OK: expected true: expected zero byte in first page of freshly initialized page
[test_assign1_1.c-test single page content-L80-12:08:15] OK: expected true: expected zero byte in first page of freshly initialized page
[test_assign1_1.c-test single page content-L80-12:08:15] OK: expected true: expected zero byte in first page of freshly initialized page
[test_assign1_1.c-test single page content-L80-12:08:15] OK: expected true: expected zero byte in first page of freshly initialized page
[test_assign1_1.c-test single page content-L80-12:08:15] OK: expected true: expected zero byte in first page of freshly initialized page
[test_assign1_1.c-test single page content-L80-12:08:15] OK: expected true: expected zero byte in first page of freshly initialized page
[test_assign1_1.c-test single page content-L80-12:08:15] OK: expected true: expected zero byte in first page of freshly initialized page
[test_assign1_1.c-test single page content-L80-12:08:15] OK: expected true: expected zero byte in first page of freshly initialized page
[test_assign1_1.c-test single page content-L80-12:08:15] OK: expected true: expected zero byte in first page of freshly initialized page
[test_assign1_1.c-test single page content-L80-12:08:15] OK: expected true: expected zero byte in first page of freshly initialized page
[test_assign1_1.c-test single page content-L80-12:08:15] OK: expected true: expected zero byte in first page of freshly initialized page
[test_assign1_1.c-test single page content-L80-12:08:15] OK: expected true: expected zero byte in first page of freshly initialized page
[test_assign1_1.c-test single page content-L80-12:08:15] OK: expected true: expected zero byte in first page of freshly initialized page
[test_assign1_1.c-test single page content-L80-12:08:15] OK: expected true: expected zero byte in first page of freshly initialized page
[test_assign1_1.c-test single page content-L80-12:08:15] OK: expected true: expected zero byte in first page of freshly initialized page
[test_assign1_1.c-test single page content-L80-12:08:15] OK: expected true: expected zero byte in first page of freshly initialized page
[test_assign1_1.c-test single page content-L80-12:08:15] OK: expected true: expected zero byte in first page of freshly initialized page
[test_assign1_1.c-test single page content-L80-12:08:15] OK: expected true: expected zero byte in first page of freshly initialized page
[test_assign1_1.c-test single page content-L80-12:08:15] OK: expected true: expected zero byte in first page of freshly initialized page
[test_assign1_1.c-test single page content-L80-12:08:15] OK: expected true: expected zero byte in first page of freshly initialized page
[test_assign1_1.c-test single page content-L80-12:08:15] OK: expected true: expected zero byte in first page of freshly initialized page
[test_assign1_1.c-test single page content-L80-12:08:15] OK: expected true: expected zero byte in first page of freshly initialized page
[test_assign1_1.c-test single page content-L80-12:08:15] OK: expected true: expected zero byte in first page of freshly initialized page
[test_assign1_1.c-test single page content-L80-12:08:15] OK: expected true: expected zero byte in first page of freshly initialized page
[test_assign1_1.c-test single page content-L80-12:08:15] OK: expected true: expected zero byte in first page of freshly initialized page
[test_assign1_1.c-test single page content-L80-12:08:15] OK: expected true: expected zero byte in first page of freshly initialized page
[test_assign1_1.c-test single page content-L80-12:08:15] OK: expected true: expected zero byte in first page of freshly initialized page
[test_assign1_1.c-test single page content-L80-12:08:15] OK: expected true: expected zero byte in first page of freshly initialized page
[test_assign1_1.c-test single page content-L80-12:08:15] OK: expected true: expected zero byte in first page of freshly initialized page
[test_assign1_1.c-test single page content-L80-12:08:15] OK: expected true: expected zero byte in first page of freshly initialized page
[test_assign1_1.c-test single page content-L80-12:08:15] OK: expected true: expected zero byte in first page of freshly initialized page
[test_assign1_1.c-test single page content-L80-12:08:15] OK: expected true: expected zero byte in first page of freshly initialized page
[test_assign1_1.c-test single page content-L80-12:08:15] OK: expected true: expected zero byte in first page of freshly initialized page
[test_assign1_1.c-test single page content-L80-12:08:15] OK: expected true: expected zero byte in first page of freshly initialized page
[test_assign1_1.c-test single page content-L80-12:08:15] OK: expected true: expected zero byte in first page of freshly initialized page
[test_assign1_1.c-test single page content-L80-12:08:15] OK: expected true: expected zero byte in first page of freshly initialized page
[test_assign1_1.c-test single page content-L80-12:08:15] OK: expected true: expected zero byte in first page of freshly initialized page
[test_assign1_1.c-test single page content-L80-12:08:15] OK: expected true: expected zero byte in first page of freshly initialized page
[test_assign1_1.c-test single page content-L80-12:08:15] OK: expected true: expected zero byte in first page of freshly initialized page
[test_assign1_1.c-test single page content-L80-12:08:15] OK: expected true: expected zero byte in first page of freshly initialized page
[test_assign1_1.c-test single page content-L80-12:08:15] OK: expected true: expected zero byte in first page of freshly initialized page
[test_assign1_1.c-test single page content-L80-12:08:15] OK: expected true: expected zero byte in first page of freshly initialized page
[test_assign1_1.c-test single page content-L80-12:08:15] OK: expected true: expected zero byte in first page of freshly initialized page
[test_assign1_1.c-test single page content-L80-12:08:15] OK: expected true: expected zero byte in first page of freshly initialized page
[test_assign1_1.c-test single page content-L80-12:08:15] OK: expected true: expected zero byte in first page of freshly initialized page
[test_assign1_1.c-test single page content-L80-12:08:15] OK: expected true: expected zero byte in first page of freshly initialized page
[test_assign1_1.c-test single page content-L80-12:08:15] OK: expected true: expected zero byte in first page of freshly initialized page
[test_assign1_1.c-test single page content-L80-12:08:15] OK: expected true: expected zero byte in first page of freshly initialized page
[test_assign1_1.c-test single page content-L80-12:08:15] OK: expected true: expected zero byte in first page of freshly initialized page
[test_assign1_1.c-test single page content-L80-12:08:15] OK: expected true: expected zero byte in first page of freshly initialized page
[test_assign1_1.c-test single page content-L80-12:08:15] OK: expected true: expected zero byte in first page of freshly initialized page
[test_assign1_1.c-test single page content-L80-12:08:15] OK: expected true: expected zero byte in first page of freshly initialized page
[test_assign1_1.c-test single page content-L80-12:08:15] OK: expected true: expected zero byte in first page of freshly initialized page
[test_assign1_1.c-test single page content-L80-12:08:15] OK: expected true: expected zero byte in first page of freshly initialized page
[test_assign1_1.c-test single page content-L80-12:08:15] OK: expected true: expected zero byte in first page of freshly initialized page
[test_assign1_1.c-test single page content-L80-12:08:15] OK: expected true: expected zero byte in first page of freshly initialized page
[test_assign1_1.c-test single page content-L80-12:08:15] OK: expected true: expected zero byte in first page of freshly initialized page
[test_assign1_1.c-test single page content-L80-12:08:15] OK: expected true: expected zero byte in first page of freshly initialized page
[test_assign1_1.c-test single page content-L80-12:08:15] OK: expected true: expected zero byte in first page of freshly initialized page
[test_assign1_1.c-test single page content-L80-12:08:15] OK: expected true: expected zero byte in first page of freshly initialized page
[test_assign1_1.c-test single page content-L80-12:08:15] OK: expected true: expected zero byte in first page of freshly initialized page
[test_assign1_1.c-test single page content-L80-12:08:15] OK: expected true: expected zero byte in first page of freshly initialized page
[test_assign1_1.c-test single page content-L80-12:08:15] OK: expected true: expected zero byte in first page of freshly initialized page
[test_assign1_1.c-test single page content-L80-12:08:15] OK: expected true: expected zero byte in first page of freshly initialized page
[test_assign1_1.c-test single page content-L80-12:08:15] OK: expected true: expected zero byte in first page of freshly initialized page
[test_assign1_1.c-test single page content-L80-12:08:15] OK: expected true: expected zero byte in first page of freshly initialized page
[test_assign1_1.c-test single page content-L80-12:08:15] OK: expected true: expected zero byte in first page of freshly initialized page
[test_assign1_1.c-test single page content-L80-12:08:15] OK: expected true: expected zero byte in first page of freshly initialized page
[test_assign1_1.c-test single page content-L80-12:08:15] OK: expected true: expected zero byte in first page of freshly initialized page
[test_assign1_1.c-test single page content-L80-12:08:15] OK: expected true: expected zero byte in first page of freshly initialized page
[test_assign1_1.c-test single page content-L80-12:08:15] OK: expected true: expected zero byte in first page of freshly initialized page
[test_assign1_1.c-test single page content-L80-12:08:15] OK: expected true: expected zero byte in first page of freshly initialized page
[test_assign1_1.c-test single page content-L80-12:08:15] OK: expected true: expected zero byte in first page of freshly initialized page
[test_assign1_1.c-test single page content-L80-12:08:15] OK: expected true: expected zero byte in first page of freshly initialized page
[test_assign1_1.c-test single page content-L80-12:08:15] OK: expected true: expected zero byte in first page of freshly initialized page
[test_assign1_1.c-test single page content-L80-12:08:15] OK: expected true: expected zero byte in first page of freshly initialized page
[test_assign1_1.c-test single page content-L80-12:08:15] OK: expected true: expected zero byte in first page of freshly initialized page
[test_assign1_1.c-test single page content-L80-12:08:15] OK: expected true: expected zero byte in first page of freshly initialized page
[test_assign1_1.c-test single page content-L80-12:08:15] OK: expected true: expected zero byte in first page of freshly initialized page
[test_assign1_1.c-test single page content-L80-12:08:15] OK: expected true: expected zero byte in first page of freshly initialized page
[test_assign1_1.c-test single page content-L80-12:08:15] OK: expected true: expected zero byte in first page of freshly initialized page
[test_assign1_1.c-test single page content-L80-12:08:15] OK: expected true: expected zero byte in first page of freshly initialized page
[test_assign1_1.c-test single page content-L80-12:08:15] OK: expected true: expected zero byte in first page of freshly initialized page
[test_assign1_1.c-test single page content-L80-12:08:15] OK: expected true: expected zero byte in first page of freshly initialized page
[test_assign1_1.c-test single page content-L80-12:08:15] OK: expected true: expected zero byte in first page of freshly initialized page
[test_assign1_1.c-test single page content-L80-12:08:15] OK: expected true: expected zero byte in first page of freshly initialized page
[test_assign1_1.c-test single page content-L80-12:08:15] OK: expected true: expected zero byte in first page of freshly initialized page
[test_assign1_1.c-test single page content-L80-12:08:15] OK: expected true: expected zero byte in first page of freshly initialized page
[test_assign1_1.c-test single page content-L80-12:08:15] OK: expected true: expected zero byte in first page of freshly initialized page
[test_assign1_1.c-test single page content-L80-12:08:15] OK: expected true: expected zero byte in first page of freshly initialized page
[test_assign1_1.c-test single page content-L80-12:08:15] OK: expected true: expected zero byte in first page of freshly initialized page
[test_assign1_1.c-test single page content-L80-12:08:15] OK: expected true: expected zero byte in first page of freshly initialized page
[test_assign1_1.c-test single page content-L80-12:08:15] OK: expected true: expected zero byte in first page of freshly initialized page
[test_assign1_1.c-test single page content-L80-12:08:15] OK: expected true: expected zero byte in first page of freshly initialized page
[test_assign1_1.c-test single page content-L80-12:08:15] OK: expected true: expected zero byte in first page of freshly initialized page
[test_assign1_1.c-test single page content-L80-12:08:15] OK: expected true: expected zero byte in first page of freshly initialized page
[test_assign1_1.c-test single page content-L80-12:08:15] OK: expected true: expected zero byte in first page of freshly initialized page
[test_assign1_1.c-test single page content-L80-12:08:15] OK: expected true: expected zero byte in first page of freshly initialized page
[test_assign1_1.c-test single page content-L80-12:08:15] OK: expected true: expected zero byte in first page of freshly initialized page
[test_assign1_1.c-test single page content-L80-12:08:15] OK: expected true: expected zero byte in first page of freshly initialized page
[test_assign1_1.c-test single page content-L80-12:08:15] OK: expected true: expected zero byte in first page of freshly initialized page
[test_assign1_1.c-test single page content-L80-12:08:15] OK: expected true: expected zero byte in first page of freshly initialized page
[test_assign1_1.c-test single page content-L80-12:08:15] OK: expected true: expected zero byte in first page of freshly initialized page
[test_assign1_1.c-test single page content-L80-12:08:15] OK: expected true: expected zero byte in first page of freshly initialized page
[test_assign1_1.c-test single page content-L80-12:08:15] OK: expected true: expected zero byte in first page of freshly initialized page
[test_assign1_1.c-test single page content-L80-12:08:15] OK: expected true: expected zero byte in first page of freshly initialized page
[test_assign1_1.c-test single page content-L80-12:08:15] OK: expected true: expected zero byte in first page of freshly initialized page
[test_assign1_1.c-test single page content-L80-12:08:15] OK: expected true: expected zero byte in first page of freshly initialized page
[test_assign1_1.c-test single page content-L80-12:08:15] OK: expected true: expected zero byte in first page of freshly initialized page
[test_assign1_1.c-test single page content-L80-12:08:15] OK: expected true: expected zero byte in first page of freshly initialized page
[test_assign1_1.c-test single page content-L80-12:08:15] OK: expected true: expected zero byte in first page of freshly initialized page
[test_assign1_1.c-test single page content-L80-12:08:15] OK: expected true: expected zero byte in first page of freshly initialized page
[test_assign1_1.c-test single page content-L80-12:08:15] OK: expected true: expected zero byte in first page of freshly initialized page
[test_assign1_1.c-test single page content-L80-12:08:15] OK: expected true: expected zero byte in first page of freshly initialized page
[test_assign1_1.c-test single page content-L80-12:08:15] OK: expected true: expected zero byte in first page of freshly initialized page
[test_assign1_1.c-test single page content-L80-12:08:15] OK: expected true: expected zero byte in first page of freshly initialized page
[test_assign1_1.c-test single page content-L80-12:08:15] OK: expected true: expected zero byte in first page of freshly initialized page
[test_assign1_1.c-test single page content-L80-12:08:15] OK: expected true: expected zero byte in first page of freshly initialized page
[test_assign1_1.c-test single page content-L80-12:08:15] OK: expected true: expected zero byte in first page of freshly initialized page
[test_assign1_1.c-test single page content-L80-12:08:15] OK: expected true: expected zero byte in first page of freshly initialized page
[test_assign1_1.c-test single page content-L80-12:08:15] OK: expected true: expected zero byte in first page of freshly initialized page
[test_assign1_1.c-test single page content-L80-12:08:15] OK: expected true: expected zero byte in first page of freshly initialized page
[test_assign1_1.c-test single page content-L80-12:08:15] OK: expected true: expected zero byte in first page of freshly initialized page
[test_assign1_1.c-test single page content-L80-12:08:15] OK: expected true: expected zero byte in first page of freshly initialized page
[test_assign1_1.c-test single page content-L80-12:08:15] OK: expected true: expected zero byte in first page of freshly initialized page
[test_assign1_1.c-test single page content-L80-12:08:15] OK: expected true: expected zero byte in first page of freshly initialized page
[test_assign1_1.c-test single page content-L80-12:08:15] OK: expected true: expected zero byte in first page of freshly initialized page
[test_assign1_1.c-test single page content-L80-12:08:15] OK: expected true: expected zero byte in first page of freshly initialized page
[test_assign1_1.c-test single page content-L80-12:08:15] OK: expected true: expected zero byte in first page of freshly initialized page
[test_assign1_1.c-test single page content-L80-12:08:15] OK: expected true: expected zero byte in first page of freshly initialized page
[test_assign1_1.c-test single page content-L80-12:08:15] OK: expected true: expected zero byte in first page of freshly initialized page
[test_assign1_1.c-test single page content-L80-12:08:15] OK: expected true: expected zero byte in first page of freshly initialized page
[test_assign1_1.c-test single page content-L80-12:08:15] OK: expected true: expected zero byte in first page of freshly initialized page
[test_assign1_1.c-test single page content-L80-12:08:15] OK: expected true: expected zero byte in first page of freshly initialized page
[test_assign1_1.c-test single page content-L80-12:08:15] OK: expected true: expected zero byte in first page of freshly initialized page
[test_assign1_1.c-test single page content-L80-12:08:15] OK: expected true: expected zero byte in first page of freshly initialized page
[test_assign1_1.c-test single page content-L80-12:08:15] OK: expected true: expected zero byte in first page of freshly initialized page
[test_assign1_1.c-test single page content-L80-12:08:15] OK: expected true: expected zero byte in first page of freshly initialized page
[test_assign1_1.c-test single page content-L80-12:08:15] OK: expected true: expected zero byte in first page of freshly initialized page
[test_assign1_1.c-test single page content-L80-12:08:15] OK: expected true: expected zero byte in first page of freshly initialized page
[test_assign1_1.c-test single page content-L80-12:08:15] OK: expected true: expected zero byte in first page of freshly initialized page
[test_assign1_1.c-test single page content-L80-12:08:15] OK: expected true: expected zero byte in first page of freshly initialized page
[test_assign1_1.c-test single page content-L80-12:08:15] OK: expected true: expected zero byte in first page of freshly initialized page
[test_assign1_1.c-test single page content-L80-12:08:15] OK: expected true: expected zero byte in first page of freshly initialized page
[test_assign1_1.c-test single page content-L80-12:08:15] OK: expected true: expected zero byte in first page of freshly initialized page
[test_assign1_1.c-test single page content-L80-12:08:15] OK: expected true: expected zero byte in first page of freshly initialized page
[test_assign1_1.c-test single page content-L80-12:08:15] OK: expected true: expected zero byte in first page of freshly initialized page
[test_assign1_1.c-test single page content-L80-12:08:15] OK: expected true: expected zero byte in first page of freshly initialized page
[test_assign1_1.c-test single page content-L80-12:08:15] OK: expected true: expected zero byte in first page of freshly initialized page
[test_assign1_1.c-test single page content-L80-12:08:15] OK: expected true: expected zero byte in first page of freshly initialized page
[test_assign1_1.c-test single page content-L80-12:08:15] OK: expected true: expected zero byte in first page of freshly initialized page
[test_assign1_1.c-test single page content-L80-12:08:15] OK: expected true: expected zero byte in first page of freshly initialized page
[test_assign1_1.c-test single page content-L80-12:08:15] OK: expected true: expected zero byte in first page of freshly initialized page
[test_assign1_1.c-test single page content-L80-12:08:15] OK: expected true: expected zero byte in first page of freshly initialized page
[test_assign1_1.c-test single page content-L80-12:08:15] OK: expected true: expected zero byte in first page of freshly initialized page
[test_assign1_1.c-test single page content-L80-12:08:15] OK: expected true: expected zero byte in first page of freshly initialized page
[test_assign1_1.c-test single page content-L80-12:08:15] OK: expected true: expected zero byte in first page of freshly initialized page
[test_assign1_1.c-test single page content-L80-12:08:15] OK: expected true: expected zero byte in first page of freshly initialized page
[test_assign1_1.c-test single page content-L80-12:08:15] OK: expected true: expected zero byte in first page of freshly initialized page
[test_assign1_1.c-test single page content-L80-12:08:15] OK: expected true: expected zero byte in first page of freshly initialized page
[test_assign1_1.c-test single page content-L80-12:08:15] OK: expected true: expected zero byte in first page of freshly initialized page
[test_assign1_1.c-test single page content-L80-12:08:15] OK: expected true: expected zero byte in first page of freshly initialized page
[test_assign1_1.c-test single page content-L80-12:08:15] OK: expected true: expected zero byte in first page of freshly initialized page
[test_assign1_1.c-test single page content-L80-12:08:15] OK: expected true: expected zero byte in first page of freshly initialized page
[test_assign1_1.c-test single page content-L80-12:08:15] OK: expected true: expected zero byte in first page of freshly initialized page
[test_assign1_1.c-test single page content-L80-12:08:15] OK: expected true: expected zero byte in first page of freshly initialized page
[test_assign1_1.c-test single page content-L80-12:08:15] OK: expected true: expected zero byte in first page of freshly initialized page
[test_assign1_1.c-test single page content-L80-12:08:15] OK: expected true: expected zero byte in first page of freshly initialized page
[test_assign1_1.c-test single page content-L80-12:08:15] OK: expected true: expected zero byte in first page of freshly initialized page
[test_assign1_1.c-test single page content-L80-12:08:15] OK: expected true: expected zero byte in first page of freshly initialized page
[test_assign1_1.c-test single page content-L80-12:08:15] OK: expected true: expected zero byte in first page of freshly initialized page
[test_assign1_1.c-test single page content-L80-12:08:15] OK: expected true: expected zero byte in first page of freshly initialized page
[test_assign1_1.c-test single page content-L80-12:08:15] OK: expected true: expected zero byte in first page of freshly initialized page
[test_assign1_1.c-test single page content-L80-12:08:15] OK: expected true: expected zero byte in first page of freshly initialized page
[test_assign1_1.c-test single page content-L80-12:08:15] OK: expected true: expected zero byte in first page of freshly initialized page
[test_assign1_1.c-test single page content-L80-12:08:15] OK: expected true: expected zero byte in first page of freshly initialized page
[test_assign1_1.c-test single page content-L80-12:08:15] OK: expected true: expected zero byte in first page of freshly initialized page
[test_assign1_1.c-test single page content-L80-12:08:15] OK: expected true: expected zero byte in first page of freshly initialized page
[test_assign1_1.c-test single page content-L80-12:08:15] OK: expected true: expected zero byte in first page of freshly initialized page
[test_assign1_1.c-test single page content-L80-12:08:15] OK: expected true: expected zero byte in first page of freshly initialized page
[test_assign1_1.c-test single page content-L80-12:08:15] OK: expected true: expected zero byte in first page of freshly initialized page
[test_assign1_1.c-test single page content-L80-12:08:15] OK: expected true: expected zero byte in first page of freshly initialized page
[test_assign1_1.c-test single page content-L80-12:08:15] OK: expected true: expected zero byte in first page of freshly initialized page
[test_assign1_1.c-test single page content-L80-12:08:15] OK: expected true: expected zero byte in first page of freshly initialized page
[test_assign1_1.c-test single page content-L80-12:08:15] OK: expected true: expected zero byte in first page of freshly initialized page
[test_assign1_1.c-test single page content-L80-12:08:15] OK: expected true: expected zero byte in first page of freshly initialized page
[test_assign1_1.c-test single page content-L80-12:08:15] OK: expected true: expected zero byte in first page of freshly initialized page
[test_assign1_1.c-test single page content-L80-12:08:15] OK: expected true: expected zero byte in first page of freshly initialized page
[test_assign1_1.c-test single page content-L80-12:08:15] OK: expected true: expected zero byte in first page of freshly initialized page
[test_assign1_1.c-test single page content-L80-12:08:15] OK: expected true: expected zero byte in first page of freshly initialized page
[test_assign1_1.c-test single page content-L80-12:08:15] OK: expected true: expected zero byte in first page of freshly initialized page
[test_assign1_1.c-test single page content-L80-12:08:15] OK: expected true: expected zero byte in first page of freshly initialized page
[test_assign1_1.c-test single page content-L80-12:08:15] OK: expected true: expected zero byte in first page of freshly initialized page
[test_assign1_1.c-test single page content-L80-12:08:15] OK: expected true: expected zero byte in first page of freshly initialized page
[test_assign1_1.c-test single page content-L80-12:08:15] OK: expected true: expected zero byte in first page of freshly initialized page
[test_assign1_1.c-test single page content-L80-12:08:15] OK: expected true: expected zero byte in first page of freshly initialized page
[test_assign1_1.c-test single page content-L80-12:08:15] OK: expected true: expected zero byte in first page of freshly initialized page
[test_assign1_1.c-test single page content-L80-12:08:15] OK: expected true: expected zero byte in first page of freshly initialized page
[test_assign1_1.c-test single page content-L80-12:08:15] OK: expected true: expected zero byte in first page of freshly initialized page
[test_assign1_1.c-test single page content-L80-12:08:15] OK: expected true: expected zero byte in first page of freshly initialized page
[test_assign1_1.c-test single page content-L80-12:08:15] OK: expected true: expected zero byte in first page of freshly initialized page
[test_assign1_1.c-test single page content-L80-12:08:15] OK: expected true: expected zero byte in first page of freshly initialized page
[test_assign1_1.c-test single page content-L80-12:08:15] OK: expected true: expected zero byte in first page of freshly initialized page
[test_assign1_1.c-test single page content-L80-12:08:15] OK: expected true: expected zero byte in first page of freshly initialized page
[test_assign1_1.c-test single page content-L80-12:08:15] OK: expected true: expected zero byte in first page of freshly initialized page
[test_assign1_1.c-test single page content-L80-12:08:15] OK: expected true: expected zero byte in first page of freshly initialized page
[test_assign1_1.c-test single page content-L80-12:08:15] OK: expected true: expected zero byte in first page of freshly initialized page
[test_assign1_1.c-test single page content-L80-12:08:15] OK: expected true: expected zero byte in first page of freshly initialized page
[test_assign1_1.c-test single page content-L80-12:08:15] OK: expected true: expected zero byte in first page of freshly initialized page
[test_assign1_1.c-test single page content-L80-12:08:15] OK: expected true: expected zero byte in first page of freshly initialized page
[test_assign1_1.c-test single page content-L80-12:08:15] OK: expected true: expected zero byte in first page of freshly initialized page
[test_assign1_1.c-test single page content-L80-12:08:15] OK: expected true: expected zero byte in first page of freshly initialized page
[test_assign1_1.c-test single page content-L80-12:08:15] OK: expected true: expected zero byte in first page of freshly initialized page
[test_assign1_1.c-test single page content-L80-12:08:15] OK: expected true: expected zero byte in first page of freshly initialized page
[test_assign1_1.c-test single page content-L80-12:08:15] OK: expected true: expected zero byte in first page of freshly initialized page
[test_assign1_1.c-test single page content-L80-12:08:15] OK: expected true: expected zero byte in first page of freshly initialized page
[test_assign1_1.c-test single page content-L80-12:08:15] OK: expected true: expected zero byte in first page of freshly initialized page
[test_assign1_1.c-test single page content-L80-12:08:15] OK: expected true: expected zero byte in first page of freshly initialized page
[test_assign1_1.c-test single page content-L80-12:08:15] OK: expected true: expected zero byte in first page of freshly initialized page
[test_assign1_1.c-test single page content-L80-12:08:15] OK: expected true: expected zero byte in first page of freshly initialized page
[test_assign1_1.c-test single page content-L80-12:08:15] OK: expected true: expected zero byte in first page of freshly initialized page
[test_assign1_1.c-test single page content-L80-12:08:15] OK: expected true: expected zero byte in first page of freshly initialized page
[test_assign1_1.c-test single page content-L80-12:08:15] OK: expected true: expected zero byte in first page of freshly initialized page
[test_assign1_1.c-test single page content-L80-12:08:15] OK: expected true: expected zero byte in first page of freshly initialized page
[test_assign1_1.c-test single page content-L80-12:08:15] OK: expected true: expected zero byte in first page of freshly initialized page
[test_assign1_1.c-test single page content-L80-12:08:15] OK: expected true: expected zero byte in first page of freshly initialized page
[test_assign1_1.c-test single page content-L80-12:08:15] OK: expected true: expected zero byte in first page of freshly initialized page
[test_assign1_1.c-test single page content-L80-12:08:15] OK: expected true: expected zero byte in first page of freshly initialized page
[test_assign1_1.c-test single page content-L80-12:08:15] OK: expected true: expected zero byte in first page of freshly initialized page
[test_assign1_1.c-test single page content-L80-12:08:15] OK: expected true: expected zero byte in first page of freshly initialized page
[test_assign1_1.c-test single page content-L80-12:08:15] OK: expected true: expected zero byte in first page of freshly initialized page
[test_assign1_1.c-test single page content-L80-12:08:15] OK: expected true: expected zero byte in first page of freshly initialized page
[test_assign1_1.c-test single page content-L80-12:08:15] OK: expected true: expected zero byte in first page of freshly initialized page
[test_assign1_1.c-test single page content-L80-12:08:15] OK: expected true: expected zero byte in first page of freshly initialized page
[test_assign1_1.c-test single page content-L80-12:08:15] OK: expected true: expected zero byte in first page of freshly initialized page
[test_assign1_1.c-test single page content-L80-12:08:15] OK: expected true: expected zero byte in first page of freshly initialized page
[test_assign1_1.c-test single page content-L80-12:08:15] OK: expected true: expected zero byte in first page of freshly initialized page
[test_assign1_1.c-test single page content-L80-12:08:15] OK: expected true: expected zero byte in first page of freshly initialized page
[test_assign1_1.c-test single page content-L80-12:08:15] OK: expected true: expected zero byte in first page of freshly initialized page
[test_assign1_1.c-test single page content-L80-12:08:15] OK: expected true: expected zero byte in first page of freshly initialized page
[test_assign1_1.c-test single page content-L80-12:08:15] OK: expected true: expected zero byte in first page of freshly initialized page
[test_assign1_1.c-test single page content-L80-12:08:15] OK: expected true: expected zero byte in first page of freshly initialized page
[test_assign1_1.c-test single page content-L80-12:08:15] OK: expected true: expected zero byte in first page of freshly initialized page
[test_assign1_1.c-test single page content-L80-12:08:15] OK: expected true: expected zero byte in first page of freshly initialized page
[test_assign1_1.c-test single page content-L80-12:08:15] OK: expected true: expected zero byte in first page of freshly initialized page
[test_assign1_1.c-test single page content-L80-12:08:15] OK: expected true: expected zero byte in first page of freshly initialized page
[test_assign1_1.c-test single page content-L80-12:08:15] OK: expected true: expected zero byte in first page of freshly initialized page
[test_assign1_1.c-test single page content-L80-12:08:15] OK: expected true: expected zero byte in first page of freshly initialized page
[test_assign1_1.c-test single page content-L80-12:08:15] OK: expected true: expected zero byte in first page of freshly initialized page
[test_assign1_1.c-test single page content-L80-12:08:15] OK: expected true: expected zero byte in first page of freshly initialized page
[test_assign1_1.c-test single page content-L80-12:08:15] OK: expected true: expected zero byte in first page of freshly initialized page
[test_assign1_1.c-test single page content-L80-12:08:15] OK: expected true: expected zero byte in first page of freshly initialized page
[test_assign1_1.c-test single page content-L80-12:08:15] OK: expected true: expected zero byte in first page of freshly initialized page
[test_assign1_1.c-test single page content-L80-12:08:15] OK: expected true: expected zero byte in first page of freshly initialized page
[test_assign1_1.c-test single page content-L80-12:08:15] OK: expected true: expected zero byte in first page of freshly initialized page
[test_assign1_1.c-test single page content-L80-12:08:15] OK: expected true: expected zero byte in first page of freshly initialized page
[test_assign1_1.c-test single page content-L80-12:08:15] OK: expected true: expected zero byte in first page of freshly initialized page
[test_assign1_1.c-test single page content-L80-12:08:15] OK: expected true: expected zero byte in first page of freshly initialized page
[test_assign1_1.c-test single page content-L80-12:08:15] OK: expected true: expected zero byte in first page of freshly initialized page
[test_assign1_1.c-test single page content-L80-12:08:15] OK: expected true: expected zero byte in first page of freshly initialized page
[test_assign1_1.c-test single page content-L80-12:08:15] OK: expected true: expected zero byte in first page of freshly initialized page
[test_assign1_1.c-test single page content-L80-12:08:15] OK: expected true: expected zero byte in first page of freshly initialized page
[test_assign1_1.c-test single page content-L80-12:08:15] OK: expected true: expected zero byte in first page of freshly initialized page
[test_assign1_1.c-test single page content-L80-12:08:15] OK: expected true: expected zero byte in first page of freshly initialized page
[test_assign1_1.c-test single page content-L80-12:08:15] OK: expected true: expected zero byte in first page of freshly initialized page
[test_assign1_1.c-test single page content-L80-12:08:15] OK: expected true: expected zero byte in first page of freshly initialized page
[test_assign1_1.c-test single page content-L80-12:08:15] OK: expected true: expected zero byte in first page of freshly initialized page
[test_assign1_1.c-test single page content-L80-12:08:15] OK: expected true: expected zero byte in first page of freshly initialized page
[test_assign1_1.c-test single page content-L80-12:08:15] OK: expected true: expected zero byte in first page of freshly initialized page
[test_assign1_1.c-test single page content-L80-12:08:15] OK: expected true: expected zero byte in first page of freshly initialized page
[test_assign1_1.c-test single page content-L80-12:08:15] OK: expected true: expected zero byte in first page of freshly initialized page
[test_assign1_1.c-test single page content-L80-12:08:15] OK: expected true: expected zero byte in first page of freshly initialized page
[test_assign1_1.c-test single page content-L80-12:08:15] OK: expected true: expected zero byte in first page of freshly initialized page
[test_assign1_1.c-test single page content-L80-12:08:15] OK: expected true: expected zero byte in first page of freshly initialized page
[test_assign1_1.c-test single page content-L80-12:08:15] OK: expected true: expected zero byte in first page of freshly initialized page
[test_assign1_1.c-test single page content-L80-12:08:15] OK: expected true: expected zero byte in first page of freshly initialized page
[test_assign1_1.c-test single page content-L80-12:08:15] OK: expected true: expected zero byte in first page of freshly initialized page
[test_assign1_1.c-test single page content-L80-12:08:15] OK: expected true: expected zero byte in first page of freshly initialized page
[test_assign1_1.c-test single page content-L80-12:08:15] OK: expected true: expected zero byte in first page of freshly initialized page
[test_assign1_1.c-test single page content-L80-12:08:15] OK: expected true: expected zero byte in first page of freshly initialized page
[test_assign1_1.c-test single page content-L80-12:08:15] OK: expected true: expected zero byte in first page of freshly initialized page
[test_assign1_1.c-test single page content-L80-12:08:15] OK: expected true: expected zero byte in first page of freshly initialized page
[test_assign1_1.c-test single page content-L80-12:08:15] OK: expected true: expected zero byte in first page of freshly initialized page
[test_assign1_1.c-test single page content-L80-12:08:15] OK: expected true: expected zero byte in first page of freshly initialized page
[test_assign1_1.c-test single page content-L80-12:08:15] OK: expected true: expected zero byte in first page of freshly initialized page
[test_assign1_1.c-test single page content-L80-12:08:15] OK: expected true: expected zero byte in first page of freshly initialized page
[test_assign1_1.c-test single page content-L80-12:08:15] OK: expected true: expected zero byte in first page of freshly initialized page
[test_assign1_1.c-test single page content-L80-12:08:15] OK: expected true: expected zero byte in first page of freshly initialized page
[test_assign1_1.c-test single page content-L80-12:08:15] OK: expected true: expected zero byte in first page of freshly initialized page
[test_assign1_1.c-test single page content-L80-12:08:15] OK: expected true: expected zero byte in first page of freshly initialized page
[test_assign1_1.c-test single page content-L80-12:08:15] OK: expected true: expected zero byte in first page of freshly initialized page
[test_assign1_1.c-test single page content-L80-12:08:15] OK: expected true: expected zero byte in first page of freshly initialized page
[test_assign1_1.c-test single page content-L80-12:08:15] OK: expected true: expected zero byte in first page of freshly initialized page
[test_assign1_1.c-test single page content-L80-12:08:15] OK: expected true: expected zero byte in first page of freshly initialized page
[test_assign1_1.c-test single page content-L80-12:08:15] OK: expected true: expected zero byte in first page of freshly initialized page
[test_assign1_1.c-test single page content-L80-12:08:15] OK: expected true: expected zero byte in first page of freshly initialized page
[test_assign1_1.c-test single page content-L80-12:08:15] OK: expected true: expected zero byte in first page of freshly initialized page
[test_assign1_1.c-test single page content-L80-12:08:15] OK: expected true: expected zero byte in first page of freshly initialized page
[test_assign1_1.c-test single page content-L80-12:08:15] OK: expected true: expected zero byte in first page of freshly initialized page
[test_assign1_1.c-test single page content-L80-12:08:15] OK: expected true: expected zero byte in first page of freshly initialized page
[test_assign1_1.c-test single page content-L80-12:08:15] OK: expected true: expected zero byte in first page of freshly initialized page
[test_assign1_1.c-test single page content-L80-12:08:15] OK: expected true: expected zero byte in first page of freshly initialized page
[test_assign1_1.c-test single page content-L80-12:08:15] OK: expected true: expected zero byte in first page of freshly initialized page
[test_assign1_1.c-test single page content-L80-12:08:15] OK: expected true: expected zero byte in first page of freshly initialized page
[test_assign1_1.c-test single page content-L80-12:08:15] OK: expected true: expected zero byte in first page of freshly initialized page
[test_assign1_1.c-test single page content-L80-12:08:15] OK: expected true: expected zero byte in first page of freshly initialized page
[test_assign1_1.c-test single page content-L80-12:08:15] OK: expected true: expected zero byte in first page of freshly initialized page
[test_assign1_1.c-test single page content-L80-12:08:15] OK: expected true: expected zero byte in first page of freshly initialized page
[test_assign1_1.c-test single page content-L80-12:08:15] OK: expected true: expected zero byte in first page of freshly initialized page
[test_assign1_1.c-test single page content-L80-12:08:15] OK: expected true: expected zero byte in first page of freshly initialized page
[test_assign1_1.c-test single page content-L80-12:08:15] OK: expected true: expected zero byte in first page of freshly initialized page
[test_assign1_1.c-test single page content-L80-12:08:15] OK: expected true: expected zero byte in first page of freshly initialized page
[test_assign1_1.c-test single page content-L80-12:08:15] OK: expected true: expected zero byte in first page of freshly initialized page
[test_assign1_1.c-test single page content-L80-12:08:15] OK: expected true: expected zero byte in first page of freshly initialized page
[test_assign1_1.c-test single page content-L80-12:08:15] OK: expected true: expected zero byte in first page of freshly initialized page
[test_assign1_1.c-test single page content-L80-12:08:15] OK: expected true: expected zero byte in first page of freshly initialized page
[test_assign1_1.c-test single page content-L80-12:08:15] OK: expected true: expected zero byte in first page of freshly initialized page
[test_assign1_1.c-test single page content-L80-12:08:15] OK: expected true: expected zero byte in first page of freshly initialized page
[test_assign1_1.c-test single page content-L80-12:08:15] OK: expected true: expected zero byte in first page of freshly initialized page
[test_assign1_1.c-test single page content-L80-12:08:15] OK: expected true: expected zero byte in first page of freshly initialized page
[test_assign1_1.c-test single page content-L80-12:08:15] OK: expected true: expected zero byte in first page of freshly initialized page
[test_assign1_1.c-test single page content-L80-12:08:15] OK: expected true: expected zero byte in first page of freshly initialized page
[test_assign1_1.c-test single page content-L80-12:08:15] OK: expected true: expected zero byte in first page of freshly initialized page
[test_assign1_1.c-test single page content-L80-12:08:15] OK: expected true: expected zero byte in first page of freshly initialized page
[test_assign1_1.c-test single page content-L80-12:08:15] OK: expected true: expected zero byte in first page of freshly initialized page
[test_assign1_1.c-test single page content-L80-12:08:15] OK: expected true: expected zero byte in first page of freshly initialized page
[test_assign1_1.c-test single page content-L80-12:08:15] OK: expected true: expected zero byte in first page of freshly initialized page
[test_assign1_1.c-test single page content-L80-12:08:15] OK: expected true: expected zero byte in first page of freshly initialized page
[test_assign1_1.c-test single page content-L80-12:08:15] OK: expected true: expected zero byte in first page of freshly initialized page
[test_assign1_1.c-test single page content-L80-12:08:15] OK: expected true: expected zero byte in first page of freshly initialized page
[test_assign1_1.c-test single page content-L80-12:08:15] OK: expected true: expected zero byte in first page of freshly initialized page
[test_assign1_1.c-test single page content-L80-12:08:15] OK: expected true: expected zero byte in first page of freshly initialized page
[test_assign1_1.c-test single page content-L80-12:08:15] OK: expected true: expected zero byte in first page of freshly initialized page
[test_assign1_1.c-test single page content-L80-12:08:15] OK: expected true: expected zero byte in first page of freshly initialized page
[test_assign1_1.c-test single page content-L80-12:08:15] OK: expected true: expected zero byte in first page of freshly initialized page
[test_assign1_1.c-test single page content-L80-12:08:15] OK: expected true: expected zero byte in first page of freshly initialized page
[test_assign1_1.c-test single page content-L80-12:08:15] OK: expected true: expected zero byte in first page of freshly initialized page
[test_assign1_1.c-test single page content-L80-12:08:15] OK: expected true: expected zero byte in first page of freshly initialized page
[test_assign1_1.c-test single page content-L80-12:08:15] OK: expected true: expected zero byte in first page of freshly initialized page
[test_assign1_1.c-test single page content-L80-12:08:15] OK: expected true: expected zero byte in first page of freshly initialized page
[test_assign1_1.c-test single page content-L80-12:08:15] OK: expected true: expected zero byte in first page of freshly initialized page
[test_assign1_1.c-test single page content-L80-12:08:15] OK: expected true: expected zero byte in first page of freshly initialized page
[test_assign1_1.c-test single page content-L80-12:08:15] OK: expected true: expected zero byte in first page of freshly initialized page
[test_assign1_1.c-test single page content-L80-12:08:15] OK: expected true: expected zero byte in first page of freshly initialized page
[test_assign1_1.c-test single page content-L80-12:08:15] OK: expected true: expected zero byte in first page of freshly initialized page
[test_assign1_1.c-test single page content-L80-12:08:15] OK: expected true: expected zero byte in first page of freshly initialized page
[test_assign1_1.c-test single page content-L80-12:08:15] OK: expected true: expected zero byte in first page of freshly initialized page
[test_assign1_1.c-test single page content-L80-12:08:15] OK: expected true: expected zero byte in first page of freshly initialized page
[test_assign1_1.c-test single page content-L80-12:08:15] OK: expected true: expected zero byte in first page of freshly initialized page
[test_assign1_1.c-test single page content-L80-12:08:15] OK: expected true: expected zero byte in first page of freshly initialized page
[test_assign1_1.c-test single page content-L80-12:08:15] OK: expected true: expected zero byte in first page of freshly initialized page
[test_assign1_1.c-test single page content-L80-12:08:15] OK: expected true: expected zero byte in first page of freshly initialized page
[test_assign1_1.c-test single page content-L80-12:08:15] OK: expected true: expected zero byte in first page of freshly initialized page
[test_assign1_1.c-test single page content-L80-12:08:15] OK: expected true: expected zero byte in first page of freshly initialized page
[test_assign1_1.c-test single page content-L80-12:08:15] OK: expected true: expected zero byte in first page of freshly initialized page
[test_assign1_1.c-test single page content-L80-12:08:15] OK: expected true: expected zero byte in first page of freshly initialized page
[test_assign1_1.c-test single page content-L80-12:08:15] OK: expected true: expected zero byte in first page of freshly initialized page
[test_assign1_1.c-test single page content-L80-12:08:15] OK: expected true: expected zero byte in first page of freshly initialized page
[test_assign1_1.c-test single page content-L80-12:08:15] OK: expected true: expected zero byte in first page of freshly initialized page
[test_assign1_1.c-test single page content-L80-12:08:15] OK: expected true: expected zero byte in first page of freshly initialized page
[test_assign1_1.c-test single page content-L80-12:08:15] OK: expected true: expected zero byte in first page of freshly initialized page
[test_assign1_1.c-test single page content-L80-12:08:15] OK: expected true: expected zero byte in first page of freshly initialized page
[test_assign1_1.c-test single page content-L80-12:08:15] OK: expected true: expected zero byte in first page of freshly initialized page
[test_assign1_1.c-test single page content-L80-12:08:15] OK: expected true: expected zero byte in first page of freshly initialized page
[test_assign1_1.c-test single page content-L80-12:08:15] OK: expected true: expected zero byte in first page of freshly initialized page
[test_assign1_1.c-test single page content-L80-12:08:15] OK: expected true: expected zero byte in first page of freshly initialized page
[test_assign1_1.c-test single page content-L80-12:08:15] OK: expected true: expected zero byte in first page of freshly initialized page
[test_assign1_1.c-test single page content-L80-12:08:15] OK: expected true: expected zero byte in first page of freshly initialized page
[test_assign1_1.c-test single page content-L80-12:08:15] OK: expected true: expected zero byte in first page of freshly initialized page
[test_assign1_1.c-test single page content-L80-12:08:15] OK: expected true: expected zero byte in first page of freshly initialized page
[test_assign1_1.c-test single page content-L80-12:08:15] OK: expected true: expected zero byte in first page of freshly initialized page
[test_assign1_1.c-test single page content-L80-12:08:15] OK: expected true: expected zero byte in first page of freshly initialized page
[test_assign1_1.c-test single page content-L80-12:08:15] OK: expected true: expected zero byte in first page of freshly initialized page
[test_assign1_1.c-test single page content-L80-12:08:15] OK: expected true: expected zero byte in first page of freshly initialized page
[test_assign1_1.c-test single page content-L80-12:08:15] OK: expected true: expected zero byte in first page of freshly initialized page
[test_assign1_1.c-test single page content-L80-12:08:15] OK: expected true: expected zero byte in first page of freshly initialized page
[test_assign1_1.c-test single page content-L80-12:08:15] OK: expected true: expected zero byte in first page of freshly initialized page
[test_assign1_1.c-test single page content-L80-12:08:15] OK: expected true: expected zero byte in first page of freshly initialized page
[test_assign1_1.c-test single page content-L80-12:08:15] OK: expected true: expected zero byte in first page of freshly initialized page
[test_assign1_1.c-test single page content-L80-12:08:15] OK: expected true: expected zero byte in first page of freshly initialized page
[test_assign1_1.c-test single page content-L80-12:08:15] OK: expected true: expected zero byte in first page of freshly initialized page
[test_assign1_1.c-test single page content-L80-12:08:15] OK: expected true: expected zero byte in first page of freshly initialized page
[test_assign1_1.c-test single page content-L80-12:08:15] OK: expected true: expected zero byte in first page of freshly initialized page
[test_assign1_1.c-test single page content-L80-12:08:15] OK: expected true: expected zero byte in first page of freshly initialized page
[test_assign1_1.c-test single page content-L80-12:08:15] OK: expected true: expected zero byte in first page of freshly initialized page
[test_assign1_1.c-test single page content-L80-12:08:15] OK: expected true: expected zero byte in first page of freshly initialized page
[test_assign1_1.c-test single page content-L80-12:08:15] OK: expected true: expected zero byte in first page of freshly initialized page
[test_assign1_1.c-test single page content-L80-12:08:15] OK: expected true: expected zero byte in first page of freshly initialized page
[test_assign1_1.c-test single page content-L80-12:08:15] OK: expected true: expected zero byte in first page of freshly initialized page
[test_assign1_1.c-test single page content-L80-12:08:15] OK: expected true: expected zero byte in first page of freshly initialized page
[test_assign1_1.c-test single page content-L80-12:08:15] OK: expected true: expected zero byte in first page of freshly initialized page
[test_assign1_1.c-test single page content-L80-12:08:15] OK: expected true: expected zero byte in first page of freshly initialized page
[test_assign1_1.c-test single page content-L80-12:08:15] OK: expected true: expected zero byte in first page of freshly initialized page
[test_assign1_1.c-test single page content-L80-12:08:15] OK: expected true: expected zero byte in first page of freshly initialized page
[test_assign1_1.c-test single page content-L80-12:08:15] OK: expected true: expected zero byte in first page of freshly initialized page
[test_assign1_1.c-test single page content-L80-12:08:15] OK: expected true: expected zero byte in first page of freshly initialized page
[test_assign1_1.c-test single page content-L80-12:08:15] OK: expected true: expected zero byte in first page of freshly initialized page
[test_assign1_1.c-test single page content-L80-12:08:15] OK: expected true: expected zero byte in first page of freshly initialized page
[test_assign1_1.c-test single page content-L80-12:08:15] OK: expected true: expected zero byte in first page of freshly initialized page
[test_assign1_1.c-test single page content-L80-12:08:15] OK: expected true: expected zero byte in first page of freshly initialized page
[test_assign1_1.c-test single page content-L80-12:08:15] OK: expected true: expected zero byte in first page of freshly initialized page
[test_assign1_1.c-test single page content-L80-12:08:15] OK: expected true: expected zero byte in first page of freshly initialized page
[test_assign1_1.c-test single page content-L80-12:08:15] OK: expected true: expected zero byte in first page of freshly initialized page
[test_assign1_1.c-test single page content-L80-12:08:15] OK: expected true: expected zero byte in first page of freshly initialized page
[test_assign1_1.c-test single page content-L80-12:08:15] OK: expected true: expected zero byte in first page of freshly initialized page
[test_assign1_1.c-test single page content-L80-12:08:15] OK: expected true: expected zero byte in first page of freshly initialized page
[test_assign1_1.c-test single page content-L80-12:08:15] OK: expected true: expected zero byte in first page of freshly initialized page
[test_assign1_1.c-test single page content-L80-12:08:15] OK: expected true: expected zero byte in first page of freshly initialized page
[test_assign1_1.c-test single page content-L80-12:08:15] OK: expected true: expected zero byte in first page of freshly initialized page
[test_assign1_1.c-test single page content-L80-12:08:15] OK: expected true: expected zero byte in first page of freshly initialized page
[test_assign1_1.c-test single page content-L80-12:08:15] OK: expected true: expected zero byte in first page of freshly initialized page
[test_assign1_1.c-test single page content-L80-12:08:15] OK: expected true: expected zero byte in first page of freshly initialized page
[test_assign1_1.c-test single page content-L80-12:08:15] OK: expected true: expected zero byte in first page of freshly initialized page
[test_assign1_1.c-test single page content-L80-12:08:15] OK: expected true: expected zero byte in first page of freshly initialized page
[test_assign1_1.c-test single page content-L80-12:08:15] OK: expected true: expected zero byte in first page of freshly initialized page
[test_assign1_1.c-test single page content-L80-12:08:15] OK: expected true: expected zero byte in first page of freshly initialized page
[test_assign1_1.c-test single page content-L80-12:08:15] OK: expected true: expected zero byte in first page of freshly initialized page
[test_assign1_1.c-test single page content-L80-12:08:15] OK: expected true: expected zero byte in first page of freshly initialized page
[test_assign1_1.c-test single page content-L80-12:08:15] OK: expected true: expected zero byte in first page of freshly initialized page
[test_assign1_1.c-test single page content-L80-12:08:15] OK: expected true: expected zero byte in first page of freshly initialized page
[test_assign1_1.c-test single page content-L80-12:08:15] OK: expected true: expected zero byte in first page of freshly initialized page
[test_assign1_1.c-test single page content-L80-12:08:15] OK: expected true: expected zero byte in first page of freshly initialized page
[test_assign1_1.c-test single page content-L80-12:08:15] OK: expected true: expected zero byte in first page of freshly initialized page
[test_assign1_1.c-test single page content-L80-12:08:15] OK: expected true: expected zero byte in first page of freshly initialized page
[test_assign1_1.c-test single page content-L80-12:08:15] OK: expected true: expected zero byte in first page of freshly initialized page
[test_assign1_1.c-test single page content-L80-12:08:15] OK: expected true: expected zero byte in first page of freshly initialized page
[test_assign1_1.c-test single page content-L80-12:08:15] OK: expected true: expected zero byte in first page of freshly initialized page
[test_assign1_1.c-test single page content-L80-12:08:15] OK: expected true: expected zero byte in first page of freshly initialized page
[test_assign1_1.c-test single page content-L80-12:08:15] OK: expected true: expected zero byte in first page of freshly initialized page
[test_assign1_1.c-test single page content-L80-12:08:15] OK: expected true: expected zero byte in first page of freshly initialized page
[test_assign1_1.c-test single page content-L80-12:08:15] OK: expected true: expected zero byte in first page of freshly initialized page
[test_assign1_1.c-test single page content-L80-12:08:15] OK: expected true: expected zero byte in first page of freshly initialized page
[test_assign1_1.c-test single page content-L80-12:08:15] OK: expected true: expected zero byte in first page of freshly initialized page
[test_assign1_1.c-test single page content-L80-12:08:15] OK: expected true: expected zero byte in first page of freshly initialized page
[test_assign1_1.c-test single page content-L80-12:08:15] OK: expected true: expected zero byte in first page of freshly initialized page
[test_assign1_1.c-test single page content-L80-12:08:15] OK: expected true: expected zero byte in first page of freshly initialized page
[test_assign1_1.c-test single page content-L80-12:08:15] OK: expected true: expected zero byte in first page of freshly initialized page
[test_assign1_1.c-test single page content-L80-12:08:15] OK: expected true: expected zero byte in first page of freshly initialized page
[test_assign1_1.c-test single page content-L80-12:08:15] OK: expected true: expected zero byte in first page of freshly initialized page
[test_assign1_1.c-test single page content-L80-12:08:15] OK: expected true: expected zero byte in first page of freshly initialized page
[test_assign1_1.c-test single page content-L80-12:08:15] OK: expected true: expected zero byte in first page of freshly initialized page
[test_assign1_1.c-test single page content-L80-12:08:15] OK: expected true: expected zero byte in first page of freshly initialized page
[test_assign1_1.c-test single page content-L80-12:08:15] OK: expected true: expected zero byte in first page of freshly initialized page
[test_assign1_1.c-test single page content-L80-12:08:15] OK: expected true: expected zero byte in first page of freshly initialized page
[test_assign1_1.c-test single page content-L80-12:08:15] OK: expected true: expected zero byte in first page of freshly initialized page
[test_assign1_1.c-test single page content-L80-12:08:15] OK: expected true: expected zero byte in first page of freshly initialized page
[test_assign1_1.c-test single page content-L80-12:08:15] OK: expected true: expected zero byte in first page of freshly initialized page
[test_assign1_1.c-test single page content-L80-12:08:15] OK: expected true: expected zero byte in first page of freshly initialized page
[test_assign1_1.c-test single page content-L80-12:08:15] OK: expected true: expected zero byte in first page of freshly initialized page
[test_assign1_1.c-test single page content-L80-12:08:15] OK: expected true: expected zero byte in first page of freshly initialized page
[test_assign1_1.c-test single page content-L80-12:08:15] OK: expected true: expected zero byte in first page of freshly initialized page
[test_assign1_1.c-test single page content-L80-12:08:15] OK: expected true: expected zero byte in first page of freshly initialized page
[test_assign1_1.c-test single page content-L80-12:08:15] OK: expected true: expected zero byte in first page of freshly initialized page
[test_assign1_1.c-test single page content-L80-12:08:15] OK: expected true: expected zero byte in first page of freshly initialized page
[test_assign1_1.c-test single page content-L80-12:08:15] OK: expected true: expected zero byte in first page of freshly initialized page
[test_assign1_1.c-test single page content-L80-12:08:15] OK: expected true: expected zero byte in first page of freshly initialized page
[test_assign1_1.c-test single page content-L80-12:08:15] OK: expected true: expected zero byte in first page of freshly initialized page
[test_assign1_1.c-test single page content-L80-12:08:15] OK: expected true: expected zero byte in first page of freshly initialized page
[test_assign1_1.c-test single page content-L80-12:08:15] OK: expected true: expected zero byte in first page of freshly initialized page
[test_assign1_1.c-test single page content-L80-12:08:15] OK: expected true: expected zero byte in first page of freshly initialized page
[test_assign1_1.c-test single page content-L80-12:08:15] OK: expected true: expected zero byte in first page of freshly initialized page
[test_assign1_1.c-test single page content-L80-12:08:15] OK: expected true: expected zero byte in first page of freshly initialized page
[test_assign1_1.c-test single page content-L80-12:08:15] OK: expected true: expected zero byte in first page of freshly initialized page
[test_assign1_1.c-test single page content-L80-12:08:15] OK: expected true: expected zero byte in first page of freshly initialized page
[test_assign1_1.c-test single page content-L80-12:08:15] OK: expected true: expected zero byte in first page of freshly initialized page
[test_assign1_1.c-test single page content-L80-12:08:15] OK: expected true: expected zero byte in first page of freshly initialized page
[test_assign1_1.c-test single page content-L80-12:08:15] OK: expected true: expected zero byte in first page of freshly initialized page
[test_assign1_1.c-test single page content-L80-12:08:15] OK: expected true: expected zero byte in first page of freshly initialized page
[test_assign1_1.c-test single page content-L80-12:08:15] OK: expected true: expected zero byte in first page of freshly initialized page
[test_assign1_1.c-test single page content-L80-12:08:15] OK: expected true: expected zero byte in first page of freshly initialized page
[test_assign1_1.c-test single page content-L80-12:08:15] OK: expected true: expected zero byte in first page of freshly initialized page
[test_assign1_1.c-test single page content-L80-12:08:15] OK: expected true: expected zero byte in first page of freshly initialized page
[test_assign1_1.c-test single page content-L80-12:08:15] OK: expected true: expected zero byte in first page of freshly initialized page
[test_assign1_1.c-test single page content-L80-12:08:15] OK: expected true: expected zero byte in first page of freshly initialized page
[test_assign1_1.c-test single page content-L80-12:08:15] OK: expected true: expected zero byte in first page of freshly initialized page
[test_assign1_1.c-test single page content-L80-12:08:15] OK: expected true: expected zero byte in first page of freshly initialized page
[test_assign1_1.c-test single page content-L80-12:08:15] OK: expected true: expected zero byte in first page of freshly initialized page
[test_assign1_1.c-test single page content-L80-12:08:15] OK: expected true: expected zero byte in first page of freshly initialized page
[test_assign1_1.c-test single page content-L80-12:08:15] OK: expected true: expected zero byte in first page of freshly initialized page
[test_assign1_1.c-test single page content-L80-12:08:15] OK: expected true: expected zero byte in first page of freshly initialized page
[test_assign1_1.c-test single page content-L80-12:08:15] OK: expected true: expected zero byte in first page of freshly initialized page
[test_assign1_1.c-test single page content-L80-12:08:15] OK: expected true: expected zero byte in first page of freshly initialized page
[test_assign1_1.c-test single page content-L80-12:08:15] OK: expected true: expected zero byte in first page of freshly initialized page
[test_assign1_1.c-test single page content-L80-12:08:15] OK: expected true: expected zero byte in first page of freshly initialized page
[test_assign1_1.c-test single page content-L80-12:08:15] OK: expected true: expected zero byte in first page of freshly initialized page
[test_assign1_1.c-test single page content-L80-12:08:15] OK: expected true: expected zero byte in first page of freshly initialized page
[test_assign1_1.c-test single page content-L80-12:08:15] OK: expected true: expected zero byte in first page of freshly initialized page
[test_assign1_1.c-test single page content-L80-12:08:15] OK: expected true: expected zero byte in first page of freshly initialized page
[test_assign1_1.c-test single page content-L80-12:08:15] OK: expected true: expected zero byte in first page of freshly initialized page
[test_assign1_1.c-test single page content-L80-12:08:15] OK: expected true: expected zero byte in first page of freshly initialized page
[test_assign1_1.c-test single page content-L80-12:08:15] OK: expected true: expected zero byte in first page of freshly initialized page
[test_assign1_1.c-test single page content-L80-12:08:15] OK: expected true: expected zero byte in first page of freshly initialized page
[test_assign1_1.c-test single page content-L80-12:08:15] OK: expected true: expected zero byte in first page of freshly initialized page
[test_assign1_1.c-test single page content-L80-12:08:15] OK: expected true: expected zero byte in first page of freshly initialized page
[test_assign1_1.c-test single page content-L80-12:08:15] OK: expected true: expected zero byte in first page of freshly initialized page
[test_assign1_1.c-test single page content-L80-12:08:15] OK: expected true: expected zero byte in first page of freshly initialized page
[test_assign1_1.c-test single page content-L80-12:08:15] OK: expected true: expected zero byte in first page of freshly initialized page
[test_assign1_1.c-test single page content-L80-12:08:15] OK: expected true: expected zero byte in first page of freshly initialized page
[test_assign1_1.c-test single page content-L80-12:08:15] OK: expected true: expected zero byte in first page of freshly initialized page
[test_assign1_1.c-test single page content-L80-12:08:15] OK: expected true: expected zero byte in first page of freshly initialized page
[test_assign1_1.c-test single page content-L80-12:08:15] OK: expected true: expected zero byte in first page of freshly initialized page
[test_assign1_1.c-test single page content-L80-12:08:15] OK: expected true: expected zero byte in first page of freshly initialized page
[test_assign1_1.c-test single page content-L80-12:08:15] OK: expected true: expected zero byte in first page of freshly initialized page
[test_assign1_1.c-test single page content-L80-12:08:15] OK: expected true: expected zero byte in first page of freshly initialized page
[test_assign1_1.c-test single page content-L80-12:08:15] OK: expected true: expected zero byte in first page of freshly initialized page
[test_assign1_1.c-test single page content-L80-12:08:15] OK: expected true: expected zero byte in first page of freshly initialized page
[test_assign1_1.c-test single page content-L80-12:08:15] OK: expected true: expected zero byte in first page of freshly initialized page
[test_assign1_1.c-test single page content-L80-12:08:15] OK: expected true: expected zero byte in first page of freshly initialized page
[test_assign1_1.c-test single page content-L80-12:08:15] OK: expected true: expected zero byte in first page of freshly initialized page
[test_assign1_1.c-test single page content-L80-12:08:15] OK: expected true: expected zero byte in first page of freshly initialized page
[test_assign1_1.c-test single page content-L80-12:08:15] OK: expected true: expected zero byte in first page of freshly initialized page
[test_assign1_1.c-test single page content-L80-12:08:15] OK: expected true: expected zero byte in first page of freshly initialized page
[test_assign1_1.c-test single page content-L80-12:08:15] OK: expected true: expected zero byte in first page of freshly initialized page
[test_assign1_1.c-test single page content-L80-12:08:15] OK: expected true: expected zero byte in first page of freshly initialized page
[test_assign1_1.c-test single page content-L80-12:08:15] OK: expected true: expected zero byte in first page of freshly initialized page
[test_assign1_1.c-test single page content-L80-12:08:15] OK: expected true: expected zero byte in first page of freshly initialized page
[test_assign1_1.c-test single page content-L80-12:08:15] OK: expected true: expected zero byte in first page of freshly initialized page
[test_assign1_1.c-test single page content-L80-12:08:15] OK: expected true: expected zero byte in first page of freshly initialized page
[test_assign1_1.c-test single page content-L80-12:08:15] OK: expected true: expected zero byte in first page of freshly initialized page
[test_assign1_1.c-test single page content-L80-12:08:15] OK: expected true: expected zero byte in first page of freshly initialized page
[test_assign1_1.c-test single page content-L80-12:08:15] OK: expected true: expected zero byte in first page of freshly initialized page
[test_assign1_1.c-test single page content-L80-12:08:15] OK: expected true: expected zero byte in first page of freshly initialized page
[test_assign1_1.c-test single page content-L80-12:08:15] OK: expected true: expected zero byte in first page of freshly initialized page
[test_assign1_1.c-test single page content-L80-12:08:15] OK: expected true: expected zero byte in first page of freshly initialized page
[test_assign1_1.c-test single page content-L80-12:08:15] OK: expected true: expected zero byte in first page of freshly initialized page
[test_assign1_1.c-test single page content-L80-12:08:15] OK: expected true: expected zero byte in first page of freshly initialized page
[test_assign1_1.c-test single page content-L80-12:08:15] OK: expected true: expected zero byte in first page of freshly initialized page
[test_assign1_1.c-test single page content-L80-12:08:15] OK: expected true: expected zero byte in first page of freshly initialized page
[test_assign1_1.c-test single page content-L80-12:08:15] OK: expected true: expected zero byte in first page of freshly initialized page
[test_assign1_1.c-test single page content-L80-12:08:15] OK: expected true: expected zero byte in first page of freshly initialized page
[test_assign1_1.c-test single page content-L80-12:08:15] OK: expected true: expected zero byte in first page of freshly initialized page
[test_assign1_1.c-test single page content-L80-12:08:15] OK: expected true: expected zero byte in first page of freshly initialized page
[test_assign1_1.c-test single page content-L80-12:08:15] OK: expected true: expected zero byte in first page of freshly initialized page
[test_assign1_1.c-test single page content-L80-12:08:15] OK: expected true: expected zero byte in first page of freshly initialized page
[test_assign1_1.c-test single page content-L80-12:08:15] OK: expected true: expected zero byte in first page of freshly initialized page
[test_assign1_1.c-test single page content-L80-12:08:15] OK: expected true: expected zero byte in first page of freshly initialized page
[test_assign1_1.c-test single page content-L80-12:08:15] OK: expected true: expected zero byte in first page of freshly initialized page
[test_assign1_1.c-test single page content-L80-12:08:15] OK: expected true: expected zero byte in first page of freshly initialized page
[test_assign1_1.c-test single page content-L80-12:08:15] OK: expected true: expected zero byte in first page of freshly initialized page
[test_assign1_1.c-test single page content-L80-12:08:15] OK: expected true: expected zero byte in first page of freshly initialized page
[test_assign1_1.c-test single page content-L80-12:08:15] OK: expected true: expected zero byte in first page of freshly initialized page
[test_assign1_1.c-test single page content-L80-12:08:15] OK: expected true: expected zero byte in first page of freshly initialized page
[test_assign1_1.c-test single page content-L80-12:08:15] OK: expected true: expected zero byte in first page of freshly initialized page
[test_assign1_1.c-test single page content-L80-12:08:15] OK: expected true: expected zero byte in first page of freshly initialized page
[test_assign1_1.c-test single page content-L80-12:08:15] OK: expected true: expected zero byte in first page of freshly initialized page
[test_assign1_1.c-test single page content-L80-12:08:15] OK: expected true: expected zero byte in first page of freshly initialized page
[test_assign1_1.c-test single page content-L80-12:08:15] OK: expected true: expected zero byte in first page of freshly initialized page
[test_assign1_1.c-test single page content-L80-12:08:15] OK: expected true: expected zero byte in first page of freshly initialized page
[test_assign1_1.c-test single page content-L80-12:08:15] OK: expected true: expected zero byte in first page of freshly initialized page
[test_assign1_1.c-test single page content-L80-12:08:15] OK: expected true: expected zero byte in first page of freshly initialized page
[test_assign1_1.c-test single page content-L80-12:08:15] OK: expected true: expected zero byte in first page of freshly initialized page
[test_assign1_1.c-test single page content-L80-12:08:15] OK: expected true: expected zero byte in first page of freshly initialized page
[test_assign1_1.c-test single page content-L80-12:08:15] OK: expected true: expected zero byte in first page of freshly initialized page
[test_assign1_1.c-test single page content-L80-12:08:15] OK: expected true: expected zero byte in first page of freshly initialized page
[test_assign1_1.c-test single page content-L80-12:08:15] OK: expected true: expected zero byte in first page of freshly initialized page
[test_assign1_1.c-test single page content-L80-12:08:15] OK: expected true: expected zero byte in first page of freshly initialized page
[test_assign1_1.c-test single page content-L80-12:08:15] OK: expected true: expected zero byte in first page of freshly initialized page
[test_assign1_1.c-test single page content-L80-12:08:15] OK: expected true: expected zero byte in first page of freshly initialized page
[test_assign1_1.c-test single page content-L80-12:08:15] OK: expected true: expected zero byte in first page of freshly initialized page
[test_assign1_1.c-test single page content-L80-12:08:15] OK: expected true: expected zero byte in first page of freshly initialized page
[test_assign1_1.c-test single page content-L80-12:08:15] OK: expected true: expected zero byte in first page of freshly initialized page
[test_assign1_1.c-test single page content-L80-12:08:15] OK: expected true: expected zero byte in first page of freshly initialized page
[test_assign1_1.c-test single page content-L80-12:08:15] OK: expected true: expected zero byte in first page of freshly initialized page
[test_assign1_1.c-test single page content-L80-12:08:15] OK: expected true: expected zero byte in first page of freshly initialized page
[test_assign1_1.c-test single page content-L80-12:08:15] OK: expected true: expected zero byte in first page of freshly initialized page
[test_assign1_1.c-test single page content-L80-12:08:15] OK: expected true: expected zero byte in first page of freshly initialized page
[test_assign1_1.c-test single page content-L80-12:08:15] OK: expected true: expected zero byte in first page of freshly initialized page
[test_assign1_1.c-test single page content-L80-12:08:15] OK: expected true: expected zero byte in first page of freshly initialized page
[test_assign1_1.c-test single page content-L80-12:08:15] OK: expected true: expected zero byte in first page of freshly initialized page
[test_assign1_1.c-test single page content-L80-12:08:15] OK: expected true: expected zero byte in first page of freshly initialized page
[test_assign1_1.c-test single page content-L80-12:08:15] OK: expected true: expected zero byte in first page of freshly initialized page
[test_assign1_1.c-test single page content-L80-12:08:15] OK: expected true: expected zero byte in first page of freshly initialized page
[test_assign1_1.c-test single page content-L80-12:08:15] OK: expected true: expected zero byte in first page of freshly initialized page
[test_assign1_1.c-test single page content-L80-12:08:15] OK: expected true: expected zero byte in first page of freshly initialized page
[test_assign1_1.c-test single page content-L80-12:08:15] OK: expected true: expected zero byte in first page of freshly initialized page
[test_assign1_1.c-test single page content-L80-12:08:15] OK: expected true: expected zero byte in first page of freshly initialized page
[test_assign1_1.c-test single page content-L80-12:08:15] OK: expected true: expected zero byte in first page of freshly initialized page
[test_assign1_1.c-test single page content-L80-12:08:15] OK: expected true: expected zero byte in first page of freshly initialized page
[test_assign1_1.c-test single page content-L80-12:08:15] OK: expected true: expected zero byte in first page of freshly initialized page
[test_assign1_1.c-test single page content-L80-12:08:15] OK: expected true: expected zero byte in first page of freshly initialized page
[test_assign1_1.c-test single page content-L80-12:08:15] OK: expected true: expected zero byte in first page of freshly initialized page
[test_assign1_1.c-test single page content-L80-12:08:15] OK: expected true: expected zero byte in first page of freshly initialized page
[test_assign1_1.c-test single page content-L80-12:08:15] OK: expected true: expected zero byte in first page of freshly initialized page
[test_assign1_1.c-test single page content-L80-12:08:15] OK: expected true: expected zero byte in first page of freshly initialized page
[test_assign1_1.c-test single page content-L80-12:08:15] OK: expected true: expected zero byte in first page of freshly initialized page
[test_assign1_1.c-test single page content-L80-12:08:15] OK: expected true: expected zero byte in first page of freshly initialized page
[test_assign1_1.c-test single page content-L80-12:08:15] OK: expected true: expected zero byte in first page of freshly initialized page
[test_assign1_1.c-test single page content-L80-12:08:15] OK: expected true: expected zero byte in first page of freshly initialized page
[test_assign1_1.c-test single page content-L80-12:08:15] OK: expected true: expected zero byte in first page of freshly initialized page
[test_assign1_1.c-test single page content-L80-12:08:15] OK: expected true: expected zero byte in first page of freshly initialized page
[test_assign1_1.c-test single page content-L80-12:08:15] OK: expected true: expected zero byte in first page of freshly initialized page
[test_assign1_1.c-test single page content-L80-12:08:15] OK: expected true: expected zero byte in first page of freshly initialized page
[test_assign1_1.c-test single page content-L80-12:08:15] OK: expected true: expected zero byte in first page of freshly initialized page
[test_assign1_1.c-test single page content-L80-12:08:15] OK: expected true: expected zero byte in first page of freshly initialized page
[test_assign1_1.c-test single page content-L80-12:08:15] OK: expected true: expected zero byte in first page of freshly initialized page
[test_assign1_1.c-test single page content-L80-12:08:15] OK: expected true: expected zero byte in first page of freshly initialized page
[test_assign1_1.c-test single page content-L80-12:08:15] OK: expected true: expected zero byte in first page of freshly initialized page
[test_assign1_1.c-test single page content-L80-12:08:15] OK: expected true: expected zero byte in first page of freshly initialized page
[test_assign1_1.c-test single page content-L80-12:08:15] OK: expected true: expected zero byte in first page of freshly initialized page
[test_assign1_1.c-test single page content-L80-12:08:15] OK: expected true: expected zero byte in first page of freshly initialized page
[test_assign1_1.c-test single page content-L80-12:08:15] OK: expected true: expected zero byte in first page of freshly initialized page
[test_assign1_1.c-test single page content-L80-12:08:15] OK: expected true: expected zero byte in first page of freshly initialized page
[test_assign1_1.c-test single page content-L80-12:08:15] OK: expected true: expected zero byte in first page of freshly initialized page
[test_assign1_1.c-test single page content-L80-12:08:15] OK: expected true: expected zero byte in first page of freshly initialized page
[test_assign1_1.c-test single page content-L80-12:08:15] OK: expected true: expected zero byte in first page of freshly initialized page
[test_assign1_1.c-test single page content-L80-12:08:15] OK: expected true: expected zero byte in first page of freshly initialized page
[test_assign1_1.c-test single page content-L80-12:08:15] OK: expected true: expected zero byte in first page of freshly initialized page
[test_assign1_1.c-test single page content-L80-12:08:15] OK: expected true: expected zero byte in first page of freshly initialized page
[test_assign1_1.c-test single page content-L80-12:08:15] OK: expected true: expected zero byte in first page of freshly initialized page
[test_assign1_1.c-test single page content-L80-12:08:15] OK: expected true: expected zero byte in first page of freshly initialized page
[test_assign1_1.c-test single page content-L80-12:08:15] OK: expected true: expected zero byte in first page of freshly initialized page
[test_assign1_1.c-test single page content-L80-12:08:15] OK: expected true: expected zero byte in first page of freshly initialized page
[test_assign1_1.c-test single page content-L80-12:08:15] OK: expected true: expected zero byte in first page of freshly initialized page
[test_assign1_1.c-test single page content-L80-12:08:15] OK: expected true: expected zero byte in first page of freshly initialized page
[test_assign1_1.c-test single page content-L80-12:08:15] OK: expected true: expected zero byte in first page of freshly initialized page
[test_assign1_1.c-test single page content-L80-12:08:15] OK: expected true: expected zero byte in first page of freshly initialized page
[test_assign1_1.c-test single page content-L80-12:08:15] OK: expected true: expected zero byte in first page of freshly initialized page
[test_assign1_1.c-test single page content-L80-12:08:15] OK: expected true: expected zero byte in first page of freshly initialized page
[test_assign1_1.c-test single page content-L80-12:08:15] OK: expected true: expected zero byte in first page of freshly initialized page
[test_assign1_1.c-test single page content-L80-12:08:15] OK: expected true: expected zero byte in first page of freshly initialized page
[test_assign1_1.c-test single page content-L80-12:08:15] OK: expected true: expected zero byte in first page of freshly initialized page
[test_assign1_1.c-test single page content-L80-12:08:15] OK: expected true: expected zero byte in first page of freshly initialized page
[test_assign1_1.c-test single page content-L80-12:08:15] OK: expected true: expected zero byte in first page of freshly initialized page
[test_assign1_1.c-test single page content-L80-12:08:15] OK: expected true: expected zero byte in first page of freshly initialized page
[test_assign1_1.c-test single page content-L80-12:08:15] OK: expected true: expected zero byte in first page of freshly initialized page
[test_assign1_1.c-test single page content-L80-12:08:15] OK: expected true: expected zero byte in first page of freshly initialized page
[test_assign1_1.c-test single page content-L80-12:08:15] OK: expected true: expected zero byte in first page of freshly initialized page
[test_assign1_1.c-test single page content-L80-12:08:15] OK: expected true: expected zero byte in first page of freshly initialized page
[test_assign1_1.c-test single page content-L80-12:08:15] OK: expected true: expected zero byte in first page of freshly initialized page
[test_assign1_1.c-test single page content-L80-12:08:15] OK: expected true: expected zero byte in first page of freshly initialized page
[test_assign1_1.c-test single page content-L80-12:08:15] OK: expected true: expected zero byte in first page of freshly initialized page
[test_assign1_1.c-test single page content-L80-12:08:15] OK: expected true: expected zero byte in first page of freshly initialized page
[test_assign1_1.c-test single page content-L80-12:08:15] OK: expected true: expected zero byte in first page of freshly initialized page
[test_assign1_1.c-test single page content-L80-12:08:15] OK: expected true: expected zero byte in first page of freshly initialized page
[test_assign1_1.c-test single page content-L80-12:08:15] OK: expected true: expected zero byte in first page of freshly initialized page
[test_assign1_1.c-test single page content-L80-12:08:15] OK: expected true: expected zero byte in first page of freshly initialized page
[test_assign1_1.c-test single page content-L80-12:08:15] OK: expected true: expected zero byte in first page of freshly initialized page
[test_assign1_1.c-test single page content-L80-12:08:15] OK: expected true: expected zero byte in first page of freshly initialized page
[test_assign1_1.c-test single page content-L80-12:08:15] OK: expected true: expected zero byte in first page of freshly initialized page
[test_assign1_1.c-test single page content-L80-12:08:15] OK: expected true: expected zero byte in first page of freshly initialized page
[test_assign1_1.c-test single page content-L80-12:08:15] OK: expected true: expected zero byte in first page of freshly initialized page
[test_assign1_1.c-test single page content-L80-12:08:15] OK: expected true: expected zero byte in first page of freshly initialized page
[test_assign1_1.c-test single page content-L80-12:08:15] OK: expected true: expected zero byte in first page of freshly initialized page
[test_assign1_1.c-test single page content-L80-12:08:15] OK: expected true: expected zero byte in first page of freshly initialized page
[test_assign1_1.c-test single page content-L80-12:08:15] OK: expected true: expected zero byte in first page of freshly initialized page
[test_assign1_1.c-test single page content-L80-12:08:15] OK: expected true: expected zero byte in first page of freshly initialized page
[test_assign1_1.c-test single page content-L80-12:08:15] OK: expected true: expected zero byte in first page of freshly initialized page
[test_assign1_1.c-test single page content-L80-12:08:15] OK: expected true: expected zero byte in first page of freshly initialized page
[test_assign1_1.c-test single page content-L80-12:08:15] OK: expected true: expected zero byte in first page of freshly initialized page
[test_assign1_1.c-test single page content-L80-12:08:15] OK: expected true: expected zero byte in first page of freshly initialized page
[test_assign1_1.c-test single page content-L80-12:08:15] OK: expected true: expected zero byte in first page of freshly initialized page
[test_assign1_1.c-test single page content-L80-12:08:15] OK: expected true: expected zero byte in first page of freshly initialized page
[test_assign1_1.c-test single page content-L80-12:08:15] OK: expected true: expected zero byte in first page of freshly initialized page
[test_assign1_1.c-test single page content-L80-12:08:15] OK: expected true: expected zero byte in first page of freshly initialized page
[test_assign1_1.c-test single page content-L80-12:08:15] OK: expected true: expected zero byte in first page of freshly initialized page
[test_assign1_1.c-test single page content-L80-12:08:15] OK: expected true: expected zero byte in first page of freshly initialized page
[test_assign1_1.c-test single page content-L80-12:08:15] OK: expected true: expected zero byte in first page of freshly initialized page
[test_assign1_1.c-test single page content-L80-12:08:15] OK: expected true: expected zero byte in first page of freshly initialized page
[test_assign1_1.c-test single page content-L80-12:08:15] OK: expected true: expected zero byte in first page of freshly initialized page
[test_assign1_1.c-test single page content-L80-12:08:15] OK: expected true: expected zero byte in first page of freshly initialized page
[test_assign1_1.c-test single page content-L80-12:08:15] OK: expected true: expected zero byte in first page of freshly initialized page
[test_assign1_1.c-test single page content-L80-12:08:15] OK: expected true: expected zero byte in first page of freshly initialized page
[test_assign1_1.c-test single page content-L80-12:08:15] OK: expected true: expected zero byte in first page of freshly initialized page
[test_assign1_1.c-test single page content-L80-12:08:15] OK: expected true: expected zero byte in first page of freshly initialized page
[test_assign1_1.c-test single page content-L80-12:08:15] OK: expected true: expected zero byte in first page of freshly initialized page
[test_assign1_1.c-test single page content-L80-12:08:15] OK: expected true: expected zero byte in first page of freshly initialized page
[test_assign1_1.c-test single page content-L80-12:08:15] OK: expected true: expected zero byte in first page of freshly initialized page
[test_assign1_1.c-test single page content-L80-12:08:15] OK: expected true: expected zero byte in first page of freshly initialized page
[test_assign1_1.c-test single page content-L80-12:08:15] OK: expected true: expected zero byte in first page of freshly initialized page
[test_assign1_1.c-test single page content-L80-12:08:15] OK: expected true: expected zero byte in first page of freshly initialized page
[test_assign1_1.c-test single page content-L80-12:08:15] OK: expected true: expected zero byte in first page of freshly initialized page
[test_assign1_1.c-test single page content-L80-12:08:15] OK: expected true: expected zero byte in first page of freshly initialized page
[test_assign1_1.c-test single page content-L80-12:08:15] OK: expected true: expected zero byte in first page of freshly initialized page
[test_assign1_1.c-test single page content-L80-12:08:15] OK: expected true: expected zero byte in first page of freshly initialized page
[test_assign1_1.c-test single page content-L80-12:08:15] OK: expected true: expected zero byte in first page of freshly initialized page
[test_assign1_1.c-test single page content-L80-12:08:15] OK: expected true: expected zero byte in first page of freshly initialized page
[test_assign1_1.c-test single page content-L80-12:08:15] OK: expected true: expected zero byte in first page of freshly initialized page
[test_assign1_1.c-test single page content-L80-12:08:15] OK: expected true: expected zero byte in first page of freshly initialized page
[test_assign1_1.c-test single page content-L80-12:08:15] OK: expected true: expected zero byte in first page of freshly initialized page
[test_assign1_1.c-test single page content-L80-12:08:15] OK: expected true: expected zero byte in first page of freshly initialized page
[test_assign1_1.c-test single page content-L80-12:08:15] OK: expected true: expected zero byte in first page of freshly initialized page
[test_assign1_1.c-test single page content-L80-12:08:15] OK: expected true: expected zero byte in first page of freshly initialized page
[test_assign1_1.c-test single page content-L80-12:08:15] OK: expected true: expected zero byte in first page of freshly initialized page
[test_assign1_1.c-test single page content-L80-12:08:15] OK: expected true: expected zero byte in first page of freshly initialized page
[test_assign1_1.c-test single page content-L80-12:08:15] OK: expected true: expected zero byte in first page of freshly initialized page
[test_assign1_1.c-test single page content-L80-12:08:15] OK: expected true: expected zero byte in first page of freshly initialized page
[test_assign1_1.c-test single page content-L80-12:08:15] OK: expected true: expected zero byte in first page of freshly initialized page
[test_assign1_1.c-test single page content-L80-12:08:15] OK: expected true: expected zero byte in first page of freshly initialized page
[test_assign1_1.c-test single page content-L80-12:08:15] OK: expected true: expected zero byte in first page of freshly initialized page
[test_assign1_1.c-test single page content-L80-12:08:15] OK: expected true: expected zero byte in first page of freshly initialized page
[test_assign1_1.c-test single page content-L80-12:08:15] OK: expected true: expected zero byte in first page of freshly initialized page
[test_assign1_1.c-test single page content-L80-12:08:15] OK: expected true: expected zero byte in first page of freshly initialized page
[test_assign1_1.c-test single page content-L80-12:08:15] OK: expected true: expected zero byte in first page of freshly initialized page
[test_assign1_1.c-test single page content-L80-12:08:15] OK: expected true: expected zero byte in first page of freshly initialized page
[test_assign1_1.c-test single page content-L80-12:08:15] OK: expected true: expected zero byte in first page of freshly initialized page
[test_assign1_1.c-test single page content-L80-12:08:15] OK: expected true: expected zero byte in first page of freshly initialized page
[test_assign1_1.c-test single page content-L80-12:08:15] OK: expected true: expected zero byte in first page of freshly initialized page
[test_assign1_1.c-test single page content-L80-12:08:15] OK: expected true: expected zero byte in first page of freshly initialized page
[test_assign1_1.c-test single page content-L80-12:08:15] OK: expected true: expected zero byte in first page of freshly initialized page
[test_assign1_1.c-test single page content-L80-12:08:15] OK: expected true: expected zero byte in first page of freshly initialized page
[test_assign1_1.c-test single page content-L80-12:08:15] OK: expected true: expected zero byte in first page of freshly initialized page
[test_assign1_1.c-test single page content-L80-12:08:15] OK: expected true: expected zero byte in first page of freshly initialized page
[test_assign1_1.c-test single page content-L80-12:08:15] OK: expected true: expected zero byte in first page of freshly initialized page
[test_assign1_1.c-test single page content-L80-12:08:15] OK: expected true: expected zero byte in first page of freshly initialized page
[test_assign1_1.c-test single page content-L80-12:08:15] OK: expected true: expected zero byte in first page of freshly initialized page
[test_assign1_1.c-test single page content-L80-12:08:15] OK: expected true: expected zero byte in first page of freshly initialized page
[test_assign1_1.c-test single page content-L80-12:08:15] OK: expected true: expected zero byte in first page of freshly initialized page
[test_assign1_1.c-test single page content-L80-12:08:15] OK: expected true: expected zero byte in first page of freshly initialized page
[test_assign1_1.c-test single page content-L80-12:08:15] OK: expected true: expected zero byte in first page of freshly initialized page
[test_assign1_1.c-test single page content-L80-12:08:15] OK: expected true: expected zero byte in first page of freshly initialized page
[test_assign1_1.c-test single page content-L80-12:08:15] OK: expected true: expected zero byte in first page of freshly initialized page
[test_assign1_1.c-test single page content-L80-12:08:15] OK: expected true: expected zero byte in first page of freshly initialized page
[test_assign1_1.c-test single page content-L80-12:08:15] OK: expected true: expected zero byte in first page of freshly initialized page
[test_assign1_1.c-test single page content-L80-12:08:15] OK: expected true: expected zero byte in first page of freshly initialized page
[test_assign1_1.c-test single page content-L80-12:08:15] OK: expected true: expected zero byte in first page of freshly initialized page
[test_assign1_1.c-test single page content-L80-12:08:15] OK: expected true: expected zero byte in first page of freshly initialized page
[test_assign1_1.c-test single page content-L80-12:08:15] OK: expected true: expected zero byte in first page of freshly initialized page
[test_assign1_1.c-test single page content-L80-12:08:15] OK: expected true: expected zero byte in first page of freshly initialized page
[test_assign1_1.c-test single page content-L80-12:08:15] OK: expected true: expected zero byte in first page of freshly initialized page
[test_assign1_1.c-test single page content-L80-12:08:15] OK: expected true: expected zero byte in first page of freshly initialized page
[test_assign1_1.c-test single page content-L80-12:08:15] OK: expected true: expected zero byte in first page of freshly initialized page
[test_assign1_1.c-test single page content-L80-12:08:15] OK: expected true: expected zero byte in first page of freshly initialized page
[test_assign1_1.c-test single page content-L80-12:08:15] OK: expected true: expected zero byte in first page of freshly initialized page
[test_assign1_1.c-test single page content-L80-12:08:15] OK: expected true: expected zero byte in first page of freshly initialized page
[test_assign1_1.c-test single page content-L80-12:08:15] OK: expected true: expected zero byte in first page of freshly initialized page
[test_assign1_1.c-test single page content-L80-12:08:15] OK: expected true: expected zero byte in first page of freshly initialized page
[test_assign1_1.c-test single page content-L80-12:08:15] OK: expected true: expected zero byte in first page of freshly initialized page
[test_assign1_1.c-test single page content-L80-12:08:15] OK: expected true: expected zero byte in first page of freshly initialized page
[test_assign1_1.c-test single page content-L80-12:08:15] OK: expected true: expected zero byte in first page of freshly initialized page
[test_assign1_1.c-test single page content-L80-12:08:15] OK: expected true: expected zero byte in first page of freshly initialized page
[test_assign1_1.c-test single page content-L80-12:08:15] OK: expected true: expected zero byte in first page of freshly initialized page
[test_assign1_1.c-test single page content-L80-12:08:15] OK: expected true: expected zero byte in first page of freshly initialized page
[test_assign1_1.c-test single page content-L80-12:08:15] OK: expected true: expected zero byte in first page of freshly initialized page
[test_assign1_1.c-test single page content-L80-12:08:15] OK: expected true: expected zero byte in first page of freshly initialized page
[test_assign1_1.c-test single page content-L80-12:08:15] OK: expected true: expected zero byte in first page of freshly initialized page
[test_assign1_1.c-test single page content-L80-12:08:15] OK: expected true: expected zero byte in first page of freshly initialized page
[test_assign1_1.c-test single page content-L80-12:08:15] OK: expected true: expected zero byte in first page of freshly initialized page
[test_assign1_1.c-test single page content-L80-12:08:15] OK: expected true: expected zero byte in first page of freshly initialized page
[test_assign1_1.c-test single page content-L80-12:08:15] OK: expected true: expected zero byte in first page of freshly initialized page
[test_assign1_1.c-test single page content-L80-12:08:15] OK: expected true: expected zero byte in first page of freshly initialized page
[test_assign1_1.c-test single page content-L80-12:08:15] OK: expected true: expected zero byte in first page of freshly initialized page
[test_assign1_1.c-test single page content-L80-12:08:15] OK: expected true: expected zero byte in first page of freshly initialized page
[test_assign1_1.c-test single page content-L80-12:08:15] OK: expected true: expected zero byte in first page of freshly initialized page
[test_assign1_1.c-test single page content-L80-12:08:15] OK: expected true: expected zero byte in first page of freshly initialized page
[test_assign1_1.c-test single page content-L80-12:08:15] OK: expected true: expected zero byte in first page of freshly initialized page
[test_assign1_1.c-test single page content-L80-12:08:15] OK: expected true: expected zero byte in first page of freshly initialized page
[test_assign1_1.c-test single page content-L80-12:08:15] OK: expected true: expected zero byte in first page of freshly initialized page
[test_assign1_1.c-test single page content-L80-12:08:15] OK: expected true: expected zero byte in first page of freshly initialized page
[test_assign1_1.c-test single page content-L80-12:08:15] OK: expected true: expected zero byte in first page of freshly initialized page
[test_assign1_1.c-test single page content-L80-12:08:15] OK: expected true: expected zero byte in first page of freshly initialized page
[test_assign1_1.c-test single page content-L80-12:08:15] OK: expected true: expected zero byte in first page of freshly initialized page
[test_assign1_1.c-test single page content-L80-12:08:15] OK: expected true: expected zero byte in first page of freshly initialized page
[test_assign1_1.c-test single page content-L80-12:08:15] OK: expected true: expected zero byte in first page of freshly initialized page
[test_assign1_1.c-test single page content-L80-12:08:15] OK: expected true: expected zero byte in first page of freshly initialized page
[test_assign1_1.c-test single page content-L80-12:08:15] OK: expected true: expected zero byte in first page of freshly initialized page
[test_assign1_1.c-test single page content-L80-12:08:15] OK: expected true: expected zero byte in first page of freshly initialized page
[test_assign1_1.c-test single page content-L80-12:08:15] OK: expected true: expected zero byte in first page of freshly initialized page
[test_assign1_1.c-test single page content-L80-12:08:15] OK: expected true: expected zero byte in first page of freshly initialized page
[test_assign1_1.c-test single page content-L80-12:08:15] OK: expected true: expected zero byte in first page of freshly initialized page
[test_assign1_1.c-test single page content-L80-12:08:15] OK: expected true: expected zero byte in first page of freshly initialized page
[test_assign1_1.c-test single page content-L80-12:08:15] OK: expected true: expected zero byte in first page of freshly initialized page
[test_assign1_1.c-test single page content-L80-12:08:15] OK: expected true: expected zero byte in first page of freshly initialized page
[test_assign1_1.c-test single page content-L80-12:08:15] OK: expected true: expected zero byte in first page of freshly initialized page
[test_assign1_1.c-test single page content-L80-12:08:15] OK: expected true: expected zero byte in first page of freshly initialized page
[test_assign1_1.c-test single page content-L80-12:08:15] OK: expected true: expected zero byte in first page of freshly initialized page
[test_assign1_1.c-test single page content-L80-12:08:15] OK: expected true: expected zero byte in first page of freshly initialized page
[test_assign1_1.c-test single page content-L80-12:08:15] OK: expected true: expected zero byte in first page of freshly initialized page
[test_assign1_1.c-test single page content-L80-12:08:15] OK: expected true: expected zero byte in first page of freshly initialized page
[test_assign1_1.c-test single page content-L80-12:08:15] OK: expected true: expected zero byte in first page of freshly initialized page
[test_assign1_1.c-test single page content-L80-12:08:15] OK: expected true: expected zero byte in first page of freshly initialized page
[test_assign1_1.c-test single page content-L80-12:08:15] OK: expected true: expected zero byte in first page of freshly initialized page
[test_assign1_1.c-test single page content-L80-12:08:15] OK: expected true: expected zero byte in first page of freshly initialized page
[test_assign1_1.c-test single page content-L80-12:08:15] OK: expected true: expected zero byte in first page of freshly initialized page
[test_assign1_1.c-test single page content-L80-12:08:15] OK: expected true: expected zero byte in first page of freshly initialized page
[test_assign1_1.c-test single page content-L80-12:08:15] OK: expected true: expected zero byte in first page of freshly initialized page
[test_assign1_1.c-test single page content-L80-12:08:15] OK: expected true: expected zero byte in first page of freshly initialized page
[test_assign1_1.c-test single page content-L80-12:08:15] OK: expected true: expected zero byte in first page of freshly initialized page
[test_assign1_1.c-test single page content-L80-12:08:15] OK: expected true: expected zero byte in first page of freshly initialized page
[test_assign1_1.c-test single page content-L80-12:08:15] OK: expected true: expected zero byte in first page of freshly initialized page
[test_assign1_1.c-test single page content-L80-12:08:15] OK: expected true: expected zero byte in first page of freshly initialized page
[test_assign1_1.c-test single page content-L80-12:08:15] OK: expected true: expected zero byte in first page of freshly initialized page
[test_assign1_1.c-test single page content-L80-12:08:15] OK: expected true: expected zero byte in first page of freshly initialized page
[test_assign1_1.c-test single page content-L80-12:08:15] OK: expected true: expected zero byte in first page of freshly initialized page
[test_assign1_1.c-test single page content-L80-12:08:15] OK: expected true: expected zero byte in first page of freshly initialized page
[test_assign1_1.c-test single page content-L80-12:08:15] OK: expected true: expected zero byte in first page of freshly initialized page
[test_assign1_1.c-test single page content-L80-12:08:15] OK: expected true: expected zero byte in first page of freshly initialized page
[test_assign1_1.c-test single page content-L80-12:08:15] OK: expected true: expected zero byte in first page of freshly initialized page
[test_assign1_1.c-test single page content-L80-12:08:15] OK: expected true: expected zero byte in first page of freshly initialized page
[test_assign1_1.c-test single page content-L80-12:08:15] OK: expected true: expected zero byte in first page of freshly initialized page
[test_assign1_1.c-test single page content-L80-12:08:15] OK: expected true: expected zero byte in first page of freshly initialized page
[test_assign1_1.c-test single page content-L80-12:08:15] OK: expected true: expected zero byte in first page of freshly initialized page
[test_assign1_1.c-test single page content-L80-12:08:15] OK: expected true: expected zero byte in first page of freshly initialized page
[test_assign1_1.c-test single page content-L80-12:08:15] OK: expected true: expected zero byte in first page of freshly initialized page
[test_assign1_1.c-test single page content-L80-12:08:15] OK: expected true: expected zero byte in first page of freshly initialized page
[test_assign1_1.c-test single page content-L80-12:08:15] OK: expected true: expected zero byte in first page of freshly initialized page
[test_assign1_1.c-test single page content-L80-12:08:15] OK: expected true: expected zero byte in first page of freshly initialized page
[test_assign1_1.c-test single page content-L80-12:08:15] OK: expected true: expected zero byte in first page of freshly initialized page
[test_assign1_1.c-test single page content-L80-12:08:15] OK: expected true: expected zero byte in first page of freshly initialized page
[test_assign1_1.c-test single page content-L80-12:08:15] OK: expected true: expected zero byte in first page of freshly initialized page
[test_assign1_1.c-test single page content-L80-12:08:15] OK: expected true: expected zero byte in first page of freshly initialized page
[test_assign1_1.c-test single page content-L80-12:08:15] OK: expected true: expected zero byte in first page of freshly initialized page
[test_assign1_1.c-test single page content-L80-12:08:15] OK: expected true: expected zero byte in first page of freshly initialized page
[test_assign1_1.c-test single page content-L80-12:08:15] OK: expected true: expected zero byte in first page of freshly initialized page
[test_assign1_1.c-test single page content-L80-12:08:15] OK: expected true: expected zero byte in first page of freshly initialized page
[test_assign1_1.c-test single page content-L80-12:08:15] OK: expected true: expected zero byte in first page of freshly initialized page
[test_assign1_1.c-test single page content-L80-12:08:15] OK: expected true: expected zero byte in first page of freshly initialized page
[test_assign1_1.c-test single page content-L80-12:08:15] OK: expected true: expected zero byte in first page of freshly initialized page
[test_assign1_1.c-test single page content-L80-12:08:15] OK: expected true: expected zero byte in first page of freshly initialized page
[test_assign1_1.c-test single page content-L80-12:08:15] OK: expected true: expected zero byte in first page of freshly initialized page
[test_assign1_1.c-test single page content-L80-12:08:15] OK: expected true: expected zero byte in first page of freshly initialized page
[test_assign1_1.c-test single page content-L80-12:08:15] OK: expected true: expected zero byte in first page of freshly initialized page
[test_assign1_1.c-test single page content-L80-12:08:15] OK: expected true: expected zero byte in first page of freshly initialized page
[test_assign1_1.c-test single page content-L80-12:08:15] OK: expected true: expected zero byte in first page of freshly initialized page
[test_assign1_1.c-test single page content-L80-12:08:15] OK: expected true: expected zero byte in first page of freshly initialized page
[test_assign1_1.c-test single page content-L80-12:08:15] OK: expected true: expected zero byte in first page of freshly initialized page
[test_assign1_1.c-test single page content-L80-12:08:15] OK: expected true: expected zero byte in first page of freshly initialized page
[test_assign1_1.c-test single page content-L80-12:08:15] OK: expected true: expected zero byte in first page of freshly initialized page
[test_assign1_1.c-test single page content-L80-12:08:15] OK: expected true: expected zero byte in first page of freshly initialized page
[test_assign1_1.c-test single page content-L80-12:08:15] OK: expected true: expected zero byte in first page of freshly initialized page
[test_assign1_1.c-test single page content-L80-12:08:15] OK: expected true: expected zero byte in first page of freshly initialized page
[test_assign1_1.c-test single page content-L80-12:08:15] OK: expected true: expected zero byte in first page of freshly initialized page
[test_assign1_1.c-test single page content-L80-12:08:15] OK: expected true: expected zero byte in first page of freshly initialized page
[test_assign1_1.c-test single page content-L80-12:08:15] OK: expected true: expected zero byte in first page of freshly initialized page
[test_assign1_1.c-test single page content-L80-12:08:15] OK: expected true: expected zero byte in first page of freshly initialized page
[test_assign1_1.c-test single page content-L80-12:08:15] OK: expected true: expected zero byte in first page of freshly initialized page
[test_assign1_1.c-test single page content-L80-12:08:15] OK: expected true: expected zero byte in first page of freshly initialized page
[test_assign1_1.c-test single page content-L80-12:08:15] OK: expected true: expected zero byte in first page of freshly initialized page
[test_assign1_1.c-test single page content-L80-12:08:15] OK: expected true: expected zero byte in first page of freshly initialized page
[test_assign1_1.c-test single page content-L80-12:08:15] OK: expected true: expected zero byte in first page of freshly initialized page
[test_assign1_1.c-test single page content-L80-12:08:15] OK: expected true: expected zero byte in first page of freshly initialized page
[test_assign1_1.c-test single page content-L80-12:08:15] OK: expected true: expected zero byte in first page of freshly initialized page
[test_assign1_1.c-test single page content-L80-12:08:15] OK: expected true: expected zero byte in first page of freshly initialized page
[test_assign1_1.c-test single page content-L80-12:08:15] OK: expected true: expected zero byte in first page of freshly initialized page
[test_assign1_1.c-test single page content-L80-12:08:15] OK: expected true: expected zero byte in first page of freshly initialized page
[test_assign1_1.c-test single page content-L80-12:08:15] OK: expected true: expected zero byte in first page of freshly initialized page
[test_assign1_1.c-test single page content-L80-12:08:15] OK: expected true: expected zero byte in first page of freshly initialized page
[test_assign1_1.c-test single page content-L80-12:08:15] OK: expected true: expected zero byte in first page of freshly initialized page
[test_assign1_1.c-test single page content-L80-12:08:15] OK: expected true: expected zero byte in first page of freshly initialized page
[test_assign1_1.c-test single page content-L80-12:08:15] OK: expected true: expected zero byte in first page of freshly initialized page
[test_assign1_1.c-test single page content-L80-12:08:15] OK: expected true: expected zero byte in first page of freshly initialized page
[test_assign1_1.c-test single page content-L80-12:08:15] OK: expected true: expected zero byte in first page of freshly initialized page
[test_assign1_1.c-test single page content-L80-12:08:15] OK: expected true: expected zero byte in first page of freshly initialized page
[test_assign1_1.c-test single page content-L80-12:08:15] OK: expected true: expected zero byte in first page of freshly initialized page
[test_assign1_1.c-test single page content-L80-12:08:15] OK: expected true: expected zero byte in first page of freshly initialized page
[test_assign1_1.c-test single page content-L80-12:08:15] OK: expected true: expected zero byte in first page of freshly initialized page
[test_assign1_1.c-test single page content-L80-12:08:15] OK: expected true: expected zero byte in first page of freshly initialized page
[test_assign1_1.c-test single page content-L80-12:08:15] OK: expected true: expected zero byte in first page of freshly initialized page
[test_assign1_1.c-test single page content-L80-12:08:15] OK: expected true: expected zero byte in first page of freshly initialized page
[test_assign1_1.c-test single page content-L80-12:08:15] OK: expected true: expected zero byte in first page of freshly initialized page
[test_assign1_1.c-test single page content-L80-12:08:15] OK: expected true: expected zero byte in first page of freshly initialized page
[test_assign1_1.c-test single page content-L80-12:08:15] OK: expected true: expected zero byte in first page of freshly initialized page
[test_assign1_1.c-test single page content-L80-12:08:15] OK: expected true: expected zero byte in first page of freshly initialized page
[test_assign1_1.c-test single page content-L80-12:08:15] OK: expected true: expected zero byte in first page of freshly initialized page
[test_assign1_1.c-test single page content-L80-12:08:15] OK: expected true: expected zero byte in first page of freshly initialized page
[test_assign1_1.c-test single page content-L80-12:08:15] OK: expected true: expected zero byte in first page of freshly initialized page
[test_assign1_1.c-test single page content-L80-12:08:15] OK: expected true: expected zero byte in first page of freshly initialized page
[test_assign1_1.c-test single page content-L80-12:08:15] OK: expected true: expected zero byte in first page of freshly initialized page
[test_assign1_1.c-test single page content-L80-12:08:15] OK: expected true: expected zero byte in first page of freshly initialized page
[test_assign1_1.c-test single page content-L80-12:08:15] OK: expected true: expected zero byte in first page of freshly initialized page
[test_assign1_1.c-test single page content-L80-12:08:15] OK: expected true: expected zero byte in first page of freshly initialized page
[test_assign1_1.c-test single page content-L80-12:08:15] OK: expected true: expected zero byte in first page of freshly initialized page
[test_assign1_1.c-test single page content-L80-12:08:15] OK: expected true: expected zero byte in first page of freshly initialized page
[test_assign1_1.c-test single page content-L80-12:08:15] OK: expected true: expected zero byte in first page of freshly initialized page
[test_assign1_1.c-test single page content-L80-12:08:15] OK: expected true: expected zero byte in first page of freshly initialized page
[test_assign1_1.c-test single page content-L80-12:08:15] OK: expected true: expected zero byte in first page of freshly initialized page
[test_assign1_1.c-test single page content-L80-12:08:15] OK: expected true: expected zero byte in first page of freshly initialized page
[test_assign1_1.c-test single page content-L80-12:08:15] OK: expected true: expected zero byte in first page of freshly initialized page
[test_assign1_1.c-test single page content-L80-12:08:15] OK: expected true: expected zero byte in first page of freshly initialized page
[test_assign1_1.c-test single page content-L80-12:08:15] OK: expected true: expected zero byte in first page of freshly initialized page
[test_assign1_1.c-test single page content-L80-12:08:15] OK: expected true: expected zero byte in first page of freshly initialized page
[test_assign1_1.c-test single page content-L80-12:08:15] OK: expected true: expected zero byte in first page of freshly initialized page
[test_assign1_1.c-test single page content-L80-12:08:15] OK: expected true: expected zero byte in first page of freshly initialized page
[test_assign1_1.c-test single page content-L80-12:08:15] OK: expected true: expected zero byte in first page of freshly initialized page
[test_assign1_1.c-test single page content-L80-12:08:15] OK: expected true: expected zero byte in first page of freshly initialized page
[test_assign1_1.c-test single page content-L80-12:08:15] OK: expected true: expected zero byte in first page of freshly initialized page
[test_assign1_1.c-test single page content-L80-12:08:15] OK: expected true: expected zero byte in first page of freshly initialized page
[test_assign1_1.c-test single page content-L80-12:08:15] OK: expected true: expected zero byte in first page of freshly initialized page
[test_assign1_1.c-test single page content-L80-12:08:15] OK: expected true: expected zero byte in first page of freshly initialized page
[test_assign1_1.c-test single page content-L80-12:08:15] OK: expected true: expected zero byte in first page of freshly initialized page
[test_assign1_1.c-test single page content-L80-12:08:15] OK: expected true: expected zero byte in first page of freshly initialized page
[test_assign1_1.c-test single page content-L80-12:08:15] OK: expected true: expected zero byte in first page of freshly initialized page
[test_assign1_1.c-test single page content-L80-12:08:15] OK: expected true: expected zero byte in first page of freshly initialized page
[test_assign1_1.c-test single page content-L80-12:08:15] OK: expected true: expected zero byte in first page of freshly initialized page
[test_assign1_1.c-test single page content-L80-12:08:15] OK: expected true: expected zero byte in first page of freshly initialized page
[test_assign1_1.c-test single page content-L80-12:08:15] OK: expected true: expected zero byte in first page of freshly initialized page
[test_assign1_1.c-test single page content-L80-12:08:15] OK: expected true: expected zero byte in first page of freshly initialized page
[test_assign1_1.c-test single page content-L80-12:08:15] OK: expected true: expected zero byte in first page of freshly initialized page
[test_assign1_1.c-test single page content-L80-12:08:15] OK: expected true: expected zero byte in first page of freshly initialized page
[test_assign1_1.c-test single page content-L80-12:08:15] OK: expected true: expected zero byte in first page of freshly initialized page
[test_assign1_1.c-test single page content-L80-12:08:15] OK: expected true: expected zero byte in first page of freshly initialized page
[test_assign1_1.c-test single page content-L80-12:08:15] OK: expected true: expected zero byte in first page of freshly initialized page
[test_assign1_1.c-test single page content-L80-12:08:15] OK: expected true: expected zero byte in first page of freshly initialized page
[test_assign1_1.c-test single page content-L80-12:08:15] OK: expected true: expected zero byte in first page of freshly initialized page
[test_assign1_1.c-test single page content-L80-12:08:15] OK: expected true: expected zero byte in first page of freshly initialized page
[test_assign1_1.c-test single page content-L80-12:08:15] OK: expected true: expected zero byte in first page of freshly initialized page
[test_assign1_1.c-test single page content-L80-12:08:15] OK: expected true: expected zero byte in first page of freshly initialized page
[test_assign1_1.c-test single page content-L80-12:08:15] OK: expected true: expected zero byte in first page of freshly initialized page
[test_assign1_1.c-test single page content-L80-12:08:15] OK: expected true: expected zero byte in first page of freshly initialized page
[test_assign1_1.c-test single page content-L80-12:08:15] OK: expected true: expected zero byte in first page of freshly initialized page
[test_assign1_1.c-test single page content-L80-12:08:15] OK: expected true: expected zero byte in first page of freshly initialized page
[test_assign1_1.c-test single page content-L80-12:08:15] OK: expected true: expected zero byte in first page of freshly initialized page
[test_assign1_1.c-test single page content-L80-12:08:15] OK: expected true: expected zero byte in first page of freshly initialized page
[test_assign1_1.c-test single page content-L80-12:08:15] OK: expected true: expected zero byte in first page of freshly initialized page
[test_assign1_1.c-test single page content-L80-12:08:15] OK: expected true: expected zero byte in first page of freshly initialized page
[test_assign1_1.c-test single page content-L80-12:08:15] OK: expected true: expected zero byte in first page of freshly initialized page
[test_assign1_1.c-test single page content-L80-12:08:15] OK: expected true: expected zero byte in first page of freshly initialized page
[test_assign1_1.c-test single page content-L80-12:08:15] OK: expected true: expected zero byte in first page of freshly initialized page
[test_assign1_1.c-test single page content-L80-12:08:15] OK: expected true: expected zero byte in first page of freshly initialized page
[test_assign1_1.c-test single page content-L80-12:08:15] OK: expected true: expected zero byte in first page of freshly initialized page
[test_assign1_1.c-test single page content-L80-12:08:15] OK: expected true: expected zero byte in first page of freshly initialized page
[test_assign1_1.c-test single page content-L80-12:08:15] OK: expected true: expected zero byte in first page of freshly initialized page
[test_assign1_1.c-test single page content-L80-12:08:15] OK: expected true: expected zero byte in first page of freshly initialized page
[test_assign1_1.c-test single page content-L80-12:08:15] OK: expected true: expected zero byte in first page of freshly initialized page
[test_assign1_1.c-test single page content-L80-12:08:15] OK: expected true: expected zero byte in first page of freshly initialized page
[test_assign1_1.c-test single page content-L80-12:08:15] OK: expected true: expected zero byte in first page of freshly initialized page
[test_assign1_1.c-test single page content-L80-12:08:15] OK: expected true: expected zero byte in first page of freshly initialized page
[test_assign1_1.c-test single page content-L80-12:08:15] OK: expected true: expected zero byte in first page of freshly initialized page
[test_assign1_1.c-test single page content-L80-12:08:15] OK: expected true: expected zero byte in first page of freshly initialized page
[test_assign1_1.c-test single page content-L80-12:08:15] OK: expected true: expected zero byte in first page of freshly initialized page
[test_assign1_1.c-test single page content-L80-12:08:15] OK: expected true: expected zero byte in first page of freshly initialized page
[test_assign1_1.c-test single page content-L80-12:08:15] OK: expected true: expected zero byte in first page of freshly initialized page
[test_assign1_1.c-test single page content-L80-12:08:15] OK: expected true: expected zero byte in first page of freshly initialized page
[test_assign1_1.c-test single page content-L80-12:08:15] OK: expected true: expected zero byte in first page of freshly initialized page
[test_assign1_1.c-test single page content-L80-12:08:15] OK: expected true: expected zero byte in first page of freshly initialized page
[test_assign1_1.c-test single page content-L80-12:08:15] OK: expected true: expected zero byte in first page of freshly initialized page
[test_assign1_1.c-test single page content-L80-12:08:15] OK: expected true: expected zero byte in first page of freshly initialized page
[test_assign1_1.c-test single page content-L80-12:08:15] OK: expected true: expected zero byte in first page of freshly initialized page
[test_assign1_1.c-test single page content-L80-12:08:15] OK: expected true: expected zero byte in first page of freshly initialized page
[test_assign1_1.c-test single page content-L80-12:08:15] OK: expected true: expected zero byte in first page of freshly initialized page
[test_assign1_1.c-test single page content-L80-12:08:15] OK: expected true: expected zero byte in first page of freshly initialized page
[test_assign1_1.c-test single page content-L80-12:08:15] OK: expected true: expected zero byte in first page of freshly initialized page
[test_assign1_1.c-test single page content-L80-12:08:15] OK: expected true: expected zero byte in first page of freshly initialized page
[test_assign1_1.c-test single page content-L80-12:08:15] OK: expected true: expected zero byte in first page of freshly initialized page
[test_assign1_1.c-test single page content-L80-12:08:15] OK: expected true: expected zero byte in first page of freshly initialized page
[test_assign1_1.c-test single page content-L80-12:08:15] OK: expected true: expected zero byte in first page of freshly initialized page
[test_assign1_1.c-test single page content-L80-12:08:15] OK: expected true: expected zero byte in first page of freshly initialized page
[test_assign1_1.c-test single page content-L80-12:08:15] OK: expected true: expected zero byte in first page of freshly initialized page
[test_assign1_1.c-test single page content-L80-12:08:15] OK: expected true: expected zero byte in first page of freshly initialized page
[test_assign1_1.c-test single page content-L80-12:08:15] OK: expected true: expected zero byte in first page of freshly initialized page
[test_assign1_1.c-test single page content-L80-12:08:15] OK: expected true: expected zero byte in first page of freshly initialized page
[test_assign1_1.c-test single page content-L80-12:08:15] OK: expected true: expected zero byte in first page of freshly initialized page
[test_assign1_1.c-test single page content-L80-12:08:15] OK: expected true: expected zero byte in first page of freshly initialized page
[test_assign1_1.c-test single page content-L80-12:08:15] OK: expected true: expected zero byte in first page of freshly initialized page
[test_assign1_1.c-test single page content-L80-12:08:15] OK: expected true: expected zero byte in first page of freshly initialized page
[test_assign1_1.c-test single page content-L80-12:08:15] OK: expected true: expected zero byte in first page of freshly initialized page
[test_assign1_1.c-test single page content-L80-12:08:15] OK: expected true: expected zero byte in first page of freshly initialized page
[test_assign1_1.c-test single page content-L80-12:08:15] OK: expected true: expected zero byte in first page of freshly initialized page
[test_assign1_1.c-test single page content-L80-12:08:15] OK: expected true: expected zero byte in first page of freshly initialized page
[test_assign1_1.c-test single page content-L80-12:08:15] OK: expected true: expected zero byte in first page of freshly initialized page
[test_assign1_1.c-test single page content-L80-12:08:15] OK: expected true: expected zero byte in first page of freshly initialized page
[test_assign1_1.c-test single page content-L80-12:08:15] OK: expected true: expected zero byte in first page of freshly initialized page
[test_assign1_1.c-test single page content-L80-12:08:15] OK: expected true: expected zero byte in first page of freshly initialized page
[test_assign1_1.c-test single page content-L80-12:08:15] OK: expected true: expected zero byte in first page of freshly initialized page
[test_assign1_1.c-test single page content-L80-12:08:15] OK: expected true: expected zero byte in first page of freshly initialized page
[test_assign1_1.c-test single page content-L80-12:08:15] OK: expected true: expected zero byte in first page of freshly initialized page
[test_assign1_1.c-test single page content-L80-12:08:15] OK: expected true: expected zero byte in first page of freshly initialized page
[test_assign1_1.c-test single page content-L80-12:08:15] OK: expected true: expected zero byte in first page of freshly initialized page
[test_assign1_1.c-test single page content-L80-12:08:15] OK: expected true: expected zero byte in first page of freshly initialized page
[test_assign1_1.c-test single page content-L80-12:08:15] OK: expected true: expected zero byte in first page of freshly initialized page
[test_assign1_1.c-test single page content-L80-12:08:15] OK: expected true: expected zero byte in first page of freshly initialized page
[test_assign1_1.c-test single page content-L80-12:08:15] OK: expected true: expected zero byte in first page of freshly initialized page
[test_assign1_1.c-test single page content-L80-12:08:15] OK: expected true: expected zero byte in first page of freshly initialized page
[test_assign1_1.c-test single page content-L80-12:08:15] OK: expected true: expected zero byte in first page of freshly initialized page
[test_assign1_1.c-test single page content-L80-12:08:15] OK: expected true: expected zero byte in first page of freshly initialized page
[test_assign1_1.c-test single page content-L80-12:08:15] OK: expected true: expected zero byte in first page of freshly initialized page
[test_assign1_1.c-test single page content-L80-12:08:15] OK: expected true: expected zero byte in first page of freshly initialized page
[test_assign1_1.c-test single page content-L80-12:08:15] OK: expected true: expected zero byte in first page of freshly initialized page
[test_assign1_1.c-test single page content-L80-12:08:15] OK: expected true: expected zero byte in first page of freshly initialized page
[test_assign1_1.c-test single page content-L80-12:08:15] OK: expected true: expected zero byte in first page of freshly initialized page
[test_assign1_1.c-test single page content-L80-12:08:15] OK: expected true: expected zero byte in first page of freshly initialized page
[test_assign1_1.c-test single page content-L80-12:08:15] OK: expected true: expected zero byte in first page of freshly initialized page
[test_assign1_1.c-test single page content-L80-12:08:15] OK: expected true: expected zero byte in first page of freshly initialized page
[test_assign1_1.c-test single page content-L80-12:08:15] OK: expected true: expected zero byte in first page of freshly initialized page
[test_assign1_1.c-test single page content-L80-12:08:15] OK: expected true: expected zero byte in first page of freshly initialized page
[test_assign1_1.c-test single page content-L80-12:08:15] OK: expected true: expected zero byte in first page of freshly initialized page
[test_assign1_1.c-test single page content-L80-12:08:15] OK: expected true: expected zero byte in first page of freshly initialized page
[test_assign1_1.c-test single page content-L80-12:08:15] OK: expected true: expected zero byte in first page of freshly initialized page
[test_assign1_1.c-test single page content-L80-12:08:15] OK: expected true: expected zero byte in first page of freshly initialized page
[test_assign1_1.c-test single page content-L80-12:08:15] OK: expected true: expected zero byte in first page of freshly initialized page
[test_assign1_1.c-test single page content-L80-12:08:15] OK: expected true: expected zero byte in first page of freshly initialized page
[test_assign1_1.c-test single page content-L80-12:08:15] OK: expected true: expected zero byte in first page of freshly initialized page
[test_assign1_1.c-test single page content-L80-12:08:15] OK: expected true: expected zero byte in first page of freshly initialized page
[test_assign1_1.c-test single page content-L80-12:08:15] OK: expected true: expected zero byte in first page of freshly initialized page
[test_assign1_1.c-test single page content-L80-12:08:15] OK: expected true: expected zero byte in first page of freshly initialized page
[test_assign1_1.c-test single page content-L80-12:08:15] OK: expected true: expected zero byte in first page of freshly initialized page
[test_assign1_1.c-test single page content-L80-12:08:15] OK: expected true: expected zero byte in first page of freshly initialized page
[test_assign1_1.c-test single page content-L80-12:08:15] OK: expected true: expected zero byte in first page of freshly initialized page
[test_assign1_1.c-test single page content-L80-12:08:15] OK: expected true: expected zero byte in first page of freshly initialized page
[test_assign1_1.c-test single page content-L80-12:08:15] OK: expected true: expected zero byte in first page of freshly initialized page
[test_assign1_1.c-test single page content-L80-12:08:15] OK: expected true: expected zero byte in first page of freshly initialized page
[test_assign1_1.c-test single page content-L80-12:08:15] OK: expected true: expected zero byte in first page of freshly initialized page
[test_assign1_1.c-test single page content-L80-12:08:15] OK: expected true: expected zero byte in first page of freshly initialized page
[test_assign1_1.c-test single page content-L80-12:08:15] OK: expected true: expected zero byte in first page of freshly initialized page
[test_assign1_1.c-test single page content-L80-12:08:15] OK: expected true: expected zero byte in first page of freshly initialized page
[test_assign1_1.c-test single page content-L80-12:08:15] OK: expected true: expected zero byte in first page of freshly initialized page
[test_assign1_1.c-test single page content-L80-12:08:15] OK: expected true: expected zero byte in first page of freshly initialized page
[test_assign1_1.c-test single page content-L80-12:08:15] OK: expected true: expected zero byte in first page of freshly initialized page
[test_assign1_1.c-test single page content-L80-12:08:15] OK: expected true: expected zero byte in first page of freshly initialized page
[test_assign1_1.c-test single page content-L80-12:08:15] OK: expected true: expected zero byte in first page of freshly initialized page
[test_assign1_1.c-test single page content-L80-12:08:15] OK: expected true: expected zero byte in first page of freshly initialized page
[test_assign1_1.c-test single page content-L80-12:08:15] OK: expected true: expected zero byte in first page of freshly initialized page
[test_assign1_1.c-test single page content-L80-12:08:15] OK: expected true: expected zero byte in first page of freshly initialized page
[test_assign1_1.c-test single page content-L80-12:08:15] OK: expected true: expected zero byte in first page of freshly initialized page
[test_assign1_1.c-test single page content-L80-12:08:15] OK: expected true: expected zero byte in first page of freshly initialized page
[test_assign1_1.c-test single page content-L80-12:08:15] OK: expected true: expected zero byte in first page of freshly initialized page
[test_assign1_1.c-test single page content-L80-12:08:15] OK: expected true: expected zero byte in first page of freshly initialized page
[test_assign1_1.c-test single page content-L80-12:08:15] OK: expected true: expected zero byte in first page of freshly initialized page
[test_assign1_1.c-test single page content-L80-12:08:15] OK: expected true: expected zero byte in first page of freshly initialized page
[test_assign1_1.c-test single page content-L80-12:08:15] OK: expected true: expected zero byte in first page of freshly initialized page
[test_assign1_1.c-test single page content-L80-12:08:15] OK: expected true: expected zero byte in first page of freshly initialized page
[test_assign1_1.c-test single page content-L80-12:08:15] OK: expected true: expected zero byte in first page of freshly initialized page
[test_assign1_1.c-test single page content-L80-12:08:15] OK: expected true: expected zero byte in first page of freshly initialized page
[test_assign1_1.c-test single page content-L80-12:08:15] OK: expected true: expected zero byte in first page of freshly initialized page
[test_assign1_1.c-test single page content-L80-12:08:15] OK: expected true: expected zero byte in first page of freshly initialized page
[test_assign1_1.c-test single page content-L80-12:08:15] OK: expected true: expected zero byte in first page of freshly initialized page
[test_assign1_1.c-test single page content-L80-12:08:15] OK: expected true: expected zero byte in first page of freshly initialized page
[test_assign1_1.c-test single page content-L80-12:08:15] OK: expected true: expected zero byte in first page of freshly initialized page
[test_assign1_1.c-test single page content-L80-12:08:15] OK: expected true: expected zero byte in first page of freshly initialized page
[test_assign1_1.c-test single page content-L80-12:08:15] OK: expected true: expected zero byte in first page of freshly initialized page
[test_assign1_1.c-test single page content-L80-12:08:15] OK: expected true: expected zero byte in first page of freshly initialized page
[test_assign1_1.c-test single page content-L80-12:08:15] OK: expected true: expected zero byte in first page of freshly initialized page
[test_assign1_1.c-test single page content-L80-12:08:15] OK: expected true: expected zero byte in first page of freshly initialized page
[test_assign1_1.c-test single page content-L80-12:08:15] OK: expected true: expected zero byte in first page of freshly initialized page
[test_assign1_1.c-test single page content-L80-12:08:15] OK: expected true: expected zero byte in first page of freshly initialized page
[test_assign1_1.c-test single page content-L80-12:08:15] OK: expected true: expected zero byte in first page of freshly initialized page
[test_assign1_1.c-test single page content-L80-12:08:15] OK: expected true: expected zero byte in first page of freshly initialized page
[test_assign1_1.c-test single page content-L80-12:08:15] OK: expected true: expected zero byte in first page of freshly initialized page
[test_assign1_1.c-test single page content-L80-12:08:15] OK: expected true: expected zero byte in first page of freshly initialized page
[test_assign1_1.c-test single page content-L80-12:08:15] OK: expected true: expected zero byte in first page of freshly initialized page
[test_assign1_1.c-test single page content-L80-12:08:15] OK: expected true: expected zero byte in first page of freshly initialized page
[test_assign1_1.c-test single page content-L80-12:08:15] OK: expected true: expected zero byte in first page of freshly initialized page
[test_assign1_1.c-test single page content-L80-12:08:15] OK: expected true: expected zero byte in first page of freshly initialized page
[test_assign1_1.c-test single page content-L80-12:08:15] OK: expected true: expected zero byte in first page of freshly initialized page
[test_assign1_1.c-test single page content-L80-12:08:15] OK: expected true: expected zero byte in first page of freshly initialized page
[test_assign1_1.c-test single page content-L80-12:08:15] OK: expected true: expected zero byte in first page of freshly initialized page
[test_assign1_1.c-test single page content-L80-12:08:15] OK: expected true: expected zero byte in first page of freshly initialized page
[test_assign1_1.c-test single page content-L80-12:08:15] OK: expected true: expected zero byte in first page of freshly initialized page
[test_assign1_1.c-test single page content-L80-12:08:15] OK: expected true: expected zero byte in first page of freshly initialized page
[test_assign1_1.c-test single page content-L80-12:08:15] OK: expected true: expected zero byte in first page of freshly initialized page
[test_assign1_1.c-test single page content-L80-12:08:15] OK: expected true: expected zero byte in first page of freshly initialized page
[test_assign1_1.c-test single page content-L80-12:08:15] OK: expected true: expected zero byte in first page of freshly initialized page
[test_assign1_1.c-test single page content-L80-12:08:15] OK: expected true: expected zero byte in first page of freshly initialized page
[test_assign1_1.c-test single page content-L80-12:08:15] OK: expected true: expected zero byte in first page of freshly initialized page
[test_assign1_1.c-test single page content-L80-12:08:15] OK: expected true: expected zero byte in first page of freshly initialized page
[test_assign1_1.c-test single page content-L80-12:08:15] OK: expected true: expected zero byte in first page of freshly initialized page
[test_assign1_1.c-test single page content-L80-12:08:15] OK: expected true: expected zero byte in first page of freshly initialized page
[test_assign1_1.c-test single page content-L80-12:08:15] OK: expected true: expected zero byte in first page of freshly initialized page
[test_assign1_1.c-test single page content-L80-12:08:15] OK: expected true: expected zero byte in first page of freshly initialized page
[test_assign1_1.c-test single page content-L80-12:08:15] OK: expected true: expected zero byte in first page of freshly initialized page
[test_assign1_1.c-test single page content-L80-12:08:15] OK: expected true: expected zero byte in first page of freshly initialized page
[test_assign1_1.c-test single page content-L80-12:08:15] OK: expected true: expected zero byte in first page of freshly initialized page
[test_assign1_1.c-test single page content-L80-12:08:15] OK: expected true: expected zero byte in first page of freshly initialized page
[test_assign1_1.c-test single page content-L80-12:08:15] OK: expected true: expected zero byte in first page of freshly initialized page
[test_assign1_1.c-test single page content-L80-12:08:15] OK: expected true: expected zero byte in first page of freshly initialized page
[test_assign1_1.c-test single page content-L80-12:08:15] OK: expected true: expected zero byte in first page of freshly initialized page
[test_assign1_1.c-test single page content-L80-12:08:15] OK: expected true: expected zero byte in first page of freshly initialized page
[test_assign1_1.c-test single page content-L80-12:08:15] OK: expected true: expected zero byte in first page of freshly initialized page
[test_assign1_1.c-test single page content-L80-12:08:15] OK: expected true: expected zero byte in first page of freshly initialized page
[test_assign1_1.c-test single page content-L80-12:08:15] OK: expected true: expected zero byte in first page of freshly initialized page
[test_assign1_1.c-test single page content-L80-12:08:15] OK: expected true: expected zero byte in first page of freshly initialized page
[test_assign1_1.c-test single page content-L80-12:08:15] OK: expected true: expected zero byte in first page of freshly initialized page
[test_assign1_1.c-test single page content-L80-12:08:15] OK: expected true: expected zero byte in first page of freshly initialized page
[test_assign1_1.c-test single page content-L80-12:08:15] OK: expected true: expected zero byte in first page of freshly initialized page
[test_assign1_1.c-test single page content-L80-12:08:15] OK: expected true: expected zero byte in first page of freshly initialized page
[test_assign1_1.c-test single page content-L80-12:08:15] OK: expected true: expected zero byte in first page of freshly initialized page
[test_assign1_1.c-test single page content-L80-12:08:15] OK: expected true: expected zero byte in first page of freshly initialized page
[test_assign1_1.c-test single page content-L80-12:08:15] OK: expected true: expected zero byte in first page of freshly initialized page
[test_assign1_1.c-test single page content-L80-12:08:15] OK: expected true: expected zero byte in first page of freshly initialized page
[test_assign1_1.c-test single page content-L80-12:08:15] OK: expected true: expected zero byte in first page of freshly initialized page
[test_assign1_1.c-test single page content-L80-12:08:15] OK: expected true: expected zero byte in first page of freshly initialized page
[test_assign1_1.c-test single page content-L80-12:08:15] OK: expected true: expected zero byte in first page of freshly initialized page
[test_assign1_1.c-test single page content-L80-12:08:15] OK: expected true: expected zero byte in first page of freshly initialized page
[test_assign1_1.c-test single page content-L80-12:08:15] OK: expected true: expected zero byte in first page of freshly initialized page
[test_assign1_1.c-test single page content-L80-12:08:15] OK: expected true: expected zero byte in first page of freshly initialized page
[test_assign1_1.c-test single page content-L80-12:08:15] OK: expected true: expected zero byte in first page of freshly initialized page
[test_assign1_1.c-test single page content-L80-12:08:15] OK: expected true: expected zero byte in first page of freshly initialized page
[test_assign1_1.c-test single page content-L80-12:08:15] OK: expected true: expected zero byte in first page of freshly initialized page
[test_assign1_1.c-test single page content-L80-12:08:15] OK: expected true: expected zero byte in first page of freshly initialized page
[test_assign1_1.c-test single page content-L80-12:08:15] OK: expected true: expected zero byte in first page of freshly initialized page
[test_assign1_1.c-test single page content-L80-12:08:15] OK: expected true: expected zero byte in first page of freshly initialized page
[test_assign1_1.c-test single page content-L80-12:08:15] OK: expected true: expected zero byte in first page of freshly initialized page
[test_assign1_1.c-test single page content-L80-12:08:15] OK: expected true: expected zero byte in first page of freshly initialized page
[test_assign1_1.c-test single page content-L80-12:08:15] OK: expected true: expected zero byte in first page of freshly initialized page
[test_assign1_1.c-test single page content-L80-12:08:15] OK: expected true: expected zero byte in first page of freshly initialized page
[test_assign1_1.c-test single page content-L80-12:08:15] OK: expected true: expected zero byte in first page of freshly initialized page
[test_assign1_1.c-test single page content-L80-12:08:15] OK: expected true: expected zero byte in first page of freshly initialized page
[test_assign1_1.c-test single page content-L80-12:08:15] OK: expected true: expected zero byte in first page of freshly initialized page
[test_assign1_1.c-test single page content-L80-12:08:15] OK: expected true: expected zero byte in first page of freshly initialized page
[test_assign1_1.c-test single page content-L80-12:08:15] OK: expected true: expected zero byte in first page of freshly initialized page
[test_assign1_1.c-test single page content-L80-12:08:15] OK: expected true: expected zero byte in first page of freshly initialized page
[test_assign1_1.c-test single page content-L80-12:08:15] OK: expected true: expected zero byte in first page of freshly initialized page
[test_assign1_1.c-test single page content-L80-12:08:15] OK: expected true: expected zero byte in first page of freshly initialized page
[test_assign1_1.c-test single page content-L80-12:08:15] OK: expected true: expected zero byte in first page of freshly initialized page
[test_assign1_1.c-test single page content-L80-12:08:15] OK: expected true: expected zero byte in first page of freshly initialized page
[test_assign1_1.c-test single page content-L80-12:08:15] OK: expected true: expected zero byte in first page of freshly initialized page
[test_assign1_1.c-test single page content-L80-12:08:15] OK: expected true: expected zero byte in first page of freshly initialized page
[test_assign1_1.c-test single page content-L80-12:08:15] OK: expected true: expected zero byte in first page of freshly initialized page
[test_assign1_1.c-test single page content-L80-12:08:15] OK: expected true: expected zero byte in first page of freshly initialized page
[test_assign1_1.c-test single page content-L80-12:08:15] OK: expected true: expected zero byte in first page of freshly initialized page
[test_assign1_1.c-test single page content-L80-12:08:15] OK: expected true: expected zero byte in first page of freshly initialized page
[test_assign1_1.c-test single page content-L80-12:08:15] OK: expected true: expected zero byte in first page of freshly initialized page
[test_assign1_1.c-test single page content-L80-12:08:15] OK: expected true: expected zero byte in first page of freshly initialized page
[test_assign1_1.c-test single page content-L80-12:08:15] OK: expected true: expected zero byte in first page of freshly initialized page
[test_assign1_1.c-test single page content-L80-12:08:15] OK: expected true: expected zero byte in first page of freshly initialized page
[test_assign1_1.c-test single page content-L80-12:08:15] OK: expected true: expected zero byte in first page of freshly initialized page
[test_assign1_1.c-test single page content-L80-12:08:15] OK: expected true: expected zero byte in first page of freshly initialized page
[test_assign1_1.c-test single page content-L80-12:08:15] OK: expected true: expected zero byte in first page of freshly initialized page
[test_assign1_1.c-test single page content-L80-12:08:15] OK: expected true: expected zero byte in first page of freshly initialized page
[test_assign1_1.c-test single page content-L80-12:08:15] OK: expected true: expected zero byte in first page of freshly initialized page
[test_assign1_1.c-test single page content-L80-12:08:15] OK: expected true: expected zero byte in first page of freshly initialized page
[test_assign1_1.c-test single page content-L80-12:08:15] OK: expected true: expected zero byte in first page of freshly initialized page
[test_assign1_1.c-test single page content-L80-12:08:15] OK: expected true: expected zero byte in first page of freshly initialized page
[test_assign1_1.c-test single page content-L80-12:08:15] OK: expected true: expected zero byte in first page of freshly initialized page
[test_assign1_1.c-test single page content-L80-12:08:15] OK: expected true: expected zero byte in first page of freshly initialized page
[test_assign1_1.c-test single page content-L80-12:08:15] OK: expected true: expected zero byte in first page of freshly initialized page
[test_assign1_1.c-test single page content-L80-12:08:15] OK: expected true: expected zero byte in first page of freshly initialized page
[test_assign1_1.c-test single page content-L80-12:08:15] OK: expected true: expected zero byte in first page of freshly initialized page
[test_assign1_1.c-test single page content-L80-12:08:15] OK: expected true: expected zero byte in first page of freshly initialized page
[test_assign1_1.c-test single page content-L80-12:08:15] OK: expected true: expected zero byte in first page of freshly initialized page
[test_assign1_1.c-test single page content-L80-12:08:15] OK: expected true: expected zero byte in first page of freshly initialized page
[test_assign1_1.c-test single page content-L80-12:08:15] OK: expected true: expected zero byte in first page of freshly initialized page
[test_assign1_1.c-test single page content-L80-12:08:15] OK: expected true: expected zero byte in first page of freshly initialized page
[test_assign1_1.c-test single page content-L80-12:08:15] OK: expected true: expected zero byte in first page of freshly initialized page
[test_assign1_1.c-test single page content-L80-12:08:15] OK: expected true: expected zero byte in first page of freshly initialized page
[test_assign1_1.c-test single page content-L80-12:08:15] OK: expected true: expected zero byte in first page of freshly initialized page
[test_assign1_1.c-test single page content-L80-12:08:15] OK: expected true: expected zero byte in first page of freshly initialized page
[test_assign1_1.c-test single page content-L80-12:08:15] OK: expected true: expected zero byte in first page of freshly initialized page
[test_assign1_1.c-test single page content-L80-12:08:15] OK: expected true: expected zero byte in first page of freshly initialized page
[test_assign1_1.c-test single page content-L80-12:08:15] OK: expected true: expected zero byte in first page of freshly initialized page
[test_assign1_1.c-test single page content-L80-12:08:15] OK: expected true: expected zero byte in first page of freshly initialized page
[test_assign1_1.c-test single page content-L80-12:08:15] OK: expected true: expected zero byte in first page of freshly initialized page
[test_assign1_1.c-test single page content-L80-12:08:15] OK: expected true: expected zero byte in first page of freshly initialized page
[test_assign1_1.c-test single page content-L80-12:08:15] OK: expected true: expected zero byte in first page of freshly initialized page
[test_assign1_1.c-test single page content-L80-12:08:15] OK: expected true: expected zero byte in first page of freshly initialized page
[test_assign1_1.c-test single page content-L80-12:08:15] OK: expected true: expected zero byte in first page of freshly initialized page
[test_assign1_1.c-test single page content-L80-12:08:15] OK: expected true: expected zero byte in first page of freshly initialized page
[test_assign1_1.c-test single page content-L80-12:08:15] OK: expected true: expected zero byte in first page of freshly initialized page
[test_assign1_1.c-test single page content-L80-12:08:15] OK: expected true: expected zero byte in first page of freshly initialized page
[test_assign1_1.c-test single page content-L80-12:08:15] OK: expected true: expected zero byte in first page of freshly initialized page
[test_assign1_1.c-test single page content-L80-12:08:15] OK: expected true: expected zero byte in first page of freshly initialized page
[test_assign1_1.c-test single page content-L80-12:08:15] OK: expected true: expected zero byte in first page of freshly initialized page
[test_assign1_1.c-test single page content-L80-12:08:15] OK: expected true: expected zero byte in first page of freshly initialized page
[test_assign1_1.c-test single page content-L80-12:08:15] OK: expected true: expected zero byte in first page of freshly initialized page
[test_assign1_1.c-test single page content-L80-12:08:15] OK: expected true: expected zero byte in first page of freshly initialized page
[test_assign1_1.c-test single page content-L80-12:08:15] OK: expected true: expected zero byte in first page of freshly initialized page
[test_assign1_1.c-test single page content-L80-12:08:15] OK: expected true: expected zero byte in first page of freshly initialized page
[test_assign1_1.c-test single page content-L80-12:08:15] OK: expected true: expected zero byte in first page of freshly initialized page
[test_assign1_1.c-test single page content-L80-12:08:15] OK: expected true: expected zero byte in first page of freshly initialized page
[test_assign1_1.c-test single page content-L80-12:08:15] OK: expected true: expected zero byte in first page of freshly initialized page
[test_assign1_1.c-test single page content-L80-12:08:15] OK: expected true: expected zero byte in first page of freshly initialized page
[test_assign1_1.c-test single page content-L80-12:08:15] OK: expected true: expected zero byte in first page of freshly initialized page
[test_assign1_1.c-test single page content-L80-12:08:15] OK: expected true: expected zero byte in first page of freshly initialized page
[test_assign1_1.c-test single page content-L80-12:08:15] OK: expected true: expected zero byte in first page of freshly initialized page
[test_assign1_1.c-test single page content-L80-12:08:15] OK: expected true: expected zero byte in first page of freshly initialized page
[test_assign1_1.c-test single page content-L80-12:08:15] OK: expected true: expected zero byte in first page of freshly initialized page
[test_assign1_1.c-test single page content-L80-12:08:15] OK: expected true: expected zero byte in first page of freshly initialized page
[test_assign1_1.c-test single page content-L80-12:08:15] OK: expected true: expected zero byte in first page of freshly initialized page
[test_assign1_1.c-test single page content-L80-12:08:15] OK: expected true: expected zero byte in first page of freshly initialized page
[test_assign1_1.c-test single page content-L80-12:08:15] OK: expected true: expected zero byte in first page of freshly initialized page
[test_assign1_1.c-test single page content-L80-12:08:15] OK: expected true: expected zero byte in first page of freshly initialized page
[test_assign1_1.c-test single page content-L80-12:08:15] OK: expected true: expected zero byte in first page of freshly initialized page
[test_assign1_1.c-test single page content-L80-12:08:15] OK: expected true: expected zero byte in first page of freshly initialized page
[test_assign1_1.c-test single page content-L80-12:08:15] OK: expected true: expected zero byte in first page of freshly initialized page
[test_assign1_1.c-test single page content-L80-12:08:15] OK: expected true: expected zero byte in first page of freshly initialized page
[test_assign1_1.c-test single page content-L80-12:08:15] OK: expected true: expected zero byte in first page of freshly initialized page
[test_assign1_1.c-test single page content-L80-12:08:15] OK: expected true: expected zero byte in first page of freshly initialized page
[test_assign1_1.c-test single page content-L80-12:08:15] OK: expected true: expected zero byte in first page of freshly initialized page
[test_assign1_1.c-test single page content-L80-12:08:15] OK: expected true: expected zero byte in first page of freshly initialized page
[test_assign1_1.c-test single page content-L80-12:08:15] OK: expected true: expected zero byte in first page of freshly initialized page
[test_assign1_1.c-test single page content-L80-12:08:15] OK: expected true: expected zero byte in first page of freshly initialized page
[test_assign1_1.c-test single page content-L80-12:08:15] OK: expected true: expected zero byte in first page of freshly initialized page
[test_assign1_1.c-test single page content-L80-12:08:15] OK: expected true: expected zero byte in first page of freshly initialized page
[test_assign1_1.c-test single page content-L80-12:08:15] OK: expected true: expected zero byte in first page of freshly initialized page
[test_assign1_1.c-test single page content-L80-12:08:15] OK: expected true: expected zero byte in first page of freshly initialized page
[test_assign1_1.c-test single page content-L80-12:08:15] OK: expected true: expected zero byte in first page of freshly initialized page
[test_assign1_1.c-test single page content-L80-12:08:15] OK: expected true: expected zero byte in first page of freshly initialized page
[test_assign1_1.c-test single page content-L80-12:08:15] OK: expected true: expected zero byte in first page of freshly initialized page
[test_assign1_1.c-test single page content-L80-12:08:15] OK: expected true: expected zero byte in first page of freshly initialized page
[test_assign1_1.c-test single page content-L80-12:08:15] OK: expected true: expected zero byte in first page of freshly initialized page
[test_assign1_1.c-test single page content-L80-12:08:15] OK: expected true: expected zero byte in first page of freshly initialized page
[test_assign1_1.c-test single page content-L80-12:08:15] OK: expected true: expected zero byte in first page of freshly initialized page
[test_assign1_1.c-test single page content-L80-12:08:15] OK: expected true: expected zero byte in first page of freshly initialized page
[test_assign1_1.c-test single page content-L80-12:08:15] OK: expected true: expected zero byte in first page of freshly initialized page
[test_assign1_1.c-test single page content-L80-12:08:15] OK: expected true: expected zero byte in first page of freshly initialized page
[test_assign1_1.c-test single page content-L80-12:08:15] OK: expected true: expected zero byte in first page of freshly initialized page
[test_assign1_1.c-test single page content-L80-12:08:15] OK: expected true: expected zero byte in first page of freshly initialized page
[test_assign1_1.c-test single page content-L80-12:08:15] OK: expected true: expected zero byte in first page of freshly initialized page
[test_assign1_1.c-test single page content-L80-12:08:15] OK: expected true: expected zero byte in first page of freshly initialized page
[test_assign1_1.c-test single page content-L80-12:08:15] OK: expected true: expected zero byte in first page of freshly initialized page
[test_assign1_1.c-test single page content-L80-12:08:15] OK: expected true: expected zero byte in first page of freshly initialized page
[test_assign1_1.c-test single page content-L80-12:08:15] OK: expected true: expected zero byte in first page of freshly initialized page
[test_assign1_1.c-test single page content-L80-12:08:15] OK: expected true: expected zero byte in first page of freshly initialized page
[test_assign1_1.c-test single page content-L80-12:08:15] OK: expected true: expected zero byte in first page of freshly initialized page
[test_assign1_1.c-test single page content-L80-12:08:15] OK: expected true: expected zero byte in first page of freshly initialized page
[test_assign1_1.c-test single page content-L80-12:08:15] OK: expected true: expected zero byte in first page of freshly initialized page
[test_assign1_1.c-test single page content-L80-12:08:15] OK: expected true: expected zero byte in first page of freshly initialized page
[test_assign1_1.c-test single page content-L80-12:08:15] OK: expected true: expected zero byte in first page of freshly initialized page
[test_assign1_1.c-test single page content-L80-12:08:15] OK: expected true: expected zero byte in first page of freshly initialized page
[test_assign1_1.c-test single page content-L80-12:08:15] OK: expected true: expected zero byte in first page of freshly initialized page
[test_assign1_1.c-test single page content-L80-12:08:15] OK: expected true: expected zero byte in first page of freshly initialized page
[test_assign1_1.c-test single page content-L80-12:08:15] OK: expected true: expected zero byte in first page of freshly initialized page
[test_assign1_1.c-test single page content-L80-12:08:15] OK: expected true: expected zero byte in first page of freshly initialized page
[test_assign1_1.c-test single page content-L80-12:08:15] OK: expected true: expected zero byte in first page of freshly initialized page
[test_assign1_1.c-test single page content-L80-12:08:15] OK: expected true: expected zero byte in first page of freshly initialized page
[test_assign1_1.c-test single page content-L80-12:08:15] OK: expected true: expected zero byte in first page of freshly initialized page
[test_assign1_1.c-test single page content-L80-12:08:15] OK: expected true: expected zero byte in first page of freshly initialized page
[test_assign1_1.c-test single page content-L80-12:08:15] OK: expected true: expected zero byte in first page of freshly initialized page
[test_assign1_1.c-test single page content-L80-12:08:15] OK: expected true: expected zero byte in first page of freshly initialized page
[test_assign1_1.c-test single page content-L80-12:08:15] OK: expected true: expected zero byte in first page of freshly initialized page
[test_assign1_1.c-test single page content-L80-12:08:15] OK: expected true: expected zero byte in first page of freshly initialized page
[test_assign1_1.c-test single page content-L80-12:08:15] OK: expected true: expected zero byte in first page of freshly initialized page
[test_assign1_1.c-test single page content-L80-12:08:15] OK: expected true: expected zero byte in first page of freshly initialized page
[test_assign1_1.c-test single page content-L80-12:08:15] OK: expected true: expected zero byte in first page of freshly initialized page
[test_assign1_1.c-test single page content-L80-12:08:15] OK: expected true: expected zero byte in first page of freshly initialized page
[test_assign1_1.c-test single page content-L80-12:08:15] OK: expected true: expected zero byte in first page of freshly initialized page
[test_assign1_1.c-test single page content-L80-12:08:15] OK: expected true: expected zero byte in first page of freshly initialized page
[test_assign1_1.c-test single page content-L80-12:08:15] OK: expected true: expected zero byte in first page of freshly initialized page
[test_assign1_1.c-test single page content-L80-12:08:15] OK: expected true: expected zero byte in first page of freshly initialized page
[test_assign1_1.c-test single page content-L80-12:08:15] OK: expected true: expected zero byte in first page of freshly initialized page
[test_assign1_1.c-test single page content-L80-12:08:15] OK: expected true: expected zero byte in first page of freshly initialized page
[test_assign1_1.c-test single page content-L80-12:08:15] OK: expected true: expected zero byte in first page of freshly initialized page
[test_assign1_1.c-test single page content-L80-12:08:15] OK: expected true: expected zero byte in first page of freshly initialized page
[test_assign1_1.c-test single page content-L80-12:08:15] OK: expected true: expected zero byte in first page of freshly initialized page
[test_assign1_1.c-test single page content-L80-12:08:15] OK: expected true: expected zero byte in first page of freshly initialized page
[test_assign1_1.c-test single page content-L80-12:08:15] OK: expected true: expected zero byte in first page of freshly initialized page
[test_assign1_1.c-test single page content-L80-12:08:15] OK: expected true: expected zero byte in first page of freshly initialized page
[test_assign1_1.c-test single page content-L80-12:08:15] OK: expected true: expected zero byte in first page of freshly initialized page
[test_assign1_1.c-test single page content-L80-12:08:15] OK: expected true: expected zero byte in first page of freshly initialized page
[test_assign1_1.c-test single page content-L80-12:08:15] OK: expected true: expected zero byte in first page of freshly initialized page
[test_assign1_1.c-test single page content-L80-12:08:15] OK: expected true: expected zero byte in first page of freshly initialized page
[test_assign1_1.c-test single page content-L80-12:08:15] OK: expected true: expected zero byte in first page of freshly initialized page
[test_assign1_1.c-test single page content-L80-12:08:15] OK: expected true: expected zero byte in first page of freshly initialized page
[test_assign1_1.c-test single page content-L80-12:08:15] OK: expected true: expected zero byte in first page of freshly initialized page
[test_assign1_1.c-test single page content-L80-12:08:15] OK: expected true: expected zero byte in first page of freshly initialized page
[test_assign1_1.c-test single page content-L80-12:08:15] OK: expected true: expected zero byte in first page of freshly initialized page
[test_assign1_1.c-test single page content-L80-12:08:15] OK: expected true: expected zero byte in first page of freshly initialized page
[test_assign1_1.c-test single page content-L80-12:08:15] OK: expected true: expected zero byte in first page of freshly initialized page
[test_assign1_1.c-test single page content-L80-12:08:15] OK: expected true: expected zero byte in first page of freshly initialized page
[test_assign1_1.c-test single page content-L80-12:08:15] OK: expected true: expected zero byte in first page of freshly initialized page
[test_assign1_1.c-test single page content-L80-12:08:15] OK: expected true: expected zero byte in first page of freshly initialized page
[test_assign1_1.c-test single page content-L80-12:08:15] OK: expected true: expected zero byte in first page of freshly initialized page
[test_assign1_1.c-test single page content-L80-12:08:15] OK: expected true: expected zero byte in first page of freshly initialized page
[test_assign1_1.c-test single page content-L80-12:08:15] OK: expected true: expected zero byte in first page of freshly initialized page
[test_assign1_1.c-test single page content-L80-12:08:15] OK: expected true: expected zero byte in first page of freshly initialized page
[test_assign1_1.c-test single page content-L80-12:08:15] OK: expected true: expected zero byte in first page of freshly initialized page
[test_assign1_1.c-test single page content-L80-12:08:15] OK: expected true: expected zero byte in first page of freshly initialized page
[test_assign1_1.c-test single page content-L80-12:08:15] OK: expected true: expected zero byte in first page of freshly initialized page
[test_assign1_1.c-test single page content-L80-12:08:15] OK: expected true: expected zero byte in first page of freshly initialized page
[test_assign1_1.c-test single page content-L80-12:08:15] OK: expected true: expected zero byte in first page of freshly initialized page
[test_assign1_1.c-test single page content-L80-12:08:15] OK: expected true: expected zero byte in first page of freshly initialized page
[test_assign1_1.c-test single page content-L80-12:08:15] OK: expected true: expected zero byte in first page of freshly initialized page
[test_assign1_1.c-test single page content-L80-12:08:15] OK: expected true: expected zero byte in first page of freshly initialized page
[test_assign1_1.c-test single page content-L80-12:08:15] OK: expected true: expected zero byte in first page of freshly initialized page
[test_assign1_1.c-test single page content-L80-12:08:15] OK: expected true: expected zero byte in first page of freshly initialized page
[test_assign1_1.c-test single page content-L80-12:08:15] OK: expected true: expected zero byte in first page of freshly initialized page
[test_assign1_1.c-test single page content-L80-12:08:15] OK: expected true: expected zero byte in first page of freshly initialized page
[test_assign1_1.c-test single page content-L80-12:08:15] OK: expected true: expected zero byte in first page of freshly initialized page
[test_assign1_1.c-test single page content-L80-12:08:15] OK: expected true: expected zero byte in first page of freshly initialized page
[test_assign1_1.c-test single page content-L80-12:08:15] OK: expected true: expected zero byte in first page of freshly initialized page
[test_assign1_1.c-test single page content-L80-12:08:15] OK: expected true: expected zero byte in first page of freshly initialized page
[test_assign1_1.c-test single page content-L80-12:08:15] OK: expected true: expected zero byte in first page of freshly initialized page
[test_assign1_1.c-test single page content-L80-12:08:15] OK: expected true: expected zero byte in first page of freshly initialized page
[test_assign1_1.c-test single page content-L80-12:08:15] OK: expected true: expected zero byte in first page of freshly initialized page
[test_assign1_1.c-test single page content-L80-12:08:15] OK: expected true: expected zero byte in first page of freshly initialized page
[test_assign1_1.c-test single page content-L80-12:08:15] OK: expected true: expected zero byte in first page of freshly initialized page
[test_assign1_1.c-test single page content-L80-12:08:15] OK: expected true: expected zero byte in first page of freshly initialized page
[test_assign1_1.c-test single page content-L80-12:08:15] OK: expected true: expected zero byte in first page of freshly initialized page
[test_assign1_1.c-test single page content-L80-12:08:15] OK: expected true: expected zero byte in first page of freshly initialized page
[test_assign1_1.c-test single page content-L80-12:08:15] OK: expected true: expected zero byte in first page of freshly initialized page
[test_assign1_1.c-test single page content-L80-12:08:15] OK: expected true: expected zero byte in first page of freshly initialized page
[test_assign1_1.c-test single page content-L80-12:08:15] OK: expected true: expected zero byte in first page of freshly initialized page
[test_assign1_1.c-test single page content-L80-12:08:15] OK: expected true: expected zero byte in first page of freshly initialized page
[test_assign1_1.c-test single page content-L80-12:08:15] OK: expected true: expected zero byte in first page of freshly initialized page
[test_assign1_1.c-test single page content-L80-12:08:15] OK: expected true: expected zero byte in first page of freshly initialized page
[test_assign1_1.c-test single page content-L80-12:08:15] OK: expected true: expected zero byte in first page of freshly initialized page
[test_assign1_1.c-test single page content-L80-12:08:15] OK: expected true: expected zero byte in first page of freshly initialized page
[test_assign1_1.c-test single page content-L80-12:08:15] OK: expected true: expected zero byte in first page of freshly initialized page
[test_assign1_1.c-test single page content-L80-12:08:15] OK: expected true: expected zero byte in first page of freshly initialized page
[test_assign1_1.c-test single page content-L80-12:08:15] OK: expected true: expected zero byte in first page of freshly initialized page
[test_assign1_1.c-test single page content-L80-12:08:15] OK: expected true: expected zero byte in first page of freshly initialized page
[test_assign1_1.c-test single page content-L80-12:08:15] OK: expected true: expected zero byte in first page of freshly initialized page
[test_assign1_1.c-test single page content-L80-12:08:15] OK: expected true: expected zero byte in first page of freshly initialized page
[test_assign1_1.c-test single page content-L80-12:08:15] OK: expected true: expected zero byte in first page of freshly initialized page
[test_assign1_1.c-test single page content-L80-12:08:15] OK: expected true: expected zero byte in first page of freshly initialized page
[test_assign1_1.c-test single page content-L80-12:08:15] OK: expected true: expected zero byte in first page of freshly initialized page
[test_assign1_1.c-test single page content-L80-12:08:15] OK: expected true: expected zero byte in first page of freshly initialized page
[test_assign1_1.c-test single page content-L80-12:08:15] OK: expected true: expected zero byte in first page of freshly initialized page
[test_assign1_1.c-test single page content-L80-12:08:15] OK: expected true: expected zero byte in first page of freshly initialized page
[test_assign1_1.c-test single page content-L80-12:08:15] OK: expected true: expected zero byte in first page of freshly initialized page
[test_assign1_1.c-test single page content-L80-12:08:15] OK: expected true: expected zero byte in first page of freshly initialized page
[test_assign1_1.c-test single page content-L80-12:08:15] OK: expected true: expected zero byte in first page of freshly initialized page
[test_assign1_1.c-test single page content-L80-12:08:15] OK: expected true: expected zero byte in first page of freshly initialized page
[test_assign1_1.c-test single page content-L80-12:08:15] OK: expected true: expected zero byte in first page of freshly initialized page
[test_assign1_1.c-test single page content-L80-12:08:15] OK: expected true: expected zero byte in first page of freshly initialized page
[test_assign1_1.c-test single page content-L80-12:08:15] OK: expected true: expected zero byte in first page of freshly initialized page
[test_assign1_1.c-test single page content-L80-12:08:15] OK: expected true: expected zero byte in first page of freshly initialized page
[test_assign1_1.c-test single page content-L80-12:08:15] OK: expected true: expected zero byte in first page of freshly initialized page
[test_assign1_1.c-test single page content-L80-12:08:15] OK: expected true: expected zero byte in first page of freshly initialized page
[test_assign1_1.c-test single page content-L80-12:08:15] OK: expected true: expected zero byte in first page of freshly initialized page
[test_assign1_1.c-test single page content-L80-12:08:15] OK: expected true: expected zero byte in first page of freshly initialized page
[test_assign1_1.c-test single page content-L80-12:08:15] OK: expected true: expected zero byte in first page of freshly initialized page
[test_assign1_1.c-test single page content-L80-12:08:15] OK: expected true: expected zero byte in first page of freshly initialized page
[test_assign1_1.c-test single page content-L80-12:08:15] OK: expected true: expected zero byte in first page of freshly initialized page
[test_assign1_1.c-test single page content-L80-12:08:15] OK: expected true: expected zero byte in first page of freshly initialized page
[test_assign1_1.c-test single page content-L80-12:08:15] OK: expected true: expected zero byte in first page of freshly initialized page
[test_assign1_1.c-test single page content-L80-12:08:15] OK: expected true: expected zero byte in first page of freshly initialized page
[test_assign1_1.c-test single page content-L80-12:08:15] OK: expected true: expected zero byte in first page of freshly initialized page
[test_assign1_1.c-test single page content-L80-12:08:15] OK: expected true: expected zero byte in first page of freshly initialized page
[test_assign1_1.c-test single page content-L80-12:08:15] OK: expected true: expected zero byte in first page of freshly initialized page
[test_assign1_1.c-test single page content-L80-12:08:15] OK: expected true: expected zero byte in first page of freshly initialized page
[test_assign1_1.c-test single page content-L80-12:08:15] OK: expected true: expected zero byte in first page of freshly initialized page
[test_assign1_1.c-test single page content-L80-12:08:15] OK: expected true: expected zero byte in first page of freshly initialized page
[test_assign1_1.c-test single page content-L80-12:08:15] OK: expected true: expected zero byte in first page of freshly initialized page
[test_assign1_1.c-test single page content-L80-12:08:15] OK: expected true: expected zero byte in first page of freshly initialized page
[test_assign1_1.c-test single page content-L80-12:08:15] OK: expected true: expected zero byte in first page of freshly initialized page
[test_assign1_1.c-test single page content-L80-12:08:15] OK: expected true: expected zero byte in first page of freshly initialized page
[test_assign1_1.c-test single page content-L80-12:08:15] OK: expected true: expected zero byte in first page of freshly initialized page
[test_assign1_1.c-test single page content-L80-12:08:15] OK: expected true: expected zero byte in first page of freshly initialized page
[test_assign1_1.c-test single page content-L80-12:08:15] OK: expected true: expected zero byte in first page of freshly initialized page
[test_assign1_1.c-test single page content-L80-12:08:15] OK: expected true: expected zero byte in first page of freshly initialized page
[test_assign1_1.c-test single page content-L80-12:08:15] OK: expected true: expected zero byte in first page of freshly initialized page
[test_assign1_1.c-test single page content-L80-12:08:15] OK: expected true: expected zero byte in first page of freshly initialized page
[test_assign1_1.c-test single page content-L80-12:08:15] OK: expected true: expected zero byte in first page of freshly initialized page
[test_assign1_1.c-test single page content-L80-12:08:15] OK: expected true: expected zero byte in first page of freshly initialized page
[test_assign1_1.c-test single page content-L80-12:08:15] OK: expected true: expected zero byte in first page of freshly initialized page
[test_assign1_1.c-test single page content-L80-12:08:15] OK: expected true: expected zero byte in first page of freshly initialized page
[test_assign1_1.c-test single page content-L80-12:08:15] OK: expected true: expected zero byte in first page of freshly initialized page
[test_assign1_1.c-test single page content-L80-12:08:15] OK: expected true: expected zero byte in first page of freshly initialized page
[test_assign1_1.c-test single page content-L80-12:08:15] OK: expected true: expected zero byte in first page of freshly initialized page
[test_assign1_1.c-test single page content-L80-12:08:15] OK: expected true: expected zero byte in first page of freshly initialized page
[test_assign1_1.c-test single page content-L80-12:08:15] OK: expected true: expected zero byte in first page of freshly initialized page
[test_assign1_1.c-test single page content-L80-12:08:15] OK: expected true: expected zero byte in first page of freshly initialized page
[test_assign1_1.c-test single page content-L80-12:08:15] OK: expected true: expected zero byte in first page of freshly initialized page
[test_assign1_1.c-test single page content-L80-12:08:15] OK: expected true: expected zero byte in first page of freshly initialized page
[test_assign1_1.c-test single page content-L80-12:08:15] OK: expected true: expected zero byte in first page of freshly initialized page
[test_assign1_1.c-test single page content-L80-12:08:15] OK: expected true: expected zero byte in first page of freshly initialized page
[test_assign1_1.c-test single page content-L80-12:08:15] OK: expected true: expected zero byte in first page of freshly initialized page
[test_assign1_1.c-test single page content-L80-12:08:15] OK: expected true: expected zero byte in first page of freshly initialized page
[test_assign1_1.c-test single page content-L80-12:08:15] OK: expected true: expected zero byte in first page of freshly initialized page
[test_assign1_1.c-test single page content-L80-12:08:15] OK: expected true: expected zero byte in first page of freshly initialized page
[test_assign1_1.c-test single page content-L80-12:08:15] OK: expected true: expected zero byte in first page of freshly initialized page
[test_assign1_1.c-test single page content-L80-12:08:15] OK: expected true: expected zero byte in first page of freshly initialized page
[test_assign1_1.c-test single page content-L80-12:08:15] OK: expected true: expected zero byte in first page of freshly initialized page
[test_assign1_1.c-test single page content-L80-12:08:15] OK: expected true: expected zero byte in first page of freshly initialized page
[test_assign1_1.c-test single page content-L80-12:08:15] OK: expected true: expected zero byte in first page of freshly initialized page
[test_assign1_1.c-test single page content-L80-12:08:15] OK: expected true: expected zero byte in first page of freshly initialized page
[test_assign1_1.c-test single page content-L80-12:08:15] OK: expected true: expected zero byte in first page of freshly initialized page
[test_assign1_1.c-test single page content-L80-12:08:15] OK: expected true: expected zero byte in first page of freshly initialized page
[test_assign1_1.c-test single page content-L80-12:08:15] OK: expected true: expected zero byte in first page of freshly initialized page
[test_assign1_1.c-test single page content-L80-12:08:15] OK: expected true: expected zero byte in first page of freshly initialized page
[test_assign1_1.c-test single page content-L80-12:08:15] OK: expected true: expected zero byte in first page of freshly initialized page
[test_assign1_1.c-test single page content-L80-12:08:15] OK: expected true: expected zero byte in first page of freshly initialized page
[test_assign1_1.c-test single page content-L80-12:08:15] OK: expected true: expected zero byte in first page of freshly initialized page
[test_assign1_1.c-test single page content-L80-12:08:15] OK: expected true: expected zero byte in first page of freshly initialized page
[test_assign1_1.c-test single page content-L80-12:08:15] OK: expected true: expected zero byte in first page of freshly initialized page
[test_assign1_1.c-test single page content-L80-12:08:15] OK: expected true: expected zero byte in first page of freshly initialized page
[test_assign1_1.c-test single page content-L80-12:08:15] OK: expected true: expected zero byte in first page of freshly initialized page
[test_assign1_1.c-test single page content-L80-12:08:15] OK: expected true: expected zero byte in first page of freshly initialized page
[test_assign1_1.c-test single page content-L80-12:08:15] OK: expected true: expected zero byte in first page of freshly initialized page
[test_assign1_1.c-test single page content-L80-12:08:15] OK: expected true: expected zero byte in first page of freshly initialized page
[test_assign1_1.c-test single page content-L80-12:08:15] OK: expected true: expected zero byte in first page of freshly initialized page
[test_assign1_1.c-test single page content-L80-12:08:15] OK: expected true: expected zero byte in first page of freshly initialized page
[test_assign1_1.c-test single page content-L80-12:08:15] OK: expected true: expected zero byte in first page of freshly initialized page
[test_assign1_1.c-test single page content-L80-12:08:15] OK: expected true: expected zero byte in first page of freshly initialized page
[test_assign1_1.c-test single page content-L80-12:08:15] OK: expected true: expected zero byte in first page of freshly initialized page
[test_assign1_1.c-test single page content-L80-12:08:15] OK: expected true: expected zero byte in first page of freshly initialized page
[test_assign1_1.c-test single page content-L80-12:08:15] OK: expected true: expected zero byte in first page of freshly initialized page
[test_assign1_1.c-test single page content-L80-12:08:15] OK: expected true: expected zero byte in first page of freshly initialized page
[test_assign1_1.c-test single page content-L80-12:08:15] OK: expected true: expected zero byte in first page of freshly initialized page
[test_assign1_1.c-test single page content-L80-12:08:15] OK: expected true: expected zero byte in first page of freshly initialized page
[test_assign1_1.c-test single page content-L80-12:08:15] OK: expected true: expected zero byte in first page of freshly initialized page
[test_assign1_1.c-test single page content-L80-12:08:15] OK: expected true: expected zero byte in first page of freshly initialized page
[test_assign1_1.c-test single page content-L80-12:08:15] OK: expected true: expected zero byte in first page of freshly initialized page
[test_assign1_1.c-test single page content-L80-12:08:15] OK: expected true: expected zero byte in first page of freshly initialized page
[test_assign1_1.c-test single page content-L80-12:08:15] OK: expected true: expected zero byte in first page of freshly initialized page
[test_assign1_1.c-test single page content-L80-12:08:15] OK: expected true: expected zero byte in first page of freshly initialized page
[test_assign1_1.c-test single page content-L80-12:08:15] OK: expected true: expected zero byte in first page of freshly initialized page
[test_assign1_1.c-test single page content-L80-12:08:15] OK: expected true: expected zero byte in first page of freshly initialized page
[test_assign1_1.c-test single page content-L80-12:08:15] OK: expected true: expected zero byte in first page of freshly initialized page
[test_assign1_1.c-test single page content-L80-12:08:15] OK: expected true: expected zero byte in first page of freshly initialized page
[test_assign1_1.c-test single page content-L80-12:08:15] OK: expected true: expected zero byte in first page of freshly initialized page
[test_assign1_1.c-test single page content-L80-12:08:15] OK: expected true: expected zero byte in first page of freshly initialized page
[test_assign1_1.c-test single page content-L80-12:08:15] OK: expected true: expected zero byte in first page of freshly initialized page
[test_assign1_1.c-test single page content-L80-12:08:15] OK: expected true: expected zero byte in first page of freshly initialized page
[test_assign1_1.c-test single page content-L80-12:08:15] OK: expected true: expected zero byte in first page of freshly initialized page
[test_assign1_1.c-test single page content-L80-12:08:15] OK: expected true: expected zero byte in first page of freshly initialized page
[test_assign1_1.c-test single page content-L80-12:08:15] OK: expected true: expected zero byte in first page of freshly initialized page
[test_assign1_1.c-test single page content-L80-12:08:15] OK: expected true: expected zero byte in first page of freshly initialized page
[test_assign1_1.c-test single page content-L80-12:08:15] OK: expected true: expected zero byte in first page of freshly initialized page
[test_assign1_1.c-test single page content-L80-12:08:15] OK: expected true: expected zero byte in first page of freshly initialized page
[test_assign1_1.c-test single page content-L80-12:08:15] OK: expected true: expected zero byte in first page of freshly initialized page
[test_assign1_1.c-test single page content-L80-12:08:15] OK: expected true: expected zero byte in first page of freshly initialized page
[test_assign1_1.c-test single page content-L80-12:08:15] OK: expected true: expected zero byte in first page of freshly initialized page
[test_assign1_1.c-test single page content-L80-12:08:15] OK: expected true: expected zero byte in first page of freshly initialized page
[test_assign1_1.c-test single page content-L80-12:08:15] OK: expected true: expected zero byte in first page of freshly initialized page
[test_assign1_1.c-test single page content-L80-12:08:15] OK: expected true: expected zero byte in first page of freshly initialized page
[test_assign1_1.c-test single page content-L80-12:08:15] OK: expected true: expected zero byte in first page of freshly initialized page
[test_assign1_1.c-test single page content-L80-12:08:15] OK: expected true: expected zero byte in first page of freshly initialized page
[test_assign1_1.c-test single page content-L80-12:08:15] OK: expected true: expected zero byte in first page of freshly initialized page
[test_assign1_1.c-test single page content-L80-12:08:15] OK: expected true: expected zero byte in first page of freshly initialized page
[test_assign1_1.c-test single page content-L80-12:08:15] OK: expected true: expected zero byte in first page of freshly initialized page
[test_assign1_1.c-test single page content-L80-12:08:15] OK: expected true: expected zero byte in first page of freshly initialized page
[test_assign1_1.c-test single page content-L80-12:08:15] OK: expected true: expected zero byte in first page of freshly initialized page
[test_assign1_1.c-test single page content-L80-12:08:15] OK: expected true: expected zero byte in first page of freshly initialized page
[test_assign1_1.c-test single page content-L80-12:08:15] OK: expected true: expected zero byte in first page of freshly initialized page
[test_assign1_1.c-test single page content-L80-12:08:15] OK: expected true: expected zero byte in first page of freshly initialized page
[test_assign1_1.c-test single page content-L80-12:08:15] OK: expected true: expected zero byte in first page of freshly initialized page
[test_assign1_1.c-test single page content-L80-12:08:15] OK: expected true: expected zero byte in first page of freshly initialized page
[test_assign1_1.c-test single page content-L80-12:08:15] OK: expected true: expected zero byte in first page of freshly initialized page
[test_assign1_1.c-test single page content-L80-12:08:15] OK: expected true: expected zero byte in first page of freshly initialized page
[test_assign1_1.c-test single page content-L80-12:08:15] OK: expected true: expected zero byte in first page of freshly initialized page
[test_assign1_1.c-test single page content-L80-12:08:15] OK: expected true: expected zero byte in first page of freshly initialized page
[test_assign1_1.c-test single page content-L80-12:08:15] OK: expected true: expected zero byte in first page of freshly initialized page
[test_assign1_1.c-test single page content-L80-12:08:15] OK: expected true: expected zero byte in first page of freshly initialized page
[test_assign1_1.c-test single page content-L80-12:08:15] OK: expected true: expected zero byte in first page of freshly initialized page
[test_assign1_1.c-test single page content-L80-12:08:15] OK: expected true: expected zero byte in first page of freshly initialized page
[test_assign1_1.c-test single page content-L80-12:08:15] OK: expected true: expected zero byte in first page of freshly initialized page
[test_assign1_1.c-test single page content-L80-12:08:15] OK: expected true: expected zero byte in first page of freshly initialized page
[test_assign1_1.c-test single page content-L80-12:08:15] OK: expected true: expected zero byte in first page of freshly initialized page
[test_assign1_1.c-test single page content-L80-12:08:15] OK: expected true: expected zero byte in first page of freshly initialized page
[test_assign1_1.c-test single page content-L80-12:08:15] OK: expected true: expected zero byte in first page of freshly initialized page
[test_assign1_1.c-test single page content-L80-12:08:15] OK: expected true: expected zero byte in first page of freshly initialized page
[test_assign1_1.c-test single page content-L80-12:08:15] OK: expected true: expected zero byte in first page of freshly initialized page
[test_assign1_1.c-test single page content-L80-12:08:15] OK: expected true: expected zero byte in first page of freshly initialized page
[test_assign1_1.c-test single page content-L80-12:08:15] OK: expected true: expected zero byte in first page of freshly initialized page
[test_assign1_1.c-test single page content-L80-12:08:15] OK: expected true: expected zero byte in first page of freshly initialized page
[test_assign1_1.c-test single page content-L80-12:08:15] OK: expected true: expected zero byte in first page of freshly initialized page
[test_assign1_1.c-test single page content-L80-12:08:15] OK: expected true: expected zero byte in first page of freshly initialized page
[test_assign1_1.c-test single page content-L80-12:08:15] OK: expected true: expected zero byte in first page of freshly initialized page
[test_assign1_1.c-test single page content-L80-12:08:15] OK: expected true: expected zero byte in first page of freshly initialized page
[test_assign1_1.c-test single page content-L80-12:08:15] OK: expected true: expected zero byte in first page of freshly initialized page
[test_assign1_1.c-test single page content-L80-12:08:15] OK: expected true: expected zero byte in first page of freshly initialized page
[test_assign1_1.c-test single page content-L80-12:08:15] OK: expected true: expected zero byte in first page of freshly initialized page
[test_assign1_1.c-test single page content-L80-12:08:15] OK: expected true: expected zero byte in first page of freshly initialized page
[test_assign1_1.c-test single page content-L80-12:08:15] OK: expected true: expected zero byte in first page of freshly initialized page
[test_assign1_1.c-test single page content-L80-12:08:15] OK: expected true: expected zero byte in first page of freshly initialized page
[test_assign1_1.c-test single page content-L80-12:08:15] OK: expected true: expected zero byte in first page of freshly initialized page
[test_assign1_1.c-test single page content-L80-12:08:15] OK: expected true: expected zero byte in first page of freshly initialized page
[test_assign1_1.c-test single page content-L80-12:08:15] OK: expected true: expected zero byte in first page of freshly initialized page
[test_assign1_1.c-test single page content-L80-12:08:15] OK: expected true: expected zero byte in first page of freshly initialized page
[test_assign1_1.c-test single page content-L80-12:08:15] OK: expected true: expected zero byte in first page of freshly initialized page
[test_assign1_1.c-test single page content-L80-12:08:15] OK: expected true: expected zero byte in first page of freshly initialized page
[test_assign1_1.c-test single page content-L80-12:08:15] OK: expected true: expected zero byte in first page of freshly initialized page
[test_assign1_1.c-test single page content-L80-12:08:15] OK: expected true: expected zero byte in first page of freshly initialized page
[test_assign1_1.c-test single page content-L80-12:08:15] OK: expected true: expected zero byte in first page of freshly initialized page
[test_assign1_1.c-test single page content-L80-12:08:15] OK: expected true: expected zero byte in first page of freshly initialized page
[test_assign1_1.c-test single page content-L80-12:08:15] OK: expected true: expected zero byte in first page of freshly initialized page
[test_assign1_1.c-test single page content-L80-12:08:15] OK: expected true: expected zero byte in first page of freshly initialized page
[test_assign1_1.c-test single page content-L80-12:08:15] OK: expected true: expected zero byte in first page of freshly initialized page
[test_assign1_1.c-test single page content-L80-12:08:15] OK: expected true: expected zero byte in first page of freshly initialized page
[test_assign1_1.c-test single page content-L80-12:08:15] OK: expected true: expected zero byte in first page of freshly initialized page
[test_assign1_1.c-test single page content-L80-12:08:15] OK: expected true: expected zero byte in first page of freshly initialized page
[test_assign1_1.c-test single page content-L80-12:08:15] OK: expected true: expected zero byte in first page of freshly initialized page
[test_assign1_1.c-test single page content-L80-12:08:15] OK: expected true: expected zero byte in first page of freshly initialized page
[test_assign1_1.c-test single page content-L80-12:08:15] OK: expected true: expected zero byte in first page of freshly initialized page
[test_assign1_1.c-test single page content-L80-12:08:15] OK: expected true: expected zero byte in first page of freshly initialized page
[test_assign1_1.c-test single page content-L80-12:08:15] OK: expected true: expected zero byte in first page of freshly initialized page
[test_assign1_1.c-test single page content-L80-12:08:15] OK: expected true: expected zero byte in first page of freshly initialized page
[test_assign1_1.c-test single page content-L80-12:08:15] OK: expected true: expected zero byte in first page of freshly initialized page
[test_assign1_1.c-test single page content-L80-12:08:15] OK: expected true: expected zero byte in first page of freshly initialized page
[test_assign1_1.c-test single page content-L80-12:08:15] OK: expected true: expected zero byte in first page of freshly initialized page
[test_assign1_1.c-test single page content-L80-12:08:15] OK: expected true: expected zero byte in first page of freshly initialized page
[test_assign1_1.c-test single page content-L80-12:08:15] OK: expected true: expected zero byte in first page of freshly initialized page
[test_assign1_1.c-test single page content-L80-12:08:15] OK: expected true: expected zero byte in first page of freshly initialized page
[test_assign1_1.c-test single page content-L80-12:08:15] OK: expected true: expected zero byte in first page of freshly initialized page
[test_assign1_1.c-test single page content-L80-12:08:15] OK: expected true: expected zero byte in first page of freshly initialized page
[test_assign1_1.c-test single page content-L80-12:08:15] OK: expected true: expected zero byte in first page of freshly initialized page
[test_assign1_1.c-test single page content-L80-12:08:15] OK: expected true: expected zero byte in first page of freshly initialized page
[test_assign1_1.c-test single page content-L80-12:08:15] OK: expected true: expected zero byte in first page of freshly initialized page
[test_assign1_1.c-test single page content-L80-12:08:15] OK: expected true: expected zero byte in first page of freshly initialized page
[test_assign1_1.c-test single page content-L80-12:08:15] OK: expected true: expected zero byte in first page of freshly initialized page
[test_assign1_1.c-test single page content-L80-12:08:15] OK: expected true: expected zero byte in first page of freshly initialized page
[test_assign1_1.c-test single page content-L80-12:08:15] OK: expected true: expected zero byte in first page of freshly initialized page
[test_assign1_1.c-test single page content-L80-12:08:15] OK: expected true: expected zero byte in first page of freshly initialized page
[test_assign1_1.c-test single page content-L80-12:08:15] OK: expected true: expected zero byte in first page of freshly initialized page
[test_assign1_1.c-test single page content-L80-12:08:15] OK: expected true: expected zero byte in first page of freshly initialized page
[test_assign1_1.c-test single page content-L80-12:08:15] OK: expected true: expected zero byte in first page of freshly initialized page
[test_assign1_1.c-test single page content-L80-12:08:15] OK: expected true: expected zero byte in first page of freshly initialized page
[test_assign1_1.c-test single page content-L80-12:08:15] OK: expected true: expected zero byte in first page of freshly initialized page
[test_assign1_1.c-test single page content-L80-12:08:15] OK: expected true: expected zero byte in first page of freshly initialized page
[test_assign1_1.c-test single page content-L80-12:08:15] OK: expected true: expected zero byte in first page of freshly initialized page
[test_assign1_1.c-test single page content-L80-12:08:15] OK: expected true: expected zero byte in first page of freshly initialized page
[test_assign1_1.c-test single page content-L80-12:08:15] OK: expected true: expected zero byte in first page of freshly initialized page
[test_assign1_1.c-test single page content-L80-12:08:15] OK: expected true: expected zero byte in first page of freshly initialized page
[test_assign1_1.c-test single page content-L80-12:08:15] OK: expected true: expected zero byte in first page of freshly initialized page
[test_assign1_1.c-test single page content-L80-12:08:15] OK: expected true: expected zero byte in first page of freshly initialized page
[test_assign1_1.c-test single page content-L80-12:08:15] OK: expected true: expected zero byte in first page of freshly initialized page
[test_assign1_1.c-test single page content-L80-12:08:15] OK: expected true: expected zero byte in first page of freshly initialized page
[test_assign1_1.c-test single page content-L80-12:08:15] OK: expected true: expected zero byte in first page of freshly initialized page
[test_assign1_1.c-test single page content-L80-12:08:15] OK: expected true: expected zero byte in first page of freshly initialized page
[test_assign1_1.c-test single page content-L80-12:08:15] OK: expected true: expected zero byte in first page of freshly initialized page
[test_assign1_1.c-test single page content-L80-12:08:15] OK: expected true: expected zero byte in first page of freshly initialized page
[test_assign1_1.c-test single page content-L80-12:08:15] OK: expected true: expected zero byte in first page of freshly initialized page
[test_assign1_1.c-test single page content-L80-12:08:15] OK: expected true: expected zero byte in first page of freshly initialized page
[test_assign1_1.c-test single page content-L80-12:08:15] OK: expected true: expected zero byte in first page of freshly initialized page
[test_assign1_1.c-test single page content-L80-12:08:15] OK: expected true: expected zero byte in first page of freshly initialized page
[test_assign1_1.c-test single page content-L80-12:08:15] OK: expected true: expected zero byte in first page of freshly initialized page
[test_assign1_1.c-test single page content-L80-12:08:15] OK: expected true: expected zero byte in first page of freshly initialized page
[test_assign1_1.c-test single page content-L80-12:08:15] OK: expected true: expected zero byte in first page of freshly initialized page
[test_assign1_1.c-test single page content-L80-12:08:15] OK: expected true: expected zero byte in first page of freshly initialized page
[test_assign1_1.c-test single page content-L80-12:08:15] OK: expected true: expected zero byte in first page of freshly initialized page
[test_assign1_1.c-test single page content-L80-12:08:15] OK: expected true: expected zero byte in first page of freshly initialized page
[test_assign1_1.c-test single page content-L80-12:08:15] OK: expected true: expected zero byte in first page of freshly initialized page
[test_assign1_1.c-test single page content-L80-12:08:15] OK: expected true: expected zero byte in first page of freshly initialized page
[test_assign1_1.c-test single page content-L80-12:08:15] OK: expected true: expected zero byte in first page of freshly initialized page
[test_assign1_1.c-test single page content-L80-12:08:15] OK: expected true: expected zero byte in first page of freshly initialized page
[test_assign1_1.c-test single page content-L80-12:08:15] OK: expected true: expected zero byte in first page of freshly initialized page
[test_assign1_1.c-test single page content-L80-12:08:15] OK: expected true: expected zero byte in first page of freshly initialized page
[test_assign1_1.c-test single page content-L80-12:08:15] OK: expected true: expected zero byte in first page of freshly initialized page
[test_assign1_1.c-test single page content-L80-12:08:15] OK: expected true: expected zero byte in first page of freshly initialized page
[test_assign1_1.c-test single page content-L80-12:08:15] OK: expected true: expected zero byte in first page of freshly initialized page
[test_assign1_1.c-test single page content-L80-12:08:15] OK: expected true: expected zero byte in first page of freshly initialized page
[test_assign1_1.c-test single page content-L80-12:08:15] OK: expected true: expected zero byte in first page of freshly initialized page
[test_assign1_1.c-test single page content-L80-12:08:15] OK: expected true: expected zero byte in first page of freshly initialized page
[test_assign1_1.c-test single page content-L80-12:08:15] OK: expected true: expected zero byte in first page of freshly initialized page
[test_assign1_1.c-test single page content-L80-12:08:15] OK: expected true: expected zero byte in first page of freshly initialized page
[test_assign1_1.c-test single page content-L80-12:08:15] OK: expected true: expected zero byte in first page of freshly initialized page
[test_assign1_1.c-test single page content-L80-12:08:15] OK: expected true: expected zero byte in first page of freshly initialized page
[test_assign1_1.c-test single page content-L80-12:08:15] OK: expected true: expected zero byte in first page of freshly initialized page
[test_assign1_1.c-test single page content-L80-12:08:15] OK: expected true: expected zero byte in first page of freshly initialized page
[test_assign1_1.c-test single page content-L80-12:08:15] OK: expected true: expected zero byte in first page of freshly initialized page
[test_assign1_1.c-test single page content-L80-12:08:15] OK: expected true: expected zero byte in first page of freshly initialized page
[test_assign1_1.c-test single page content-L80-12:08:15] OK: expected true: expected zero byte in first page of freshly initialized page
[test_assign1_1.c-test single page content-L80-12:08:15] OK: expected true: expected zero byte in first page of freshly initialized page
[test_assign1_1.c-test single page content-L80-12:08:15] OK: expected true: expected zero byte in first page of freshly initialized page
[test_assign1_1.c-test single page content-L80-12:08:15] OK: expected true: expected zero byte in first page of freshly initialized page
[test_assign1_1.c-test single page content-L80-12:08:15] OK: expected true: expected zero byte in first page of freshly initialized page
[test_assign1_1.c-test single page content-L80-12:08:15] OK: expected true: expected zero byte in first page of freshly initialized page
[test_assign1_1.c-test single page content-L80-12:08:15] OK: expected true: expected zero byte in first page of freshly initialized page
[test_assign1_1.c-test single page content-L80-12:08:15] OK: expected true: expected zero byte in first page of freshly initialized page
[test_assign1_1.c-test single page content-L80-12:08:15] OK: expected true: expected zero byte in first page of freshly initialized page
[test_assign1_1.c-test single page content-L80-12:08:15] OK: expected true: expected zero byte in first page of freshly initialized page
[test_assign1_1.c-test single page content-L80-12:08:15] OK: expected true: expected zero byte in first page of freshly initialized page
[test_assign1_1.c-test single page content-L80-12:08:15] OK: expected true: expected zero byte in first page of freshly initialized page
[test_assign1_1.c-test single page content-L80-12:08:15] OK: expected true: expected zero byte in first page of freshly initialized page
[test_assign1_1.c-test single page content-L80-12:08:15] OK: expected true: expected zero byte in first page of freshly initialized page
[test_assign1_1.c-test single page content-L80-12:08:15] OK: expected true: expected zero byte in first page of freshly initialized page
[test_assign1_1.c-test single page content-L80-12:08:15] OK: expected true: expected zero byte in first page of freshly initialized page
[test_assign1_1.c-test single page content-L80-12:08:15] OK: expected true: expected zero byte in first page of freshly initialized page
[test_assign1_1.c-test single page content-L80-12:08:15] OK: expected true: expected zero byte in first page of freshly initialized page
[test_assign1_1.c-test single page content-L80-12:08:15] OK: expected true: expected zero byte in first page of freshly initialized page
[test_assign1_1.c-test single page content-L80-12:08:15] OK: expected true: expected zero byte in first page of freshly initialized page
[test_assign1_1.c-test single page content-L80-12:08:15] OK: expected true: expected zero byte in first page of freshly initialized page
[test_assign1_1.c-test single page content-L80-12:08:15] OK: expected true: expected zero byte in first page of freshly initialized page
[test_assign1_1.c-test single page content-L80-12:08:15] OK: expected true: expected zero byte in first page of freshly initialized page
[test_assign1_1.c-test single page content-L80-12:08:15] OK: expected true: expected zero byte in first page of freshly initialized page
[test_assign1_1.c-test single page content-L80-12:08:15] OK: expected true: expected zero byte in first page of freshly initialized page
[test_assign1_1.c-test single page content-L80-12:08:15] OK: expected true: expected zero byte in first page of freshly initialized page
[test_assign1_1.c-test single page content-L80-12:08:15] OK: expected true: expected zero byte in first page of freshly initialized page
[test_assign1_1.c-test single page content-L80-12:08:15] OK: expected true: expected zero byte in first page of freshly initialized page
[test_assign1_1.c-test single page content-L80-12:08:15] OK: expected true: expected zero byte in first page of freshly initialized page
[test_assign1_1.c-test single page content-L80-12:08:15] OK: expected true: expected zero byte in first page of freshly initialized page
[test_assign1_1.c-test single page content-L80-12:08:15] OK: expected true: expected zero byte in first page of freshly initialized page
[test_assign1_1.c-test single page content-L80-12:08:15] OK: expected true: expected zero byte in first page of freshly initialized page
[test_assign1_1.c-test single page content-L80-12:08:15] OK: expected true: expected zero byte in first page of freshly initialized page
[test_assign1_1.c-test single page content-L80-12:08:15] OK: expected true: expected zero byte in first page of freshly initialized page
[test_assign1_1.c-test single page content-L80-12:08:15] OK: expected true: expected zero byte in first page of freshly initialized page
[test_assign1_1.c-test single page content-L80-12:08:15] OK: expected true: expected zero byte in first page of freshly initialized page
[test_assign1_1.c-test single page content-L80-12:08:15] OK: expected true: expected zero byte in first page of freshly initialized page
[test_assign1_1.c-test single page content-L80-12:08:15] OK: expected true: expected zero byte in first page of freshly initialized page
[test_assign1_1.c-test single page content-L80-12:08:15] OK: expected true: expected zero byte in first page of freshly initialized page
[test_assign1_1.c-test single page content-L80-12:08:15] OK: expected true: expected zero byte in first page of freshly initialized page
[test_assign1_1.c-test single page content-L80-12:08:15] OK: expected true: expected zero byte in first page of freshly initialized page
[test_assign1_1.c-test single page content-L80-12:08:15] OK: expected true: expected zero byte in first page of freshly initialized page
[test_assign1_1.c-test single page content-L80-12:08:15] OK: expected true: expected zero byte in first page of freshly initialized page
[test_assign1_1.c-test single page content-L80-12:08:15] OK: expected true: expected zero byte in first page of freshly initialized page
[test_assign1_1.c-test single page content-L80-12:08:15] OK: expected true: expected zero byte in first page of freshly initialized page
[test_assign1_1.c-test single page content-L80-12:08:15] OK: expected true: expected zero byte in first page of freshly initialized page
[test_assign1_1.c-test single page content-L80-12:08:15] OK: expected true: expected zero byte in first page of freshly initialized page
[test_assign1_1.c-test single page content-L80-12:08:15] OK: expected true: expected zero byte in first page of freshly initialized page
[test_assign1_1.c-test single page content-L80-12:08:15] OK: expected true: expected zero byte in first page of freshly initialized page
[test_assign1_1.c-test single page content-L80-12:08:15] OK: expected true: expected zero byte in first page of freshly initialized page
[test_assign1_1.c-test single page content-L80-12:08:15] OK: expected true: expected zero byte in first page of freshly initialized page
[test_assign1_1.c-test single page content-L80-12:08:15] OK: expected true: expected zero byte in first page of freshly initialized page
[test_assign1_1.c-test single page content-L80-12:08:15] OK: expected true: expected zero byte in first page of freshly initialized page
[test_assign1_1.c-test single page content-L80-12:08:15] OK: expected true: expected zero byte in first page of freshly initialized page
[test_assign1_1.c-test single page content-L80-12:08:15] OK: expected true: expected zero byte in first page of freshly initialized page
[test_assign1_1.c-test single page content-L80-12:08:15] OK: expected true: expected zero byte in first page of freshly initialized page
[test_assign1_1.c-test single page content-L80-12:08:15] OK: expected true: expected zero byte in first page of freshly initialized page
[test_assign1_1.c-test single page content-L80-12:08:15] OK: expected true: expected zero byte in first page of freshly initialized page
[test_assign1_1.c-test single page content-L80-12:08:15] OK: expected true: expected zero byte in first page of freshly initialized page
[test_assign1_1.c-test single page content-L80-12:08:15] OK: expected true: expected zero byte in first page of freshly initialized page
[test_assign1_1.c-test single page content-L80-12:08:15] OK: expected true: expected zero byte in first page of freshly initialized page
[test_assign1_1.c-test single page content-L80-12:08:15] OK: expected true: expected zero byte in first page of freshly initialized page
[test_assign1_1.c-test single page content-L80-12:08:15] OK: expected true: expected zero byte in first page of freshly initialized page
[test_assign1_1.c-test single page content-L80-12:08:15] OK: expected true: expected zero byte in first page of freshly initialized page
[test_assign1_1.c-test single page content-L80-12:08:15] OK: expected true: expected zero byte in first page of freshly initialized page
[test_assign1_1.c-test single page content-L80-12:08:15] OK: expected true: expected zero byte in first page of freshly initialized page
[test_assign1_1.c-test single page content-L80-12:08:15] OK: expected true: expected zero byte in first page of freshly initialized page
[test_assign1_1.c-test single page content-L80-12:08:15] OK: expected true: expected zero byte in first page of freshly initialized page
[test_assign1_1.c-test single page content-L80-12:08:15] OK: expected true: expected zero byte in first page of freshly initialized page
[test_assign1_1.c-test single page content-L80-12:08:15] OK: expected true: expected zero byte in first page of freshly initialized page
[test_assign1_1.c-test single page content-L80-12:08:15] OK: expected true: expected zero byte in first page of freshly initialized page
[test_assign1_1.c-test single page content-L80-12:08:15] OK: expected true: expected zero byte in first page of freshly initialized page
[test_assign1_1.c-test single page content-L80-12:08:15] OK: expected true: expected zero byte in first page of freshly initialized page
[test_assign1_1.c-test single page content-L80-12:08:15] OK: expected true: expected zero byte in first page of freshly initialized page
[test_assign1_1.c-test single page content-L80-12:08:15] OK: expected true: expected zero byte in first page of freshly initialized page
[test_assign1_1.c-test single page content-L80-12:08:15] OK: expected true: expected zero byte in first page of freshly initialized page
[test_assign1_1.c-test single page content-L80-12:08:15] OK: expected true: expected zero byte in first page of freshly initialized page
[test_assign1_1.c-test single page content-L80-12:08:15] OK: expected true: expected zero byte in first page of freshly initialized page
[test_assign1_1.c-test single page content-L80-12:08:15] OK: expected true: expected zero byte in first page of freshly initialized page
[test_assign1_1.c-test single page content-L80-12:08:15] OK: expected true: expected zero byte in first page of freshly initialized page
[test_assign1_1.c-test single page content-L80-12:08:15] OK: expected true: expected zero byte in first page of freshly initialized page
[test_assign1_1.c-test single page content-L80-12:08:15] OK: expected true: expected zero byte in first page of freshly initialized page
[test_assign1_1.c-test single page content-L80-12:08:15] OK: expected true: expected zero byte in first page of freshly initialized page
[test_assign1_1.c-test single page content-L80-12:08:15] OK: expected true: expected zero byte in first page of freshly initialized page
[test_assign1_1.c-test single page content-L80-12:08:15] OK: expected true: expected zero byte in first page of freshly initialized page
[test_assign1_1.c-test single page content-L80-12:08:15] OK: expected true: expected zero byte in first page of freshly initialized page
[test_assign1_1.c-test single page content-L80-12:08:15] OK: expected true: expected zero byte in first page of freshly initialized page
[test_assign1_1.c-test single page content-L80-12:08:15] OK: expected true: expected zero byte in first page of freshly initialized page
[test_assign1_1.c-test single page content-L80-12:08:15] OK: expected true: expected zero byte in first page of freshly initialized page
[test_assign1_1.c-test single page content-L80-12:08:15] OK: expected true: expected zero byte in first page of freshly initialized page
[test_assign1_1.c-test single page content-L80-12:08:15] OK: expected true: expected zero byte in first page of freshly initialized page
[test_assign1_1.c-test single page content-L80-12:08:15] OK: expected true: expected zero byte in first page of freshly initialized page
[test_assign1_1.c-test single page content-L80-12:08:15] OK: expected true: expected zero byte in first page of freshly initialized page
[test_assign1_1.c-test single page content-L80-12:08:15] OK: expected true: expected zero byte in first page of freshly initialized page
[test_assign1_1.c-test single page content-L80-12:08:15] OK: expected true: expected zero byte in first page of freshly initialized page
[test_assign1_1.c-test single page content-L80-12:08:15] OK: expected true: expected zero byte in first page of freshly initialized page
[test_assign1_1.c-test single page content-L80-12:08:15] OK: expected true: expected zero byte in first page of freshly initialized page
[test_assign1_1.c-test single page content-L80-12:08:15] OK: expected true: expected zero byte in first page of freshly initialized page
[test_assign1_1.c-test single page content-L80-12:08:15] OK: expected true: expected zero byte in first page of freshly initialized page
[test_assign1_1.c-test single page content-L80-12:08:15] OK: expected true: expected zero byte in first page of freshly initialized page
[test_assign1_1.c-test single page content-L80-12:08:15] OK: expected true: expected zero byte in first page of freshly initialized page
[test_assign1_1.c-test single page content-L80-12:08:15] OK: expected true: expected zero byte in first page of freshly initialized page
[test_assign1_1.c-test single page content-L80-12:08:15] OK: expected true: expected zero byte in first page of freshly initialized page
[test_assign1_1.c-test single page content-L80-12:08:15] OK: expected true: expected zero byte in first page of freshly initialized page
[test_assign1_1.c-test single page content-L80-12:08:15] OK: expected true: expected zero byte in first page of freshly initialized page
[test_assign1_1.c-test single page content-L80-12:08:15] OK: expected true: expected zero byte in first page of freshly initialized page
[test_assign1_1.c-test single page content-L80-12:08:15] OK: expected true: expected zero byte in first page of freshly initialized page
[test_assign1_1.c-test single page content-L80-12:08:15] OK: expected true: expected zero byte in first page of freshly initialized page
[test_assign1_1.c-test single page content-L80-12:08:15] OK: expected true: expected zero byte in first page of freshly initialized page
[test_assign1_1.c-test single page content-L80-12:08:15] OK: expected true: expected zero byte in first page of freshly initialized page
[test_assign1_1.c-test single page content-L80-12:08:15] OK: expected true: expected zero byte in first page of freshly initialized page
[test_assign1_1.c-test single page content-L80-12:08:15] OK: expected true: expected zero byte in first page of freshly initialized page
[test_assign1_1.c-test single page content-L80-12:08:15] OK: expected true: expected zero byte in first page of freshly initialized page
[test_assign1_1.c-test single page content-L80-12:08:15] OK: expected true: expected zero byte in first page of freshly initialized page
[test_assign1_1.c-test single page content-L80-12:08:15] OK: expected true: expected zero byte in first page of freshly initialized page
[test_assign1_1.c-test single page content-L80-12:08:15] OK: expected true: expected zero byte in first page of freshly initialized page
[test_assign1_1.c-test single page content-L80-12:08:15] OK: expected true: expected zero byte in first page of freshly initialized page
[test_assign1_1.c-test single page content-L80-12:08:15] OK: expected true: expected zero byte in first page of freshly initialized page
[test_assign1_1.c-test single page content-L80-12:08:15] OK: expected true: expected zero byte in first page of freshly initialized page
[test_assign1_1.c-test single page content-L80-12:08:15] OK: expected true: expected zero byte in first page of freshly initialized page
[test_assign1_1.c-test single page content-L80-12:08:15] OK: expected true: expected zero byte in first page of freshly initialized page
[test_assign1_1.c-test single page content-L80-12:08:15] OK: expected true: expected zero byte in first page of freshly initialized page
[test_assign1_1.c-test single page content-L80-12:08:15] OK: expected true: expected zero byte in first page of freshly initialized page
[test_assign1_1.c-test single page content-L80-12:08:15] OK: expected true: expected zero byte in first page of freshly initialized page
[test_assign1_1.c-test single page content-L80-12:08:15] OK: expected true: expected zero byte in first page of freshly initialized page
[test_assign1_1.c-test single page content-L80-12:08:15] OK: expected true: expected zero byte in first page of freshly initialized page
[test_assign1_1.c-test single page content-L80-12:08:15] OK: expected true: expected zero byte in first page of freshly initialized page
[test_assign1_1.c-test single page content-L80-12:08:15] OK: expected true: expected zero byte in first page of freshly initialized page
[test_assign1_1.c-test single page content-L80-12:08:15] OK: expected true: expected zero byte in first page of freshly initialized page
[test_assign1_1.c-test single page content-L80-12:08:15] OK: expected true: expected zero byte in first page of freshly initialized page
[test_assign1_1.c-test single page content-L80-12:08:15] OK: expected true: expected zero byte in first page of freshly initialized page
[test_assign1_1.c-test single page content-L80-12:08:15] OK: expected true: expected zero byte in first page of freshly initialized page
[test_assign1_1.c-test single page content-L80-12:08:15] OK: expected true: expected zero byte in first page of freshly initialized page
[test_assign1_1.c-test single page content-L80-12:08:15] OK: expected true: expected zero byte in first page of freshly initialized page
[test_assign1_1.c-test single page content-L80-12:08:15] OK: expected true: expected zero byte in first page of freshly initialized page
[test_assign1_1.c-test single page content-L80-12:08:15] OK: expected true: expected zero byte in first page of freshly initialized page
[test_assign1_1.c-test single page content-L80-12:08:15] OK: expected true: expected zero byte in first page of freshly initialized page
[test_assign1_1.c-test single page content-L80-12:08:15] OK: expected true: expected zero byte in first page of freshly initialized page
[test_assign1_1.c-test single page content-L80-12:08:15] OK: expected true: expected zero byte in first page of freshly initialized page
[test_assign1_1.c-test single page content-L80-12:08:15] OK: expected true: expected zero byte in first page of freshly initialized page
[test_assign1_1.c-test single page content-L80-12:08:15] OK: expected true: expected zero byte in first page of freshly initialized page
[test_assign1_1.c-test single page content-L80-12:08:15] OK: expected true: expected zero byte in first page of freshly initialized page
[test_assign1_1.c-test single page content-L80-12:08:15] OK: expected true: expected zero byte in first page of freshly initialized page
[test_assign1_1.c-test single page content-L80-12:08:15] OK: expected true: expected zero byte in first page of freshly initialized page
[test_assign1_1.c-test single page content-L80-12:08:15] OK: expected true: expected zero byte in first page of freshly initialized page
[test_assign1_1.c-test single page content-L80-12:08:15] OK: expected true: expected zero byte in first page of freshly initialized page
[test_assign1_1.c-test single page content-L80-12:08:15] OK: expected true: expected zero byte in first page of freshly initialized page
[test_assign1_1.c-test single page content-L80-12:08:15] OK: expected true: expected zero byte in first page of freshly initialized page
[test_assign1_1.c-test single page content-L80-12:08:15] OK: expected true: expected zero byte in first page of freshly initialized page
[test_assign1_1.c-test single page content-L80-12:08:15] OK: expected true: expected zero byte in first page of freshly initialized page
[test_assign1_1.c-test single page content-L80-12:08:15] OK: expected true: expected zero byte in first page of freshly initialized page
[test_assign1_1.c-test single page content-L80-12:08:15] OK: expected true: expected zero byte in first page of freshly initialized page
[test_assign1_1.c-test single page content-L80-12:08:15] OK: expected true: expected zero byte in first page of freshly initialized page
[test_assign1_1.c-test single page content-L80-12:08:15] OK: expected true: expected zero byte in first page of freshly initialized page
[test_assign1_1.c-test single page content-L80-12:08:15] OK: expected true: expected zero byte in first page of freshly initialized page
[test_assign1_1.c-test single page content-L80-12:08:15] OK: expected true: expected zero byte in first page of freshly initialized page
[test_assign1_1.c-test single page content-L80-12:08:15] OK: expected true: expected zero byte in first page of freshly initialized page
[test_assign1_1.c-test single page content-L80-12:08:15] OK: expected true: expected zero byte in first page of freshly initialized page
[test_assign1_1.c-test single page content-L80-12:08:15] OK: expected true: expected zero byte in first page of freshly initialized page
[test_assign1_1.c-test single page content-L80-12:08:15] OK: expected true: expected zero byte in first page of freshly initialized page
[test_assign1_1.c-test single page content-L80-12:08:15] OK: expected true: expected zero byte in first page of freshly initialized page
[test_assign1_1.c-test single page content-L80-12:08:15] OK: expected true: expected zero byte in first page of freshly initialized page
[test_assign1_1.c-test single page content-L80-12:08:15] OK: expected true: expected zero byte in first page of freshly initialized page
[test_assign1_1.c-test single page content-L80-12:08:15] OK: expected true: expected zero byte in first page of freshly initialized page
[test_assign1_1.c-test single page content-L80-12:08:15] OK: expected true: expected zero byte in first page of freshly initialized page
[test_assign1_1.c-test single page content-L80-12:08:15] OK: expected true: expected zero byte in first page of freshly initialized page
[test_assign1_1.c-test single page content-L80-12:08:15] OK: expected true: expected zero byte in first page of freshly initialized page
[test_assign1_1.c-test single page content-L80-12:08:15] OK: expected true: expected zero byte in first page of freshly initialized page
[test_assign1_1.c-test single page content-L80-12:08:15] OK: expected true: expected zero byte in first page of freshly initialized page
[test_assign1_1.c-test single page content-L80-12:08:15] OK: expected true: expected zero byte in first page of freshly initialized page
[test_assign1_1.c-test single page content-L80-12:08:15] OK: expected true: expected zero byte in first page of freshly initialized page
[test_assign1_1.c-test single page content-L80-12:08:15] OK: expected true: expected zero byte in first page of freshly initialized page
[test_assign1_1.c-test single page content-L80-12:08:15] OK: expected true: expected zero byte in first page of freshly initialized page
[test_assign1_1.c-test single page content-L80-12:08:15] OK: expected true: expected zero byte in first page of freshly initialized page
[test_assign1_1.c-test single page content-L80-12:08:15] OK: expected true: expected zero byte in first page of freshly initialized page
[test_assign1_1.c-test single page content-L80-12:08:15] OK: expected true: expected zero byte in first page of freshly initialized page
[test_assign1_1.c-test single page content-L80-12:08:15] OK: expected true: expected zero byte in first page of freshly initialized page
[test_assign1_1.c-test single page content-L80-12:08:15] OK: expected true: expected zero byte in first page of freshly initialized page
[test_assign1_1.c-test single page content-L80-12:08:15] OK: expected true: expected zero byte in first page of freshly initialized page
[test_assign1_1.c-test single page content-L80-12:08:15] OK: expected true: expected zero byte in first page of freshly initialized page
[test_assign1_1.c-test single page content-L80-12:08:15] OK: expected true: expected zero byte in first page of freshly initialized page
[test_assign1_1.c-test single page content-L80-12:08:15] OK: expected true: expected zero byte in first page of freshly initialized page
[test_assign1_1.c-test single page content-L80-12:08:15] OK: expected true: expected zero byte in first page of freshly initialized page
[test_assign1_1.c-test single page content-L80-12:08:15] OK: expected true: expected zero byte in first page of freshly initialized page
[test_assign1_1.c-test single page content-L80-12:08:15] OK: expected true: expected zero byte in first page of freshly initialized page
[test_assign1_1.c-test single page content-L80-12:08:15] OK: expected true: expected zero byte in first page of freshly initialized page
[test_assign1_1.c-test single page content-L80-12:08:15] OK: expected true: expected zero byte in first page of freshly initialized page
[test_assign1_1.c-test single page content-L80-12:08:15] OK: expected true: expected zero byte in first page of freshly initialized page
[test_assign1_1.c-test single page content-L80-12:08:15] OK: expected true: expected zero byte in first page of freshly initialized page
[test_assign1_1.c-test single page content-L80-12:08:15] OK: expected true: expected zero byte in first page of freshly initialized page
[test_assign1_1.c-test single page content-L80-12:08:15] OK: expected true: expected zero byte in first page of freshly initialized page
[test_assign1_1.c-test single page content-L80-12:08:15] OK: expected true: expected zero byte in first page of freshly initialized page
[test_assign1_1.c-test single page content-L80-12:08:15] OK: expected true: expected zero byte in first page of freshly initialized page
[test_assign1_1.c-test single page content-L80-12:08:15] OK: expected true: expected zero byte in first page of freshly initialized page
[test_assign1_1.c-test single page content-L80-12:08:15] OK: expected true: expected zero byte in first page of freshly initialized page
[test_assign1_1.c-test single page content-L80-12:08:15] OK: expected true: expected zero byte in first page of freshly initialized page
[test_assign1_1.c-test single page content-L80-12:08:15] OK: expected true: expected zero byte in first page of freshly initialized page
[test_assign1_1.c-test single page content-L80-12:08:15] OK: expected true: expected zero byte in first page of freshly initialized page
[test_assign1_1.c-test single page content-L80-12:08:15] OK: expected true: expected zero byte in first page of freshly initialized page
[test_assign1_1.c-test single page content-L80-12:08:15] OK: expected true: expected zero byte in first page of freshly initialized page
[test_assign1_1.c-test single page content-L80-12:08:15] OK: expected true: expected zero byte in first page of freshly initialized page
[test_assign1_1.c-test single page content-L80-12:08:15] OK: expected true: expected zero byte in first page of freshly initialized page
[test_assign1_1.c-test single page content-L80-12:08:15] OK: expected true: expected zero byte in first page of freshly initialized page
[test_assign1_1.c-test single page content-L80-12:08:15] OK: expected true: expected zero byte in first page of freshly initialized page
[test_assign1_1.c-test single page content-L80-12:08:15] OK: expected true: expected zero byte in first page of freshly initialized page
[test_assign1_1.c-test single page content-L80-12:08:15] OK: expected true: expected zero byte in first page of freshly initialized page
[test_assign1_1.c-test single page content-L80-12:08:15] OK: expected true: expected zero byte in first page of freshly initialized page
[test_assign1_1.c-test single page content-L80-12:08:15] OK: expected true: expected zero byte in first page of freshly initialized page
[test_assign1_1.c-test single page content-L80-12:08:15] OK: expected true: expected zero byte in first page of freshly initialized page
[test_assign1_1.c-test single page content-L80-12:08:15] OK: expected true: expected zero byte in first page of freshly initialized page
[test_assign1_1.c-test single page content-L80-12:08:15] OK: expected true: expected zero byte in first page of freshly initialized page
[test_assign1_1.c-test single page content-L80-12:08:15] OK: expected true: expected zero byte in first page of freshly initialized page
[test_assign1_1.c-test single page content-L80-12:08:15] OK: expected true: expected zero byte in first page of freshly initialized page
[test_assign1_1.c-test single page content-L80-12:08:15] OK: expected true: expected zero byte in first page of freshly initialized page
[test_assign1_1.c-test single page content-L80-12:08:15] OK: expected true: expected zero byte in first page of freshly initialized page
[test_assign1_1.c-test single page content-L80-12:08:15] OK: expected true: expected zero byte in first page of freshly initialized page
[test_assign1_1.c-test single page content-L80-12:08:15] OK: expected true: expected zero byte in first page of freshly initialized page
[test_assign1_1.c-test single page content-L80-12:08:15] OK: expected true: expected zero byte in first page of freshly initialized page
[test_assign1_1.c-test single page content-L80-12:08:15] OK: expected true: expected zero byte in first page of freshly initialized page
[test_assign1_1.c-test single page content-L80-12:08:15] OK: expected true: expected zero byte in first page of freshly initialized page
[test_assign1_1.c-test single page content-L80-12:08:15] OK: expected true: expected zero byte in first page of freshly initialized page
[test_assign1_1.c-test single page content-L80-12:08:15] OK: expected true: expected zero byte in first page of freshly initialized page
[test_assign1_1.c-test single page content-L80-12:08:15] OK: expected true: expected zero byte in first page of freshly initialized page
[test_assign1_1.c-test single page content-L80-12:08:15] OK: expected true: expected zero byte in first page of freshly initialized page
[test_assign1_1.c-test single page content-L80-12:08:15] OK: expected true: expected zero byte in first page of freshly initialized page
[test_assign1_1.c-test single page content-L80-12:08:15] OK: expected true: expected zero byte in first page of freshly initialized page
[test_assign1_1.c-test single page content-L80-12:08:15] OK: expected true: expected zero byte in first page of freshly initialized page
[test_assign1_1.c-test single page content-L80-12:08:15] OK: expected true: expected zero byte in first page of freshly initialized page
[test_assign1_1.c-test single page content-L80-12:08:15] OK: expected true: expected zero byte in first page of freshly initialized page
[test_assign1_1.c-test single page content-L80-12:08:15] OK: expected true: expected zero byte in first page of freshly initialized page
[test_assign1_1.c-test single page content-L80-12:08:15] OK: expected true: expected zero byte in first page of freshly initialized page
[test_assign1_1.c-test single page content-L80-12:08:15] OK: expected true: expected zero byte in first page of freshly initialized page
[test_assign1_1.c-test single page content-L80-12:08:15] OK: expected true: expected zero byte in first page of freshly initialized page
[test_assign1_1.c-test single page content-L80-12:08:15] OK: expected true: expected zero byte in first page of freshly initialized page
[test_assign1_1.c-test single page content-L80-12:08:15] OK: expected true: expected zero byte in first page of freshly initialized page
[test_assign1_1.c-test single page content-L80-12:08:15] OK: expected true: expected zero byte in first page of freshly initialized page
[test_assign1_1.c-test single page content-L80-12:08:15] OK: expected true: expected zero byte in first page of freshly initialized page
[test_assign1_1.c-test single page content-L80-12:08:15] OK: expected true: expected zero byte in first page of freshly initialized page
[test_assign1_1.c-test single page content-L80-12:08:15] OK: expected true: expected zero byte in first page of freshly initialized page
[test_assign1_1.c-test single page content-L80-12:08:15] OK: expected true: expected zero byte in first page of freshly initialized page
[test_assign1_1.c-test single page content-L80-12:08:15] OK: expected true: expected zero byte in first page of freshly initialized page
[test_assign1_1.c-test single page content-L80-12:08:15] OK: expected true: expected zero byte in first page of freshly initialized page
[test_assign1_1.c-test single page content-L80-12:08:15] OK: expected true: expected zero byte in first page of freshly initialized page
[test_assign1_1.c-test single page content-L80-12:08:15] OK: expected true: expected zero byte in first page of freshly initialized page
[test_assign1_1.c-test single page content-L80-12:08:15] OK: expected true: expected zero byte in first page of freshly initialized page
[test_assign1_1.c-test single page content-L80-12:08:15] OK: expected true: expected zero byte in first page of freshly initialized page
[test_assign1_1.c-test single page content-L80-12:08:15] OK: expected true: expected zero byte in first page of freshly initialized page
[test_assign1_1.c-test single page content-L80-12:08:15] OK: expected true: expected zero byte in first page of freshly initialized page
[test_assign1_1.c-test single page content-L80-12:08:15] OK: expected true: expected zero byte in first page of freshly initialized page
[test_assign1_1.c-test single page content-L80-12:08:15] OK: expected true: expected zero byte in first page of freshly initialized page
[test_assign1_1.c-test single page content-L80-12:08:15] OK: expected true: expected zero byte in first page of freshly initialized page
[test_assign1_1.c-test single page content-L80-12:08:15] OK: expected true: expected zero byte in first page of freshly initialized page
[test_assign1_1.c-test single page content-L80-12:08:15] OK: expected true: expected zero byte in first page of freshly initialized page
[test_assign1_1.c-test single page content-L80-12:08:15] OK: expected true: expected zero byte in first page of freshly initialized page
[test_assign1_1.c-test single page content-L80-12:08:15] OK: expected true: expected zero byte in first page of freshly initialized page
[test_assign1_1.c-test single page content-L80-12:08:15] OK: expected true: expected zero byte in first page of freshly initialized page
[test_assign1_1.c-test single page content-L80-12:08:15] OK: expected true: expected zero byte in first page of freshly initialized page
[test_assign1_1.c-test single page content-L80-12:08:15] OK: expected true: expected zero byte in first page of freshly initialized page
[test_assign1_1.c-test single page content-L80-12:08:15] OK: expected true: expected zero byte in first page of freshly initialized page
[test_assign1_1.c-test single page content-L80-12:08:15] OK: expected true: expected zero byte in first page of freshly initialized page
[test_assign1_1.c-test single page content-L80-12:08:15] OK: expected true: expected zero byte in first page of freshly initialized page
[test_assign1_1.c-test single page content-L80-12:08:15] OK: expected true: expected zero byte in first page of freshly initialized page
[test_assign1_1.c-test single page content-L80-12:08:15] OK: expected true: expected zero byte in first page of freshly initialized page
[test_assign1_1.c-test single page content-L80-12:08:15] OK: expected true: expected zero byte in first page of freshly initialized page
[test_assign1_1.c-test single page content-L80-12:08:15] OK: expected true: expected zero byte in first page of freshly initialized page
[test_assign1_1.c-test single page content-L80-12:08:15] OK: expected true: expected zero byte in first page of freshly initialized page
[test_assign1_1.c-test single page content-L80-12:08:15] OK: expected true: expected zero byte in first page of freshly initialized page
[test_assign1_1.c-test single page content-L80-12:08:15] OK: expected true: expected zero byte in first page of freshly initialized page
[test_assign1_1.c-test single page content-L80-12:08:15] OK: expected true: expected zero byte in first page of freshly initialized page
[test_assign1_1.c-test single page content-L80-12:08:15] OK: expected true: expected zero byte in first page of freshly initialized page
[test_assign1_1.c-test single page content-L80-12:08:15] OK: expected true: expected zero byte in first page of freshly initialized page
[test_assign1_1.c-test single page content-L80-12:08:15] OK: expected true: expected zero byte in first page of freshly initialized page
[test_assign1_1.c-test single page content-L80-12:08:15] OK: expected true: expected zero byte in first page of freshly initialized page
[test_assign1_1.c-test single page content-L80-12:08:15] OK: expected true: expected zero byte in first page of freshly initialized page
[test_assign1_1.c-test single page content-L80-12:08:15] OK: expected true: expected zero byte in first page of freshly initialized page
[test_assign1_1.c-test single page content-L80-12:08:15] OK: expected true: expected zero byte in first page of freshly initialized page
[test_assign1_1.c-test single page content-L80-12:08:15] OK: expected true: expected zero byte in first page of freshly initialized page
[test_assign1_1.c-test single page content-L80-12:08:15] OK: expected true: expected zero byte in first page of freshly initialized page
[test_assign1_1.c-test single page content-L80-12:08:15] OK: expected true: expected zero byte in first page of freshly initialized page
[test_assign1_1.c-test single page content-L80-12:08:15] OK: expected true: expected zero byte in first page of freshly initialized page
[test_assign1_1.c-test single page content-L80-12:08:15] OK: expected true: expected zero byte in first page of freshly initialized page
[test_assign1_1.c-test single page content-L80-12:08:15] OK: expected true: expected zero byte in first page of freshly initialized page
[test_assign1_1.c-test single page content-L80-12:08:15] OK: expected true: expected zero byte in first page of freshly initialized page
[test_assign1_1.c-test single page content-L80-12:08:15] OK: expected true: expected zero byte in first page of freshly initialized page
[test_assign1_1.c-test single page content-L80-12:08:15] OK: expected true: expected zero byte in first page of freshly initialized page
[test_assign1_1.c-test single page content-L80-12:08:15] OK: expected true: expected zero byte in first page of freshly initialized page
[test_assign1_1.c-test single page content-L80-12:08:15] OK: expected true: expected zero byte in first page of freshly initialized page
[test_assign1_1.c-test single page content-L80-12:08:15] OK: expected true: expected zero byte in first page of freshly initialized page
[test_assign1_1.c-test single page content-L80-12:08:15] OK: expected true: expected zero byte in first page of freshly initialized page
[test_assign1_1.c-test single page content-L80-12:08:15] OK: expected true: expected zero byte in first page of freshly initialized page
[test_assign1_1.c-test single page content-L80-12:08:15] OK: expected true: expected zero byte in first page of freshly initialized page
[test_assign1_1.c-test single page content-L80-12:08:15] OK: expected true: expected zero byte in first page of freshly initialized page
[test_assign1_1.c-test single page content-L80-12:08:15] OK: expected true: expected zero byte in first page of freshly initialized page
[test_assign1_1.c-test single page content-L80-12:08:15] OK: expected true: expected zero byte in first page of freshly initialized page
[test_assign1_1.c-test single page content-L80-12:08:15] OK: expected true: expected zero byte in first page of freshly initialized page
[test_assign1_1.c-test single page content-L80-12:08:15] OK: expected true: expected zero byte in first page of freshly initialized page
[test_assign1_1.c-test single page content-L80-12:08:15] OK: expected true: expected zero byte in first page of freshly initialized page
[test_assign1_1.c-test single page content-L80-12:08:15] OK: expected true: expected zero byte in first page of freshly initialized page
[test_assign1_1.c-test single page content-L80-12:08:15] OK: expected true: expected zero byte in first page of freshly initialized page
[test_assign1_1.c-test single page content-L80-12:08:15] OK: expected true: expected zero byte in first page of freshly initialized page
[test_assign1_1.c-test single page content-L80-12:08:15] OK: expected true: expected zero byte in first page of freshly initialized page
[test_assign1_1.c-test single page content-L80-12:08:15] OK: expected true: expected zero byte in first page of freshly initialized page
[test_assign1_1.c-test single page content-L80-12:08:15] OK: expected true: expected zero byte in first page of freshly initialized page
[test_assign1_1.c-test single page content-L80-12:08:15] OK: expected true: expected zero byte in first page of freshly initialized page
[test_assign1_1.c-test single page content-L80-12:08:15] OK: expected true: expected zero byte in first page of freshly initialized page
[test_assign1_1.c-test single page content-L80-12:08:15] OK: expected true: expected zero byte in first page of freshly initialized page
[test_assign1_1.c-test single page content-L80-12:08:15] OK: expected true: expected zero byte in first page of freshly initialized page
[test_assign1_1.c-test single page content-L80-12:08:15] OK: expected true: expected zero byte in first page of freshly initialized page
[test_assign1_1.c-test single page content-L80-12:08:15] OK: expected true: expected zero byte in first page of freshly initialized page
[test_assign1_1.c-test single page content-L80-12:08:15] OK: expected true: expected zero byte in first page of freshly initialized page
[test_assign1_1.c-test single page content-L80-12:08:15] OK: expected true: expected zero byte in first page of freshly initialized page
[test_assign1_1.c-test single page content-L80-12:08:15] OK: expected true: expected zero byte in first page of freshly initialized page
[test_assign1_1.c-test single page content-L80-12:08:15] OK: expected true: expected zero byte in first page of freshly initialized page
[test_assign1_1.c-test single page content-L80-12:08:15] OK: expected true: expected zero byte in first page of freshly initialized page
[test_assign1_1.c-test single page content-L80-12:08:15] OK: expected true: expected zero byte in first page of freshly initialized page
[test_assign1_1.c-test single page content-L80-12:08:15] OK: expected true: expected zero byte in first page of freshly initialized page
[test_assign1_1.c-test single page content-L80-12:08:15] OK: expected true: expected zero byte in first page of freshly initialized page
[test_assign1_1.c-test single page content-L80-12:08:15] OK: expected true: expected zero byte in first page of freshly initialized page
[test_assign1_1.c-test single page content-L80-12:08:15] OK: expected true: expected zero byte in first page of freshly initialized page
[test_assign1_1.c-test single page content-L80-12:08:15] OK: expected true: expected zero byte in first page of freshly initialized page
[test_assign1_1.c-test single page content-L80-12:08:15] OK: expected true: expected zero byte in first page of freshly initialized page
[test_assign1_1.c-test single page content-L80-12:08:15] OK: expected true: expected zero byte in first page of freshly initialized page
[test_assign1_1.c-test single page content-L80-12:08:15] OK: expected true: expected zero byte in first page of freshly initialized page
[test_assign1_1.c-test single page content-L80-12:08:15] OK: expected true: expected zero byte in first page of freshly initialized page
[test_assign1_1.c-test single page content-L80-12:08:15] OK: expected true: expected zero byte in first page of freshly initialized page
[test_assign1_1.c-test single page content-L80-12:08:15] OK: expected true: expected zero byte in first page of freshly initialized page
[test_assign1_1.c-test single page content-L80-12:08:15] OK: expected true: expected zero byte in first page of freshly initialized page
[test_assign1_1.c-test single page content-L80-12:08:15] OK: expected true: expected zero byte in first page of freshly initialized page
[test_assign1_1.c-test single page content-L80-12:08:15] OK: expected true: expected zero byte in first page of freshly initialized page
[test_assign1_1.c-test single page content-L80-12:08:15] OK: expected true: expected zero byte in first page of freshly initialized page
[test_assign1_1.c-test single page content-L80-12:08:15] OK: expected true: expected zero byte in first page of freshly initialized page
[test_assign1_1.c-test single page content-L80-12:08:15] OK: expected true: expected zero byte in first page of freshly initialized page
[test_assign1_1.c-test single page content-L80-12:08:15] OK: expected true: expected zero byte in first page of freshly initialized page
[test_assign1_1.c-test single page content-L80-12:08:15] OK: expected true: expected zero byte in first page of freshly initialized page
[test_assign1_1.c-test single page content-L80-12:08:15] OK: expected true: expected zero byte in first page of freshly initialized page
[test_assign1_1.c-test single page content-L80-12:08:15] OK: expected true: expected zero byte in first page of freshly initialized page
[test_assign1_1.c-test single page content-L80-12:08:15] OK: expected true: expected zero byte in first page of freshly initialized page
[test_assign1_1.c-test single page content-L80-12:08:15] OK: expected true: expected zero byte in first page of freshly initialized page
[test_assign1_1.c-test single page content-L80-12:08:15] OK: expected true: expected zero byte in first page of freshly initialized page
[test_assign1_1.c-test single page content-L80-12:08:15] OK: expected true: expected zero byte in first page of freshly initialized page
[test_assign1_1.c-test single page content-L80-12:08:15] OK: expected true: expected zero byte in first page of freshly initialized page
[test_assign1_1.c-test single page content-L80-12:08:15] OK: expected true: expected zero byte in first page of freshly initialized page
[test_assign1_1.c-test single page content-L80-12:08:15] OK: expected true: expected zero byte in first page of freshly initialized page
[test_assign1_1.c-test single page content-L80-12:08:15] OK: expected true: expected zero byte in first page of freshly initialized page
[test_assign1_1.c-test single page content-L80-12:08:15] OK: expected true: expected zero byte in first page of freshly initialized page
[test_assign1_1.c-test single page content-L80-12:08:15] OK: expected true: expected zero byte in first page of freshly initialized page
[test_assign1_1.c-test single page content-L80-12:08:15] OK: expected true: expected zero byte in first page of freshly initialized page
[test_assign1_1.c-test single page content-L80-12:08:15] OK: expected true: expected zero byte in first page of freshly initialized page
[test_assign1_1.c-test single page content-L80-12:08:15] OK: expected true: expected zero byte in first page of freshly initialized page
[test_assign1_1.c-test single page content-L80-12:08:15] OK: expected true: expected zero byte in first page of freshly initialized page
[test_assign1_1.c-test single page content-L80-12:08:15] OK: expected true: expected zero byte in first page of freshly initialized page
[test_assign1_1.c-test single page content-L80-12:08:15] OK: expected true: expected zero byte in first page of freshly initialized page
[test_assign1_1.c-test single page content-L80-12:08:15] OK: expected true: expected zero byte in first page of freshly initialized page
[test_assign1_1.c-test single page content-L80-12:08:15] OK: expected true: expected zero byte in first page of freshly initialized page
[test_assign1_1.c-test single page content-L80-12:08:15] OK: expected true: expected zero byte in first page of freshly initialized page
[test_assign1_1.c-test single page content-L80-12:08:15] OK: expected true: expected zero byte in first page of freshly initialized page
[test_assign1_1.c-test single page content-L80-12:08:15] OK: expected true: expected zero byte in first page of freshly initialized page
[test_assign1_1.c-test single page content-L80-12:08:15] OK: expected true: expected zero byte in first page of freshly initialized page
[test_assign1_1.c-test single page content-L80-12:08:15] OK: expected true: expected zero byte in first page of freshly initialized page
[test_assign1_1.c-test single page content-L80-12:08:15] OK: expected true: expected zero byte in first page of freshly initialized page
[test_assign1_1.c-test single page content-L80-12:08:15] OK: expected true: expected zero byte in first page of freshly initialized page
[test_assign1_1.c-test single page content-L80-12:08:15] OK: expected true: expected zero byte in first page of freshly initialized page
[test_assign1_1.c-test single page content-L80-12:08:15] OK: expected true: expected zero byte in first page of freshly initialized page
[test_assign1_1.c-test single page content-L80-12:08:15] OK: expected true: expected zero byte in first page of freshly initialized page
[test_assign1_1.c-test single page content-L80-12:08:15] OK: expected true: expected zero byte in first page of freshly initialized page
[test_assign1_1.c-test single page content-L80-12:08:15] OK: expected true: expected zero byte in first page of freshly initialized page
[test_assign1_1.c-test single page content-L80-12:08:15] OK: expected true: expected zero byte in first page of freshly initialized page
[test_assign1_1.c-test single page content-L80-12:08:15] OK: expected true: expected zero byte in first page of freshly initialized page
[test_assign1_1.c-test single page content-L80-12:08:15] OK: expected true: expected zero byte in first page of freshly initialized page
[test_assign1_1.c-test single page content-L80-12:08:15] OK: expected true: expected zero byte in first page of freshly initialized page
[test_assign1_1.c-test single page content-L80-12:08:15] OK: expected true: expected zero byte in first page of freshly initialized page
[test_assign1_1.c-test single page content-L80-12:08:15] OK: expected true: expected zero byte in first page of freshly initialized page
[test_assign1_1.c-test single page content-L80-12:08:15] OK: expected true: expected zero byte in first page of freshly initialized page
[test_assign1_1.c-test single page content-L80-12:08:15] OK: expected true: expected zero byte in first page of freshly initialized page
[test_assign1_1.c-test single page content-L80-12:08:15] OK: expected true: expected zero byte in first page of freshly initialized page
[test_assign1_1.c-test single page content-L80-12:08:15] OK: expected true: expected zero byte in first page of freshly initialized page
[test_assign1_1.c-test single page content-L80-12:08:15] OK: expected true: expected zero byte in first page of freshly initialized page
[test_assign1_1.c-test single page content-L80-12:08:15] OK: expected true: expected zero byte in first page of freshly initialized page
[test_assign1_1.c-test single page content-L80-12:08:15] OK: expected true: expected zero byte in first page of freshly initialized page
[test_assign1_1.c-test single page content-L80-12:08:15] OK: expected true: expected zero byte in first page of freshly initialized page
[test_assign1_1.c-test single page content-L80-12:08:15] OK: expected true: expected zero byte in first page of freshly initialized page
[test_assign1_1.c-test single page content-L80-12:08:15] OK: expected true: expected zero byte in first page of freshly initialized page
[test_assign1_1.c-test single page content-L80-12:08:15] OK: expected true: expected zero byte in first page of freshly initialized page
[test_assign1_1.c-test single page content-L80-12:08:15] OK: expected true: expected zero byte in first page of freshly initialized page
[test_assign1_1.c-test single page content-L80-12:08:15] OK: expected true: expected zero byte in first page of freshly initialized page
[test_assign1_1.c-test single page content-L80-12:08:15] OK: expected true: expected zero byte in first page of freshly initialized page
[test_assign1_1.c-test single page content-L80-12:08:15] OK: expected true: expected zero byte in first page of freshly initialized page
[test_assign1_1.c-test single page content-L80-12:08:15] OK: expected true: expected zero byte in first page of freshly initialized page
[test_assign1_1.c-test single page content-L80-12:08:15] OK: expected true: expected zero byte in first page of freshly initialized page
[test_assign1_1.c-test single page content-L80-12:08:15] OK: expected true: expected zero byte in first page of freshly initialized page
[test_assign1_1.c-test single page content-L80-12:08:15] OK: expected true: expected zero byte in first page of freshly initialized page
[test_assign1_1.c-test single page content-L80-12:08:15] OK: expected true: expected zero byte in first page of freshly initialized page
[test_assign1_1.c-test single page content-L80-12:08:15] OK: expected true: expected zero byte in first page of freshly initialized page
[test_assign1_1.c-test single page content-L80-12:08:15] OK: expected true: expected zero byte in first page of freshly initialized page
[test_assign1_1.c-test single page content-L80-12:08:15] OK: expected true: expected zero byte in first page of freshly initialized page
[test_assign1_1.c-test single page content-L80-12:08:15] OK: expected true: expected zero byte in first page of freshly initialized page
[test_assign1_1.c-test single page content-L80-12:08:15] OK: expected true: expected zero byte in first page of freshly initialized page
[test_assign1_1.c-test single page content-L80-12:08:15] OK: expected true: expected zero byte in first page of freshly initialized page
[test_assign1_1.c-test single page content-L80-12:08:15] OK: expected true: expected zero byte in first page of freshly initialized page
[test_assign1_1.c-test single page content-L80-12:08:15] OK: expected true: expected zero byte in first page of freshly initialized page
[test_assign1_1.c-test single page content-L80-12:08:15] OK: expected true: expected zero byte in first page of freshly initialized page
[test_assign1_1.c-test single page content-L80-12:08:15] OK: expected true: expected zero byte in first page of freshly initialized page
[test_assign1_1.c-test single page content-L80-12:08:15] OK: expected true: expected zero byte in first page of freshly initialized page
[test_assign1_1.c-test single page content-L80-12:08:15] OK: expected true: expected zero byte in first page of freshly initialized page
[test_assign1_1.c-test single page content-L80-12:08:15] OK: expected true: expected zero byte in first page of freshly initialized page
[test_assign1_1.c-test single page content-L80-12:08:15] OK: expected true: expected zero byte in first page of freshly initialized page
[test_assign1_1.c-test single page content-L80-12:08:15] OK: expected true: expected zero byte in first page of freshly initialized page
[test_assign1_1.c-test single page content-L80-12:08:15] OK: expected true: expected zero byte in first page of freshly initialized page
[test_assign1_1.c-test single page content-L80-12:08:15] OK: expected true: expected zero byte in first page of freshly initialized page
[test_assign1_1.c-test single page content-L80-12:08:15] OK: expected true: expected zero byte in first page of freshly initialized page
[test_assign1_1.c-test single page content-L80-12:08:15] OK: expected true: expected zero byte in first page of freshly initialized page
[test_assign1_1.c-test single page content-L80-12:08:15] OK: expected true: expected zero byte in first page of freshly initialized page
[test_assign1_1.c-test single page content-L80-12:08:15] OK: expected true: expected zero byte in first page of freshly initialized page
[test_assign1_1.c-test single page content-L80-12:08:15] OK: expected true: expected zero byte in first page of freshly initialized page
[test_assign1_1.c-test single page content-L80-12:08:15] OK: expected true: expected zero byte in first page of freshly initialized page
[test_assign1_1.c-test single page content-L80-12:08:15] OK: expected true: expected zero byte in first page of freshly initialized page
[test_assign1_1.c-test single page content-L80-12:08:15] OK: expected true: expected zero byte in first page of freshly initialized page
[test_assign1_1.c-test single page content-L80-12:08:15] OK: expected true: expected zero byte in first page of freshly initialized page
[test_assign1_1.c-test single page content-L80-12:08:15] OK: expected true: expected zero byte in first page of freshly initialized page
[test_assign1_1.c-test single page content-L80-12:08:15] OK: expected true: expected zero byte in first page of freshly initialized page
[test_assign1_1.c-test single page content-L80-12:08:15] OK: expected true: expected zero byte in first page of freshly initialized page
[test_assign1_1.c-test single page content-L80-12:08:15] OK: expected true: expected zero byte in first page of freshly initialized page
[test_assign1_1.c-test single page content-L80-12:08:15] OK: expected true: expected zero byte in first page of freshly initialized page
[test_assign1_1.c-test single page content-L80-12:08:15] OK: expected true: expected zero byte in first page of freshly initialized page
[test_assign1_1.c-test single page content-L80-12:08:15] OK: expected true: expected zero byte in first page of freshly initialized page
[test_assign1_1.c-test single page content-L80-12:08:15] OK: expected true: expected zero byte in first page of freshly initialized page
[test_assign1_1.c-test single page content-L80-12:08:15] OK: expected true: expected zero byte in first page of freshly initialized page
[test_assign1_1.c-test single page content-L80-12:08:15] OK: expected true: expected zero byte in first page of freshly initialized page
[test_assign1_1.c-test single page content-L80-12:08:15] OK: expected true: expected zero byte in first page of freshly initialized page
[test_assign1_1.c-test single page content-L80-12:08:15] OK: expected true: expected zero byte in first page of freshly initialized page
[test_assign1_1.c-test single page content-L80-12:08:15] OK: expected true: expected zero byte in first page of freshly initialized page
[test_assign1_1.c-test single page content-L80-12:08:15] OK: expected true: expected zero byte in first page of freshly initialized page
[test_assign1_1.c-test single page content-L80-12:08:15] OK: expected true: expected zero byte in first page of freshly initialized page
[test_assign1_1.c-test single page content-L80-12:08:15] OK: expected true: expected zero byte in first page of freshly initialized page
[test_assign1_1.c-test single page content-L80-12:08:15] OK: expected true: expected zero byte in first page of freshly initialized page
[test_assign1_1.c-test single page content-L80-12:08:15] OK: expected true: expected zero byte in first page of freshly initialized page
[test_assign1_1.c-test single page content-L80-12:08:15] OK: expected true: expected zero byte in first page of freshly initialized page
[test_assign1_1.c-test single page content-L80-12:08:15] OK: expected true: expected zero byte in first page of freshly initialized page
[test_assign1_1.c-test single page content-L80-12:08:15] OK: expected true: expected zero byte in first page of freshly initialized page
[test_assign1_1.c-test single page content-L80-12:08:15] OK: expected true: expected zero byte in first page of freshly initialized page
[test_assign1_1.c-test single page content-L80-12:08:15] OK: expected true: expected zero byte in first page of freshly initialized page
[test_assign1_1.c-test single page content-L80-12:08:15] OK: expected true: expected zero byte in first page of freshly initialized page
[test_assign1_1.c-test single page content-L80-12:08:15] OK: expected true: expected zero byte in first page of freshly initialized page
[test_assign1_1.c-test single page content-L80-12:08:15] OK: expected true: expected zero byte in first page of freshly initialized page
[test_assign1_1.c-test single page content-L80-12:08:15] OK: expected true: expected zero byte in first page of freshly initialized page
[test_assign1_1.c-test single page content-L80-12:08:15] OK: expected true: expected zero byte in first page of freshly initialized page
[test_assign1_1.c-test single page content-L80-12:08:15] OK: expected true: expected zero byte in first page of freshly initialized page
[test_assign1_1.c-test single page content-L80-12:08:15] OK: expected true: expected zero byte in first page of freshly initialized page
[test_assign1_1.c-test single page content-L80-12:08:15] OK: expected true: expected zero byte in first page of freshly initialized page
[test_assign1_1.c-test single page content-L80-12:08:15] OK: expected true: expected zero byte in first page of freshly initialized page
[test_assign1_1.c-test single page content-L80-12:08:15] OK: expected true: expected zero byte in first page of freshly initialized page
[test_assign1_1.c-test single page content-L80-12:08:15] OK: expected true: expected zero byte in first page of freshly initialized page
[test_assign1_1.c-test single page content-L80-12:08:15] OK: expected true: expected zero byte in first page of freshly initialized page
[test_assign1_1.c-test single page content-L80-12:08:15] OK: expected true: expected zero byte in first page of freshly initialized page
[test_assign1_1.c-test single page content-L80-12:08:15] OK: expected true: expected zero byte in first page of freshly initialized page
[test_assign1_1.c-test single page content-L80-12:08:15] OK: expected true: expected zero byte in first page of freshly initialized page
[test_assign1_1.c-test single page content-L80-12:08:15] OK: expected true: expected zero byte in first page of freshly initialized page
[test_assign1_1.c-test single page content-L80-12:08:15] OK: expected true: expected zero byte in first page of freshly initialized page
[test_assign1_1.c-test single page content-L80-12:08:15] OK: expected true: expected zero byte in first page of freshly initialized page
[test_assign1_1.c-test single page content-L80-12:08:15] OK: expected true: expected zero byte in first page of freshly initialized page
[test_assign1_1.c-test single page content-L80-12:08:15] OK: expected true: expected zero byte in first page of freshly initialized page
[test_assign1_1.c-test single page content-L80-12:08:15] OK: expected true: expected zero byte in first page of freshly initialized page
[test_assign1_1.c-test single page content-L80-12:08:15] OK: expected true: expected zero byte in first page of freshly initialized page
[test_assign1_1.c-test single page content-L80-12:08:15] OK: expected true: expected zero byte in first page of freshly initialized page
[test_assign1_1.c-test single page content-L80-12:08:15] OK: expected true: expected zero byte in first page of freshly initialized page
[test_assign1_1.c-test single page content-L80-12:08:15] OK: expected true: expected zero byte in first page of freshly initialized page
[test_assign1_1.c-test single page content-L80-12:08:15] OK: expected true: expected zero byte in first page of freshly initialized page
[test_assign1_1.c-test single page content-L80-12:08:15] OK: expected true: expected zero byte in first page of freshly initialized page
[test_assign1_1.c-test single page content-L80-12:08:15] OK: expected true: expected zero byte in first page of freshly initialized page
[test_assign1_1.c-test single page content-L80-12:08:15] OK: expected true: expected zero byte in first page of freshly initialized page
[test_assign1_1.c-test single page content-L80-12:08:15] OK: expected true: expected zero byte in first page of freshly initialized page
[test_assign1_1.c-test single page content-L80-12:08:15] OK: expected true: expected zero byte in first page of freshly initialized page
[test_assign1_1.c-test single page content-L80-12:08:15] OK: expected true: expected zero byte in first page of freshly initialized page
[test_assign1_1.c-test single page content-L80-12:08:15] OK: expected true: expected zero byte in first page of freshly initialized page
[test_assign1_1.c-test single page content-L80-12:08:15] OK: expected true: expected zero byte in first page of freshly initialized page
[test_assign1_1.c-test single page content-L80-12:08:15] OK: expected true: expected zero byte in first page of freshly initialized page
[test_assign1_1.c-test single page content-L80-12:08:15] OK: expected true: expected zero byte in first page of freshly initialized page
[test_assign1_1.c-test single page content-L80-12:08:15] OK: expected true: expected zero byte in first page of freshly initialized page
[test_assign1_1.c-test single page content-L80-12:08:15] OK: expected true: expected zero byte in first page of freshly initialized page
[test_assign1_1.c-test single page content-L80-12:08:15] OK: expected true: expected zero byte in first page of freshly initialized page
[test_assign1_1.c-test single page content-L80-12:08:15] OK: expected true: expected zero byte in first page of freshly initialized page
[test_assign1_1.c-test single page content-L80-12:08:15] OK: expected true: expected zero byte in first page of freshly initialized page
[test_assign1_1.c-test single page content-L80-12:08:15] OK: expected true: expected zero byte in first page of freshly initialized page
[test_assign1_1.c-test single page content-L80-12:08:15] OK: expected true: expected zero byte in first page of freshly initialized page
[test_assign1_1.c-test single page content-L80-12:08:15] OK: expected true: expected zero byte in first page of freshly initialized page
[test_assign1_1.c-test single page content-L80-12:08:15] OK: expected true: expected zero byte in first page of freshly initialized page
[test_assign1_1.c-test single page content-L80-12:08:15] OK: expected true: expected zero byte in first page of freshly initialized page
[test_assign1_1.c-test single page content-L80-12:08:15] OK: expected true: expected zero byte in first page of freshly initialized page
[test_assign1_1.c-test single page content-L80-12:08:15] OK: expected true: expected zero byte in first page of freshly initialized page
[test_assign1_1.c-test single page content-L80-12:08:15] OK: expected true: expected zero byte in first page of freshly initialized page
[test_assign1_1.c-test single page content-L80-12:08:15] OK: expected true: expected zero byte in first page of freshly initialized page
[test_assign1_1.c-test single page content-L80-12:08:15] OK: expected true: expected zero byte in first page of freshly initialized page
[test_assign1_1.c-test single page content-L80-12:08:15] OK: expected true: expected zero byte in first page of freshly initialized page
[test_assign1_1.c-test single page content-L80-12:08:15] OK: expected true: expected zero byte in first page of freshly initialized page
[test_assign1_1.c-test single page content-L80-12:08:15] OK: expected true: expected zero byte in first page of freshly initialized page
[test_assign1_1.c-test single page content-L80-12:08:15] OK: expected true: expected zero byte in first page of freshly initialized page
[test_assign1_1.c-test single page content-L80-12:08:15] OK: expected true: expected zero byte in first page of freshly initialized page
[test_assign1_1.c-test single page content-L80-12:08:15] OK: expected true: expected zero byte in first page of freshly initialized page
[test_assign1_1.c-test single page content-L80-12:08:15] OK: expected true: expected zero byte in first page of freshly initialized page
[test_assign1_1.c-test single page content-L80-12:08:15] OK: expected true: expected zero byte in first page of freshly initialized page
[test_assign1_1.c-test single page content-L80-12:08:15] OK: expected true: expected zero byte in first page of freshly initialized page
[test_assign1_1.c-test single page content-L80-12:08:15] OK: expected true: expected zero byte in first page of freshly initialized page
[test_assign1_1.c-test single page content-L80-12:08:15] OK: expected true: expected zero byte in first page of freshly initialized page
[test_assign1_1.c-test single page content-L80-12:08:15] OK: expected true: expected zero byte in first page of freshly initialized page
[test_assign1_1.c-test single page content-L80-12:08:15] OK: expected true: expected zero byte in first page of freshly initialized page
[test_assign1_1.c-test single page content-L80-12:08:15] OK: expected true: expected zero byte in first page of freshly initialized page
[test_assign1_1.c-test single page content-L80-12:08:15] OK: expected true: expected zero byte in first page of freshly initialized page
[test_assign1_1.c-test single page content-L80-12:08:15] OK: expected true: expected zero byte in first page of freshly initialized page
[test_assign1_1.c-test single page content-L80-12:08:15] OK: expected true: expected zero byte in first page of freshly initialized page
[test_assign1_1.c-test single page content-L80-12:08:15] OK: expected true: expected zero byte in first page of freshly initialized page
[test_assign1_1.c-test single page content-L80-12:08:15] OK: expected true: expected zero byte in first page of freshly initialized page
[test_assign1_1.c-test single page content-L80-12:08:15] OK: expected true: expected zero byte in first page of freshly initialized page
[test_assign1_1.c-test single page content-L80-12:08:15] OK: expected true: expected zero byte in first page of freshly initialized page
[test_assign1_1.c-test single page content-L80-12:08:15] OK: expected true: expected zero byte in first page of freshly initialized page
[test_assign1_1.c-test single page content-L80-12:08:15] OK: expected true: expected zero byte in first page of freshly initialized page
[test_assign1_1.c-test single page content-L80-12:08:15] OK: expected true: expected zero byte in first page of freshly initialized page
[test_assign1_1.c-test single page content-L80-12:08:15] OK: expected true: expected zero byte in first page of freshly initialized page
[test_assign1_1.c-test single page content-L80-12:08:15] OK: expected true: expected zero byte in first page of freshly initialized page
[test_assign1_1.c-test single page content-L80-12:08:15] OK: expected true: expected zero byte in first page of freshly initialized page
[test_assign1_1.c-test single page content-L80-12:08:15] OK: expected true: expected zero byte in first page of freshly initialized page
[test_assign1_1.c-test single page content-L80-12:08:15] OK: expected true: expected zero byte in first page of freshly initialized page
[test_assign1_1.c-test single page content-L80-12:08:15] OK: expected true: expected zero byte in first page of freshly initialized page
[test_assign1_1.c-test single page content-L80-12:08:15] OK: expected true: expected zero byte in first page of freshly initialized page
[test_assign1_1.c-test single page content-L80-12:08:15] OK: expected true: expected zero byte in first page of freshly initialized page
[test_assign1_1.c-test single page content-L80-12:08:15] OK: expected true: expected zero byte in first page of freshly initialized page
[test_assign1_1.c-test single page content-L80-12:08:15] OK: expected true: expected zero byte in first page of freshly initialized page
[test_assign1_1.c-test single page content-L80-12:08:15] OK: expected true: expected zero byte in first page of freshly initialized page
[test_assign1_1.c-test single page content-L80-12:08:15] OK: expected true: expected zero byte in first page of freshly initialized page
[test_assign1_1.c-test single page content-L80-12:08:15] OK: expected true: expected zero byte in first page of freshly initialized page
[test_assign1_1.c-test single page content-L80-12:08:15] OK: expected true: expected zero byte in first page of freshly initialized page
[test_assign1_1.c-test single page content-L80-12:08:15] OK: expected true: expected zero byte in first page of freshly initialized page
[test_assign1_1.c-test single page content-L80-12:08:15] OK: expected true: expected zero byte in first page of freshly initialized page
[test_assign1_1.c-test single page content-L80-12:08:15] OK: expected true: expected zero byte in first page of freshly initialized page
[test_assign1_1.c-test single page content-L80-12:08:15] OK: expected true: expected zero byte in first page of freshly initialized page
[test_assign1_1.c-test single page content-L80-12:08:15] OK: expected true: expected zero byte in first page of freshly initialized page
[test_assign1_1.c-test single page content-L80-12:08:15] OK: expected true: expected zero byte in first page of freshly initialized page
[test_assign1_1.c-test single page content-L80-12:08:15] OK: expected true: expected zero byte in first page of freshly initialized page
[test_assign1_1.c-test single page content-L80-12:08:15] OK: expected true: expected zero byte in first page of freshly initialized page
[test_assign1_1.c-test single page content-L80-12:08:15] OK: expected true: expected zero byte in first page of freshly initialized page
[test_assign1_1.c-test single page content-L80-12:08:15] OK: expected true: expected zero byte in first page of freshly initialized page
[test_assign1_1.c-test single page content-L80-12:08:15] OK: expected true: expected zero byte in first page of freshly initialized page
[test_assign1_1.c-test single page content-L80-12:08:15] OK: expected true: expected zero byte in first page of freshly initialized page
[test_assign1_1.c-test single page content-L80-12:08:15] OK: expected true: expected zero byte in first page of freshly initialized page
[test_assign1_1.c-test single page content-L80-12:08:15] OK: expected true: expected zero byte in first page of freshly initialized page
[test_assign1_1.c-test single page content-L80-12:08:15] OK: expected true: expected zero byte in first page of freshly initialized page
[test_assign1_1.c-test single page content-L80-12:08:15] OK: expected true: expected zero byte in first page of freshly initialized page
[test_assign1_1.c-test single page content-L80-12:08:15] OK: expected true: expected zero byte in first page of freshly initialized page
[test_assign1_1.c-test single page content-L80-12:08:15] OK: expected true: expected zero byte in first page of freshly initialized page
[test_assign1_1.c-test single page content-L80-12:08:15] OK: expected true: expected zero byte in first page of freshly initialized page
[test_assign1_1.c-test single page content-L80-12:08:15] OK: expected true: expected zero byte in first page of freshly initialized page
[test_assign1_1.c-test single page content-L80-12:08:15] OK: expected true: expected zero byte in first page of freshly initialized page
[test_assign1_1.c-test single page content-L80-12:08:15] OK: expected true: expected zero byte in first page of freshly initialized page
[test_assign1_1.c-test single page content-L80-12:08:15] OK: expected true: expected zero byte in first page of freshly initialized page
[test_assign1_1.c-test single page content-L80-12:08:15] OK: expected true: expected zero byte in first page of freshly initialized page
[test_assign1_1.c-test single page content-L80-12:08:15] OK: expected true: expected zero byte in first page of freshly initialized page
[test_assign1_1.c-test single page content-L80-12:08:15] OK: expected true: expected zero byte in first page of freshly initialized page
[test_assign1_1.c-test single page content-L80-12:08:15] OK: expected true: expected zero byte in first page of freshly initialized page
[test_assign1_1.c-test single page content-L80-12:08:15] OK: expected true: expected zero byte in first page of freshly initialized page
[test_assign1_1.c-test single page content-L80-12:08:15] OK: expected true: expected zero byte in first page of freshly initialized page
[test_assign1_1.c-test single page content-L80-12:08:15] OK: expected true: expected zero byte in first page of freshly initialized page
[test_assign1_1.c-test single page content-L80-12:08:15] OK: expected true: expected zero byte in first page of freshly initialized page
[test_assign1_1.c-test single page content-L80-12:08:15] OK: expected true: expected zero byte in first page of freshly initialized page
[test_assign1_1.c-test single page content-L80-12:08:15] OK: expected true: expected zero byte in first page of freshly initialized page
[test_assign1_1.c-test single page content-L80-12:08:15] OK: expected true: expected zero byte in first page of freshly initialized page
[test_assign1_1.c-test single page content-L80-12:08:15] OK: expected true: expected zero byte in first page of freshly initialized page
[test_assign1_1.c-test single page content-L80-12:08:15] OK: expected true: expected zero byte in first page of freshly initialized page
[test_assign1_1.c-test single page content-L80-12:08:15] OK: expected true: expected zero byte in first page of freshly initialized page
[test_assign1_1.c-test single page content-L80-12:08:15] OK: expected true: expected zero byte in first page of freshly initialized page
[test_assign1_1.c-test single page content-L80-12:08:15] OK: expected true: expected zero byte in first page of freshly initialized page
[test_assign1_1.c-test single page content-L80-12:08:15] OK: expected true: expected zero byte in first page of freshly initialized page
[test_assign1_1.c-test single page content-L80-12:08:15] OK: expected true: expected zero byte in first page of freshly initialized page
[test_assign1_1.c-test single page content-L80-12:08:15] OK: expected true: expected zero byte in first page of freshly initialized page
[test_assign1_1.c-test single page content-L80-12:08:15] OK: expected true: expected zero byte in first page of freshly initialized page
[test_assign1_1.c-test single page content-L80-12:08:15] OK: expected true: expected zero byte in first page of freshly initialized page
[test_assign1_1.c-test single page content-L80-12:08:15] OK: expected true: expected zero byte in first page of freshly initialized page
[test_assign1_1.c-test single page content-L80-12:08:15] OK: expected true: expected zero byte in first page of freshly initialized page
[test_assign1_1.c-test single page content-L80-12:08:15] OK: expected true: expected zero byte in first page of freshly initialized page
[test_assign1_1.c-test single page content-L80-12:08:15] OK: expected true: expected zero byte in first page of freshly initialized page
[test_assign1_1.c-test single page content-L80-12:08:15] OK: expected true: expected zero byte in first page of freshly initialized page
[test_assign1_1.c-test single page content-L80-12:08:15] OK: expected true: expected zero byte in first page of freshly initialized page
[test_assign1_1.c-test single page content-L80-12:08:15] OK: expected true: expected zero byte in first page of freshly initialized page
[test_assign1_1.c-test single page content-L80-12:08:15] OK: expected true: expected zero byte in first page of freshly initialized page
[test_assign1_1.c-test single page content-L80-12:08:15] OK: expected true: expected zero byte in first page of freshly initialized page
[test_assign1_1.c-test single page content-L80-12:08:15] OK: expected true: expected zero byte in first page of freshly initialized page
[test_assign1_1.c-test single page content-L80-12:08:15] OK: expected true: expected zero byte in first page of freshly initialized page
[test_assign1_1.c-test single page content-L80-12:08:15] OK: expected true: expected zero byte in first page of freshly initialized page
[test_assign1_1.c-test single page content-L80-12:08:15] OK: expected true: expected zero byte in first page of freshly initialized page
[test_assign1_1.c-test single page content-L80-12:08:15] OK: expected true: expected zero byte in first page of freshly initialized page
[test_assign1_1.c-test single page content-L80-12:08:15] OK: expected true: expected zero byte in first page of freshly initialized page
[test_assign1_1.c-test single page content-L80-12:08:15] OK: expected true: expected zero byte in first page of freshly initialized page
[test_assign1_1.c-test single page content-L80-12:08:15] OK: expected true: expected zero byte in first page of freshly initialized page
[test_assign1_1.c-test single page content-L80-12:08:15] OK: expected true: expected zero byte in first page of freshly initialized page
[test_assign1_1.c-test single page content-L80-12:08:15] OK: expected true: expected zero byte in first page of freshly initialized page
[test_assign1_1.c-test single page content-L80-12:08:15] OK: expected true: expected zero byte in first page of freshly initialized page
[test_assign1_1.c-test single page content-L80-12:08:15] OK: expected true: expected zero byte in first page of freshly initialized page
[test_assign1_1.c-test single page content-L80-12:08:15] OK: expected true: expected zero byte in first page of freshly initialized page
[test_assign1_1.c-test single page content-L80-12:08:15] OK: expected true: expected zero byte in first page of freshly initialized page
[test_assign1_1.c-test single page content-L80-12:08:15] OK: expected true: expected zero byte in first page of freshly initialized page
[test_assign1_1.c-test single page content-L80-12:08:15] OK: expected true: expected zero byte in first page of freshly initialized page
[test_assign1_1.c-test single page content-L80-12:08:15] OK: expected true: expected zero byte in first page of freshly initialized page
[test_assign1_1.c-test single page content-L80-12:08:15] OK: expected true: expected zero byte in first page of freshly initialized page
[test_assign1_1.c-test single page content-L80-12:08:15] OK: expected true: expected zero byte in first page of freshly initialized page
[test_assign1_1.c-test single page content-L80-12:08:15] OK: expected true: expected zero byte in first page of freshly initialized page
[test_assign1_1.c-test single page content-L80-12:08:15] OK: expected true: expected zero byte in first page of freshly initialized page
[test_assign1_1.c-test single page content-L80-12:08:15] OK: expected true: expected zero byte in first page of freshly initialized page
[test_assign1_1.c-test single page content-L80-12:08:15] OK: expected true: expected zero byte in first page of freshly initialized page
[test_assign1_1.c-test single page content-L80-12:08:15] OK: expected true: expected zero byte in first page of freshly initialized page
[test_assign1_1.c-test single page content-L80-12:08:15] OK: expected true: expected zero byte in first page of freshly initialized page
[test_assign1_1.c-test single page content-L80-12:08:15] OK: expected true: expected zero byte in first page of freshly initialized page
[test_assign1_1.c-test single page content-L80-12:08:15] OK: expected true: expected zero byte in first page of freshly initialized page
[test_assign1_1.c-test single page content-L80-12:08:15] OK: expected true: expected zero byte in first page of freshly initialized page
[test_assign1_1.c-test single page content-L80-12:08:15] OK: expected true: expected zero byte in first page of freshly initialized page
[test_assign1_1.c-test single page content-L80-12:08:15] OK: expected true: expected zero byte in first page of freshly initialized page
[test_assign1_1.c-test single page content-L80-12:08:15] OK: expected true: expected zero byte in first page of freshly initialized page
[test_assign1_1.c-test single page content-L80-12:08:15] OK: expected true: expected zero byte in first page of freshly initialized page
[test_assign1_1.c-test single page content-L80-12:08:15] OK: expected true: expected zero byte in first page of freshly initialized page
[test_assign1_1.c-test single page content-L80-12:08:15] OK: expected true: expected zero byte in first page of freshly initialized page
[test_assign1_1.c-test single page content-L80-12:08:15] OK: expected true: expected zero byte in first page of freshly initialized page
[test_assign1_1.c-test single page content-L80-12:08:15] OK: expected true: expected zero byte in first page of freshly initialized page
[test_assign1_1.c-test single page content-L80-12:08:15] OK: expected true: expected zero byte in first page of freshly initialized page
[test_assign1_1.c-test single page content-L80-12:08:15] OK: expected true: expected zero byte in first page of freshly initialized page
[test_assign1_1.c-test single page content-L80-12:08:15] OK: expected true: expected zero byte in first page of freshly initialized page
[test_assign1_1.c-test single page content-L80-12:08:15] OK: expected true: expected zero byte in first page of freshly initialized page
[test_assign1_1.c-test single page content-L80-12:08:15] OK: expected true: expected zero byte in first page of freshly initialized page
[test_assign1_1.c-test single page content-L80-12:08:15] OK: expected true: expected zero byte in first page of freshly initialized page
[test_assign1_1.c-test single page content-L80-12:08:15] OK: expected true: expected zero byte in first page of freshly initialized page
[test_assign1_1.c-test single page content-L80-12:08:15] OK: expected true: expected zero byte in first page of freshly initialized page
[test_assign1_1.c-test single page content-L80-12:08:15] OK: expected true: expected zero byte in first page of freshly initialized page
[test_assign1_1.c-test single page content-L80-12:08:15] OK: expected true: expected zero byte in first page of freshly initialized page
[test_assign1_1.c-test single page content-L80-12:08:15] OK: expected true: expected zero byte in first page of freshly initialized page
[test_assign1_1.c-test single page content-L80-12:08:15] OK: expected true: expected zero byte in first page of freshly initialized page
[test_assign1_1.c-test single page content-L80-12:08:15] OK: expected true: expected zero byte in first page of freshly initialized page
[test_assign1_1.c-test single page content-L80-12:08:15] OK: expected true: expected zero byte in first page of freshly initialized page
[test_assign1_1.c-test single page content-L80-12:08:15] OK: expected true: expected zero byte in first page of freshly initialized page
[test_assign1_1.c-test single page content-L80-12:08:15] OK: expected true: expected zero byte in first page of freshly initialized page
[test_assign1_1.c-test single page content-L80-12:08:15] OK: expected true: expected zero byte in first page of freshly initialized page
[test_assign1_1.c-test single page content-L80-12:08:15] OK: expected true: expected zero byte in first page of freshly initialized page
[test_assign1_1.c-test single page content-L80-12:08:15] OK: expected true: expected zero byte in first page of freshly initialized page
[test_assign1_1.c-test single page content-L80-12:08:15] OK: expected true: expected zero byte in first page of freshly initialized page
[test_assign1_1.c-test single page content-L80-12:08:15] OK: expected true: expected zero byte in first page of freshly initialized page
[test_assign1_1.c-test single page content-L80-12:08:15] OK: expected true: expected zero byte in first page of freshly initialized page
[test_assign1_1.c-test single page content-L80-12:08:15] OK: expected true: expected zero byte in first page of freshly initialized page
[test_assign1_1.c-test single page content-L80-12:08:15] OK: expected true: expected zero byte in first page of freshly initialized page
[test_assign1_1.c-test single page content-L80-12:08:15] OK: expected true: expected zero byte in first page of freshly initialized page
[test_assign1_1.c-test single page content-L80-12:08:15] OK: expected true: expected zero byte in first page of freshly initialized page
[test_assign1_1.c-test single page content-L80-12:08:15] OK: expected true: expected zero byte in first page of freshly initialized page
[test_assign1_1.c-test single page content-L80-12:08:15] OK: expected true: expected zero byte in first page of freshly initialized page
[test_assign1_1.c-test single page content-L80-12:08:15] OK: expected true: expected zero byte in first page of freshly initialized page
[test_assign1_1.c-test single page content-L80-12:08:15] OK: expected true: expected zero byte in first page of freshly initialized page
[test_assign1_1.c-test single page content-L80-12:08:15] OK: expected true: expected zero byte in first page of freshly initialized page
[test_assign1_1.c-test single page content-L80-12:08:15] OK: expected true: expected zero byte in first page of freshly initialized page
[test_assign1_1.c-test single page content-L80-12:08:15] OK: expected true: expected zero byte in first page of freshly initialized page
[test_assign1_1.c-test single page content-L80-12:08:15] OK: expected true: expected zero byte in first page of freshly initialized page
[test_assign1_1.c-test single page content-L80-12:08:15] OK: expected true: expected zero byte in first page of freshly initialized page
[test_assign1_1.c-test single page content-L80-12:08:15] OK: expected true: expected zero byte in first page of freshly initialized page
[test_assign1_1.c-test single page content-L80-12:08:15] OK: expected true: expected zero byte in first page of freshly initialized page
[test_assign1_1.c-test single page content-L80-12:08:15] OK: expected true: expected zero byte in first page of freshly initialized page
[test_assign1_1.c-test single page content-L80-12:08:15] OK: expected true: expected zero byte in first page of freshly initialized page
[test_assign1_1.c-test single page content-L80-12:08:15] OK: expected true: expected zero byte in first page of freshly initialized page
[test_assign1_1.c-test single page content-L80-12:08:15] OK: expected true: expected zero byte in first page of freshly initialized page
[test_assign1_1.c-test single page content-L80-12:08:15] OK: expected true: expected zero byte in first page of freshly initialized page
[test_assign1_1.c-test single page content-L80-12:08:15] OK: expected true: expected zero byte in first page of freshly initialized page
[test_assign1_1.c-test single page content-L80-12:08:15] OK: expected true: expected zero byte in first page of freshly initialized page
[test_assign1_1.c-test single page content-L80-12:08:15] OK: expected true: expected zero byte in first page of freshly initialized page
[test_assign1_1.c-test single page content-L80-12:08:15] OK: expected true: expected zero byte in first page of freshly initialized page
[test_assign1_1.c-test single page content-L80-12:08:15] OK: expected true: expected zero byte in first page of freshly initialized page
[test_assign1_1.c-test single page content-L80-12:08:15] OK: expected true: expected zero byte in first page of freshly initialized page
[test_assign1_1.c-test single page content-L80-12:08:15] OK: expected true: expected zero byte in first page of freshly initialized page
[test_assign1_1.c-test single page content-L80-12:08:15] OK: expected true: expected zero byte in first page of freshly initialized page
[test_assign1_1.c-test single page content-L80-12:08:15] OK: expected true: expected zero byte in first page of freshly initialized page
[test_assign1_1.c-test single page content-L80-12:08:15] OK: expected true: expected zero byte in first page of freshly initialized page
[test_assign1_1.c-test single page content-L80-12:08:15] OK: expected true: expected zero byte in first page of freshly initialized page
[test_assign1_1.c-test single page content-L80-12:08:15] OK: expected true: expected zero byte in first page of freshly initialized page
[test_assign1_1.c-test single page content-L80-12:08:15] OK: expected true: expected zero byte in first page of freshly initialized page
[test_assign1_1.c-test single page content-L80-12:08:15] OK: expected true: expected zero byte in first page of freshly initialized page
[test_assign1_1.c-test single page content-L80-12:08:15] OK: expected true: expected zero byte in first page of freshly initialized page
[test_assign1_1.c-test single page content-L80-12:08:15] OK: expected true: expected zero byte in first page of freshly initialized page
[test_assign1_1.c-test single page content-L80-12:08:15] OK: expected true: expected zero byte in first page of freshly initialized page
[test_assign1_1.c-test single page content-L80-12:08:15] OK: expected true: expected zero byte in first page of freshly initialized page
[test_assign1_1.c-test single page content-L80-12:08:15] OK: expected true: expected zero byte in first page of freshly initialized page
[test_assign1_1.c-test single page content-L80-12:08:15] OK: expected true: expected zero byte in first page of freshly initialized page
[test_assign1_1.c-test single page content-L80-12:08:15] OK: expected true: expected zero byte in first page of freshly initialized page
[test_assign1_1.c-test single page content-L80-12:08:15] OK: expected true: expected zero byte in first page of freshly initialized page
[test_assign1_1.c-test single page content-L80-12:08:15] OK: expected true: expected zero byte in first page of freshly initialized page
[test_assign1_1.c-test single page content-L80-12:08:15] OK: expected true: expected zero byte in first page of freshly initialized page
[test_assign1_1.c-test single page content-L80-12:08:15] OK: expected true: expected zero byte in first page of freshly initialized page
[test_assign1_1.c-test single page content-L80-12:08:15] OK: expected true: expected zero byte in first page of freshly initialized page
[test_assign1_1.c-test single page content-L80-12:08:15] OK: expected true: expected zero byte in first page of freshly initialized page
[test_assign1_1.c-test single page content-L80-12:08:15] OK: expected true: expected zero byte in first page of freshly initialized page
[test_assign1_1.c-test single page content-L80-12:08:15] OK: expected true: expected zero byte in first page of freshly initialized page
[test_assign1_1.c-test single page content-L80-12:08:15] OK: expected true: expected zero byte in first page of freshly initialized page
[test_assign1_1.c-test single page content-L80-12:08:15] OK: expected true: expected zero byte in first page of freshly initialized page
[test_assign1_1.c-test single page content-L80-12:08:15] OK: expected true: expected zero byte in first page of freshly initialized page
[test_assign1_1.c-test single page content-L80-12:08:15] OK: expected true: expected zero byte in first page of freshly initialized page
[test_assign1_1.c-test single page content-L80-12:08:15] OK: expected true: expected zero byte in first page of freshly initialized page
[test_assign1_1.c-test single page content-L80-12:08:15] OK: expected true: expected zero byte in first page of freshly initialized page
[test_assign1_1.c-test single page content-L80-12:08:15] OK: expected true: expected zero byte in first page of freshly initialized page
[test_assign1_1.c-test single page content-L80-12:08:15] OK: expected true: expected zero byte in first page of freshly initialized page
[test_assign1_1.c-test single page content-L80-12:08:15] OK: expected true: expected zero byte in first page of freshly initialized page
[test_assign1_1.c-test single page content-L80-12:08:15] OK: expected true: expected zero byte in first page of freshly initialized page
[test_assign1_1.c-test single page content-L80-12:08:15] OK: expected true: expected zero byte in first page of freshly initialized page
[test_assign1_1.c-test single page content-L80-12:08:15] OK: expected true: expected zero byte in first page of freshly initialized page
[test_assign1_1.c-test single page content-L80-12:08:15] OK: expected true: expected zero byte in first page of freshly initialized page
[test_assign1_1.c-test single page content-L80-12:08:15] OK: expected true: expected zero byte in first page of freshly initialized page
[test_assign1_1.c-test single page content-L80-12:08:15] OK: expected true: expected zero byte in first page of freshly initialized page
[test_assign1_1.c-test single page content-L80-12:08:15] OK: expected true: expected zero byte in first page of freshly initialized page
[test_assign1_1.c-test single page content-L80-12:08:15] OK: expected true: expected zero byte in first page of freshly initialized page
[test_assign1_1.c-test single page content-L80-12:08:15] OK: expected true: expected zero byte in first page of freshly initialized page
[test_assign1_1.c-test single page content-L80-12:08:15] OK: expected true: expected zero byte in first page of freshly initialized page
[test_assign1_1.c-test single page content-L80-12:08:15] OK: expected true: expected zero byte in first page of freshly initialized page
[test_assign1_1.c-test single page content-L80-12:08:15] OK: expected true: expected zero byte in first page of freshly initialized page
[test_assign1_1.c-test single page content-L80-12:08:15] OK: expected true: expected zero byte in first page of freshly initialized page
[test_assign1_1.c-test single page content-L80-12:08:15] OK: expected true: expected zero byte in first page of freshly initialized page
[test_assign1_1.c-test single page content-L80-12:08:15] OK: expected true: expected zero byte in first page of freshly initialized page
[test_assign1_1.c-test single page content-L80-12:08:15] OK: expected true: expected zero byte in first page of freshly initialized page
[test_assign1_1.c-test single page content-L80-12:08:15] OK: expected true: expected zero byte in first page of freshly initialized page
[test_assign1_1.c-test single page content-L80-12:08:15] OK: expected true: expected zero byte in first page of freshly initialized page
[test_assign1_1.c-test single page content-L80-12:08:15] OK: expected true: expected zero byte in first page of freshly initialized page
[test_assign1_1.c-test single page content-L80-12:08:15] OK: expected true: expected zero byte in first page of freshly initialized page
[test_assign1_1.c-test single page content-L80-12:08:15] OK: expected true: expected zero byte in first page of freshly initialized page
[test_assign1_1.c-test single page content-L80-12:08:15] OK: expected true: expected zero byte in first page of freshly initialized page
[test_assign1_1.c-test single page content-L80-12:08:15] OK: expected true: expected zero byte in first page of freshly initialized page
[test_assign1_1.c-test single page content-L80-12:08:15] OK: expected true: expected zero byte in first page of freshly initialized page
[test_assign1_1.c-test single page content-L80-12:08:15] OK: expected true: expected zero byte in first page of freshly initialized page
[test_assign1_1.c-test single page content-L80-12:08:15] OK: expected true: expected zero byte in first page of freshly initialized page
[test_assign1_1.c-test single page content-L80-12:08:15] OK: expected true: expected zero byte in first page of freshly initialized page
[test_assign1_1.c-test single page content-L80-12:08:15] OK: expected true: expected zero byte in first page of freshly initialized page
[test_assign1_1.c-test single page content-L80-12:08:15] OK: expected true: expected zero byte in first page of freshly initialized page
[test_assign1_1.c-test single page content-L80-12:08:15] OK: expected true: expected zero byte in first page of freshly initialized page
[test_assign1_1.c-test single page content-L80-12:08:15] OK: expected true: expected zero byte in first page of freshly initialized page
[test_assign1_1.c-test single page content-L80-12:08:15] OK: expected true: expected zero byte in first page of freshly initialized page
[test_assign1_1.c-test single page content-L80-12:08:15] OK: expected true: expected zero byte in first page of freshly initialized page
[test_assign1_1.c-test single page content-L80-12:08:15] OK: expected true: expected zero byte in first page of freshly initialized page
[test_assign1_1.c-test single page content-L80-12:08:15] OK: expected true: expected zero byte in first page of freshly initialized page
[test_assign1_1.c-test single page content-L80-12:08:15] OK: expected true: expected zero byte in first page of freshly initialized page
[test_assign1_1.c-test single page content-L80-12:08:15] OK: expected true: expected zero byte in first page of freshly initialized page
[test_assign1_1.c-test single page content-L80-12:08:15] OK: expected true: expected zero byte in first page of freshly initialized page
[test_assign1_1.c-test single page content-L80-12:08:15] OK: expected true: expected zero byte in first page of freshly initialized page
[test_assign1_1.c-test single page content-L80-12:08:15] OK: expected true: expected zero byte in first page of freshly initialized page
[test_assign1_1.c-test single page content-L80-12:08:15] OK: expected true: expected zero byte in first page of freshly initialized page
[test_assign1_1.c-test single page content-L80-12:08:15] OK: expected true: expected zero byte in first page of freshly initialized page
[test_assign1_1.c-test single page content-L80-12:08:15] OK: expected true: expected zero byte in first page of freshly initialized page
[test_assign1_1.c-test single page content-L80-12:08:15] OK: expected true: expected zero byte in first page of freshly initialized page
[test_assign1_1.c-test single page content-L80-12:08:15] OK: expected true: expected zero byte in first page of freshly initialized page
[test_assign1_1.c-test single page content-L80-12:08:15] OK: expected true: expected zero byte in first page of freshly initialized page
[test_assign1_1.c-test single page content-L80-12:08:15] OK: expected true: expected zero byte in first page of freshly initialized page
[test_assign1_1.c-test single page content-L80-12:08:15] OK: expected true: expected zero byte in first page of freshly initialized page
[test_assign1_1.c-test single page content-L80-12:08:15] OK: expected true: expected zero byte in first page of freshly initialized page
[test_assign1_1.c-test single page content-L80-12:08:15] OK: expected true: expected zero byte in first page of freshly initialized page
[test_assign1_1.c-test single page content-L80-12:08:15] OK: expected true: expected zero byte in first page of freshly initialized page
[test_assign1_1.c-test single page content-L80-12:08:15] OK: expected true: expected zero byte in first page of freshly initialized page
[test_assign1_1.c-test single page content-L80-12:08:15] OK: expected true: expected zero byte in first page of freshly initialized page
[test_assign1_1.c-test single page content-L80-12:08:15] OK: expected true: expected zero byte in first page of freshly initialized page
[test_assign1_1.c-test single page content-L80-12:08:15] OK: expected true: expected zero byte in first page of freshly initialized page
[test_assign1_1.c-test single page content-L80-12:08:15] OK: expected true: expected zero byte in first page of freshly initialized page
[test_assign1_1.c-test single page content-L80-12:08:15] OK: expected true: expected zero byte in first page of freshly initialized page
[test_assign1_1.c-test single page content-L80-12:08:15] OK: expected true: expected zero byte in first page of freshly initialized page
[test_assign1_1.c-test single page content-L80-12:08:15] OK: expected true: expected zero byte in first page of freshly initialized page
[test_assign1_1.c-test single page content-L80-12:08:15] OK: expected true: expected zero byte in first page of freshly initialized page
[test_assign1_1.c-test single page content-L80-12:08:15] OK: expected true: expected zero byte in first page of freshly initialized page
[test_assign1_1.c-test single page content-L80-12:08:15] OK: expected true: expected zero byte in first page of freshly initialized page
[test_assign1_1.c-test single page content-L80-12:08:15] OK: expected true: expected zero byte in first page of freshly initialized page
[test_assign1_1.c-test single page content-L80-12:08:15] OK: expected true: expected zero byte in first page of freshly initialized page
[test_assign1_1.c-test single page content-L80-12:08:15] OK: expected true: expected zero byte in first page of freshly initialized page
[test_assign1_1.c-test single page content-L80-12:08:15] OK: expected true: expected zero byte in first page of freshly initialized page
[test_assign1_1.c-test single page content-L80-12:08:15] OK: expected true: expected zero byte in first page of freshly initialized page
[test_assign1_1.c-test single page content-L80-12:08:15] OK: expected true: expected zero byte in first page of freshly initialized page
[test_assign1_1.c-test single page content-L80-12:08:15] OK: expected true: expected zero byte in first page of freshly initialized page
[test_assign1_1.c-test single page content-L80-12:08:15] OK: expected true: expected zero byte in first page of freshly initialized page
[test_assign1_1.c-test single page content-L80-12:08:15] OK: expected true: expected zero byte in first page of freshly initialized page
[test_assign1_1.c-test single page content-L80-12:08:15] OK: expected true: expected zero byte in first page of freshly initialized page
[test_assign1_1.c-test single page content-L80-12:08:15] OK: expected true: expected zero byte in first page of freshly initialized page
[test_assign1_1.c-test single page content-L80-12:08:15] OK: expected true: expected zero byte in first page of freshly initialized page
[test_assign1_1.c-test single page content-L80-12:08:15] OK: expected true: expected zero byte in first page of freshly initialized page
[test_assign1_1.c-test single page content-L80-12:08:15] OK: expected true: expected zero byte in first page of freshly initialized page
[test_assign1_1.c-test single page content-L80-12:08:15] OK: expected true: expected zero byte in first page of freshly initialized page
[test_assign1_1.c-test single page content-L80-12:08:15] OK: expected true: expected zero byte in first page of freshly initialized page
[test_assign1_1.c-test single page content-L80-12:08:15] OK: expected true: expected zero byte in first page of freshly initialized page
[test_assign1_1.c-test single page content-L80-12:08:15] OK: expected true: expected zero byte in first page of freshly initialized page
[test_assign1_1.c-test single page content-L80-12:08:15] OK: expected true: expected zero byte in first page of freshly initialized page
[test_assign1_1.c-test single page content-L80-12:08:15] OK: expected true: expected zero byte in first page of freshly initialized page
[test_assign1_1.c-test single page content-L80-12:08:15] OK: expected true: expected zero byte in first page of freshly initialized page
[test_assign1_1.c-test single page content-L80-12:08:15] OK: expected true: expected zero byte in first page of freshly initialized page
[test_assign1_1.c-test single page content-L80-12:08:15] OK: expected true: expected zero byte in first page of freshly initialized page
[test_assign1_1.c-test single page content-L80-12:08:15] OK: expected true: expected zero byte in first page of freshly initialized page
[test_assign1_1.c-test single page content-L80-12:08:15] OK: expected true: expected zero byte in first page of freshly initialized page
[test_assign1_1.c-test single page content-L80-12:08:15] OK: expected true: expected zero byte in first page of freshly initialized page
[test_assign1_1.c-test single page content-L80-12:08:15] OK: expected true: expected zero byte in first page of freshly initialized page
[test_assign1_1.c-test single page content-L80-12:08:15] OK: expected true: expected zero byte in first page of freshly initialized page
[test_assign1_1.c-test single page content-L80-12:08:15] OK: expected true: expected zero byte in first page of freshly initialized page
[test_assign1_1.c-test single page content-L80-12:08:15] OK: expected true: expected zero byte in first page of freshly initialized page
[test_assign1_1.c-test single page content-L80-12:08:15] OK: expected true: expected zero byte in first page of freshly initialized page
[test_assign1_1.c-test single page content-L80-12:08:15] OK: expected true: expected zero byte in first page of freshly initialized page
[test_assign1_1.c-test single page content-L80-12:08:15] OK: expected true: expected zero byte in first page of freshly initialized page
[test_assign1_1.c-test single page content-L80-12:08:15] OK: expected true: expected zero byte in first page of freshly initialized page
[test_assign1_1.c-test single page content-L80-12:08:15] OK: expected true: expected zero byte in first page of freshly initialized page
[test_assign1_1.c-test single page content-L80-12:08:15] OK: expected true: expected zero byte in first page of freshly initialized page
[test_assign1_1.c-test single page content-L80-12:08:15] OK: expected true: expected zero byte in first page of freshly initialized page
[test_assign1_1.c-test single page content-L80-12:08:15] OK: expected true: expected zero byte in first page of freshly initialized page
[test_assign1_1.c-test single page content-L80-12:08:15] OK: expected true: expected zero byte in first page of freshly initialized page
[test_assign1_1.c-test single page content-L80-12:08:15] OK: expected true: expected zero byte in first page of freshly initialized page
[test_assign1_1.c-test single page content-L80-12:08:15] OK: expected true: expected zero byte in first page of freshly initialized page
[test_assign1_1.c-test single page content-L80-12:08:15] OK: expected true: expected zero byte in first page of freshly initialized page
[test_assign1_1.c-test single page content-L80-12:08:15] OK: expected true: expected zero byte in first page of freshly initialized page
[test_assign1_1.c-test single page content-L80-12:08:15] OK: expected true: expected zero byte in first page of freshly initialized page
[test_assign1_1.c-test single page content-L80-12:08:15] OK: expected true: expected zero byte in first page of freshly initialized page
[test_assign1_1.c-test single page content-L80-12:08:15] OK: expected true: expected zero byte in first page of freshly initialized page
[test_assign1_1.c-test single page content-L80-12:08:15] OK: expected true: expected zero byte in first page of freshly initialized page
[test_assign1_1.c-test single page content-L80-12:08:15] OK: expected true: expected zero byte in first page of freshly initialized page
[test_assign1_1.c-test single page content-L80-12:08:15] OK: expected true: expected zero byte in first page of freshly initialized page
[test_assign1_1.c-test single page content-L80-12:08:15] OK: expected true: expected zero byte in first page of freshly initialized page
[test_assign1_1.c-test single page content-L80-12:08:15] OK: expected true: expected zero byte in first page of freshly initialized page
[test_assign1_1.c-test single page content-L80-12:08:15] OK: expected true: expected zero byte in first page of freshly initialized page
[test_assign1_1.c-test single page content-L80-12:08:15] OK: expected true: expected zero byte in first page of freshly initialized page
[test_assign1_1.c-test single page content-L80-12:08:15] OK: expected true: expected zero byte in first page of freshly initialized page
[test_assign1_1.c-test single page content-L80-12:08:15] OK: expected true: expected zero byte in first page of freshly initialized page
[test_assign1_1.c-test single page content-L80-12:08:15] OK: expected true: expected zero byte in first page of freshly initialized page
[test_assign1_1.c-test single page content-L80-12:08:15] OK: expected true: expected zero byte in first page of freshly initialized page
[test_assign1_1.c-test single page content-L80-12:08:15] OK: expected true: expected zero byte in first page of freshly initialized page
[test_assign1_1.c-test single page content-L80-12:08:15] OK: expected true: expected zero byte in first page of freshly initialized page
[test_assign1_1.c-test single page content-L80-12:08:15] OK: expected true: expected zero byte in first page of freshly initialized page
[test_assign1_1.c-test single page content-L80-12:08:15] OK: expected true: expected zero byte in first page of freshly initialized page
[test_assign1_1.c-test single page content-L80-12:08:15] OK: expected true: expected zero byte in first page of freshly initialized page
[test_assign1_1.c-test single page content-L80-12:08:15] OK: expected true: expected zero byte in first page of freshly initialized page
[test_assign1_1.c-test single page content-L80-12:08:15] OK: expected true: expected zero byte in first page of freshly initialized page
[test_assign1_1.c-test single page content-L80-12:08:15] OK: expected true: expected zero byte in first page of freshly initialized page
[test_assign1_1.c-test single page content-L80-12:08:15] OK: expected true: expected zero byte in first page of freshly initialized page
[test_assign1_1.c-test single page content-L80-12:08:15] OK: expected true: expected zero byte in first page of freshly initialized page
[test_assign1_1.c-test single page content-L80-12:08:15] OK: expected true: expected zero byte in first page of freshly initialized page
[test_assign1_1.c-test single page content-L80-12:08:15] OK: expected true: expected zero byte in first page of freshly initialized page
[test_assign1_1.c-test single page content-L80-12:08:15] OK: expected true: expected zero byte in first page of freshly initialized page
[test_assign1_1.c-test single page content-L80-12:08:15] OK: expected true: expected zero byte in first page of freshly initialized page
[test_assign1_1.c-test single page content-L80-12:08:15] OK: expected true: expected zero byte in first page of freshly initialized page
[test_assign1_1.c-test single page content-L80-12:08:15] OK: expected true: expected zero byte in first page of freshly initialized page
[test_assign1_1.c-test single page content-L80-12:08:15] OK: expected true: expected zero byte in first page of freshly initialized page
[test_assign1_1.c-test single page content-L80-12:08:15] OK: expected true: expected zero byte in first page of freshly initialized page
[test_assign1_1.c-test single page content-L80-12:08:15] OK: expected true: expected zero byte in first page of freshly initialized page
[test_assign1_1.c-test single page content-L80-12:08:15] OK: expected true: expected zero byte in first page of freshly initialized page
[test_assign1_1.c-test single page content-L80-12:08:15] OK: expected true: expected zero byte in first page of freshly initialized page
[test_assign1_1.c-test single page content-L80-12:08:15] OK: expected true: expected zero byte in first page of freshly initialized page
[test_assign1_1.c-test single page content-L80-12:08:15] OK: expected true: expected zero byte in first page of freshly initialized page
[test_assign1_1.c-test single page content-L80-12:08:15] OK: expected true: expected zero byte in first page of freshly initialized page
[test_assign1_1.c-test single page content-L80-12:08:15] OK: expected true: expected zero byte in first page of freshly initialized page
[test_assign1_1.c-test single page content-L80-12:08:15] OK: expected true: expected zero byte in first page of freshly initialized page
[test_assign1_1.c-test single page content-L80-12:08:15] OK: expected true: expected zero byte in first page of freshly initialized page
[test_assign1_1.c-test single page content-L80-12:08:15] OK: expected true: expected zero byte in first page of freshly initialized page
[test_assign1_1.c-test single page content-L80-12:08:15] OK: expected true: expected zero byte in first page of freshly initialized page
[test_assign1_1.c-test single page content-L80-12:08:15] OK: expected true: expected zero byte in first page of freshly initialized page
[test_assign1_1.c-test single page content-L80-12:08:15] OK: expected true: expected zero byte in first page of freshly initialized page
[test_assign1_1.c-test single page content-L80-12:08:15] OK: expected true: expected zero byte in first page of freshly initialized page
[test_assign1_1.c-test single page content-L80-12:08:15] OK: expected true: expected zero byte in first page of freshly initialized page
[test_assign1_1.c-test single page content-L80-12:08:15] OK: expected true: expected zero byte in first page of freshly initialized page
[test_assign1_1.c-test single page content-L80-12:08:15] OK: expected true: expected zero byte in first page of freshly initialized page
[test_assign1_1.c-test single page content-L80-12:08:15] OK: expected true: expected zero byte in first page of freshly initialized page
[test_assign1_1.c-test single page content-L80-12:08:15] OK: expected true: expected zero byte in first page of freshly initialized page
[test_assign1_1.c-test single page content-L80-12:08:15] OK: expected true: expected zero byte in first page of freshly initialized page
[test_assign1_1.c-test single page content-L80-12:08:15] OK: expected true: expected zero byte in first page of freshly initialized page
[test_assign1_1.c-test single page content-L80-12:08:15] OK: expected true: expected zero byte in first page of freshly initialized page
[test_assign1_1.c-test single page content-L80-12:08:15] OK: expected true: expected zero byte in first page of freshly initialized page
[test_assign1_1.c-test single page content-L80-12:08:15] OK: expected true: expected zero byte in first page of freshly initialized page
[test_assign1_1.c-test single page content-L80-12:08:15] OK: expected true: expected zero byte in first page of freshly initialized page
[test_assign1_1.c-test single page content-L80-12:08:15] OK: expected true: expected zero byte in first page of freshly initialized page
[test_assign1_1.c-test single page content-L80-12:08:15] OK: expected true: expected zero byte in first page of freshly initialized page
[test_assign1_1.c-test single page content-L80-12:08:15] OK: expected true: expected zero byte in first page of freshly initialized page
[test_assign1_1.c-test single page content-L80-12:08:15] OK: expected true: expected zero byte in first page of freshly initialized page
[test_assign1_1.c-test single page content-L80-12:08:15] OK: expected true: expected zero byte in first page of freshly initialized page
[test_assign1_1.c-test single page content-L80-12:08:15] OK: expected true: expected zero byte in first page of freshly initialized page
[test_assign1_1.c-test single page content-L80-12:08:15] OK: expected true: expected zero byte in first page of freshly initialized page
[test_assign1_1.c-test single page content-L80-12:08:15] OK: expected true: expected zero byte in first page of freshly initialized page
[test_assign1_1.c-test single page content-L80-12:08:15] OK: expected true: expected zero byte in first page of freshly initialized page
[test_assign1_1.c-test single page content-L80-12:08:15] OK: expected true: expected zero byte in first page of freshly initialized page
[test_assign1_1.c-test single page content-L80-12:08:15] OK: expected true: expected zero byte in first page of freshly initialized page
[test_assign1_1.c-test single page content-L80-12:08:15] OK: expected true: expected zero byte in first page of freshly initialized page
[test_assign1_1.c-test single page content-L80-12:08:15] OK: expected true: expected zero byte in first page of freshly initialized page
[test_assign1_1.c-test single page content-L80-12:08:15] OK: expected true: expected zero byte in first page of freshly initialized page
[test_assign1_1.c-test single page content-L80-12:08:15] OK: expected true: expected zero byte in first page of freshly initialized page
[test_assign1_1.c-test single page content-L80-12:08:15] OK: expected true: expected zero byte in first page of freshly initialized page
[test_assign1_1.c-test single page content-L80-12:08:15] OK: expected true: expected zero byte in first page of freshly initialized page
[test_assign1_1.c-test single page content-L80-12:08:15] OK: expected true: expected zero byte in first page of freshly initialized page
[test_assign1_1.c-test single page content-L80-12:08:15] OK: expected true: expected zero byte in first page of freshly initialized page
[test_assign1_1.c-test single page content-L80-12:08:15] OK: expected true: expected zero byte in first page of freshly initialized page
[test_assign1_1.c-test single page content-L80-12:08:15] OK: expected true: expected zero byte in first page of freshly initialized page
[test_assign1_1.c-test single page content-L80-12:08:15] OK: expected true: expected zero byte in first page of freshly initialized page
[test_assign1_1.c-test single page content-L80-12:08:15] OK: expected true: expected zero byte in first page of freshly initialized page
[test_assign1_1.c-test single page content-L80-12:08:15] OK: expected true: expected zero byte in first page of freshly initialized page
[test_assign1_1.c-test single page content-L80-12:08:15] OK: expected true: expected zero byte in first page of freshly initialized page
[test_assign1_1.c-test single page content-L80-12:08:15] OK: expected true: expected zero byte in first page of freshly initialized page
[test_assign1_1.c-test single page content-L80-12:08:15] OK: expected true: expected zero byte in first page of freshly initialized page
[test_assign1_1.c-test single page content-L80-12:08:15] OK: expected true: expected zero byte in first page of freshly initialized page
[test_assign1_1.c-test single page content-L80-12:08:15] OK: expected true: expected zero byte in first page of freshly initialized page
[test_assign1_1.c-test single page content-L80-12:08:15] OK: expected true: expected zero byte in first page of freshly initialized page
[test_assign1_1.c-test single page content-L80-12:08:15] OK: expected true: expected zero byte in first page of freshly initialized page
[test_assign1_1.c-test single page content-L80-12:08:15] OK: expected true: expected zero byte in first page of freshly initialized page
[test_assign1_1.c-test single page content-L80-12:08:15] OK: expected true: expected zero byte in first page of freshly initialized page
[test_assign1_1.c-test single page content-L80-12:08:15] OK: expected true: expected zero byte in first page of freshly initialized page
[test_assign1_1.c-test single page content-L80-12:08:15] OK: expected true: expected zero byte in first page of freshly initialized page
[test_assign1_1.c-test single page content-L80-12:08:15] OK: expected true: expected zero byte in first page of freshly initialized page
[test_assign1_1.c-test single page content-L80-12:08:15] OK: expected true: expected zero byte in first page of freshly initialized page
[test_assign1_1.c-test single page content-L80-12:08:15] OK: expected true: expected zero byte in first page of freshly initialized page
[test_assign1_1.c-test single page content-L80-12:08:15] OK: expected true: expected zero byte in first page of freshly initialized page
[test_assign1_1.c-test single page content-L80-12:08:15] OK: expected true: expected zero byte in first page of freshly initialized page
[test_assign1_1.c-test single page content-L80-12:08:15] OK: expected true: expected zero byte in first page of freshly initialized page
[test_assign1_1.c-test single page content-L80-12:08:15] OK: expected true: expected zero byte in first page of freshly initialized page
[test_assign1_1.c-test single page content-L80-12:08:15] OK: expected true: expected zero byte in first page of freshly initialized page
[test_assign1_1.c-test single page content-L80-12:08:15] OK: expected true: expected zero byte in first page of freshly initialized page
[test_assign1_1.c-test single page content-L80-12:08:15] OK: expected true: expected zero byte in first page of freshly initialized page
[test_assign1_1.c-test single page content-L80-12:08:15] OK: expected true: expected zero byte in first page of freshly initialized page
[test_assign1_1.c-test single page content-L80-12:08:15] OK: expected true: expected zero byte in first page of freshly initialized page
[test_assign1_1.c-test single page content-L80-12:08:15] OK: expected true: expected zero byte in first page of freshly initialized page
[test_assign1_1.c-test single page content-L80-12:08:15] OK: expected true: expected zero byte in first page of freshly initialized page
[test_assign1_1.c-test single page content-L80-12:08:15] OK: expected true: expected zero byte in first page of freshly initialized page
[test_assign1_1.c-test single page content-L80-12:08:15] OK: expected true: expected zero byte in first page of freshly initialized page
[test_assign1_1.c-test single page content-L80-12:08:15] OK: expected true: expected zero byte in first page of freshly initialized page
[test_assign1_1.c-test single page content-L80-12:08:15] OK: expected true: expected zero byte in first page of freshly initialized page
[test_assign1_1.c-test single page content-L80-12:08:15] OK: expected true: expected zero byte in first page of freshly initialized page
[test_assign1_1.c-test single page content-L80-12:08:15] OK: expected true: expected zero byte in first page of freshly initialized page
[test_assign1_1.c-test single page content-L80-12:08:15] OK: expected true: expected zero byte in first page of freshly initialized page
[test_assign1_1.c-test single page content-L80-12:08:15] OK: expected true: expected zero byte in first page of freshly initialized page
[test_assign1_1.c-test single page content-L80-12:08:15] OK: expected true: expected zero byte in first page of freshly initialized page
[test_assign1_1.c-test single page content-L80-12:08:15] OK: expected true: expected zero byte in first page of freshly initialized page
[test_assign1_1.c-test single page content-L80-12:08:15] OK: expected true: expected zero byte in first page of freshly initialized page
[test_assign1_1.c-test single page content-L80-12:08:15] OK: expected true: expected zero byte in first page of freshly initialized page
[test_assign1_1.c-test single page content-L80-12:08:15] OK: expected true: expected zero byte in first page of freshly initialized page
[test_assign1_1.c-test single page content-L80-12:08:15] OK: expected true: expected zero byte in first page of freshly initialized page
[test_assign1_1.c-test single page content-L80-12:08:15] OK: expected true: expected zero byte in first page of freshly initialized page
[test_assign1_1.c-test single page content-L80-12:08:15] OK: expected true: expected zero byte in first page of freshly initialized page
[test_assign1_1.c-test single page content-L80-12:08:15] OK: expected true: expected zero byte in first page of freshly initialized page
[test_assign1_1.c-test single page content-L80-12:08:15] OK: expected true: expected zero byte in first page of freshly initialized page
[test_assign1_1.c-test single page content-L80-12:08:15] OK: expected true: expected zero byte in first page of freshly initialized page
[test_assign1_1.c-test single page content-L80-12:08:15] OK: expected true: expected zero byte in first page of freshly initialized page
[test_assign1_1.c-test single page content-L80-12:08:15] OK: expected true: expected zero byte in first page of freshly initialized page
[test_assign1_1.c-test single page content-L80-12:08:15] OK: expected true: expected zero byte in first page of freshly initialized page
[test_assign1_1.c-test single page content-L80-12:08:15] OK: expected true: expected zero byte in first page of freshly initialized page
[test_assign1_1.c-test single page content-L80-12:08:15] OK: expected true: expected zero byte in first page of freshly initialized page
[test_assign1_1.c-test single page content-L80-12:08:15] OK: expected true: expected zero byte in first page of freshly initialized page
[test_assign1_1.c-test single page content-L80-12:08:15] OK: expected true: expected zero byte in first page of freshly initialized page
[test_assign1_1.c-test single page content-L80-12:08:15] OK: expected true: expected zero byte in first page of freshly initialized page
[test_assign1_1.c-test single page content-L80-12:08:15] OK: expected true: expected zero byte in first page of freshly initialized page
[test_assign1_1.c-test single page content-L80-12:08:15] OK: expected true: expected zero byte in first page of freshly initialized page
[test_assign1_1.c-test single page content-L80-12:08:15] OK: expected true: expected zero byte in first page of freshly initialized page
[test_assign1_1.c-test single page content-L80-12:08:15] OK: expected true: expected zero byte in first page of freshly initialized page
[test_assign1_1.c-test single page content-L80-12:08:15] OK: expected true: expected zero byte in first page of freshly initialized page
[test_assign1_1.c-test single page content-L80-12:08:15] OK: expected true: expected zero byte in first page of freshly initialized page
[test_assign1_1.c-test single page content-L80-12:08:15] OK: expected true: expected zero byte in first page of freshly initialized page
[test_assign1_1.c-test single page content-L80-12:08:15] OK: expected true: expected zero byte in first page of freshly initialized page
[test_assign1_1.c-test single page content-L80-12:08:15] OK: expected true: expected zero byte in first page of freshly initialized page
[test_assign1_1.c-test single page content-L80-12:08:15] OK: expected true: expected zero byte in first page of freshly initialized page
[test_assign1_1.c-test single page content-L80-12:08:15] OK: expected true: expected zero byte in first page of freshly initialized page
[test_assign1_1.c-test single page content-L80-12:08:15] OK: expected true: expected zero byte in first page of freshly initialized page
[test_assign1_1.c-test single page content-L80-12:08:15] OK: expected true: expected zero byte in first page of freshly initialized page
[test_assign1_1.c-test single page content-L80-12:08:15] OK: expected true: expected zero byte in first page of freshly initialized page
[test_assign1_1.c-test single page content-L80-12:08:15] OK: expected true: expected zero byte in first page of freshly initialized page
[test_assign1_1.c-test single page content-L80-12:08:15] OK: expected true: expected zero byte in first page of freshly initialized page
[test_assign1_1.c-test single page content-L80-12:08:15] OK: expected true: expected zero byte in first page of freshly initialized page
[test_assign1_1.c-test single page content-L80-12:08:15] OK: expected true: expected zero byte in first page of freshly initialized page
[test_assign1_1.c-test single page content-L80-12:08:15] OK: expected true: expected zero byte in first page of freshly initialized page
[test_assign1_1.c-test single page content-L80-12:08:15] OK: expected true: expected zero byte in first page of freshly initialized page
[test_assign1_1.c-test single page content-L80-12:08:15] OK: expected true: expected zero byte in first page of freshly initialized page
[test_assign1_1.c-test single page content-L80-12:08:15] OK: expected true: expected zero byte in first page of freshly initialized page
[test_assign1_1.c-test single page content-L80-12:08:15] OK: expected true: expected zero byte in first page of freshly initialized page
[test_assign1_1.c-test single page content-L80-12:08:15] OK: expected true: expected zero byte in first page of freshly initialized page
[test_assign1_1.c-test single page content-L80-12:08:15] OK: expected true: expected zero byte in first page of freshly initialized page
[test_assign1_1.c-test single page content-L80-12:08:15] OK: expected true: expected zero byte in first page of freshly initialized page
[test_assign1_1.c-test single page content-L80-12:08:15] OK: expected true: expected zero byte in first page of freshly initialized page
[test_assign1_1.c-test single page content-L80-12:08:15] OK: expected true: expected zero byte in first page of freshly initialized page
[test_assign1_1.c-test single page content-L80-12:08:15] OK: expected true: expected zero byte in first page of freshly initialized page
[test_assign1_1.c-test single page content-L80-12:08:15] OK: expected true: expected zero byte in first page of freshly initialized page
[test_assign1_1.c-test single page content-L80-12:08:15] OK: expected true: expected zero byte in first page of freshly initialized page
[test_assign1_1.c-test single page content-L80-12:08:15] OK: expected true: expected zero byte in first page of freshly initialized page
[test_assign1_1.c-test single page content-L80-12:08:15] OK: expected true: expected zero byte in first page of freshly initialized page
[test_assign1_1.c-test single page content-L80-12:08:15] OK: expected true: expected zero byte in first page of freshly initialized page
[test_assign1_1.c-test single page content-L80-12:08:15] OK: expected true: expected zero byte in first page of freshly initialized page
[test_assign1_1.c-test single page content-L80-12:08:15] OK: expected true: expected zero byte in first page of freshly initialized page
[test_assign1_1.c-test single page content-L80-12:08:15] OK: expected true: expected zero byte in first page of freshly initialized page
[test_assign1_1.c-test single page content-L80-12:08:15] OK: expected true: expected zero byte in first page of freshly initialized page
[test_assign1_1.c-test single page content-L80-12:08:15] OK: expected true: expected zero byte in first page of freshly initialized page
[test_assign1_1.c-test single page content-L80-12:08:15] OK: expected true: expected zero byte in first page of freshly initialized page
[test_assign1_1.c-test single page content-L80-12:08:15] OK: expected true: expected zero byte in first page of freshly initialized page
[test_assign1_1.c-test single page content-L80-12:08:15] OK: expected true: expected zero byte in first page of freshly initialized page
[test_assign1_1.c-test single page content-L80-12:08:15] OK: expected true: expected zero byte in first page of freshly initialized page
[test_assign1_1.c-test single page content-L80-12:08:15] OK: expected true: expected zero byte in first page of freshly initialized page
[test_assign1_1.c-test single page content-L80-12:08:15] OK: expected true: expected zero byte in first page of freshly initialized page
[test_assign1_1.c-test single page content-L80-12:08:15] OK: expected true: expected zero byte in first page of freshly initialized page
[test_assign1_1.c-test single page content-L80-12:08:15] OK: expected true: expected zero byte in first page of freshly initialized page
[test_assign1_1.c-test single page content-L80-12:08:15] OK: expected true: expected zero byte in first page of freshly initialized page
[test_assign1_1.c-test single page content-L80-12:08:15] OK: expected true: expected zero byte in first page of freshly initialized page
[test_assign1_1.c-test single page content-L80-12:08:15] OK: expected true: expected zero byte in first page of freshly initialized page
[test_assign1_1.c-test single page content-L80-12:08:15] OK: expected true: expected zero byte in first page of freshly initialized page
[test_assign1_1.c-test single page content-L80-12:08:15] OK: expected true: expected zero byte in first page of freshly initialized page
[test_assign1_1.c-test single page content-L80-12:08:15] OK: expected true: expected zero byte in first page of freshly initialized page
[test_assign1_1.c-test single page content-L80-12:08:15] OK: expected true: expected zero byte in first page of freshly initialized page
[test_assign1_1.c-test single page content-L80-12:08:15] OK: expected true: expected zero byte in first page of freshly initialized page
[test_assign1_1.c-test single page content-L80-12:08:15] OK: expected true: expected zero byte in first page of freshly initialized page
[test_assign1_1.c-test single page content-L80-12:08:15] OK: expected true: expected zero byte in first page of freshly initialized page
[test_assign1_1.c-test single page content-L80-12:08:15] OK: expected true: expected zero byte in first page of freshly initialized page
[test_assign1_1.c-test single page content-L80-12:08:15] OK: expected true: expected zero byte in first page of freshly initialized page
[test_assign1_1.c-test single page content-L80-12:08:15] OK: expected true: expected zero byte in first page of freshly initialized page
[test_assign1_1.c-test single page content-L80-12:08:15] OK: expected true: expected zero byte in first page of freshly initialized page
[test_assign1_1.c-test single page content-L80-12:08:15] OK: expected true: expected zero byte in first page of freshly initialized page
[test_assign1_1.c-test single page content-L80-12:08:15] OK: expected true: expected zero byte in first page of freshly initialized page
[test_assign1_1.c-test single page content-L80-12:08:15] OK: expected true: expected zero byte in first page of freshly initialized page
[test_assign1_1.c-test single page content-L80-12:08:15] OK: expected true: expected zero byte in first page of freshly initialized page
[test_assign1_1.c-test single page content-L80-12:08:15] OK: expected true: expected zero byte in first page of freshly initialized page
[test_assign1_1.c-test single page content-L80-12:08:15] OK: expected true: expected zero byte in first page of freshly initialized page
[test_assign1_1.c-test single page content-L80-12:08:15] OK: expected true: expected zero byte in first page of freshly initialized page
[test_assign1_1.c-test single page content-L80-12:08:15] OK: expected true: expected zero byte in first page of freshly initialized page
[test_assign1_1.c-test single page content-L80-12:08:15] OK: expected true: expected zero byte in first page of freshly initialized page
[test_assign1_1.c-test single page content-L80-12:08:15] OK: expected true: expected zero byte in first page of freshly initialized page
[test_assign1_1.c-test single page content-L80-12:08:15] OK: expected true: expected zero byte in first page of freshly initialized page
[test_assign1_1.c-test single page content-L80-12:08:15] OK: expected true: expected zero byte in first page of freshly initialized page
[test_assign1_1.c-test single page content-L80-12:08:15] OK: expected true: expected zero byte in first page of freshly initialized page
[test_assign1_1.c-test single page content-L80-12:08:15] OK: expected true: expected zero byte in first page of freshly initialized page
[test_assign1_1.c-test single page content-L80-12:08:15] OK: expected true: expected zero byte in first page of freshly initialized page
[test_assign1_1.c-test single page content-L80-12:08:15] OK: expected true: expected zero byte in first page of freshly initialized page
[test_assign1_1.c-test single page content-L80-12:08:15] OK: expected true: expected zero byte in first page of freshly initialized page
[test_assign1_1.c-test single page content-L80-12:08:15] OK: expected true: expected zero byte in first page of freshly initialized page
[test_assign1_1.c-test single page content-L80-12:08:15] OK: expected true: expected zero byte in first page of freshly initialized page
[test_assign1_1.c-test single page content-L80-12:08:15] OK: expected true: expected zero byte in first page of freshly initialized page
[test_assign1_1.c-test single page content-L80-12:08:15] OK: expected true: expected zero byte in first page of freshly initialized page
[test_assign1_1.c-test single page content-L80-12:08:15] OK: expected true: expected zero byte in first page of freshly initialized page
[test_assign1_1.c-test single page content-L80-12:08:15] OK: expected true: expected zero byte in first page of freshly initialized page
[test_assign1_1.c-test single page content-L80-12:08:15] OK: expected true: expected zero byte in first page of freshly initialized page
[test_assign1_1.c-test single page content-L80-12:08:15] OK: expected true: expected zero byte in first page of freshly initialized page
[test_assign1_1.c-test single page content-L80-12:08:15] OK: expected true: expected zero byte in first page of freshly initialized page
[test_assign1_1.c-test single page content-L80-12:08:15] OK: expected true: expected zero byte in first page of freshly initialized page
[test_assign1_1.c-test single page content-L80-12:08:15] OK: expected true: expected zero byte in first page of freshly initialized page
[test_assign1_1.c-test single page content-L80-12:08:15] OK: expected true: expected zero byte in first page of freshly initialized page
[test_assign1_1.c-test single page content-L80-12:08:15] OK: expected true: expected zero byte in first page of freshly initialized page
[test_assign1_1.c-test single page content-L80-12:08:15] OK: expected true: expected zero byte in first page of freshly initialized page
[test_assign1_1.c-test single page content-L80-12:08:15] OK: expected true: expected zero byte in first page of freshly initialized page
[test_assign1_1.c-test single page content-L80-12:08:15] OK: expected true: expected zero byte in first page of freshly initialized page
[test_assign1_1.c-test single page content-L80-12:08:15] OK: expected true: expected zero byte in first page of freshly initialized page
[test_assign1_1.c-test single page content-L80-12:08:15] OK: expected true: expected zero byte in first page of freshly initialized page
[test_assign1_1.c-test single page content-L80-12:08:15] OK: expected true: expected zero byte in first page of freshly initialized page
[test_assign1_1.c-test single page content-L80-12:08:15] OK: expected true: expected zero byte in first page of freshly initialized page
[test_assign1_1.c-test single page content-L80-12:08:15] OK: expected true: expected zero byte in first page of freshly initialized page
[test_assign1_1.c-test single page content-L80-12:08:15] OK: expected true: expected zero byte in first page of freshly initialized page
[test_assign1_1.c-test single page content-L80-12:08:15] OK: expected true: expected zero byte in first page of freshly initialized page
[test_assign1_1.c-test single page content-L80-12:08:15] OK: expected true: expected zero byte in first page of freshly initialized page
[test_assign1_1.c-test single page content-L80-12:08:15] OK: expected true: expected zero byte in first page of freshly initialized page
[test_assign1_1.c-test single page content-L80-12:08:15] OK: expected true: expected zero byte in first page of freshly initialized page
[test_assign1_1.c-test single page content-L80-12:08:15] OK: expected true: expected zero byte in first page of freshly initialized page
[test_assign1_1.c-test single page content-L80-12:08:15] OK: expected true: expected zero byte in first page of freshly initialized page
[test_assign1_1.c-test single page content-L80-12:08:15] OK: expected true: expected zero byte in first page of freshly initialized page
[test_assign1_1.c-test single page content-L80-12:08:15] OK: expected true: expected zero byte in first page of freshly initialized page
[test_assign1_1.c-test single page content-L80-12:08:15] OK: expected true: expected zero byte in first page of freshly initialized page
[test_assign1_1.c-test single page content-L80-12:08:15] OK: expected true: expected zero byte in first page of freshly initialized page
[test_assign1_1.c-test single page content-L80-12:08:15] OK: expected true: expected zero byte in first page of freshly initialized page
[test_assign1_1.c-test single page content-L80-12:08:15] OK: expected true: expected zero byte in first page of freshly initialized page
[test_assign1_1.c-test single page content-L80-12:08:15] OK: expected true: expected zero byte in first page of freshly initialized page
[test_assign1_1.c-test single page content-L80-12:08:15] OK: expected true: expected zero byte in first page of freshly initialized page
[test_assign1_1.c-test single page content-L80-12:08:15] OK: expected true: expected zero byte in first page of freshly initialized page
[test_assign1_1.c-test single page content-L80-12:08:15] OK: expected true: expected zero byte in first page of freshly initialized page
[test_assign1_1.c-test single page content-L80-12:08:15] OK: expected true: expected zero byte in first page of freshly initialized page
[test_assign1_1.c-test single page content-L80-12:08:15] OK: expected true: expected zero byte in first page of freshly initialized page
[test_assign1_1.c-test single page content-L80-12:08:15] OK: expected true: expected zero byte in first page of freshly initialized page
[test_assign1_1.c-test single page content-L80-12:08:15] OK: expected true: expected zero byte in first page of freshly initialized page
[test_assign1_1.c-test single page content-L80-12:08:15] OK: expected true: expected zero byte in first page of freshly initialized page
[test_assign1_1.c-test single page content-L80-12:08:15] OK: expected true: expected zero byte in first page of freshly initialized page
[test_assign1_1.c-test single page content-L80-12:08:15] OK: expected true: expected zero byte in first page of freshly initialized page
[test_assign1_1.c-test single page content-L80-12:08:15] OK: expected true: expected zero byte in first page of freshly initialized page
[test_assign1_1.c-test single page content-L80-12:08:15] OK: expected true: expected zero byte in first page of freshly initialized page
[test_assign1_1.c-test single page content-L80-12:08:15] OK: expected true: expected zero byte in first page of freshly initialized page
[test_assign1_1.c-test single page content-L80-12:08:15] OK: expected true: expected zero byte in first page of freshly initialized page
[test_assign1_1.c-test single page content-L80-12:08:15] OK: expected true: expected zero byte in first page of freshly initialized page
[test_assign1_1.c-test single page content-L80-12:08:15] OK: expected true: expected zero byte in first page of freshly initialized page
[test_assign1_1.c-test single page content-L80-12:08:15] OK: expected true: expected zero byte in first page of freshly initialized page
[test_assign1_1.c-test single page content-L80-12:08:15] OK: expected true: expected zero byte in first page of freshly initialized page
[test_assign1_1.c-test single page content-L80-12:08:15] OK: expected true: expected zero byte in first page of freshly initialized page
[test_assign1_1.c-test single page content-L80-12:08:15] OK: expected true: expected zero byte in first page of freshly initialized page
[test_assign1_1.c-test single page content-L80-12:08:15] OK: expected true: expected zero byte in first page of freshly initialized page
[test_assign1_1.c-test single page content-L80-12:08:15] OK: expected true: expected zero byte in first page of freshly initialized page
[test_assign1_1.c-test single page content-L80-12:08:15] OK: expected true: expected zero byte in first page of freshly initialized page
[test_assign1_1.c-test single page content-L80-12:08:15] OK: expected true: expected zero byte in first page of freshly initialized page
[test_assign1_1.c-test single page content-L80-12:08:15] OK: expected true: expected zero byte in first page of freshly initialized page
[test_assign1_1.c-test single page content-L80-12:08:15] OK: expected true: expected zero byte in first page of freshly initialized page
[test_assign1_1.c-test single page content-L80-12:08:15] OK: expected true: expected zero byte in first page of freshly initialized page
[test_assign1_1.c-test single page content-L80-12:08:15] OK: expected true: expected zero byte in first page of freshly initialized page
[test_assign1_1.c-test single page content-L80-12:08:15] OK: expected true: expected zero byte in first page of freshly initialized page
[test_assign1_1.c-test single page content-L80-12:08:15] OK: expected true: expected zero byte in first page of freshly initialized page
[test_assign1_1.c-test single page content-L80-12:08:15] OK: expected true: expected zero byte in first page of freshly initialized page
[test_assign1_1.c-test single page content-L80-12:08:15] OK: expected true: expected zero byte in first page of freshly initialized page
[test_assign1_1.c-test single page content-L80-12:08:15] OK: expected true: expected zero byte in first page of freshly initialized page
[test_assign1_1.c-test single page content-L80-12:08:15] OK: expected true: expected zero byte in first page of freshly initialized page
[test_assign1_1.c-test single page content-L80-12:08:15] OK: expected true: expected zero byte in first page of freshly initialized page
[test_assign1_1.c-test single page content-L80-12:08:15] OK: expected true: expected zero byte in first page of freshly initialized page
[test_assign1_1.c-test single page content-L80-12:08:15] OK: expected true: expected zero byte in first page of freshly initialized page
[test_assign1_1.c-test single page content-L80-12:08:15] OK: expected true: expected zero byte in first page of freshly initialized page
[test_assign1_1.c-test single page content-L80-12:08:15] OK: expected true: expected zero byte in first page of freshly initialized page
[test_assign1_1.c-test single page content-L80-12:08:15] OK: expected true: expected zero byte in first page of freshly initialized page
[test_assign1_1.c-test single page content-L80-12:08:15] OK: expected true: expected zero byte in first page of freshly initialized page
[test_assign1_1.c-test single page content-L80-12:08:15] OK: expected true: expected zero byte in first page of freshly initialized page
[test_assign1_1.c-test single page content-L80-12:08:15] OK: expected true: expected zero byte in first page of freshly initialized page
[test_assign1_1.c-test single page content-L80-12:08:15] OK: expected true: expected zero byte in first page of freshly initialized page
[test_assign1_1.c-test single page content-L80-12:08:15] OK: expected true: expected zero byte in first page of freshly initialized page
[test_assign1_1.c-test single page content-L80-12:08:15] OK: expected true: expected zero byte in first page of freshly initialized page
[test_assign1_1.c-test single page content-L80-12:08:15] OK: expected true: expected zero byte in first page of freshly initialized page
[test_assign1_1.c-test single page content-L80-12:08:15] OK: expected true: expected zero byte in first page of freshly initialized page
[test_assign1_1.c-test single page content-L80-12:08:15] OK: expected true: expected zero byte in first page of freshly initialized page
[test_assign1_1.c-test single page content-L80-12:08:15] OK: expected true: expected zero byte in first page of freshly initialized page
[test_assign1_1.c-test single page content-L80-12:08:15] OK: expected true: expected zero byte in first page of freshly initialized page
[test_assign1_1.c-test single page content-L80-12:08:15] OK: expected true: expected zero byte in first page of freshly initialized page
[test_assign1_1.c-test single page content-L80-12:08:15] OK: expected true: expected zero byte in first page of freshly initialized page
[test_assign1_1.c-test single page content-L80-12:08:15] OK: expected true: expected zero byte in first page of freshly initialized page
[test_assign1_1.c-test single page content-L80-12:08:15] OK: expected true: expected zero byte in first page of freshly initialized page
[test_assign1_1.c-test single page content-L80-12:08:15] OK: expected true: expected zero byte in first page of freshly initialized page
[test_assign1_1.c-test single page content-L80-12:08:15] OK: expected true: expected zero byte in first page of freshly initialized page
[test_assign1_1.c-test single page content-L80-12:08:15] OK: expected true: expected zero byte in first page of freshly initialized page
[test_assign1_1.c-test single page content-L80-12:08:15] OK: expected true: expected zero byte in first page of freshly initialized page
[test_assign1_1.c-test single page content-L80-12:08:15] OK: expected true: expected zero byte in first page of freshly initialized page
[test_assign1_1.c-test single page content-L80-12:08:15] OK: expected true: expected zero byte in first page of freshly initialized page
[test_assign1_1.c-test single page content-L80-12:08:15] OK: expected true: expected zero byte in first page of freshly initialized page
[test_assign1_1.c-test single page content-L80-12:08:15] OK: expected true: expected zero byte in first page of freshly initialized page
[test_assign1_1.c-test single page content-L80-12:08:15] OK: expected true: expected zero byte in first page of freshly initialized page
[test_assign1_1.c-test single page content-L80-12:08:15] OK: expected true: expected zero byte in first page of freshly initialized page
[test_assign1_1.c-test single page content-L80-12:08:15] OK: expected true: expected zero byte in first page of freshly initialized page
[test_assign1_1.c-test single page content-L80-12:08:15] OK: expected true: expected zero byte in first page of freshly initialized page
[test_assign1_1.c-test single page content-L80-12:08:15] OK: expected true: expected zero byte in first page of freshly initialized page
[test_assign1_1.c-test single page content-L80-12:08:15] OK: expected true: expected zero byte in first page of freshly initialized page
[test_assign1_1.c-test single page content-L80-12:08:15] OK: expected true: expected zero byte in first page of freshly initialized page
[test_assign1_1.c-test single page content-L80-12:08:15] OK: expected true: expected zero byte in first page of freshly initialized page
[test_assign1_1.c-test single page content-L80-12:08:15] OK: expected true: expected zero byte in first page of freshly initialized page
[test_assign1_1.c-test single page content-L80-12:08:15] OK: expected true: expected zero byte in first page of freshly initialized page
[test_assign1_1.c-test single page content-L80-12:08:15] OK: expected true: expected zero byte in first page of freshly initialized page
[test_assign1_1.c-test single page content-L80-12:08:15] OK: expected true: expected zero byte in first page of freshly initialized page
[test_assign1_1.c-test single page content-L80-12:08:15] OK: expected true: expected zero byte in first page of freshly initialized page
[test_assign1_1.c-test single page content-L80-12:08:15] OK: expected true: expected zero byte in first page of freshly initialized page
[test_assign1_1.c-test single page content-L80-12:08:15] OK: expected true: expected zero byte in first page of freshly initialized page
[test_assign1_1.c-test single page content-L80-12:08:15] OK: expected true: expected zero byte in first page of freshly initialized page
[test_assign1_1.c-test single page content-L80-12:08:15] OK: expected true: expected zero byte in first page of freshly initialized page
[test_assign1_1.c-test single page content-L80-12:08:15] OK: expected true: expected zero byte in first page of freshly initialized page
[test_assign1_1.c-test single page content-L80-12:08:15] OK: expected true: expected zero byte in first page of freshly initialized page
[test_assign1_1.c-test single page content-L80-12:08:15] OK: expected true: expected zero byte in first page of freshly initialized page
[test_assign1_1.c-test single page content-L80-12:08:15] OK: expected true: expected zero byte in first page of freshly initialized page
[test_assign1_1.c-test single page content-L80-12:08:15] OK: expected true: expected zero byte in first page of freshly initialized page
[test_assign1_1.c-test single page content-L80-12:08:15] OK: expected true: expected zero byte in first page of freshly initialized page
[test_assign1_1.c-test single page content-L80-12:08:15] OK: expected true: expected zero byte in first page of freshly initialized page
[test_assign1_1.c-test single page content-L80-12:08:15] OK: expected true: expected zero byte in first page of freshly initialized page
[test_assign1_1.c-test single page content-L80-12:08:15] OK: expected true: expected zero byte in first page of freshly initialized page
[test_assign1_1.c-test single page content-L80-12:08:15] OK: expected true: expected zero byte in first page of freshly initialized page
[test_assign1_1.c-test single page content-L80-12:08:15] OK: expected true: expected zero byte in first page of freshly initialized page
[test_assign1_1.c-test single page content-L80-12:08:15] OK: expected true: expected zero byte in first page of freshly initialized page
[test_assign1_1.c-test single page content-L80-12:08:15] OK: expected true: expected zero byte in first page of freshly initialized page
[test_assign1_1.c-test single page content-L80-12:08:15] OK: expected true: expected zero byte in first page of freshly initialized page
[test_assign1_1.c-test single page content-L80-12:08:15] OK: expected true: expected zero byte in first page of freshly initialized page
[test_assign1_1.c-test single page content-L80-12:08:15] OK: expected true: expected zero byte in first page of freshly initialized page
[test_assign1_1.c-test single page content-L80-12:08:15] OK: expected true: expected zero byte in first page of freshly initialized page
[test_assign1_1.c-test single page content-L80-12:08:15] OK: expected true: expected zero byte in first page of freshly initialized page
[test_assign1_1.c-test single page content-L80-12:08:15] OK: expected true: expected zero byte in first page of freshly initialized page
[test_assign1_1.c-test single page content-L80-12:08:15] OK: expected true: expected zero byte in first page of freshly initialized page
[test_assign1_1.c-test single page content-L80-12:08:15] OK: expected true: expected zero byte in first page of freshly initialized page
[test_assign1_1.c-test single page content-L80-12:08:15] OK: expected true: expected zero byte in first page of freshly initialized page
[test_assign1_1.c-test single page content-L80-12:08:15] OK: expected true: expected zero byte in first page of freshly initialized page
[test_assign1_1.c-test single page content-L80-12:08:15] OK: expected true: expected zero byte in first page of freshly initialized page
[test_assign1_1.c-test single page content-L80-12:08:15] OK: expected true: expected zero byte in first page of freshly initialized page
[test_assign1_1.c-test single page content-L80-12:08:15] OK: expected true: expected zero byte in first page of freshly initialized page
[test_assign1_1.c-test single page content-L80-12:08:15] OK: expected true: expected zero byte in first page of freshly initialized page
[test_assign1_1.c-test single page content-L80-12:08:15] OK: expected true: expected zero byte in first page of freshly initialized page
[test_assign1_1.c-test single page content-L80-12:08:15] OK: expected true: expected zero byte in first page of freshly initialized page
[test_assign1_1.c-test single page content-L80-12:08:15] OK: expected true: expected zero byte in first page of freshly initialized page
[test_assign1_1.c-test single page content-L80-12:08:15] OK: expected true: expected zero byte in first page of freshly initialized page
[test_assign1_1.c-test single page content-L80-12:08:15] OK: expected true: expected zero byte in first page of freshly initialized page
[test_assign1_1.c-test single page content-L80-12:08:15] OK: expected true: expected zero byte in first page of freshly initialized page
[test_assign1_1.c-test single page content-L80-12:08:15] OK: expected true: expected zero byte in first page of freshly initialized page
[test_assign1_1.c-test single page content-L80-12:08:15] OK: expected true: expected zero byte in first page of freshly initialized page
[test_assign1_1.c-test single page content-L80-12:08:15] OK: expected true: expected zero byte in first page of freshly initialized page
[test_assign1_1.c-test single page content-L80-12:08:15] OK: expected true: expected zero byte in first page of freshly initialized page
[test_assign1_1.c-test single page content-L80-12:08:15] OK: expected true: expected zero byte in first page of freshly initialized page
[test_assign1_1.c-test single page content-L80-12:08:15] OK: expected true: expected zero byte in first page of freshly initialized page
[test_assign1_1.c-test single page content-L80-12:08:15] OK: expected true: expected zero byte in first page of freshly initialized page
[test_assign1_1.c-test single page content-L80-12:08:15] OK: expected true: expected zero byte in first page of freshly initialized page
[test_assign1_1.c-test single page content-L80-12:08:15] OK: expected true: expected zero byte in first page of freshly initialized page
[test_assign1_1.c-test single page content-L80-12:08:15] OK: expected true: expected zero byte in first page of freshly initialized page
[test_assign1_1.c-test single page content-L80-12:08:15] OK: expected true: expected zero byte in first page of freshly initialized page
[test_assign1_1.c-test single page content-L80-12:08:15] OK: expected true: expected zero byte in first page of freshly initialized page
[test_assign1_1.c-test single page content-L80-12:08:15] OK: expected true: expected zero byte in first page of freshly initialized page
[test_assign1_1.c-test single page content-L80-12:08:15] OK: expected true: expected zero byte in first page of freshly initialized page
[test_assign1_1.c-test single page content-L80-12:08:15] OK: expected true: expected zero byte in first page of freshly initialized page
[test_assign1_1.c-test single page content-L80-12:08:15] OK: expected true: expected zero byte in first page of freshly initialized page
[test_assign1_1.c-test single page content-L80-12:08:15] OK: expected true: expected zero byte in first page of freshly initialized page
[test_assign1_1.c-test single page content-L80-12:08:15] OK: expected true: expected zero byte in first page of freshly initialized page
[test_assign1_1.c-test single page content-L80-12:08:15] OK: expected true: expected zero byte in first page of freshly initialized page
[test_assign1_1.c-test single page content-L80-12:08:15] OK: expected true: expected zero byte in first page of freshly initialized page
[test_assign1_1.c-test single page content-L80-12:08:15] OK: expected true: expected zero byte in first page of freshly initialized page
[test_assign1_1.c-test single page content-L80-12:08:15] OK: expected true: expected zero byte in first page of freshly initialized page
[test_assign1_1.c-test single page content-L80-12:08:15] OK: expected true: expected zero byte in first page of freshly initialized page
[test_assign1_1.c-test single page content-L80-12:08:15] OK: expected true: expected zero byte in first page of freshly initialized page
[test_assign1_1.c-test single page content-L80-12:08:15] OK: expected true: expected zero byte in first page of freshly initialized page
[test_assign1_1.c-test single page content-L80-12:08:15] OK: expected true: expected zero byte in first page of freshly initialized page
[test_assign1_1.c-test single page content-L80-12:08:15] OK: expected true: expected zero byte in first page of freshly initialized page
[test_assign1_1.c-test single page content-L80-12:08:15] OK: expected true: expected zero byte in first page of freshly initialized page
[test_assign1_1.c-test single page content-L80-12:08:15] OK: expected true: expected zero byte in first page of freshly initialized page
[test_assign1_1.c-test single page content-L80-12:08:15] OK: expected true: expected zero byte in first page of freshly initialized page
[test_assign1_1.c-test single page content-L80-12:08:15] OK: expected true: expected zero byte in first page of freshly initialized page
[test_assign1_1.c-test single page content-L80-12:08:15] OK: expected true: expected zero byte in first page of freshly initialized page
[test_assign1_1.c-test single page content-L80-12:08:15] OK: expected true: expected zero byte in first page of freshly initialized page
[test_assign1_1.c-test single page content-L80-12:08:15] OK: expected true: expected zero byte in first page of freshly initialized page
[test_assign1_1.c-test single page content-L80-12:08:15] OK: expected true: expected zero byte in first page of freshly initialized page
[test_assign1_1.c-test single page content-L80-12:08:15] OK: expected true: expected zero byte in first page of freshly initialized page
[test_assign1_1.c-test single page content-L80-12:08:15] OK: expected true: expected zero byte in first page of freshly initialized page
[test_assign1_1.c-test single page content-L80-12:08:15] OK: expected true: expected zero byte in first page of freshly initialized page
[test_assign1_1.c-test single page content-L80-12:08:15] OK: expected true: expected zero byte in first page of freshly initialized page
[test_assign1_1.c-test single page content-L80-12:08:15] OK: expected true: expected zero byte in first page of freshly initialized page
[test_assign1_1.c-test single page content-L80-12:08:15] OK: expected true: expected zero byte in first page of freshly initialized page
[test_assign1_1.c-test single page content-L80-12:08:15] OK: expected true: expected zero byte in first page of freshly initialized page
[test_assign1_1.c-test single page content-L80-12:08:15] OK: expected true: expected zero byte in first page of freshly initialized page
[test_assign1_1.c-test single page content-L80-12:08:15] OK: expected true: expected zero byte in first page of freshly initialized page
[test_assign1_1.c-test single page content-L80-12:08:15] OK: expected true: expected zero byte in first page of freshly initialized page
[test_assign1_1.c-test single page content-L80-12:08:15] OK: expected true: expected zero byte in first page of freshly initialized page
[test_assign1_1.c-test single page content-L80-12:08:15] OK: expected true: expected zero byte in first page of freshly initialized page
[test_assign1_1.c-test single page content-L80-12:08:15] OK: expected true: expected zero byte in first page of freshly initialized page
[test_assign1_1.c-test single page content-L80-12:08:15] OK: expected true: expected zero byte in first page of freshly initialized page
[test_assign1_1.c-test single page content-L80-12:08:15] OK: expected true: expected zero byte in first page of freshly initialized page
[test_assign1_1.c-test single page content-L80-12:08:15] OK: expected true: expected zero byte in first page of freshly initialized page
[test_assign1_1.c-test single page content-L80-12:08:15] OK: expected true: expected zero byte in first page of freshly initialized page
[test_assign1_1.c-test single page content-L80-12:08:15] OK: expected true: expected zero byte in first page of freshly initialized page
[test_assign1_1.c-test single page content-L80-12:08:15] OK: expected true: expected zero byte in first page of freshly initialized page
[test_assign1_1.c-test single page content-L80-12:08:15] OK: expected true: expected zero byte in first page of freshly initialized page
[test_assign1_1.c-test single page content-L80-12:08:15] OK: expected true: expected zero byte in first page of freshly initialized page
[test_assign1_1.c-test single page content-L80-12:08:15] OK: expected true: expected zero byte in first page of freshly initialized page
[test_assign1_1.c-test single page content-L80-12:08:15] OK: expected true: expected zero byte in first page of freshly initialized page
[test_assign1_1.c-test single page content-L80-12:08:15] OK: expected true: expected zero byte in first page of freshly initialized page
[test_assign1_1.c-test single page content-L80-12:08:15] OK: expected true: expected zero byte in first page of freshly initialized page
[test_assign1_1.c-test single page content-L80-12:08:15] OK: expected true: expected zero byte in first page of freshly initialized page
[test_assign1_1.c-test single page content-L80-12:08:15] OK: expected true: expected zero byte in first page of freshly initialized page
[test_assign1_1.c-test single page content-L80-12:08:15] OK: expected true: expected zero byte in first page of freshly initialized page
[test_assign1_1.c-test single page content-L80-12:08:15] OK: expected true: expected zero byte in first page of freshly initialized page
[test_assign1_1.c-test single page content-L80-12:08:15] OK: expected true: expected zero byte in first page of freshly initialized page
[test_assign1_1.c-test single page content-L80-12:08:15] OK: expected true: expected zero byte in first page of freshly initialized page
[test_assign1_1.c-test single page content-L80-12:08:15] OK: expected true: expected zero byte in first page of freshly initialized page
[test_assign1_1.c-test single page content-L80-12:08:15] OK: expected true: expected zero byte in first page of freshly initialized page
[test_assign1_1.c-test single page content-L80-12:08:15] OK: expected true: expected zero byte in first page of freshly initialized page
[test_assign1_1.c-test single page content-L80-12:08:15] OK: expected true: expected zero byte in first page of freshly initialized page
[test_assign1_1.c-test single page content-L80-12:08:15] OK: expected true: expected zero byte in first page of freshly initialized page
[test_assign1_1.c-test single page content-L80-12:08:15] OK: expected true: expected zero byte in first page of freshly initialized page
[test_assign1_1.c-test single page content-L80-12:08:15] OK: expected true: expected zero byte in first page of freshly initialized page
[test_assign1_1.c-test single page content-L80-12:08:15] OK: expected true: expected zero byte in first page of freshly initialized page
[test_assign1_1.c-test single page content-L80-12:08:15] OK: expected true: expected zero byte in first page of freshly initialized page
[test_assign1_1.c-test single page content-L80-12:08:15] OK: expected true: expected zero byte in first page of freshly initialized page
[test_assign1_1.c-test single page content-L80-12:08:15] OK: expected true: expected zero byte in first page of freshly initialized page
[test_assign1_1.c-test single page content-L80-12:08:15] OK: expected true: expected zero byte in first page of freshly initialized page
[test_assign1_1.c-test single page content-L80-12:08:15] OK: expected true: expected zero byte in first page of freshly initialized page
[test_assign1_1.c-test single page content-L80-12:08:15] OK: expected true: expected zero byte in first page of freshly initialized page
[test_assign1_1.c-test single page content-L80-12:08:15] OK: expected true: expected zero byte in first page of freshly initialized page
[test_assign1_1.c-test single page content-L80-12:08:15] OK: expected true: expected zero byte in first page of freshly initialized page
[test_assign1_1.c-test single page content-L80-12:08:15] OK: expected true: expected zero byte in first page of freshly initialized page
[test_assign1_1.c-test single page content-L80-12:08:15] OK: expected true: expected zero byte in first page of freshly initialized page
[test_assign1_1.c-test single page content-L80-12:08:15] OK: expected true: expected zero byte in first page of freshly initialized page
[test_assign1_1.c-test single page content-L80-12:08:15] OK: expected true: expected zero byte in first page of freshly initialized page
[test_assign1_1.c-test single page content-L80-12:08:15] OK: expected true: expected zero byte in first page of freshly initialized page
[test_assign1_1.c-test single page content-L80-12:08:15] OK: expected true: expected zero byte in first page of freshly initialized page
[test_assign1_1.c-test single page content-L80-12:08:15] OK: expected true: expected zero byte in first page of freshly initialized page
[test_assign1_1.c-test single page content-L80-12:08:15] OK: expected true: expected zero byte in first page of freshly initialized page
[test_assign1_1.c-test single page content-L80-12:08:15] OK: expected true: expected zero byte in first page of freshly initialized page
[test_assign1_1.c-test single page content-L80-12:08:15] OK: expected true: expected zero byte in first page of freshly initialized page
[test_assign1_1.c-test single page content-L80-12:08:15] OK: expected true: expected zero byte in first page of freshly initialized page
[test_assign1_1.c-test single page content-L80-12:08:15] OK: expected true: expected zero byte in first page of freshly initialized page
[test_assign1_1.c-test single page content-L80-12:08:15] OK: expected true: expected zero byte in first page of freshly initialized page
[test_assign1_1.c-test single page content-L80-12:08:15] OK: expected true: expected zero byte in first page of freshly initialized page
[test_assign1_1.c-test single page content-L80-12:08:15] OK: expected true: expected zero byte in first page of freshly initialized page
[test_assign1_1.c-test single page content-L80-12:08:15] OK: expected true: expected zero byte in first page of freshly initialized page
[test_assign1_1.c-test single page content-L80-12:08:15] OK: expected true: expected zero byte in first page of freshly initialized page
[test_assign1_1.c-test single page content-L80-12:08:15] OK: expected true: expected zero byte in first page of freshly initialized page
[test_assign1_1.c-test single page content-L80-12:08:15] OK: expected true: expected zero byte in first page of freshly initialized page
[test_assign1_1.c-test single page content-L80-12:08:15] OK: expected true: expected zero byte in first page of freshly initialized page
[test_assign1_1.c-test single page content-L80-12:08:15] OK: expected true: expected zero byte in first page of freshly initialized page
[test_assign1_1.c-test single page content-L80-12:08:15] OK: expected true: expected zero byte in first page of freshly initialized page
[test_assign1_1.c-test single page content-L80-12:08:15] OK: expected true: expected zero byte in first page of freshly initialized page
[test_assign1_1.c-test single page content-L80-12:08:15] OK: expected true: expected zero byte in first page of freshly initialized page
[test_assign1_1.c-test single page content-L80-12:08:15] OK: expected true: expected zero byte in first page of freshly initialized page
[test_assign1_1.c-test single page content-L80-12:08:15] OK: expected true: expected zero byte in first page of freshly initialized page
[test_assign1_1.c-test single page content-L80-12:08:15] OK: expected true: expected zero byte in first page of freshly initialized page
[test_assign1_1.c-test single page content-L80-12:08:15] OK: expected true: expected zero byte in first page of freshly initialized page
[test_assign1_1.c-test single page content-L80-12:08:15] OK: expected true: expected zero byte in first page of freshly initialized page
[test_assign1_1.c-test single page content-L80-12:08:15] OK: expected true: expected zero byte in first page of freshly initialized page
[test_assign1_1.c-test single page content-L80-12:08:15] OK: expected true: expected zero byte in first page of freshly initialized page
[test_assign1_1.c-test single page content-L80-12:08:15] OK: expected true: expected zero byte in first page of freshly initialized page
[test_assign1_1.c-test single page content-L80-12:08:15] OK: expected true: expected zero byte in first page of freshly initialized page
[test_assign1_1.c-test single page content-L80-12:08:15] OK: expected true: expected zero byte in first page of freshly initialized page
[test_assign1_1.c-test single page content-L80-12:08:15] OK: expected true: expected zero byte in first page of freshly initialized page
[test_assign1_1.c-test single page content-L80-12:08:15] OK: expected true: expected zero byte in first page of freshly initialized page
[test_assign1_1.c-test single page content-L80-12:08:15] OK: expected true: expected zero byte in first page of freshly initialized page
[test_assign1_1.c-test single page content-L80-12:08:15] OK: expected true: expected zero byte in first page of freshly initialized page
[test_assign1_1.c-test single page content-L80-12:08:15] OK: expected true: expected zero byte in first page of freshly initialized page
[test_assign1_1.c-test single page content-L80-12:08:15] OK: expected true: expected zero byte in first page of freshly initialized page
[test_assign1_1.c-test single page content-L80-12:08:15] OK: expected true: expected zero byte in first page of freshly initialized page
[test_assign1_1.c-test single page content-L80-12:08:15] OK: expected true: expected zero byte in first page of freshly initialized page
[test_assign1_1.c-test single page content-L80-12:08:15] OK: expected true: expected zero byte in first page of freshly initialized page
[test_assign1_1.c-test single page content-L80-12:08:15] OK: expected true: expected zero byte in first page of freshly initialized page
[test_assign1_1.c-test single page content-L80-12:08:15] OK: expected true: expected zero byte in first page of freshly initialized page
[test_assign1_1.c-test single page content-L80-12:08:15] OK: expected true: expected zero byte in first page of freshly initialized page
[test_assign1_1.c-test single page content-L80-12:08:15] OK: expected true: expected zero byte in first page of freshly initialized page
[test_assign1_1.c-test single page content-L80-12:08:15] OK: expected true: expected zero byte in first page of freshly initialized page
[test_assign1_1.c-test single page content-L80-12:08:15] OK: expected true: expected zero byte in first page of freshly initialized page
[test_assign1_1.c-test single page content-L80-12:08:15] OK: expected true: expected zero byte in first page of freshly initialized page
[test_assign1_1.c-test single page content-L80-12:08:15] OK: expected true: expected zero byte in first page of freshly initialized page
[test_assign1_1.c-test single page content-L80-12:08:15] OK: expected true: expected zero byte in first page of freshly initialized page
[test_assign1_1.c-test single page content-L80-12:08:15] OK: expected true: expected zero byte in first page of freshly initialized page
[test_assign1_1.c-test single page content-L80-12:08:15] OK: expected true: expected zero byte in first page of freshly initialized page
[test_assign1_1.c-test single page content-L80-12:08:15] OK: expected true: expected zero byte in first page of freshly initialized page
[test_assign1_1.c-test single page content-L80-12:08:15] OK: expected true: expected zero byte in first page of freshly initialized page
[test_assign1_1.c-test single page content-L80-12:08:15] OK: expected true: expected zero byte in first page of freshly initialized page
[test_assign1_1.c-test single page content-L80-12:08:15] OK: expected true: expected zero byte in first page of freshly initialized page
[test_assign1_1.c-test single page content-L80-12:08:15] OK: expected true: expected zero byte in first page of freshly initialized page
[test_assign1_1.c-test single page content-L80-12:08:15] OK: expected true: expected zero byte in first page of freshly initialized page
[test_assign1_1.c-test single page content-L80-12:08:15] OK: expected true: expected zero byte in first page of freshly initialized page
[test_assign1_1.c-test single page content-L80-12:08:15] OK: expected true: expected zero byte in first page of freshly initialized page
[test_assign1_1.c-test single page content-L80-12:08:15] OK: expected true: expected zero byte in first page of freshly initialized page
[test_assign1_1.c-test single page content-L80-12:08:15] OK: expected true: expected zero byte in first page of freshly initialized page
[test_assign1_1.c-test single page content-L80-12:08:15] OK: expected true: expected zero byte in first page of freshly initialized page
[test_assign1_1.c-test single page content-L80-12:08:15] OK: expected true: expected zero byte in first page of freshly initialized page
[test_assign1_1.c-test single page content-L80-12:08:15] OK: expected true: expected zero byte in first page of freshly initialized page
[test_assign1_1.c-test single page content-L80-12:08:15] OK: expected true: expected zero byte in first page of freshly initialized page
[test_assign1_1.c-test single page content-L80-12:08:15] OK: expected true: expected zero byte in first page of freshly initialized page
[test_assign1_1.c-test single page content-L80-12:08:15] OK: expected true: expected zero byte in first page of freshly initialized page
[test_assign1_1.c-test single page content-L80-12:08:15] OK: expected true: expected zero byte in first page of freshly initialized page
[test_assign1_1.c-test single page content-L80-12:08:15] OK: expected true: expected zero byte in first page of freshly initialized page
[test_assign1_1.c-test single page content-L80-12:08:15] OK: expected true: expected zero byte in first page of freshly initialized page
[test_assign1_1.c-test single page content-L80-12:08:15] OK: expected true: expected zero byte in first page of freshly initialized page
[test_assign1_1.c-test single page content-L80-12:08:15] OK: expected true: expected zero byte in first page of freshly initialized page
[test_assign1_1.c-test single page content-L80-12:08:15] OK: expected true: expected zero byte in first page of freshly initialized page
[test_assign1_1.c-test single page content-L80-12:08:15] OK: expected true: expected zero byte in first page of freshly initialized page
[test_assign1_1.c-test single page content-L80-12:08:15] OK: expected true: expected zero byte in first page of freshly initialized page
[test_assign1_1.c-test single page content-L80-12:08:15] OK: expected true: expected zero byte in first page of freshly initialized page
[test_assign1_1.c-test single page content-L80-12:08:15] OK: expected true: expected zero byte in first page of freshly initialized page
[test_assign1_1.c-test single page content-L80-12:08:15] OK: expected true: expected zero byte in first page of freshly initialized page
[test_assign1_1.c-test single page content-L80-12:08:15] OK: expected true: expected zero byte in first page of freshly initialized page
[test_assign1_1.c-test single page content-L80-12:08:15] OK: expected true: expected zero byte in first page of freshly initialized page
[test_assign1_1.c-test single page content-L80-12:08:15] OK: expected true: expected zero byte in first page of freshly initialized page
[test_assign1_1.c-test single page content-L80-12:08:15] OK: expected true: expected zero byte in first page of freshly initialized page
[test_assign1_1.c-test single page content-L80-12:08:15] OK: expected true: expected zero byte in first page of freshly initialized page
[test_assign1_1.c-test single page content-L80-12:08:15] OK: expected true: expected zero byte in first page of freshly initialized page
[test_assign1_1.c-test single page content-L80-12:08:15] OK: expected true: expected zero byte in first page of freshly initialized page
[test_assign1_1.c-test single page content-L80-12:08:15] OK: expected true: expected zero byte in first page of freshly initialized page
[test_assign1_1.c-test single page content-L80-12:08:15] OK: expected true: expected zero byte in first page of freshly initialized page
[test_assign1_1.c-test single page content-L80-12:08:15] OK: expected true: expected zero byte in first page of freshly initialized page
[test_assign1_1.c-test single page content-L80-12:08:15] OK: expected true: expected zero byte in first page of freshly initialized page
[test_assign1_1.c-test single page content-L80-12:08:15] OK: expected true: expected zero byte in first page of freshly initialized page
[test_assign1_1.c-test single page content-L80-12:08:15] OK: expected true: expected zero byte in first page of freshly initialized page
[test_assign1_1.c-test single page content-L80-12:08:15] OK: expected true: expected zero byte in first page of freshly initialized page
[test_assign1_1.c-test single page content-L80-12:08:15] OK: expected true: expected zero byte in first page of freshly initialized page
[test_assign1_1.c-test single page content-L80-12:08:15] OK: expected true: expected zero byte in first page of freshly initialized page
[test_assign1_1.c-test single page content-L80-12:08:15] OK: expected true: expected zero byte in first page of freshly initialized page
[test_assign1_1.c-test single page content-L80-12:08:15] OK: expected true: expected zero byte in first page of freshly initialized page
[test_assign1_1.c-test single page content-L80-12:08:15] OK: expected true: expected zero byte in first page of freshly initialized page
[test_assign1_1.c-test single page content-L80-12:08:15] OK: expected true: expected zero byte in first page of freshly initialized page
[test_assign1_1.c-test single page content-L80-12:08:15] OK: expected true: expected zero byte in first page of freshly initialized page
[test_assign1_1.c-test single page content-L80-12:08:15] OK: expected true: expected zero byte in first page of freshly initialized page
[test_assign1_1.c-test single page content-L80-12:08:15] OK: expected true: expected zero byte in first page of freshly initialized page
[test_assign1_1.c-test single page content-L80-12:08:15] OK: expected true: expected zero byte in first page of freshly initialized page
[test_assign1_1.c-test single page content-L80-12:08:15] OK: expected true: expected zero byte in first page of freshly initialized page
[test_assign1_1.c-test single page content-L80-12:08:15] OK: expected true: expected zero byte in first page of freshly initialized page
[test_assign1_1.c-test single page content-L80-12:08:15] OK: expected true: expected zero byte in first page of freshly initialized page
[test_assign1_1.c-test single page content-L80-12:08:15] OK: expected true: expected zero byte in first page of freshly initialized page
[test_assign1_1.c-test single page content-L80-12:08:15] OK: expected true: expected zero byte in first page of freshly initialized page
[test_assign1_1.c-test single page content-L80-12:08:15] OK: expected true: expected zero byte in first page of freshly initialized page
[test_assign1_1.c-test single page content-L80-12:08:15] OK: expected true: expected zero byte in first page of freshly initialized page
[test_assign1_1.c-test single page content-L80-12:08:15] OK: expected true: expected zero byte in first page of freshly initialized page
[test_assign1_1.c-test single page content-L80-12:08:15] OK: expected true: expected zero byte in first page of freshly initialized page
[test_assign1_1.c-test single page content-L80-12:08:15] OK: expected true: expected zero byte in first page of freshly initialized page
[test_assign1_1.c-test single page content-L80-12:08:15] OK: expected true: expected zero byte in first page of freshly initialized page
[test_assign1_1.c-test single page content-L80-12:08:15] OK: expected true: expected zero byte in first page of freshly initialized page
[test_assign1_1.c-test single page content-L80-12:08:15] OK: expected true: expected zero byte in first page of freshly initialized page
[test_assign1_1.c-test single page content-L80-12:08:15] OK: expected true: expected zero byte in first page of freshly initialized page
[test_assign1_1.c-test single page content-L80-12:08:15] OK: expected true: expected zero byte in first page of freshly initialized page
[test_assign1_1.c-test single page content-L80-12:08:15] OK: expected true: expected zero byte in first page of freshly initialized page
[test_assign1_1.c-test single page content-L80-12:08:15] OK: expected true: expected zero byte in first page of freshly initialized page
[test_assign1_1.c-test single page content-L80-12:08:15] OK: expected true: expected zero byte in first page of freshly initialized page
[test_assign1_1.c-test single page content-L80-12:08:15] OK: expected true: expected zero byte in first page of freshly initialized page
[test_assign1_1.c-test single page content-L80-12:08:15] OK: expected true: expected zero byte in first page of freshly initialized page
[test_assign1_1.c-test single page content-L80-12:08:15] OK: expected true: expected zero byte in first page of freshly initialized page
[test_assign1_1.c-test single page content-L80-12:08:15] OK: expected true: expected zero byte in first page of freshly initialized page
[test_assign1_1.c-test single page content-L80-12:08:15] OK: expected true: expected zero byte in first page of freshly initialized page
[test_assign1_1.c-test single page content-L80-12:08:15] OK: expected true: expected zero byte in first page of freshly initialized page
[test_assign1_1.c-test single page content-L80-12:08:15] OK: expected true: expected zero byte in first page of freshly initialized page
[test_assign1_1.c-test single page content-L80-12:08:15] OK: expected true: expected zero byte in first page of freshly initialized page
[test_assign1_1.c-test single page content-L80-12:08:15] OK: expected true: expected zero byte in first page of freshly initialized page
[test_assign1_1.c-test single page content-L80-12:08:15] OK: expected true: expected zero byte in first page of freshly initialized page
[test_assign1_1.c-test single page content-L80-12:08:15] OK: expected true: expected zero byte in first page of freshly initialized page
[test_assign1_1.c-test single page content-L80-12:08:15] OK: expected true: expected zero byte in first page of freshly initialized page
[test_assign1_1.c-test single page content-L80-12:08:15] OK: expected true: expected zero byte in first page of freshly initialized page
[test_assign1_1.c-test single page content-L80-12:08:15] OK: expected true: expected zero byte in first page of freshly initialized page
[test_assign1_1.c-test single page content-L80-12:08:15] OK: expected true: expected zero byte in first page of freshly initialized page
[test_assign1_1.c-test single page content-L80-12:08:15] OK: expected true: expected zero byte in first page of freshly initialized page
[test_assign1_1.c-test single page content-L80-12:08:15] OK: expected true: expected zero byte in first page of freshly initialized page
[test_assign1_1.c-test single page content-L80-12:08:15] OK: expected true: expected zero byte in first page of freshly initialized page
[test_assign1_1.c-test single page content-L80-12:08:15] OK: expected true: expected zero byte in first page of freshly initialized page
[test_assign1_1.c-test single page content-L80-12:08:15] OK: expected true: expected zero byte in first page of freshly initialized page
[test_assign1_1.c-test single page content-L80-12:08:15] OK: expected true: expected zero byte in first page of freshly initialized page
[test_assign1_1.c-test single page content-L80-12:08:15] OK: expected true: expected zero byte in first page of freshly initialized page
[test_assign1_1.c-test single page content-L80-12:08:15] OK: expected true: expected zero byte in first page of freshly initialized page
[test_assign1_1.c-test single page content-L80-12:08:15] OK: expected true: expected zero byte in first page of freshly initialized page
[test_assign1_1.c-test single page content-L80-12:08:15] OK: expected true: expected zero byte in first page of freshly initialized page
[test_assign1_1.c-test single page content-L80-12:08:15] OK: expected true: expected zero byte in first page of freshly initialized page
[test_assign1_1.c-test single page content-L80-12:08:15] OK: expected true: expected zero byte in first page of freshly initialized page
[test_assign1_1.c-test single page content-L80-12:08:15] OK: expected true: expected zero byte in first page of freshly initialized page
[test_assign1_1.c-test single page content-L80-12:08:15] OK: expected true: expected zero byte in first page of freshly initialized page
[test_assign1_1.c-test single page content-L80-12:08:15] OK: expected true: expected zero byte in first page of freshly initialized page
[test_assign1_1.c-test single page content-L80-12:08:15] OK: expected true: expected zero byte in first page of freshly initialized page
[test_assign1_1.c-test single page content-L80-12:08:15] OK: expected true: expected zero byte in first page of freshly initialized page
[test_assign1_1.c-test single page content-L80-12:08:15] OK: expected true: expected zero byte in first page of freshly initialized page
[test_assign1_1.c-test single page content-L80-12:08:15] OK: expected true: expected zero byte in first page of freshly initialized page
[test_assign1_1.c-test single page content-L80-12:08:15] OK: expected true: expected zero byte in first page of freshly initialized page
[test_assign1_1.c-test single page content-L80-12:08:15] OK: expected true: expected zero byte in first page of freshly initialized page
[test_assign1_1.c-test single page content-L80-12:08:15] OK: expected true: expected zero byte in first page of freshly initialized page
[test_assign1_1.c-test single page content-L80-12:08:15] OK: expected true: expected zero byte in first page of freshly initialized page
[test_assign1_1.c-test single page content-L80-12:08:15] OK: expected true: expected zero byte in first page of freshly initialized page
[test_assign1_1.c-test single page content-L80-12:08:15] OK: expected true: expected zero byte in first page of freshly initialized page
[test_assign1_1.c-test single page content-L80-12:08:15] OK: expected true: expected zero byte in first page of freshly initialized page
[test_assign1_1.c-test single page content-L80-12:08:15] OK: expected true: expected zero byte in first page of freshly initialized page
[test_assign1_1.c-test single page content-L80-12:08:15] OK: expected true: expected zero byte in first page of freshly initialized page
[test_assign1_1.c-test single page content-L80-12:08:15] OK: expected true: expected zero byte in first page of freshly initialized page
[test_assign1_1.c-test single page content-L80-12:08:15] OK: expected true: expected zero byte in first page of freshly initialized page
[test_assign1_1.c-test single page content-L80-12:08:15] OK: expected true: expected zero byte in first page of freshly initialized page
[test_assign1_1.c-test single page content-L80-12:08:15] OK: expected true: expected zero byte in first page of freshly initialized page
[test_assign1_1.c-test single page content-L80-12:08:15] OK: expected true: expected zero byte in first page of freshly initialized page
[test_assign1_1.c-test single page content-L80-12:08:15] OK: expected true: expected zero byte in first page of freshly initialized page
[test_assign1_1.c-test single page content-L80-12:08:15] OK: expected true: expected zero byte in first page of freshly initialized page
[test_assign1_1.c-test single page content-L80-12:08:15] OK: expected true: expected zero byte in first page of freshly initialized page
[test_assign1_1.c-test single page content-L80-12:08:15] OK: expected true: expected zero byte in first page of freshly initialized page
[test_assign1_1.c-test single page content-L80-12:08:15] OK: expected true: expected zero byte in first page of freshly initialized page
[test_assign1_1.c-test single page content-L80-12:08:15] OK: expected true: expected zero byte in first page of freshly initialized page
[test_assign1_1.c-test single page content-L80-12:08:15] OK: expected true: expected zero byte in first page of freshly initialized page
[test_assign1_1.c-test single page content-L80-12:08:15] OK: expected true: expected zero byte in first page of freshly initialized page
[test_assign1_1.c-test single page content-L80-12:08:15] OK: expected true: expected zero byte in first page of freshly initialized page
[test_assign1_1.c-test single page content-L80-12:08:15] OK: expected true: expected zero byte in first page of freshly initialized page
[test_assign1_1.c-test single page content-L80-12:08:15] OK: expected true: expected zero byte in first page of freshly initialized page
[test_assign1_1.c-test single page content-L80-12:08:15] OK: expected true: expected zero byte in first page of freshly initialized page
[test_assign1_1.c-test single page content-L80-12:08:15] OK: expected true: expected zero byte in first page of freshly initialized page
[test_assign1_1.c-test single page content-L80-12:08:15] OK: expected true: expected zero byte in first page of freshly initialized page
[test_assign1_1.c-test single page content-L80-12:08:15] OK: expected true: expected zero byte in first page of freshly initialized page
[test_assign1_1.c-test single page content-L80-12:08:15] OK: expected true: expected zero byte in first page of freshly initialized page
[test_assign1_1.c-test single page content-L80-12:08:15] OK: expected true: expected zero byte in first page of freshly initialized page
[test_assign1_1.c-test single page content-L80-12:08:15] OK: expected true: expected zero byte in first page of freshly initialized page
[test_assign1_1.c-test single page content-L80-12:08:15] OK: expected true: expected zero byte in first page of freshly initialized page
[test_assign1_1.c-test single page content-L80-12:08:15] OK: expected true: expected zero byte in first page of freshly initialized page
[test_assign1_1.c-test single page content-L80-12:08:15] OK: expected true: expected zero byte in first page of freshly initialized page
[test_assign1_1.c-test single page content-L80-12:08:15] OK: expected true: expected zero byte in first page of freshly initialized page
[test_assign1_1.c-test single page content-L80-12:08:15] OK: expected true: expected zero byte in first page of freshly initialized page
[test_assign1_1.c-test single page content-L80-12:08:15] OK: expected true: expected zero byte in first page of freshly initialized page
[test_assign1_1.c-test single page content-L80-12:08:15] OK: expected true: expected zero byte in first page of freshly initialized page
[test_assign1_1.c-test single page content-L80-12:08:15] OK: expected true: expected zero byte in first page of freshly initialized page
[test_assign1_1.c-test single page content-L80-12:08:15] OK: expected true: expected zero byte in first page of freshly initialized page
[test_assign1_1.c-test single page content-L80-12:08:15] OK: expected true: expected zero byte in first page of freshly initialized page
[test_assign1_1.c-test single page content-L80-12:08:15] OK: expected true: expected zero byte in first page of freshly initialized page
[test_assign1_1.c-test single page content-L80-12:08:15] OK: expected true: expected zero byte in first page of freshly initialized page
[test_assign1_1.c-test single page content-L80-12:08:15] OK: expected true: expected zero byte in first page of freshly initialized page
[test_assign1_1.c-test single page content-L80-12:08:15] OK: expected true: expected zero byte in first page of freshly initialized page
[test_assign1_1.c-test single page content-L80-12:08:15] OK: expected true: expected zero byte in first page of freshly initialized page
[test_assign1_1.c-test single page content-L80-12:08:15] OK: expected true: expected zero byte in first page of freshly initialized page
[test_assign1_1.c-test single page content-L80-12:08:15] OK: expected true: expected zero byte in first page of freshly initialized page
[test_assign1_1.c-test single page content-L80-12:08:15] OK: expected true: expected zero byte in first page of freshly initialized page
[test_assign1_1.c-test single page content-L80-12:08:15] OK: expected true: expected zero byte in first page of freshly initialized page
[test_assign1_1.c-test single page content-L80-12:08:15] OK: expected true: expected zero byte in first page of freshly initialized page
[test_assign1_1.c-test single page content-L80-12:08:15] OK: expected true: expected zero byte in first page of freshly initialized page
[test_assign1_1.c-test single page content-L80-12:08:15] OK: expected true: expected zero byte in first page of freshly initialized page
[test_assign1_1.c-test single page content-L80-12:08:15] OK: expected true: expected zero byte in first page of freshly initialized page
[test_assign1_1.c-test single page content-L80-12:08:15] OK: expected true: expected zero byte in first page of freshly initialized page
[test_assign1_1.c-test single page content-L80-12:08:15] OK: expected true: expected zero byte in first page of freshly initialized page
[test_assign1_1.c-test single page content-L80-12:08:15] OK: expected true: expected zero byte in first page of freshly initialized page
[test_assign1_1.c-test single page content-L80-12:08:15] OK: expected true: expected zero byte in first page of freshly initialized page
[test_assign1_1.c-test single page content-L80-12:08:15] OK: expected true: expected zero byte in first page of freshly initialized page
[test_assign1_1.c-test single page content-L80-12:08:15] OK: expected true: expected zero byte in first page of freshly initialized page
[test_assign1_1.c-test single page content-L80-12:08:15] OK: expected true: expected zero byte in first page of freshly initialized page
[test_assign1_1.c-test single page content-L80-12:08:15] OK: expected true: expected zero byte in first page of freshly initialized page
[test_assign1_1.c-test single page content-L80-12:08:15] OK: expected true: expected zero byte in first page of freshly initialized page
[test_assign1_1.c-test single page content-L80-12:08:15] OK: expected true: expected zero byte in first page of freshly initialized page
[test_assign1_1.c-test single page content-L80-12:08:15] OK: expected true: expected zero byte in first page of freshly initialized page
[test_assign1_1.c-test single page content-L80-12:08:15] OK: expected true: expected zero byte in first page of freshly initialized page
[test_assign1_1.c-test single page content-L80-12:08:15] OK: expected true: expected zero byte in first page of freshly initialized page
[test_assign1_1.c-test single page content-L80-12:08:15] OK: expected true: expected zero byte in first page of freshly initialized page
[test_assign1_1.c-test single page content-L80-12:08:15] OK: expected true: expected zero byte in first page of freshly initialized page
[test_assign1_1.c-test single page content-L80-12:08:15] OK: expected true: expected zero byte in first page of freshly initialized page
[test_assign1_1.c-test single page content-L80-12:08:15] OK: expected true: expected zero byte in first page of freshly initialized page
[test_assign1_1.c-test single page content-L80-12:08:15] OK: expected true: expected zero byte in first page of freshly initialized page
[test_assign1_1.c-test single page content-L80-12:08:15] OK: expected true: expected zero byte in first page of freshly initialized page
[test_assign1_1.c-test single page content-L80-12:08:15] OK: expected true: expected zero byte in first page of freshly initialized page
[test_assign1_1.c-test single page content-L80-12:08:15] OK: expected true: expected zero byte in first page of freshly initialized page
[test_assign1_1.c-test single page content-L80-12:08:15] OK: expected true: expected zero byte in first page of freshly initialized page
[test_assign1_1.c-test single page content-L80-12:08:15] OK: expected true: expected zero byte in first page of freshly initialized page
[test_assign1_1.c-test single page content-L80-12:08:15] OK: expected true: expected zero byte in first page of freshly initialized page
[test_assign1_1.c-test single page content-L80-12:08:15] OK: expected true: expected zero byte in first page of freshly initialized page
[test_assign1_1.c-test single page content-L80-12:08:15] OK: expected true: expected zero byte in first page of freshly initialized page
[test_assign1_1.c-test single page content-L80-12:08:15] OK: expected true: expected zero byte in first page of freshly initialized page
[test_assign1_1.c-test single page content-L80-12:08:15] OK: expected true: expected zero byte in first page of freshly initialized page
[test_assign1_1.c-test single page content-L80-12:08:15] OK: expected true: expected zero byte in first page of freshly initialized page
[test_assign1_1.c-test single page content-L80-12:08:15] OK: expected true: expected zero byte in first page of freshly initialized page
[test_assign1_1.c-test single page content-L80-12:08:15] OK: expected true: expected zero byte in first page of freshly initialized page
[test_assign1_1.c-test single page content-L80-12:08:15] OK: expected true: expected zero byte in first page of freshly initialized page
[test_assign1_1.c-test single page content-L80-12:08:15] OK: expected true: expected zero byte in first page of freshly initialized page
[test_assign1_1.c-test single page content-L80-12:08:15] OK: expected true: expected zero byte in first page of freshly initialized page
[test_assign1_1.c-test single page content-L80-12:08:15] OK: expected true: expected zero byte in first page of freshly initialized page
[test_assign1_1.c-test single page content-L80-12:08:15] OK: expected true: expected zero byte in first page of freshly initialized page
[test_assign1_1.c-test single page content-L80-12:08:15] OK: expected true: expected zero byte in first page of freshly initialized page
[test_assign1_1.c-test single page content-L80-12:08:15] OK: expected true: expected zero byte in first page of freshly initialized page
[test_assign1_1.c-test single page content-L80-12:08:15] OK: expected true: expected zero byte in first page of freshly initialized page
[test_assign1_1.c-test single page content-L80-12:08:15] OK: expected true: expected zero byte in first page of freshly initialized page
[test_assign1_1.c-test single page content-L80-12:08:15] OK: expected true: expected zero byte in first page of freshly initialized page
[test_assign1_1.c-test single page content-L80-12:08:15] OK: expected true: expected zero byte in first page of freshly initialized page
[test_assign1_1.c-test single page content-L80-12:08:15] OK: expected true: expected zero byte in first page of freshly initialized page
[test_assign1_1.c-test single page content-L80-12:08:15] OK: expected true: expected zero byte in first page of freshly initialized page
[test_assign1_1.c-test single page content-L80-12:08:15] OK: expected true: expected zero byte in first page of freshly initialized page
[test_assign1_1.c-test single page content-L80-12:08:15] OK: expected true: expected zero byte in first page of freshly initialized page
[test_assign1_1.c-test single page content-L80-12:08:15] OK: expected true: expected zero byte in first page of freshly initialized page
[test_assign1_1.c-test single page content-L80-12:08:15] OK: expected true: expected zero byte in first page of freshly initialized page
[test_assign1_1.c-test single page content-L80-12:08:15] OK: expected true: expected zero byte in first page of freshly initialized page
[test_assign1_1.c-test single page content-L80-12:08:15] OK: expected true: expected zero byte in first page of freshly initialized page
[test_assign1_1.c-test single page content-L80-12:08:15] OK: expected true: expected zero byte in first page of freshly initialized page
[test_assign1_1.c-test single page content-L80-12:08:15] OK: expected true: expected zero byte in first page of freshly initialized page
[test_assign1_1.c-test single page content-L80-12:08:15] OK: expected true: expected zero byte in first page of freshly initialized page
[test_assign1_1.c-test single page content-L80-12:08:15] OK: expected true: expected zero byte in first page of freshly initialized page
[test_assign1_1.c-test single page content-L80-12:08:15] OK: expected true: expected zero byte in first page of freshly initialized page
[test_assign1_1.c-test single page content-L80-12:08:15] OK: expected true: expected zero byte in first page of freshly initialized page
[test_assign1_1.c-test single page content-L80-12:08:15] OK: expected true: expected zero byte in first page of freshly initialized page
[test_assign1_1.c-test single page content-L80-12:08:15] OK: expected true: expected zero byte in first page of freshly initialized page
[test_assign1_1.c-test single page content-L80-12:08:15] OK: expected true: expected zero byte in first page of freshly initialized page
[test_assign1_1.c-test single page content-L80-12:08:15] OK: expected true: expected zero byte in first page of freshly initialized page
[test_assign1_1.c-test single page content-L80-12:08:15] OK: expected true: expected zero byte in first page of freshly initialized page
[test_assign1_1.c-test single page content-L80-12:08:15] OK: expected true: expected zero byte in first page of freshly initialized page
[test_assign1_1.c-test single page content-L80-12:08:15] OK: expected true: expected zero byte in first page of freshly initialized page
[test_assign1_1.c-test single page content-L80-12:08:15] OK: expected true: expected zero byte in first page of freshly initialized page
[test_assign1_1.c-test single page content-L80-12:08:15] OK: expected true: expected zero byte in first page of freshly initialized page
[test_assign1_1.c-test single page content-L80-12:08:15] OK: expected true: expected zero byte in first page of freshly initialized page
[test_assign1_1.c-test single page content-L80-12:08:15] OK: expected true: expected zero byte in first page of freshly initialized page
[test_assign1_1.c-test single page content-L80-12:08:15] OK: expected true: expected zero byte in first page of freshly initialized page
[test_assign1_1.c-test single page content-L80-12:08:15] OK: expected true: expected zero byte in first page of freshly initialized page
[test_assign1_1.c-test single page content-L80-12:08:15] OK: expected true: expected zero byte in first page of freshly initialized page
[test_assign1_1.c-test single page content-L80-12:08:15] OK: expected true: expected zero byte in first page of freshly initialized page
[test_assign1_1.c-test single page content-L80-12:08:15] OK: expected true: expected zero byte in first page of freshly initialized page
[test_assign1_1.c-test single page content-L80-12:08:15] OK: expected true: expected zero byte in first page of freshly initialized page
[test_assign1_1.c-test single page content-L80-12:08:15] OK: expected true: expected zero byte in first page of freshly initialized page
[test_assign1_1.c-test single page content-L80-12:08:15] OK: expected true: expected zero byte in first page of freshly initialized page
[test_assign1_1.c-test single page content-L80-12:08:15] OK: expected true: expected zero byte in first page of freshly initialized page
[test_assign1_1.c-test single page content-L80-12:08:15] OK: expected true: expected zero byte in first page of freshly initialized page
[test_assign1_1.c-test single page content-L80-12:08:15] OK: expected true: expected zero byte in first page of freshly initialized page
[test_assign1_1.c-test single page content-L80-12:08:15] OK: expected true: expected zero byte in first page of freshly initialized page
[test_assign1_1.c-test single page content-L80-12:08:15] OK: expected true: expected zero byte in first page of freshly initialized page
[test_assign1_1.c-test single page content-L80-12:08:15] OK: expected true: expected zero byte in first page of freshly initialized page
[test_assign1_1.c-test single page content-L80-12:08:15] OK: expected true: expected zero byte in first page of freshly initialized page
[test_assign1_1.c-test single page content-L80-12:08:15] OK: expected true: expected zero byte in first page of freshly initialized page
[test_assign1_1.c-test single page content-L80-12:08:15] OK: expected true: expected zero byte in first page of freshly initialized page
[test_assign1_1.c-test single page content-L80-12:08:15] OK: expected true: expected zero byte in first page of freshly initialized page
[test_assign1_1.c-test single page content-L80-12:08:15] OK: expected true: expected zero byte in first page of freshly initialized page
[test_assign1_1.c-test single page content-L80-12:08:15] OK: expected true: expected zero byte in first page of freshly initialized page
[test_assign1_1.c-test single page content-L80-12:08:15] OK: expected true: expected zero byte in first page of freshly initialized page
[test_assign1_1.c-test single page content-L80-12:08:15] OK: expected true: expected zero byte in first page of freshly initialized page
[test_assign1_1.c-test single page content-L80-12:08:15] OK: expected true: expected zero byte in first page of freshly initialized page
[test_assign1_1.c-test single page content-L80-12:08:15] OK: expected true: expected zero byte in first page of freshly initialized page
[test_assign1_1.c-test single page content-L80-12:08:15] OK: expected true: expected zero byte in first page of freshly initialized page
[test_assign1_1.c-test single page content-L80-12:08:15] OK: expected true: expected zero byte in first page of freshly initialized page
[test_assign1_1.c-test single page content-L80-12:08:15] OK: expected true: expected zero byte in first page of freshly initialized page
[test_assign1_1.c-test single page content-L80-12:08:15] OK: expected true: expected zero byte in first page of freshly initialized page
[test_assign1_1.c-test single page content-L80-12:08:15] OK: expected true: expected zero byte in first page of freshly initialized page
[test_assign1_1.c-test single page content-L80-12:08:15] OK: expected true: expected zero byte in first page of freshly initialized page
[test_assign1_1.c-test single page content-L80-12:08:15] OK: expected true: expected zero byte in first page of freshly initialized page
[test_assign1_1.c-test single page content-L80-12:08:15] OK: expected true: expected zero byte in first page of freshly initialized page
[test_assign1_1.c-test single page content-L80-12:08:15] OK: expected true: expected zero byte in first page of freshly initialized page
[test_assign1_1.c-test single page content-L80-12:08:15] OK: expected true: expected zero byte in first page of freshly initialized page
[test_assign1_1.c-test single page content-L80-12:08:15] OK: expected true: expected zero byte in first page of freshly initialized page
[test_assign1_1.c-test single page content-L80-12:08:15] OK: expected true: expected zero byte in first page of freshly initialized page
[test_assign1_1.c-test single page content-L80-12:08:15] OK: expected true: expected zero byte in first page of freshly initialized page
[test_assign1_1.c-test single page content-L80-12:08:15] OK: expected true: expected zero byte in first page of freshly initialized page
[test_assign1_1.c-test single page content-L80-12:08:15] OK: expected true: expected zero byte in first page of freshly initialized page
[test_assign1_1.c-test single page content-L80-12:08:15] OK: expected true: expected zero byte in first page of freshly initialized page
[test_assign1_1.c-test single page content-L80-12:08:15] OK: expected true: expected zero byte in first page of freshly initialized page
[test_assign1_1.c-test single page content-L80-12:08:15] OK: expected true: expected zero byte in first page of freshly initialized page
[test_assign1_1.c-test single page content-L80-12:08:15] OK: expected true: expected zero byte in first page of freshly initialized page
[test_assign1_1.c-test single page content-L80-12:08:15] OK: expected true: expected zero byte in first page of freshly initialized page
[test_assign1_1.c-test single page content-L80-12:08:15] OK: expected true: expected zero byte in first page of freshly initialized page
[test_assign1_1.c-test single page content-L80-12:08:15] OK: expected true: expected zero byte in first page of freshly initialized page
[test_assign1_1.c-test single page content-L80-12:08:15] OK: expected true: expected zero byte in first page of freshly initialized page
[test_assign1_1.c-test single page content-L80-12:08:15] OK: expected true: expected zero byte in first page of freshly initialized page
[test_assign1_1.c-test single page content-L80-12:08:15] OK: expected true: expected zero byte in first page of freshly initialized page
[test_assign1_1.c-test single page content-L80-12:08:15] OK: expected true: expected zero byte in first page of freshly initialized page
[test_assign1_1.c-test single page content-L80-12:08:15] OK: expected true: expected zero byte in first page of freshly initialized page
[test_assign1_1.c-test single page content-L80-12:08:15] OK: expected true: expected zero byte in first page of freshly initialized page
[test_assign1_1.c-test single page content-L80-12:08:15] OK: expected true: expected zero byte in first page of freshly initialized page
[test_assign1_1.c-test single page content-L80-12:08:15] OK: expected true: expected zero byte in first page of freshly initialized page
[test_assign1_1.c-test single page content-L80-12:08:15] OK: expected true: expected zero byte in first page of freshly initialized page
[test_assign1_1.c-test single page content-L80-12:08:15] OK: expected true: expected zero byte in first page of freshly initialized page
[test_assign1_1.c-test single page content-L80-12:08:15] OK: expected true: expected zero byte in first page of freshly initialized page
[test_assign1_1.c-test single page content-L80-12:08:15] OK: expected true: expected zero byte in first page of freshly initialized page
[test_assign1_1.c-test single page content-L80-12:08:15] OK: expected true: expected zero byte in first page of freshly initialized page
[test_assign1_1.c-test single page content-L80-12:08:15] OK: expected true: expected zero byte in first page of freshly initialized page
[test_assign1_1.c-test single page content-L80-12:08:15] OK: expected true: expected zero byte in first page of freshly initialized page
[test_assign1_1.c-test single page content-L80-12:08:15] OK: expected true: expected zero byte in first page of freshly initialized page
[test_assign1_1.c-test single page content-L80-12:08:15] OK: expected true: expected zero byte in first page of freshly initialized page
[test_assign1_1.c-test single page content-L80-12:08:15] OK: expected true: expected zero byte in first page of freshly initialized page
[test_assign1_1.c-test single page content-L80-12:08:15] OK: expected true: expected zero byte in first page of freshly initialized page
[test_assign1_1.c-test single page content-L80-12:08:15] OK: expected true: expected zero byte in first page of freshly initialized page
[test_assign1_1.c-test single page content-L80-12:08:15] OK: expected true: expected zero byte in first page of freshly initialized page
[test_assign1_1.c-test single page content-L80-12:08:15] OK: expected true: expected zero byte in first page of freshly initialized page
[test_assign1_1.c-test single page content-L80-12:08:15] OK: expected true: expected zero byte in first page of freshly initialized page
[test_assign1_1.c-test single page content-L80-12:08:15] OK: expected true: expected zero byte in first page of freshly initialized page
[test_assign1_1.c-test single page content-L80-12:08:15] OK: expected true: expected zero byte in first page of freshly initialized page
[test_assign1_1.c-test single page content-L80-12:08:15] OK: expected true: expected zero byte in first page of freshly initialized page
[test_assign1_1.c-test single page content-L80-12:08:15] OK: expected true: expected zero byte in first page of freshly initialized page
[test_assign1_1.c-test single page content-L80-12:08:15] OK: expected true: expected zero byte in first page of freshly initialized page
[test_assign1_1.c-test single page content-L80-12:08:15] OK: expected true: expected zero byte in first page of freshly initialized page
[test_assign1_1.c-test single page content-L80-12:08:15] OK: expected true: expected zero byte in first page of freshly initialized page
[test_assign1_1.c-test single page content-L80-12:08:15] OK: expected true: expected zero byte in first page of freshly initialized page
[test_assign1_1.c-test single page content-L80-12:08:15] OK: expected true: expected zero byte in first page of freshly initialized page
[test_assign1_1.c-test single page content-L80-12:08:15] OK: expected true: expected zero byte in first page of freshly initialized page
[test_assign1_1.c-test single page content-L80-12:08:15] OK: expected true: expected zero byte in first page of freshly initialized page
[test_assign1_1.c-test single page content-L80-12:08:15] OK: expected true: expected zero byte in first page of freshly initialized page
[test_assign1_1.c-test single page content-L80-12:08:15] OK: expected true: expected zero byte in first page of freshly initialized page
[test_assign1_1.c-test single page content-L80-12:08:15] OK: expected true: expected zero byte in first page of freshly initialized page
[test_assign1_1.c-test single page content-L80-12:08:15] OK: expected true: expected zero byte in first page of freshly initialized page
[test_assign1_1.c-test single page content-L80-12:08:15] OK: expected true: expected zero byte in first page of freshly initialized page
[test_assign1_1.c-test single page content-L80-12:08:15] OK: expected true: expected zero byte in first page of freshly initialized page
[test_assign1_1.c-test single page content-L80-12:08:15] OK: expected true: expected zero byte in first page of freshly initialized page
[test_assign1_1.c-test single page content-L80-12:08:15] OK: expected true: expected zero byte in first page of freshly initialized page
[test_assign1_1.c-test single page content-L80-12:08:15] OK: expected true: expected zero byte in first page of freshly initialized page
[test_assign1_1.c-test single page content-L80-12:08:15] OK: expected true: expected zero byte in first page of freshly initialized page
[test_assign1_1.c-test single page content-L80-12:08:15] OK: expected true: expected zero byte in first page of freshly initialized page
[test_assign1_1.c-test single page content-L80-12:08:15] OK: expected true: expected zero byte in first page of freshly initialized page
[test_assign1_1.c-test single page content-L80-12:08:15] OK: expected true: expected zero byte in first page of freshly initialized page
[test_assign1_1.c-test single page content-L80-12:08:15] OK: expected true: expected zero byte in first page of freshly initialized page
[test_assign1_1.c-test single page content-L80-12:08:15] OK: expected true: expected zero byte in first page of freshly initialized page
[test_assign1_1.c-test single page content-L80-12:08:15] OK: expected true: expected zero byte in first page of freshly initialized page
[test_assign1_1.c-test single page content-L80-12:08:15] OK: expected true: expected zero byte in first page of freshly initialized page
[test_assign1_1.c-test single page content-L80-12:08:15] OK: expected true: expected zero byte in first page of freshly initialized page
[test_assign1_1.c-test single page content-L80-12:08:15] OK: expected true: expected zero byte in first page of freshly initialized page
[test_assign1_1.c-test single page content-L80-12:08:15] OK: expected true: expected zero byte in first page of freshly initialized page
[test_assign1_1.c-test single page content-L80-12:08:15] OK: expected true: expected zero byte in first page of freshly initialized page
[test_assign1_1.c-test single page content-L80-12:08:15] OK: expected true: expected zero byte in first page of freshly initialized page
[test_assign1_1.c-test single page content-L80-12:08:15] OK: expected true: expected zero byte in first page of freshly initialized page
[test_assign1_1.c-test single page content-L80-12:08:15] OK: expected true: expected zero byte in first page of freshly initialized page
[test_assign1_1.c-test single page content-L80-12:08:15] OK: expected true: expected zero byte in first page of freshly initialized page
[test_assign1_1.c-test single page content-L80-12:08:15] OK: expected true: expected zero byte in first page of freshly initialized page
[test_assign1_1.c-test single page content-L80-12:08:15] OK: expected true: expected zero byte in first page of freshly initialized page
[test_assign1_1.c-test single page content-L80-12:08:15] OK: expected true: expected zero byte in first page of freshly initialized page
[test_assign1_1.c-test single page content-L80-12:08:15] OK: expected true: expected zero byte in first page of freshly initialized page
[test_assign1_1.c-test single page content-L80-12:08:15] OK: expected true: expected zero byte in first page of freshly initialized page
[test_assign1_1.c-test single page content-L80-12:08:15] OK: expected true: expected zero byte in first page of freshly initialized page
[test_assign1_1.c-test single page content-L80-12:08:15] OK: expected true: expected zero byte in first page of freshly initialized page
[test_assign1_1.c-test single page content-L80-12:08:15] OK: expected true: expected zero byte in first page of freshly initialized page
[test_assign1_1.c-test single page content-L80-12:08:15] OK: expected true: expected zero byte in first page of freshly initialized page
[test_assign1_1.c-test single page content-L80-12:08:15] OK: expected true: expected zero byte in first page of freshly initialized page
[test_assign1_1.c-test single page content-L80-12:08:15] OK: expected true: expected zero byte in first page of freshly initialized page
[test_assign1_1.c-test single page content-L80-12:08:15] OK: expected true: expected zero byte in first page of freshly initialized page
[test_assign1_1.c-test single page content-L80-12:08:15] OK: expected true: expected zero byte in first page of freshly initialized page
[test_assign1_1.c-test single page content-L80-12:08:15] OK: expected true: expected zero byte in first page of freshly initialized page
[test_assign1_1.c-test single page content-L80-12:08:15] OK: expected true: expected zero byte in first page of freshly initialized page
[test_assign1_1.c-test single page content-L80-12:08:15] OK: expected true: expected zero byte in first page of freshly initialized page
[test_assign1_1.c-test single page content-L80-12:08:15] OK: expected true: expected zero byte in first page of freshly initialized page
[test_assign1_1.c-test single page content-L80-12:08:15] OK: expected true: expected zero byte in first page of freshly initialized page
[test_assign1_1.c-test single page content-L80-12:08:15] OK: expected true: expected zero byte in first page of freshly initialized page
[test_assign1_1.c-test single page content-L80-12:08:15] OK: expected true: expected zero byte in first page of freshly initialized page
[test_assign1_1.c-test single page content-L80-12:08:15] OK: expected true: expected zero byte in first page of freshly initialized page
[test_assign1_1.c-test single page content-L80-12:08:15] OK: expected true: expected zero byte in first page of freshly initialized page
[test_assign1_1.c-test single page content-L80-12:08:15] OK: expected true: expected zero byte in first page of freshly initialized page
[test_assign1_1.c-test single page content-L80-12:08:15] OK: expected true: expected zero byte in first page of freshly initialized page
[test_assign1_1.c-test single page content-L80-12:08:15] OK: expected true: expected zero byte in first page of freshly initialized page
[test_assign1_1.c-test single page content-L80-12:08:15] OK: expected true: expected zero byte in first page of freshly initialized page
[test_assign1_1.c-test single page content-L80-12:08:15] OK: expected true: expected zero byte in first page of freshly initialized page
[test_assign1_1.c-test single page content-L80-12:08:15] OK: expected true: expected zero byte in first page of freshly initialized page
[test_assign1_1.c-test single page content-L80-12:08:15] OK: expected true: expected zero byte in first page of freshly initialized page
[test_assign1_1.c-test single page content-L80-12:08:15] OK: expected true: expected zero byte in first page of freshly initialized page
[test_assign1_1.c-test single page content-L80-12:08:15] OK: expected true: expected zero byte in first page of freshly initialized page
[test_assign1_1.c-test single page content-L80-12:08:15] OK: expected true: expected zero byte in first page of freshly initialized page
[test_assign1_1.c-test single page content-L80-12:08:15] OK: expected true: expected zero byte in first page of freshly initialized page
[test_assign1_1.c-test single page content-L80-12:08:15] OK: expected true: expected zero byte in first page of freshly initialized page
[test_assign1_1.c-test single page content-L80-12:08:15] OK: expected true: expected zero byte in first page of freshly initialized page
[test_assign1_1.c-test single page content-L80-12:08:15] OK: expected true: expected zero byte in first page of freshly initialized page
[test_assign1_1.c-test single page content-L80-12:08:15] OK: expected true: expected zero byte in first page of freshly initialized page
[test_assign1_1.c-test single page content-L80-12:08:15] OK: expected true: expected zero byte in first page of freshly initialized page
[test_assign1_1.c-test single page content-L80-12:08:15] OK: expected true: expected zero byte in first page of freshly initialized page
[test_assign1_1.c-test single page content-L80-12:08:15] OK: expected true: expected zero byte in first page of freshly initialized page
[test_assign1_1.c-test single page content-L80-12:08:15] OK: expected true: expected zero byte in first page of freshly initialized page
[test_assign1_1.c-test single page content-L80-12:08:15] OK: expected true: expected zero byte in first page of freshly initialized page
[test_assign1_1.c-test single page content-L80-12:08:15] OK: expected true: expected zero byte in first page of freshly initialized page
[test_assign1_1.c-test single page content-L80-12:08:15] OK: expected true: expected zero byte in first page of freshly initialized page
[test_assign1_1.c-test single page content-L80-12:08:15] OK: expected true: expected zero byte in first page of freshly initialized page
[test_assign1_1.c-test single page content-L80-12:08:15] OK: expected true: expected zero byte in first page of freshly initialized page
[test_assign1_1.c-test single page content-L80-12:08:15] OK: expected true: expected zero byte in first page of freshly initialized page
[test_assign1_1.c-test single page content-L80-12:08:15] OK: expected true: expected zero byte in first page of freshly initialized page
[test_assign1_1.c-test single page content-L80-12:08:15] OK: expected true: expected zero byte in first page of freshly initialized page
[test_assign1_1.c-test single page content-L80-12:08:15] OK: expected true: expected zero byte in first page of freshly initialized page
[test_assign1_1.c-test single page content-L80-12:08:15] OK: expected true: expected zero byte in first page of freshly initialized page
[test_assign1_1.c-test single page content-L80-12:08:15] OK: expected true: expected zero byte in first page of freshly initialized page
[test_assign1_1.c-test single page content-L80-12:08:15] OK: expected true: expected zero byte in first page of freshly initialized page
[test_assign1_1.c-test single page content-L80-12:08:15] OK: expected true: expected zero byte in first page of freshly initialized page
[test_assign1_1.c-test single page content-L80-12:08:15] OK: expected true: expected zero byte in first page of freshly initialized page
[test_assign1_1.c-test single page content-L80-12:08:15] OK: expected true: expected zero byte in first page of freshly initialized page
[test_assign1_1.c-test single page content-L80-12:08:15] OK: expected true: expected zero byte in first page of freshly initialized page
[test_assign1_1.c-test single page content-L80-12:08:15] OK: expected true: expected zero byte in first page of freshly initialized page
[test_assign1_1.c-test single page content-L80-12:08:15] OK: expected true: expected zero byte in first page of freshly initialized page
[test_assign1_1.c-test single page content-L80-12:08:15] OK: expected true: expected zero byte in first page of freshly initialized page
[test_assign1_1.c-test single page content-L80-12:08:15] OK: expected true: expected zero byte in first page of freshly initialized page
[test_assign1_1.c-test single page content-L80-12:08:15] OK: expected true: expected zero byte in first page of freshly initialized page
[test_assign1_1.c-test single page content-L80-12:08:15] OK: expected true: expected zero byte in first page of freshly initialized page
[test_assign1_1.c-test single page content-L80-12:08:15] OK: expected true: expected zero byte in first page of freshly initialized page
[test_assign1_1.c-test single page content-L80-12:08:15] OK: expected true: expected zero byte in first page of freshly initialized page
[test_assign1_1.c-test single page content-L80-12:08:15] OK: expected true: expected zero byte in first page of freshly initialized page
[test_assign1_1.c-test single page content-L80-12:08:15] OK: expected true: expected zero byte in first page of freshly initialized page
[test_assign1_1.c-test single page content-L80-12:08:15] OK: expected true: expected zero byte in first page of freshly initialized page
[test_assign1_1.c-test single page content-L80-12:08:15] OK: expected true: expected zero byte in first page of freshly initialized page
[test_assign1_1.c-test single page content-L80-12:08:15] OK: expected true: expected zero byte in first page of freshly initialized page
[test_assign1_1.c-test single page content-L80-12:08:15] OK: expected true: expected zero byte in first page of freshly initialized page
[test_assign1_1.c-test single page content-L80-12:08:15] OK: expected true: expected zero byte in first page of freshly initialized page
[test_assign1_1.c-test single page content-L80-12:08:15] OK: expected true: expected zero byte in first page of freshly initialized page
[test_assign1_1.c-test single page content-L80-12:08:15] OK: expected true: expected zero byte in first page of freshly initialized page
[test_assign1_1.c-test single page content-L80-12:08:15] OK: expected true: expected zero byte in first page of freshly initialized page
[test_assign1_1.c-test single page content-L80-12:08:15] OK: expected true: expected zero byte in first page of freshly initialized page
[test_assign1_1.c-test single page content-L80-12:08:15] OK: expected true: expected zero byte in first page of freshly initialized page
[test_assign1_1.c-test single page content-L80-12:08:15] OK: expected true: expected zero byte in first page of freshly initialized page
[test_assign1_1.c-test single page content-L80-12:08:15] OK: expected true: expected zero byte in first page of freshly initialized page
[test_assign1_1.c-test single page content-L80-12:08:15] OK: expected true: expected zero byte in first page of freshly initialized page
[test_assign1_1.c-test single page content-L80-12:08:15] OK: expected true: expected zero byte in first page of freshly initialized page
[test_assign1_1.c-test single page content-L80-12:08:15] OK: expected true: expected zero byte in first page of freshly initialized page
[test_assign1_1.c-test single page content-L80-12:08:15] OK: expected true: expected zero byte in first page of freshly initialized page
[test_assign1_1.c-test single page content-L80-12:08:15] OK: expected true: expected zero byte in first page of freshly initialized page
[test_assign1_1.c-test single page content-L80-12:08:15] OK: expected true: expected zero byte in first page of freshly initialized page
[test_assign1_1.c-test single page content-L80-12:08:15] OK: expected true: expected zero byte in first page of freshly initialized page
[test_assign1_1.c-test single page content-L80-12:08:15] OK: expected true: expected zero byte in first page of freshly initialized page
[test_assign1_1.c-test single page content-L80-12:08:15] OK: expected true: expected zero byte in first page of freshly initialized page
[test_assign1_1.c-test single page content-L80-12:08:15] OK: expected true: expected zero byte in first page of freshly initialized page
[test_assign1_1.c-test single page content-L80-12:08:15] OK: expected true: expected zero byte in first page of freshly initialized page
[test_assign1_1.c-test single page content-L80-12:08:15] OK: expected true: expected zero byte in first page of freshly initialized page
[test_assign1_1.c-test single page content-L80-12:08:15] OK: expected true: expected zero byte in first page of freshly initialized page
[test_assign1_1.c-test single page content-L80-12:08:15] OK: expected true: expected zero byte in first page of freshly initialized page
[test_assign1_1.c-test single page content-L80-12:08:15] OK: expected true: expected zero byte in first page of freshly initialized page
[test_assign1_1.c-test single page content-L80-12:08:15] OK: expected true: expected zero byte in first page of freshly initialized page
[test_assign1_1.c-test single page content-L80-12:08:15] OK: expected true: expected zero byte in first page of freshly initialized page
[test_assign1_1.c-test single page content-L80-12:08:15] OK: expected true: expected zero byte in first page of freshly initialized page
[test_assign1_1.c-test single page content-L80-12:08:15] OK: expected true: expected zero byte in first page of freshly initialized page
[test_assign1_1.c-test single page content-L80-12:08:15] OK: expected true: expected zero byte in first page of freshly initialized page
[test_assign1_1.c-test single page content-L80-12:08:15] OK: expected true: expected zero byte in first page of freshly initialized page
[test_assign1_1.c-test single page content-L80-12:08:15] OK: expected true: expected zero byte in first page of freshly initialized page
[test_assign1_1.c-test single page content-L80-12:08:15] OK: expected true: expected zero byte in first page of freshly initialized page
[test_assign1_1.c-test single page content-L80-12:08:15] OK: expected true: expected zero byte in first page of freshly initialized page
[test_assign1_1.c-test single page content-L80-12:08:15] OK: expected true: expected zero byte in first page of freshly initialized page
[test_assign1_1.c-test single page content-L80-12:08:15] OK: expected true: expected zero byte in first page of freshly initialized page
[test_assign1_1.c-test single page content-L80-12:08:15] OK: expected true: expected zero byte in first page of freshly initialized page
[test_assign1_1.c-test single page content-L80-12:08:15] OK: expected true: expected zero byte in first page of freshly initialized page
[test_assign1_1.c-test single page content-L80-12:08:15] OK: expected true: expected zero byte in first page of freshly initialized page
[test_assign1_1.c-test single page content-L80-12:08:15] OK: expected true: expected zero byte in first page of freshly initialized page
[test_assign1_1.c-test single page content-L80-12:08:15] OK: expected true: expected zero byte in first page of freshly initialized page
[test_assign1_1.c-test single page content-L80-12:08:15] OK: expected true: expected zero byte in first page of freshly initialized page
[test_assign1_1.c-test single page content-L80-12:08:15] OK: expected true: expected zero byte in first page of freshly initialized page
[test_assign1_1.c-test single page content-L80-12:08:15] OK: expected true: expected zero byte in first page of freshly initialized page
[test_assign1_1.c-test single page content-L80-12:08:15] OK: expected true: expected zero byte in first page of freshly initialized page
[test_assign1_1.c-test single page content-L80-12:08:15] OK: expected true: expected zero byte in first page of freshly initialized page
[test_assign1_1.c-test single page content-L80-12:08:15] OK: expected true: expected zero byte in first page of freshly initialized page
[test_assign1_1.c-test single page content-L80-12:08:15] OK: expected true: expected zero byte in first page of freshly initialized page
[test_assign1_1.c-test single page content-L80-12:08:15] OK: expected true: expected zero byte in first page of freshly initialized page
[test_assign1_1.c-test single page content-L80-12:08:15] OK: expected true: expected zero byte in first page of freshly initialized page
[test_assign1_1.c-test single page content-L80-12:08:15] OK: expected true: expected zero byte in first page of freshly initialized page
[test_assign1_1.c-test single page content-L80-12:08:15] OK: expected true: expected zero byte in first page of freshly initialized page
[test_assign1_1.c-test single page content-L80-12:08:15] OK: expected true: expected zero byte in first page of freshly initialized page
[test_assign1_1.c-test single page content-L80-12:08:15] OK: expected true: expected zero byte in first page of freshly initialized page
[test_assign1_1.c-test single page content-L80-12:08:15] OK: expected true: expected zero byte in first page of freshly initialized page
[test_assign1_1.c-test single page content-L80-12:08:15] OK: expected true: expected zero byte in first page of freshly initialized page
[test_assign1_1.c-test single page content-L80-12:08:15] OK: expected true: expected zero byte in first page of freshly initialized page
[test_assign1_1.c-test single page content-L80-12:08:15] OK: expected true: expected zero byte in first page of freshly initialized page
[test_assign1_1.c-test single page content-L80-12:08:15] OK: expected true: expected zero byte in first page of freshly initialized page
[test_assign1_1.c-test single page content-L80-12:08:15] OK: expected true: expected zero byte in first page of freshly initialized page
[test_assign1_1.c-test single page content-L80-12:08:15] OK: expected true: expected zero byte in first page of freshly initialized page
[test_assign1_1.c-test single page content-L80-12:08:15] OK: expected true: expected zero byte in first page of freshly initialized page
[test_assign1_1.c-test single page content-L80-12:08:15] OK: expected true: expected zero byte in first page of freshly initialized page
[test_assign1_1.c-test single page content-L80-12:08:15] OK: expected true: expected zero byte in first page of freshly initialized page
[test_assign1_1.c-test single page content-L80-12:08:15] OK: expected true: expected zero byte in first page of freshly initialized page
[test_assign1_1.c-test single page content-L80-12:08:15] OK: expected true: expected zero byte in first page of freshly initialized page
[test_assign1_1.c-test single page content-L80-12:08:15] OK: expected true: expected zero byte in first page of freshly initialized page
[test_assign1_1.c-test single page content-L80-12:08:15] OK: expected true: expected zero byte in first page of freshly initialized page
[test_assign1_1.c-test single page content-L80-12:08:15] OK: expected true: expected zero byte in first page of freshly initialized page
[test_assign1_1.c-test single page content-L80-12:08:15] OK: expected true: expected zero byte in first page of freshly initialized page
[test_assign1_1.c-test single page content-L80-12:08:15] OK: expected true: expected zero byte in first page of freshly initialized page
[test_assign1_1.c-test single page content-L80-12:08:15] OK: expected true: expected zero byte in first page of freshly initialized page
[test_assign1_1.c-test single page content-L80-12:08:15] OK: expected true: expected zero byte in first page of freshly initialized page
[test_assign1_1.c-test single page content-L80-12:08:15] OK: expected true: expected zero byte in first page of freshly initialized page
[test_assign1_1.c-test single page content-L80-12:08:15] OK: expected true: expected zero byte in first page of freshly initialized page
[test_assign1_1.c-test single page content-L80-12:08:15] OK: expected true: expected zero byte in first page of freshly initialized page
[test_assign1_1.c-test single page content-L80-12:08:15] OK: expected true: expected zero byte in first page of freshly initialized page
[test_assign1_1.c-test single page content-L80-12:08:15] OK: expected true: expected zero byte in first page of freshly initialized page
[test_assign1_1.c-test single page content-L80-12:08:15] OK: expected true: expected zero byte in first page of freshly initialized page
[test_assign1_1.c-test single page content-L80-12:08:15] OK: expected true: expected zero byte in first page of freshly initialized page
[test_assign1_1.c-test single page content-L80-12:08:15] OK: expected true: expected zero byte in first page of freshly initialized page
[test_assign1_1.c-test single page content-L80-12:08:15] OK: expected true: expected zero byte in first page of freshly initialized page
[test_assign1_1.c-test single page content-L80-12:08:15] OK: expected true: expected zero byte in first page of freshly initialized page
[test_assign1_1.c-test single page content-L80-12:08:15] OK: expected true: expected zero byte in first page of freshly initialized page
[test_assign1_1.c-test single page content-L80-12:08:15] OK: expected true: expected zero byte in first page of freshly initialized page
[test_assign1_1.c-test single page content-L80-12:08:15] OK: expected true: expected zero byte in first page of freshly initialized page
[test_assign1_1.c-test single page content-L80-12:08:15] OK: expected true: expected zero byte in first page of freshly initialized page
[test_assign1_1.c-test single page content-L80-12:08:15] OK: expected true: expected zero byte in first page of freshly initialized page
[test_assign1_1.c-test single page content-L80-12:08:15] OK: expected true: expected zero byte in first page of freshly initialized page
[test_assign1_1.c-test single page content-L80-12:08:15] OK: expected true: expected zero byte in first page of freshly initialized page
[test_assign1_1.c-test single page content-L80-12:08:15] OK: expected true: expected zero byte in first page of freshly initialized page
[test_assign1_1.c-test single page content-L80-12:08:15] OK: expected true: expected zero byte in first page of freshly initialized page
[test_assign1_1.c-test single page content-L80-12:08:15] OK: expected true: expected zero byte in first page of freshly initialized page
[test_assign1_1.c-test single page content-L80-12:08:15] OK: expected true: expected zero byte in first page of freshly initialized page
[test_assign1_1.c-test single page content-L80-12:08:15] OK: expected true: expected zero byte in first page of freshly initialized page
[test_assign1_1.c-test single page content-L80-12:08:15] OK: expected true: expected zero byte in first page of freshly initialized page
[test_assign1_1.c-test single page content-L80-12:08:15] OK: expected true: expected zero byte in first page of freshly initialized page
[test_assign1_1.c-test single page content-L80-12:08:15] OK: expected true: expected zero byte in first page of freshly initialized page
[test_assign1_1.c-test single page content-L80-12:08:15] OK: expected true: expected zero byte in first page of freshly initialized page
[test_assign1_1.c-test single page content-L80-12:08:15] OK: expected true: expected zero byte in first page of freshly initialized page
[test_assign1_1.c-test single page content-L80-12:08:15] OK: expected true: expected zero byte in first page of freshly initialized page
[test_assign1_1.c-test single page content-L80-12:08:15] OK: expected true: expected zero byte in first page of freshly initialized page
[test_assign1_1.c-test single page content-L80-12:08:15] OK: expected true: expected zero byte in first page of freshly initialized page
[test_assign1_1.c-test single page content-L80-12:08:15] OK: expected true: expected zero byte in first page of freshly initialized page
[test_assign1_1.c-test single page content-L80-12:08:15] OK: expected true: expected zero byte in first page of freshly initialized page
[test_assign1_1.c-test single page content-L80-12:08:15] OK: expected true: expected zero byte in first page of freshly initialized page
[test_assign1_1.c-test single page content-L80-12:08:15] OK: expected true: expected zero byte in first page of freshly initialized page
[test_assign1_1.c-test single page content-L80-12:08:15] OK: expected true: expected zero byte in first page of freshly initialized page
[test_assign1_1.c-test single page content-L80-12:08:15] OK: expected true: expected zero byte in first page of freshly initialized page
[test_assign1_1.c-test single page content-L80-12:08:15] OK: expected true: expected zero byte in first page of freshly initialized page
[test_assign1_1.c-test single page content-L80-12:08:15] OK: expected true: expected zero byte in first page of freshly initialized page
[test_assign1_1.c-test single page content-L80-12:08:15] OK: expected true: expected zero byte in first page of freshly initialized page
[test_assign1_1.c-test single page content-L80-12:08:15] OK: expected true: expected zero byte in first page of freshly initialized page
[test_assign1_1.c-test single page content-L80-12:08:15] OK: expected true: expected zero byte in first page of freshly initialized page
[test_assign1_1.c-test single page content-L80-12:08:15] OK: expected true: expected zero byte in first page of freshly initialized page
[test_assign1_1.c-test single page content-L80-12:08:15] OK: expected true: expected zero byte in first page of freshly initialized page
[test_assign1_1.c-test single page content-L80-12:08:15] OK: expected true: expected zero byte in first page of freshly initialized page
[test_assign1_1.c-test single page content-L80-12:08:15] OK: expected true: expected zero byte in first page of freshly initialized page
[test_assign1_1.c-test single page content-L80-12:08:15] OK: expected true: expected zero byte in first page of freshly initialized page
[test_assign1_1.c-test single page content-L80-12:08:15] OK: expected true: expected zero byte in first page of freshly initialized page
[test_assign1_1.c-test single page content-L80-12:08:15] OK: expected true: expected zero byte in first page of freshly initialized page
[test_assign1_1.c-test single page content-L80-12:08:15] OK: expected true: expected zero byte in first page of freshly initialized page
[test_assign1_1.c-test single page content-L80-12:08:15] OK: expected true: expected zero byte in first page of freshly initialized page
[test_assign1_1.c-test single page content-L80-12:08:15] OK: expected true: expected zero byte in first page of freshly initialized page
[test_assign1_1.c-test single page content-L80-12:08:15] OK: expected true: expected zero byte in first page of freshly initialized page
[test_assign1_1.c-test single page content-L80-12:08:15] OK: expected true: expected zero byte in first page of freshly initialized page
[test_assign1_1.c-test single page content-L80-12:08:15] OK: expected true: expected zero byte in first page of freshly initialized page
[test_assign1_1.c-test single page content-L80-12:08:15] OK: expected true: expected zero byte in first page of freshly initialized page
[test_assign1_1.c-test single page content-L80-12:08:15] OK: expected true: expected zero byte in first page of freshly initialized page
[test_assign1_1.c-test single page content-L80-12:08:15] OK: expected true: expected zero byte in first page of freshly initialized page
[test_assign1_1.c-test single page content-L80-12:08:15] OK: expected true: expected zero byte in first page of freshly initialized page
[test_assign1_1.c-test single page content-L80-12:08:15] OK: expected true: expected zero byte in first page of freshly initialized page
[test_assign1_1.c-test single page content-L80-12:08:15] OK: expected true: expected zero byte in first page of freshly initialized page
[test_assign1_1.c-test single page content-L80-12:08:15] OK: expected true: expected zero byte in first page of freshly initialized page
[test_assign1_1.c-test single page content-L80-12:08:15] OK: expected true: expected zero byte in first page of freshly initialized page
[test_assign1_1.c-test single page content-L80-12:08:15] OK: expected true: expected zero byte in first page of freshly initialized page
[test_assign1_1.c-test single page content-L80-12:08:15] OK: expected true: expected zero byte in first page of freshly initialized page
[test_assign1_1.c-test single page content-L80-12:08:15] OK: expected true: expected zero byte in first page of freshly initialized page
[test_assign1_1.c-test single page content-L80-12:08:15] OK: expected true: expected zero byte in first page of freshly initialized page
[test_assign1_1.c-test single page content-L80-12:08:15] OK: expected true: expected zero byte in first page of freshly initialized page
[test_assign1_1.c-test single page content-L80-12:08:15] OK: expected true: expected zero byte in first page of freshly initialized page
[test_assign1_1.c-test single page content-L80-12:08:15] OK: expected true: expected zero byte in first page of freshly initialized page
[test_assign1_1.c-test single page content-L80-12:08:15] OK: expected true: expected zero byte in first page of freshly initialized page
[test_assign1_1.c-test single page content-L80-12:08:15] OK: expected true: expected zero byte in first page of freshly initialized page
[test_assign1_1.c-test single page content-L80-12:08:15] OK: expected true: expected zero byte in first page of freshly initialized page
[test_assign1_1.c-test single page content-L80-12:08:15] OK: expected true: expected zero byte in first page of freshly initialized page
[test_assign1_1.c-test single page content-L80-12:08:15] OK: expected true: expected zero byte in first page of freshly initialized page
[test_assign1_1.c-test single page content-L80-12:08:15] OK: expected true: expected zero byte in first page of freshly initialized page
[test_assign1_1.c-test single page content-L80-12:08:15] OK: expected true: expected zero byte in first page of freshly initialized page
[test_assign1_1.c-test single page content-L80-12:08:15] OK: expected true: expected zero byte in first page of freshly initialized page
[test_assign1_1.c-test single page content-L80-12:08:15] OK: expected true: expected zero byte in first page of freshly initialized page
[test_assign1_1.c-test single page content-L80-12:08:15] OK: expected true: expected zero byte in first page of freshly initialized page
[test_assign1_1.c-test single page content-L80-12:08:15] OK: expected true: expected zero byte in first page of freshly initialized page
[test_assign1_1.c-test single page content-L80-12:08:15] OK: expected true: expected zero byte in first page of freshly initialized page
[test_assign1_1.c-test single page content-L80-12:08:15] OK: expected true: expected zero byte in first page of freshly initialized page
[test_assign1_1.c-test single page content-L80-12:08:15] OK: expected true: expected zero byte in first page of freshly initialized page
[test_assign1_1.c-test single page content-L80-12:08:15] OK: expected true: expected zero byte in first page of freshly initialized page
[test_assign1_1.c-test single page content-L80-12:08:15] OK: expected true: expected zero byte in first page of freshly initialized page
[test_assign1_1.c-test single page content-L80-12:08:15] OK: expected true: expected zero byte in first page of freshly initialized page
[test_assign1_1.c-test single page content-L80-12:08:15] OK: expected true: expected zero byte in first page of freshly initialized page
[test_assign1_1.c-test single page content-L80-12:08:15] OK: expected true: expected zero byte in first page of freshly initialized page
[test_assign1_1.c-test single page content-L80-12:08:15] OK: expected true: expected zero byte in first page of freshly initialized page
[test_assign1_1.c-test single page content-L80-12:08:15] OK: expected true: expected zero byte in first page of freshly initialized page
[test_assign1_1.c-test single page content-L80-12:08:15] OK: expected true: expected zero byte in first page of freshly initialized page
[test_assign1_1.c-test single page content-L80-12:08:15] OK: expected true: expected zero byte in first page of freshly initialized page
[test_assign1_1.c-test single page content-L80-12:08:15] OK: expected true: expected zero byte in first page of freshly initialized page
[test_assign1_1.c-test single page content-L80-12:08:15] OK: expected true: expected zero byte in first page of freshly initialized page
[test_assign1_1.c-test single page content-L80-12:08:15] OK: expected true: expected zero byte in first page of freshly initialized page
[test_assign1_1.c-test single page content-L80-12:08:15] OK: expected true: expected zero byte in first page of freshly initialized page
[test_assign1_1.c-test single page content-L80-12:08:15] OK: expected true: expected zero byte in first page of freshly initialized page
[test_assign1_1.c-test single page content-L80-12:08:15] OK: expected true: expected zero byte in first page of freshly initialized page
[test_assign1_1.c-test single page content-L80-12:08:15] OK: expected true: expected zero byte in first page of freshly initialized page
[test_assign1_1.c-test single page content-L80-12:08:15] OK: expected true: expected zero byte in first page of freshly initialized page
[test_assign1_1.c-test single page content-L80-12:08:15] OK: expected true: expected zero byte in first page of freshly initialized page
[test_assign1_1.c-test single page content-L80-12:08:15] OK: expected true: expected zero byte in first page of freshly initialized page
[test_assign1_1.c-test single page content-L80-12:08:15] OK: expected true: expected zero byte in first page of freshly initialized page
[test_assign1_1.c-test single page content-L80-12:08:15] OK: expected true: expected zero byte in first page of freshly initialized page
[test_assign1_1.c-test single page content-L80-12:08:15] OK: expected true: expected zero byte in first page of freshly initialized page
[test_assign1_1.c-test single page content-L80-12:08:15] OK: expected true: expected zero byte in first page of freshly initialized page
[test_assign1_1.c-test single page content-L80-12:08:15] OK: expected true: expected zero byte in first page of freshly initialized page
[test_assign1_1.c-test single page content-L80-12:08:15] OK: expected true: expected zero byte in first page of freshly initialized page
[test_assign1_1.c-test single page content-L80-12:08:15] OK: expected true: expected zero byte in first page of freshly initialized page
[test_assign1_1.c-test single page content-L80-12:08:15] OK: expected true: expected zero byte in first page of freshly initialized page
[test_assign1_1.c-test single page content-L80-12:08:15] OK: expected true: expected zero byte in first page of freshly initialized page
[test_assign1_1.c-test single page content-L80-12:08:15] OK: expected true: expected zero byte in first page of freshly initialized page
[test_assign1_1.c-test single page content-L80-12:08:15] OK: expected true: expected zero byte in first page of freshly initialized page
[test_assign1_1.c-test single page content-L80-12:08:15] OK: expected true: expected zero byte in first page of freshly initialized page
[test_assign1_1.c-test single page content-L80-12:08:15] OK: expected true: expected zero byte in first page of freshly initialized page
[test_assign1_1.c-test single page content-L80-12:08:15] OK: expected true: expected zero byte in first page of freshly initialized page
[test_assign1_1.c-test single page content-L80-12:08:15] OK: expected true: expected zero byte in first page of freshly initialized page
[test_assign1_1.c-test single page content-L80-12:08:15] OK: expected true: expected zero byte in first page of freshly initialized page
[test_assign1_1.c-test single page content-L80-12:08:15] OK: expected true: expected zero byte in first page of freshly initialized page
[test_assign1_1.c-test single page content-L80-12:08:15] OK: expected true: expected zero byte in first page of freshly initialized page
[test_assign1_1.c-test single page content-L80-12:08:15] OK: expected true: expected zero byte in first page of freshly initialized page
[test_assign1_1.c-test single page content-L80-12:08:15] OK: expected true: expected zero byte in first page of freshly initialized page
[test_assign1_1.c-test single page content-L80-12:08:15] OK: expected true: expected zero byte in first page of freshly initialized page
[test_assign1_1.c-test single page content-L80-12:08:15] OK: expected true: expected zero byte in first page of freshly initialized page
[test_assign1_1.c-test single page content-L80-12:08:15] OK: expected true: expected zero byte in first page of freshly initialized page
[test_assign1_1.c-test single page content-L80-12:08:15] OK: expected true: expected zero byte in first page of freshly initialized page
[test_assign1_1.c-test single page content-L80-12:08:15] OK: expected true: expected zero byte in first page of freshly initialized page
[test_assign1_1.c-test single page content-L80-12:08:15] OK: expected true: expected zero byte in first page of freshly initialized page
[test_assign1_1.c-test single page content-L80-12:08:15] OK: expected true: expected zero byte in first page of freshly initialized page
[test_assign1_1.c-test single page content-L80-12:08:15] OK: expected true: expected zero byte in first page of freshly initialized page
[test_assign1_1.c-test single page content-L80-12:08:15] OK: expected true: expected zero byte in first page of freshly initialized page
[test_assign1_1.c-test single page content-L80-12:08:15] OK: expected true: expected zero byte in first page of freshly initialized page
[test_assign1_1.c-test single page content-L80-12:08:15] OK: expected true: expected zero byte in first page of freshly initialized page
[test_assign1_1.c-test single page content-L80-12:08:15] OK: expected true: expected zero byte in first page of freshly initialized page
[test_assign1_1.c-test single page content-L80-12:08:15] OK: expected true: expected zero byte in first page of freshly initialized page
[test_assign1_1.c-test single page content-L80-12:08:15] OK: expected true: expected zero byte in first page of freshly initialized page
[test_assign1_1.c-test single page content-L80-12:08:15] OK: expected true: expected zero byte in first page of freshly initialized page
[test_assign1_1.c-test single page content-L80-12:08:15] OK: expected true: expected zero byte in first page of freshly initialized page
[test_assign1_1.c-test single page content-L80-12:08:15] OK: expected true: expected zero byte in first page of freshly initialized page
[test_assign1_1.c-test single page content-L80-12:08:15] OK: expected true: expected zero byte in first page of freshly initialized page
[test_assign1_1.c-test single page content-L80-12:08:15] OK: expected true: expected zero byte in first page of freshly initialized page
[test_assign1_1.c-test single page content-L80-12:08:15] OK: expected true: expected zero byte in first page of freshly initialized page
[test_assign1_1.c-test single page content-L80-12:08:15] OK: expected true: expected zero byte in first page of freshly initialized page
[test_assign1_1.c-test single page content-L80-12:08:15] OK: expected true: expected zero byte in first page of freshly initialized page
[test_assign1_1.c-test single page content-L80-12:08:15] OK: expected true: expected zero byte in first page of freshly initialized page
[test_assign1_1.c-test single page content-L80-12:08:15] OK: expected true: expected zero byte in first page of freshly initialized page
[test_assign1_1.c-test single page content-L80-12:08:15] OK: expected true: expected zero byte in first page of freshly initialized page
[test_assign1_1.c-test single page content-L80-12:08:15] OK: expected true: expected zero byte in first page of freshly initialized page
[test_assign1_1.c-test single page content-L80-12:08:15] OK: expected true: expected zero byte in first page of freshly initialized page
[test_assign1_1.c-test single page content-L80-12:08:15] OK: expected true: expected zero byte in first page of freshly initialized page
[test_assign1_1.c-test single page content-L80-12:08:15] OK: expected true: expected zero byte in first page of freshly initialized page
[test_assign1_1.c-test single page content-L80-12:08:15] OK: expected true: expected zero byte in first page of freshly initialized page
[test_assign1_1.c-test single page content-L80-12:08:15] OK: expected true: expected zero byte in first page of freshly initialized page
[test_assign1_1.c-test single page content-L80-12:08:15] OK: expected true: expected zero byte in first page of freshly initialized page
[test_assign1_1.c-test single page content-L80-12:08:15] OK: expected true: expected zero byte in first page of freshly initialized page
[test_assign1_1.c-test single page content-L80-12:08:15] OK: expected true: expected zero byte in first page of freshly initialized page
[test_assign1_1.c-test single page content-L80-12:08:15] OK: expected true: expected zero byte in first page of freshly initialized page
[test_assign1_1.c-test single page content-L80-12:08:15] OK: expected true: expected zero byte in first page of freshly initialized page
[test_assign1_1.c-test single page content-L80-12:08:15] OK: expected true: expected zero byte in first page of freshly initialized page
[test_assign1_1.c-test single page content-L80-12:08:15] OK: expected true: expected zero byte in first page of freshly initialized page
[test_assign1_1.c-test single page content-L80-12:08:15] OK: expected true: expected zero byte in first page of freshly initialized page
[test_assign1_1.c-test single page content-L80-12:08:15] OK: expected true: expected zero byte in first page of freshly initialized page
[test_assign1_1.c-test single page content-L80-12:08:15] OK: expected true: expected zero byte in first page of freshly initialized page
[test_assign1_1.c-test single page content-L80-12:08:15] OK: expected true: expected zero byte in first page of freshly initialized page
[test_assign1_1.c-test single page content-L80-12:08:15] OK: expected true: expected zero byte in first page of freshly initialized page
[test_assign1_1.c-test single page content-L80-12:08:15] OK: expected true: expected zero byte in first page of freshly initialized page
[test_assign1_1.c-test single page content-L80-12:08:15] OK: expected true: expected zero byte in first page of freshly initialized page
[test_assign1_1.c-test single page content-L80-12:08:15] OK: expected true: expected zero byte in first page of freshly initialized page
[test_assign1_1.c-test single page content-L80-12:08:15] OK: expected true: expected zero byte in first page of freshly initialized page
[test_assign1_1.c-test single page content-L80-12:08:15] OK: expected true: expected zero byte in first page of freshly initialized page
[test_assign1_1.c-test single page content-L80-12:08:15] OK: expected true: expected zero byte in first page of freshly initialized page
[test_assign1_1.c-test single page content-L80-12:08:15] OK: expected true: expected zero byte in first page of freshly initialized page
[test_assign1_1.c-test single page content-L80-12:08:15] OK: expected true: expected zero byte in first page of freshly initialized page
[test_assign1_1.c-test single page content-L80-12:08:15] OK: expected true: expected zero byte in first page of freshly initialized page
[test_assign1_1.c-test single page content-L80-12:08:15] OK: expected true: expected zero byte in first page of freshly initialized page
[test_assign1_1.c-test single page content-L80-12:08:15] OK: expected true: expected zero byte in first page of freshly initialized page
[test_assign1_1.c-test single page content-L80-12:08:15] OK: expected true: expected zero byte in first page of freshly initialized page
[test_assign1_1.c-test single page content-L80-12:08:15] OK: expected true: expected zero byte in first page of freshly initialized page
[test_assign1_1.c-test single page content-L80-12:08:15] OK: expected true: expected zero byte in first page of freshly initialized page
[test_assign1_1.c-test single page content-L80-12:08:15] OK: expected true: expected zero byte in first page of freshly initialized page
[test_assign1_1.c-test single page content-L80-12:08:15] OK: expected true: expected zero byte in first page of freshly initialized page
[test_assign1_1.c-test single page content-L80-12:08:15] OK: expected true: expected zero byte in first page of freshly initialized page
[test_assign1_1.c-test single page content-L80-12:08:15] OK: expected true: expected zero byte in first page of freshly initialized page
[test_assign1_1.c-test single page content-L80-12:08:15] OK: expected true: expected zero byte in first page of freshly initialized page
[test_assign1_1.c-test single page content-L80-12:08:15] OK: expected true: expected zero byte in first page of freshly initialized page
[test_assign1_1.c-test single page content-L80-12:08:15] OK: expected true: expected zero byte in first page of freshly initialized page
[test_assign1_1.c-test single page content-L80-12:08:15] OK: expected true: expected zero byte in first page of freshly initialized page
[test_assign1_1.c-test single page content-L80-12:08:15] OK: expected true: expected zero byte in first page of freshly initialized page
[test_assign1_1.c-test single page content-L80-12:08:15] OK: expected true: expected zero byte in first page of freshly initialized page
[test_assign1_1.c-test single page content-L80-12:08:15] OK: expected true: expected zero byte in first page of freshly initialized page
[test_assign1_1.c-test single page content-L80-12:08:15] OK: expected true: expected zero byte in first page of freshly initialized page
[test_assign1_1.c-test single page content-L80-12:08:15] OK: expected true: expected zero byte in first page of freshly initialized page
[test_assign1_1.c-test single page content-L80-12:08:15] OK: expected true: expected zero byte in first page of freshly initialized page
[test_assign1_1.c-test single page content-L80-12:08:15] OK: expected true: expected zero byte in first page of freshly initialized page
[test_assign1_1.c-test single page content-L80-12:08:15] OK: expected true: expected zero byte in first page of freshly initialized page
[test_assign1_1.c-test single page content-L80-12:08:15] OK: expected true: expected zero byte in first page of freshly initialized page
[test_assign1_1.c-test single page content-L80-12:08:15] OK: expected true: expected zero byte in first page of freshly initialized page
[test_assign1_1.c-test single page content-L80-12:08:15] OK: expected true: expected zero byte in first page of freshly initialized page
[test_assign1_1.c-test single page content-L80-12:08:15] OK: expected true: expected zero byte in first page of freshly initialized page
[test_assign1_1.c-test single page content-L80-12:08:15] OK: expected true: expected zero byte in first page of freshly initialized page
[test_assign1_1.c-test single page content-L80-12:08:15] OK: expected true: expected zero byte in first page of freshly initialized page
[test_assign1_1.c-test single page content-L80-12:08:15] OK: expected true: expected zero byte in first page of freshly initialized page
[test_assign1_1.c-test single page content-L80-12:08:15] OK: expected true: expected zero byte in first page of freshly initialized page
[test_assign1_1.c-test single page content-L80-12:08:15] OK: expected true: expected zero byte in first page of freshly initialized page
[test_assign1_1.c-test single page content-L80-12:08:15] OK: expected true: expected zero byte in first page of freshly initialized page
[test_assign1_1.c-test single page content-L80-12:08:15] OK: expected true: expected zero byte in first page of freshly initialized page
[test_assign1_1.c-test single page content-L80-12:08:15] OK: expected true: expected zero byte in first page of freshly initialized page
[test_assign1_1.c-test single page content-L80-12:08:15] OK: expected true: expected zero byte in first page of freshly initialized page
[test_assign1_1.c-test single page content-L80-12:08:15] OK: expected true: expected zero byte in first page of freshly initialized page
[test_assign1_1.c-test single page content-L80-12:08:15] OK: expected true: expected zero byte in first page of freshly initialized page
[test_assign1_1.c-test single page content-L80-12:08:15] OK: expected true: expected zero byte in first page of freshly initialized page
[test_assign1_1.c-test single page content-L80-12:08:15] OK: expected true: expected zero byte in first page of freshly initialized page
[test_assign1_1.c-test single page content-L80-12:08:15] OK: expected true: expected zero byte in first page of freshly initialized page
[test_assign1_1.c-test single page content-L80-12:08:15] OK: expected true: expected zero byte in first page of freshly initialized page
[test_assign1_1.c-test single page content-L80-12:08:15] OK: expected true: expected zero byte in first page of freshly initialized page
[test_assign1_1.c-test single page content-L80-12:08:15] OK: expected true: expected zero byte in first page of freshly initialized page
[test_assign1_1.c-test single page content-L80-12:08:15] OK: expected true: expected zero byte in first page of freshly initialized page
[test_assign1_1.c-test single page content-L80-12:08:15] OK: expected true: expected zero byte in first page of freshly initialized page
[test_assign1_1.c-test single page content-L80-12:08:15] OK: expected true: expected zero byte in first page of freshly initialized page
[test_assign1_1.c-test single page content-L80-12:08:15] OK: expected true: expected zero byte in first page of freshly initialized page
[test_assign1_1.c-test single page content-L80-12:08:15] OK: expected true: expected zero byte in first page of freshly initialized page
[test_assign1_1.c-test single page content-L80-12:08:15] OK: expected true: expected zero byte in first page of freshly initialized page
[test_assign1_1.c-test single page content-L80-12:08:15] OK: expected true: expected zero byte in first page of freshly initialized page
[test_assign1_1.c-test single page content-L80-12:08:15] OK: expected true: expected zero byte in first page of freshly initialized page
[test_assign1_1.c-test single page content-L80-12:08:15] OK: expected true: expected zero byte in first page of freshly initialized page
[test_assign1_1.c-test single page content-L80-12:08:15] OK: expected true: expected zero byte in first page of freshly initialized page
[test_assign1_1.c-test single page content-L80-12:08:15] OK: expected true: expected zero byte in first page of freshly initialized page
[test_assign1_1.c-test single page content-L80-12:08:15] OK: expected true: expected zero byte in first page of freshly initialized page
[test_assign1_1.c-test single page content-L80-12:08:15] OK: expected true: expected zero byte in first page of freshly initialized page
[test_assign1_1.c-test single page content-L80-12:08:15] OK: expected true: expected zero byte in first page of freshly initialized page
[test_assign1_1.c-test single page content-L80-12:08:15] OK: expected true: expected zero byte in first page of freshly initialized page
[test_assign1_1.c-test single page content-L80-12:08:15] OK: expected true: expected zero byte in first page of freshly initialized page
[test_assign1_1.c-test single page content-L80-12:08:15] OK: expected true: expected zero byte in first page of freshly initialized page
[test_assign1_1.c-test single page content-L80-12:08:15] OK: expected true: expected zero byte in first page of freshly initialized page
[test_assign1_1.c-test single page content-L80-12:08:15] OK: expected true: expected zero byte in first page of freshly initialized page
[test_assign1_1.c-test single page content-L80-12:08:15] OK: expected true: expected zero byte in first page of freshly initialized page
[test_assign1_1.c-test single page content-L80-12:08:15] OK: expected true: expected zero byte in first page of freshly initialized page
[test_assign1_1.c-test single page content-L80-12:08:15] OK: expected true: expected zero byte in first page of freshly initialized page
[test_assign1_1.c-test single page content-L80-12:08:15] OK: expected true: expected zero byte in first page of freshly initialized page
[test_assign1_1.c-test single page content-L80-12:08:15] OK: expected true: expected zero byte in first page of freshly initialized page
[test_assign1_1.c-test single page content-L80-12:08:15] OK: expected true: expected zero byte in first page of freshly initialized page
[test_assign1_1.c-test single page content-L80-12:08:15] OK: expected true: expected zero byte in first page of freshly initialized page
[test_assign1_1.c-test single page content-L80-12:08:15] OK: expected true: expected zero byte in first page of freshly initialized page
[test_assign1_1.c-test single page content-L80-12:08:15] OK: expected true: expected zero byte in first page of freshly initialized page
[test_assign1_1.c-test single page content-L80-12:08:15] OK: expected true: expected zero byte in first page of freshly initialized page
[test_assign1_1.c-test single page content-L80-12:08:15] OK: expected true: expected zero byte in first page of freshly initialized page
[test_assign1_1.c-test single page content-L80-12:08:15] OK: expected true: expected zero byte in first page of freshly initialized page
[test_assign1_1.c-test single page content-L80-12:08:15] OK: expected true: expected zero byte in first page of freshly initialized page
[test_assign1_1.c-test single page content-L80-12:08:15] OK: expected true: expected zero byte in first page of freshly initialized page
[test_assign1_1.c-test single page content-L80-12:08:15] OK: expected true: expected zero byte in first page of freshly initialized page
[test_assign1_1.c-test single page content-L80-12:08:15] OK: expected true: expected zero byte in first page of freshly initialized page
[test_assign1_1.c-test single page content-L80-12:08:15] OK: expected true: expected zero byte in first page of freshly initialized page
[test_assign1_1.c-test single page content-L80-12:08:15] OK: expected true: expected zero byte in first page of freshly initialized page
[test_assign1_1.c-test single page content-L80-12:08:15] OK: expected true: expected zero byte in first page of freshly initialized page
[test_assign1_1.c-test single page content-L80-12:08:15] OK: expected true: expected zero byte in first page of freshly initialized page
[test_assign1_1.c-test single page content-L80-12:08:15] OK: expected true: expected zero byte in first page of freshly initialized page
[test_assign1_1.c-test single page content-L80-12:08:15] OK: expected true: expected zero byte in first page of freshly initialized page
[test_assign1_1.c-test single page content-L80-12:08:15] OK: expected true: expected zero byte in first page of freshly initialized page
[test_assign1_1.c-test single page content-L80-12:08:15] OK: expected true: expected zero byte in first page of freshly initialized page
[test_assign1_1.c-test single page content-L80-12:08:15] OK: expected true: expected zero byte in first page of freshly initialized page
[test_assign1_1.c-test single page content-L80-12:08:15] OK: expected true: expected zero byte in first page of freshly initialized page
[test_assign1_1.c-test single page content-L80-12:08:15] OK: expected true: expected zero byte in first page of freshly initialized page
[test_assign1_1.c-test single page content-L80-12:08:15] OK: expected true: expected zero byte in first page of freshly initialized page
[test_assign1_1.c-test single page content-L80-12:08:15] OK: expected true: expected zero byte in first page of freshly initialized page
[test_assign1_1.c-test single page content-L80-12:08:15] OK: expected true: expected zero byte in first page of freshly initialized page
[test_assign1_1.c-test single page content-L80-12:08:15] OK: expected true: expected zero byte in first page of freshly initialized page
[test_assign1_1.c-test single page content-L80-12:08:15] OK: expected true: expected zero byte in first page of freshly initialized page
[test_assign1_1.c-test single page content-L80-12:08:15] OK: expected true: expected zero byte in first page of freshly initialized page
[test_assign1_1.c-test single page content-L80-12:08:15] OK: expected true: expected zero byte in first page of freshly initialized page
[test_assign1_1.c-test single page content-L80-12:08:15] OK: expected true: expected zero byte in first page of freshly initialized page
[test_assign1_1.c-test single page content-L80-12:08:15] OK: expected true: expected zero byte in first page of freshly initialized page
[test_assign1_1.c-test single page content-L80-12:08:15] OK: expected true: expected zero byte in first page of freshly initialized page
[test_assign1_1.c-test single page content-L80-12:08:15] OK: expected true: expected zero byte in first page of freshly initialized page
[test_assign1_1.c-test single page content-L80-12:08:15] OK: expected true: expected zero byte in first page of freshly initialized page
[test_assign1_1.c-test single page content-L80-12:08:15] OK: expected true: expected zero byte in first page of freshly initialized page
[test_assign1_1.c-test single page content-L80-12:08:15] OK: expected true: expected zero byte in first page of freshly initialized page
[test_assign1_1.c-test single page content-L80-12:08:15] OK: expected true: expected zero byte in first page of freshly initialized page
[test_assign1_1.c-test single page content-L80-12:08:15] OK: expected true: expected zero byte in first page of freshly initialized page
[test_assign1_1.c-test single page content-L80-12:08:15] OK: expected true: expected zero byte in first page of freshly initialized page
[test_assign1_1.c-test single page content-L80-12:08:15] OK: expected true: expected zero byte in first page of freshly initialized page
[test_assign1_1.c-test single page content-L80-12:08:15] OK: expected true: expected zero byte in first page of freshly initialized page
[test_assign1_1.c-test single page content-L80-12:08:15] OK: expected true: expected zero byte in first page of freshly initialized page
[test_assign1_1.c-test single page content-L80-12:08:15] OK: expected true: expected zero byte in first page of freshly initialized page
[test_assign1_1.c-test single page content-L80-12:08:15] OK: expected true: expected zero byte in first page of freshly initialized page
[test_assign1_1.c-test single page content-L80-12:08:15] OK: expected true: expected zero byte in first page of freshly initialized page
[test_assign1_1.c-test single page content-L80-12:08:15] OK: expected true: expected zero byte in first page of freshly initialized page
[test_assign1_1.c-test single page content-L80-12:08:15] OK: expected true: expected zero byte in first page of freshly initialized page
[test_assign1_1.c-test single page content-L80-12:08:15] OK: expected true: expected zero byte in first page of freshly initialized page
[test_assign1_1.c-test single page content-L80-12:08:15] OK: expected true: expected zero byte in first page of freshly initialized page
[test_assign1_1.c-test single page content-L80-12:08:15] OK: expected true: expected zero byte in first page of freshly initialized page
[test_assign1_1.c-test single page content-L80-12:08:15] OK: expected true: expected zero byte in first page of freshly initialized page
[test_assign1_1.c-test single page content-L80-12:08:15] OK: expected true: expected zero byte in first page of freshly initialized page
[test_assign1_1.c-test single page content-L80-12:08:15] OK: expected true: expected zero byte in first page of freshly initialized page
[test_assign1_1.c-test single page content-L80-12:08:15] OK: expected true: expected zero byte in first page of freshly initialized page
[test_assign1_1.c-test single page content-L80-12:08:15] OK: expected true: expected zero byte in first page of freshly initialized page
[test_assign1_1.c-test single page content-L80-12:08:15] OK: expected true: expected zero byte in first page of freshly initialized page
[test_assign1_1.c-test single page content-L80-12:08:15] OK: expected true: expected zero byte in first page of freshly initialized page
[test_assign1_1.c-test single page content-L80-12:08:15] OK: expected true: expected zero byte in first page of freshly initialized page
[test_assign1_1.c-test single page content-L80-12:08:15] OK: expected true: expected zero byte in first page of freshly initialized page
[test_assign1_1.c-test single page content-L80-12:08:15] OK: expected true: expected zero byte in first page of freshly initialized page
[test_assign1_1.c-test single page content-L80-12:08:15] OK: expected true: expected zero byte in first page of freshly initialized page
[test_assign1_1.c-test single page content-L80-12:08:15] OK: expected true: expected zero byte in first page of freshly initialized page
[test_assign1_1.c-test single page content-L80-12:08:15] OK: expected true: expected zero byte in first page of freshly initialized page
[test_assign1_1.c-test single page content-L80-12:08:15] OK: expected true: expected zero byte in first page of freshly initialized page
[test_assign1_1.c-test single page content-L80-12:08:15] OK: expected true: expected zero byte in first page of freshly initialized page
[test_assign1_1.c-test single page content-L80-12:08:15] OK: expected true: expected zero byte in first page of freshly initialized page
[test_assign1_1.c-test single page content-L80-12:08:15] OK: expected true: expected zero byte in first page of freshly initialized page
[test_assign1_1.c-test single page content-L80-12:08:15] OK: expected true: expected zero byte in first page of freshly initialized page
[test_assign1_1.c-test single page content-L80-12:08:15] OK: expected true: expected zero byte in first page of freshly initialized page
[test_assign1_1.c-test single page content-L80-12:08:15] OK: expected true: expected zero byte in first page of freshly initialized page
[test_assign1_1.c-test single page content-L80-12:08:15] OK: expected true: expected zero byte in first page of freshly initialized page
[test_assign1_1.c-test single page content-L80-12:08:15] OK: expected true: expected zero byte in first page of freshly initialized page
[test_assign1_1.c-test single page content-L80-12:08:15] OK: expected true: expected zero byte in first page of freshly initialized page
[test_assign1_1.c-test single page content-L80-12:08:15] OK: expected true: expected zero byte in first page of freshly initialized page
[test_assign1_1.c-test single page content-L80-12:08:15] OK: expected true: expected zero byte in first page of freshly initialized page
[test_assign1_1.c-test single page content-L80-12:08:15] OK: expected true: expected zero byte in first page of freshly initialized page
[test_assign1_1.c-test single page content-L80-12:08:15] OK: expected true: expected zero byte in first page of freshly initialized page
[test_assign1_1.c-test single page content-L80-12:08:15] OK: expected true: expected zero byte in first page of freshly initialized page
[test_assign1_1.c-test single page content-L80-12:08:15] OK: expected true: expected zero byte in first page of freshly initialized page
[test_assign1_1.c-test single page content-L80-12:08:15] OK: expected true: expected zero byte in first page of freshly initialized page
[test_assign1_1.c-test single page content-L80-12:08:15] OK: expected true: expected zero byte in first page of freshly initialized page
[test_assign1_1.c-test single page content-L80-12:08:15] OK: expected true: expected zero byte in first page of freshly initialized page
[test_assign1_1.c-test single page content-L80-12:08:15] OK: expected true: expected zero byte in first page of freshly initialized page
[test_assign1_1.c-test single page content-L80-12:08:15] OK: expected true: expected zero byte in first page of freshly initialized page
[test_assign1_1.c-test single page content-L80-12:08:15] OK: expected true: expected zero byte in first page of freshly initialized page
[test_assign1_1.c-test single page content-L80-12:08:15] OK: expected true: expected zero byte in first page of freshly initialized page
[test_assign1_1.c-test single page content-L80-12:08:15] OK: expected true: expected zero byte in first page of freshly initialized page
[test_assign1_1.c-test single page content-L80-12:08:15] OK: expected true: expected zero byte in first page of freshly initialized page
[test_assign1_1.c-test single page content-L80-12:08:15] OK: expected true: expected zero byte in first page of freshly initialized page
[test_assign1_1.c-test single page content-L80-12:08:15] OK: expected true: expected zero byte in first page of freshly initialized page
[test_assign1_1.c-test single page content-L80-12:08:15] OK: expected true: expected zero byte in first page of freshly initialized page
[test_assign1_1.c-test single page content-L80-12:08:15] OK: expected true: expected zero byte in first page of freshly initialized page
[test_assign1_1.c-test single page content-L80-12:08:15] OK: expected true: expected zero byte in first page of freshly initialized page
[test_assign1_1.c-test single page content-L80-12:08:15] OK: expected true: expected zero byte in first page of freshly initialized page
[test_assign1_1.c-test single page content-L80-12:08:15] OK: expected true: expected zero byte in first page of freshly initialized page
[test_assign1_1.c-test single page content-L80-12:08:15] OK: expected true: expected zero byte in first page of freshly initialized page
[test_assign1_1.c-test single page content-L80-12:08:15] OK: expected true: expected zero byte in first page of freshly initialized page
[test_assign1_1.c-test single page content-L80-12:08:15] OK: expected true: expected zero byte in first page of freshly initialized page
[test_assign1_1.c-test single page content-L80-12:08:15] OK: expected true: expected zero byte in first page of freshly initialized page
[test_assign1_1.c-test single page content-L80-12:08:15] OK: expected true: expected zero byte in first page of freshly initialized page
[test_assign1_1.c-test single page content-L80-12:08:15] OK: expected true: expected zero byte in first page of freshly initialized page
[test_assign1_1.c-test single page content-L80-12:08:15] OK: expected true: expected zero byte in first page of freshly initialized page
[test_assign1_1.c-test single page content-L80-12:08:15] OK: expected true: expected zero byte in first page of freshly initialized page
[test_assign1_1.c-test single page content-L80-12:08:15] OK: expected true: expected zero byte in first page of freshly initialized page
[test_assign1_1.c-test single page content-L80-12:08:15] OK: expected true: expected zero byte in first page of freshly initialized page
[test_assign1_1.c-test single page content-L80-12:08:15] OK: expected true: expected zero byte in first page of freshly initialized page
[test_assign1_1.c-test single page content-L80-12:08:15] OK: expected true: expected zero byte in first page of freshly initialized page
[test_assign1_1.c-test single page content-L80-12:08:15] OK: expected true: expected zero byte in first page of freshly initialized page
[test_assign1_1.c-test single page content-L80-12:08:15] OK: expected true: expected zero byte in first page of freshly initialized page
[test_assign1_1.c-test single page content-L80-12:08:15] OK: expected true: expected zero byte in first page of freshly initialized page
[test_assign1_1.c-test single page content-L80-12:08:15] OK: expected true: expected zero byte in first page of freshly initialized page
[test_assign1_1.c-test single page content-L80-12:08:15] OK: expected true: expected zero byte in first page of freshly initialized page
[test_assign1_1.c-test single page content-L80-12:08:15] OK: expected true: expected zero byte in first page of freshly initialized page
[test_assign1_1.c-test single page content-L80-12:08:15] OK: expected true: expected zero byte in first page of freshly initialized page
[test_assign1_1.c-test single page content-L80-12:08:15] OK: expected true: expected zero byte in first page of freshly initialized page
[test_assign1_1.c-test single page content-L80-12:08:15] OK: expected true: expected zero byte in first page of freshly initialized page
[test_assign1_1.c-test single page content-L80-12:08:15] OK: expected true: expected zero byte in first page of freshly initialized page
[test_assign1_1.c-test single page content-L80-12:08:15] OK: expected true: expected zero byte in first page of freshly initialized page
[test_assign1_1.c-test single page content-L80-12:08:15] OK: expected true: expected zero byte in first page of freshly initialized page
[test_assign1_1.c-test single page content-L80-12:08:15] OK: expected true: expected zero byte in first page of freshly initialized page
[test_assign1_1.c-test single page content-L80-12:08:15] OK: expected true: expected zero byte in first page of freshly initialized page
[test_assign1_1.c-test single page content-L80-12:08:15] OK: expected true: expected zero byte in first page of freshly initialized page
[test_assign1_1.c-test single page content-L80-12:08:15] OK: expected true: expected zero byte in first page of freshly initialized page
[test_assign1_1.c-test single page content-L80-12:08:15] OK: expected true: expected zero byte in first page of freshly initialized page
[test_assign1_1.c-test single page content-L80-12:08:15] OK: expected true: expected zero byte in first page of freshly initialized page
[test_assign1_1.c-test single page content-L80-12:08:15] OK: expected true: expected zero byte in first page of freshly initialized page
[test_assign1_1.c-test single page content-L80-12:08:15] OK: expected true: expected zero byte in first page of freshly initialized page
[test_assign1_1.c-test single page content-L80-12:08:15] OK: expected true: expected zero byte in first page of freshly initialized page
[test_assign1_1.c-test single page content-L80-12:08:15] OK: expected true: expected zero byte in first page of freshly initialized page
[test_assign1_1.c-test single page content-L80-12:08:15] OK: expected true: expected zero byte in first page of freshly initialized page
[test_assign1_1.c-test single page content-L80-12:08:15] OK: expected true: expected zero byte in first page of freshly initialized page
[test_assign1_1.c-test single page content-L80-12:08:15] OK: expected true: expected zero byte in first page of freshly initialized page
[test_assign1_1.c-test single page content-L80-12:08:15] OK: expected true: expected zero byte in first page of freshly initialized page
[test_assign1_1.c-test single page content-L80-12:08:15] OK: expected true: expected zero byte in first page of freshly initialized page
[test_assign1_1.c-test single page content-L80-12:08:15] OK: expected true: expected zero byte in first page of freshly initialized page
[test_assign1_1.c-test single page content-L80-12:08:15] OK: expected true: expected zero byte in first page of freshly initialized page
[test_assign1_1.c-test single page content-L80-12:08:15] OK: expected true: expected zero byte in first page of freshly initialized page
[test_assign1_1.c-test single page content-L80-12:08:15] OK: expected true: expected zero byte in first page of freshly initialized page
[test_assign1_1.c-test single page content-L80-12:08:15] OK: expected true: expected zero byte in first page of freshly initialized page
[test_assign1_1.c-test single page content-L80-12:08:15] OK: expected true: expected zero byte in first page of freshly initialized page
[test_assign1_1.c-test single page content-L80-12:08:15] OK: expected true: expected zero byte in first page of freshly initialized page
[test_assign1_1.c-test single page content-L80-12:08:15] OK: expected true: expected zero byte in first page of freshly initialized page
[test_assign1_1.c-test single page content-L80-12:08:15] OK: expected true: expected zero byte in first page of freshly initialized page
[test_assign1_1.c-test single page content-L80-12:08:15] OK: expected true: expected zero byte in first page of freshly initialized page
[test_assign1_1.c-test single page content-L80-12:08:15] OK: expected true: expected zero byte in first page of freshly initialized page
[test_assign1_1.c-test single page content-L80-12:08:15] OK: expected true: expected zero byte in first page of freshly initialized page
[test_assign1_1.c-test single page content-L80-12:08:15] OK: expected true: expected zero byte in first page of freshly initialized page
[test_assign1_1.c-test single page content-L80-12:08:15] OK: expected true: expected zero byte in first page of freshly initialized page
[test_assign1_1.c-test single page content-L80-12:08:15] OK: expected true: expected zero byte in first page of freshly initialized page
[test_assign1_1.c-test single page content-L80-12:08:15] OK: expected true: expected zero byte in first page of freshly initialized page
[test_assign1_1.c-test single page content-L80-12:08:15] OK: expected true: expected zero byte in first page of freshly initialized page
[test_assign1_1.c-test single page content-L80-12:08:15] OK: expected true: expected zero byte in first page of freshly initialized page
[test_assign1_1.c-test single page content-L80-12:08:15] OK: expected true: expected zero byte in first page of freshly initialized page
[test_assign1_1.c-test single page content-L80-12:08:15] OK: expected true: expected zero byte in first page of freshly initialized page
[test_assign1_1.c-test single page content-L80-12:08:15] OK: expected true: expected zero byte in first page of freshly initialized page
[test_assign1_1.c-test single page content-L80-12:08:15] OK: expected true: expected zero byte in first page of freshly initialized page
[test_assign1_1.c-test single page content-L80-12:08:15] OK: expected true: expected zero byte in first page of freshly initialized page
[test_assign1_1.c-test single page content-L80-12:08:15] OK: expected true: expected zero byte in first page of freshly initialized page
[test_assign1_1.c-test single page content-L80-12:08:15] OK: expected true: expected zero byte in first page of freshly initialized page
[test_assign1_1.c-test single page content-L80-12:08:15] OK: expected true: expected zero byte in first page of freshly initialized page
[test_assign1_1.c-test single page content-L80-12:08:15] OK: expected true: expected zero byte in first page of freshly initialized page
[test_assign1_1.c-test single page content-L80-12:08:15] OK: expected true: expected zero byte in first page of freshly initialized page
[test_assign1_1.c-test single page content-L80-12:08:15] OK: expected true: expected zero byte in first page of freshly initialized page
[test_assign1_1.c-test single page content-L80-12:08:15] OK: expected true: expected zero byte in first page of freshly initialized page
[test_assign1_1.c-test single page content-L80-12:08:15] OK: expected true: expected zero byte in first page of freshly initialized page
[test_assign1_1.c-test single page content-L80-12:08:15] OK: expected true: expected zero byte in first page of freshly initialized page
[test_assign1_1.c-test single page content-L80-12:08:15] OK: expected true: expected zero byte in first page of freshly initialized page
[test_assign1_1.c-test single page content-L80-12:08:15] OK: expected true: expected zero byte in first page of freshly initialized page
[test_assign1_1.c-test single page content-L80-12:08:15] OK: expected true: expected zero byte in first page of freshly initialized page
[test_assign1_1.c-test single page content-L80-12:08:15] OK: expected true: expected zero byte in first page of freshly initialized page
[test_assign1_1.c-test single page content-L80-12:08:15] OK: expected true: expected zero byte in first page of freshly initialized page
[test_assign1_1.c-test single page content-L80-12:08:15] OK: expected true: expected zero byte in first page of freshly initialized page
[test_assign1_1.c-test single page content-L80-12:08:15] OK: expected true: expected zero byte in first page of freshly initialized page
[test_assign1_1.c-test single page content-L80-12:08:15] OK: expected true: expected zero byte in first page of freshly initialized page
[test_assign1_1.c-test single page content-L80-12:08:15] OK: expected true: expected zero byte in first page of freshly initialized page
[test_assign1_1.c-test single page content-L80-12:08:15] OK: expected true: expected zero byte in first page of freshly initialized page
[test_assign1_1.c-test single page content-L80-12:08:15] OK: expected true: expected zero byte in first page of freshly initialized page
[test_assign1_1.c-test single page content-L80-12:08:15] OK: expected true: expected zero byte in first page of freshly initialized page
[test_assign1_1.c-test single page content-L80-12:08:15] OK: expected true: expected zero byte in first page of freshly initialized page
[test_assign1_1.c-test single page content-L80-12:08:15] OK: expected true: expected zero byte in first page of freshly initialized page
[test_assign1_1.c-test single page content-L80-12:08:15] OK: expected true: expected zero byte in first page of freshly initialized page
[test_assign1_1.c-test single page content-L80-12:08:15] OK: expected true: expected zero byte in first page of freshly initialized page
[test_assign1_1.c-test single page content-L80-12:08:15] OK: expected true: expected zero byte in first page of freshly initialized page
[test_assign1_1.c-test single page content-L80-12:08:15] OK: expected true: expected zero byte in first page of freshly initialized page
[test_assign1_1.c-test single page content-L80-12:08:15] OK: expected true: expected zero byte in first page of freshly initialized page
[test_assign1_1.c-test single page content-L80-12:08:15] OK: expected true: expected zero byte in first page of freshly initialized page
[test_assign1_1.c-test single page content-L80-12:08:15] OK: expected true: expected zero byte in first page of freshly initialized page
[test_assign1_1.c-test single page content-L80-12:08:15] OK: expected true: expected zero byte in first page of freshly initialized page
[test_assign1_1.c-test single page content-L80-12:08:15] OK: expected true: expected zero byte in first page of freshly initialized page
[test_assign1_1.c-test single page content-L80-12:08:15] OK: expected true: expected zero byte in first page of freshly initialized page
[test_assign1_1.c-test single page content-L80-12:08:15] OK: expected true: expected zero byte in first page of freshly initialized page
[test_assign1_1.c-test single page content-L80-12:08:15] OK: expected true: expected zero byte in first page of freshly initialized page
[test_assign1_1.c-test single page content-L80-12:08:15] OK: expected true: expected zero byte in first page of freshly initialized page
[test_assign1_1.c-test single page content-L80-12:08:15] OK: expected true: expected zero byte in first page of freshly initialized page
[test_assign1_1.c-test single page content-L80-12:08:15] OK: expected true: expected zero byte in first page of freshly initialized page
[test_assign1_1.c-test single page content-L80-12:08:15] OK: expected true: expected zero byte in first page of freshly initialized page
[test_assign1_1.c-test single page content-L80-12:08:15] OK: expected true: expected zero byte in first page of freshly initialized page
[test_assign1_1.c-test single page content-L80-12:08:15] OK: expected true: expected zero byte in first page of freshly initialized page
[test_assign1_1.c-test single page content-L80-12:08:15] OK: expected true: expected zero byte in first page of freshly initialized page
[test_assign1_1.c-test single page content-L80-12:08:15] OK: expected true: expected zero byte in first page of freshly initialized page
[test_assign1_1.c-test single page content-L80-12:08:15] OK: expected true: expected zero byte in first page of freshly initialized page
[test_assign1_1.c-test single page content-L80-12:08:15] OK: expected true: expected zero byte in first page of freshly initialized page
[test_assign1_1.c-test single page content-L80-12:08:15] OK: expected true: expected zero byte in first page of freshly initialized page
[test_assign1_1.c-test single page content-L80-12:08:15] OK: expected true: expected zero byte in first page of freshly initialized page
[test_assign1_1.c-test single page content-L80-12:08:15] OK: expected true: expected zero byte in first page of freshly initialized page
[test_assign1_1.c-test single page content-L80-12:08:15] OK: expected true: expected zero byte in first page of freshly initialized page
[test_assign1_1.c-test single page content-L80-12:08:15] OK: expected true: expected zero byte in first page of freshly initialized page
[test_assign1_1.c-test single page content-L80-12:08:15] OK: expected true: expected zero byte in first page of freshly initialized page
[test_assign1_1.c-test single page content-L80-12:08:15] OK: expected true: expected zero byte in first page of freshly initialized page
[test_assign1_1.c-test single page content-L80-12:08:15] OK: expected true: expected zero byte in first page of freshly initialized page
[test_assign1_1.c-test single page content-L80-12:08:15] OK: expected true: expected zero byte in first page of freshly initialized page
[test_assign1_1.c-test single page content-L80-12:08:15] OK: expected true: expected zero byte in first page of freshly initialized page
[test_assign1_1.c-test single page content-L80-12:08:15] OK: expected true: expected zero byte in first page of freshly initialized page
[test_assign1_1.c-test single page content-L80-12:08:15] OK: expected true: expected zero byte in first page of freshly initialized page
[test_assign1_1.c-test single page content-L80-12:08:15] OK: expected true: expected zero byte in first page of freshly initialized page
[test_assign1_1.c-test single page content-L80-12:08:15] OK: expected true: expected zero byte in first page of freshly initialized page
[test_assign1_1.c-test single page content-L80-12:08:15] OK: expected true: expected zero byte in first page of freshly initialized page
[test_assign1_1.c-test single page content-L80-12:08:15] OK: expected true: expected zero byte in first page of freshly initialized page
[test_assign1_1.c-test single page content-L80-12:08:15] OK: expected true: expected zero byte in first page of freshly initialized page
[test_assign1_1.c-test single page content-L80-12:08:15] OK: expected true: expected zero byte in first page of freshly initialized page
[test_assign1_1.c-test single page content-L80-12:08:15] OK: expected true: expected zero byte in first page of freshly initialized page
[test_assign1_1.c-test single page content-L80-12:08:15] OK: expected true: expected zero byte in first page of freshly initialized page
[test_assign1_1.c-test single page content-L80-12:08:15] OK: expected true: expected zero byte in first page of freshly initialized page
[test_assign1_1.c-test single page content-L80-12:08:15] OK: expected true: expected zero byte in first page of freshly initialized page
[test_assign1_1.c-test single page content-L80-12:08:15] OK: expected true: expected zero byte in first page of freshly initialized page
[test_assign1_1.c-test single page content-L80-12:08:15] OK: expected true: expected zero byte in first page of freshly initialized page
[test_assign1_1.c-test single page content-L80-12:08:15] OK: expected true: expected zero byte in first page of freshly initialized page
[test_assign1_1.c-test single page content-L80-12:08:15] OK: expected true: expected zero byte in first page of freshly initialized page
[test_assign1_1.c-test single page content-L80-12:08:15] OK: expected true: expected zero byte in first page of freshly initialized page
[test_assign1_1.c-test single page content-L80-12:08:15] OK: expected true: expected zero byte in first page of freshly initialized page
[test_assign1_1.c-test single page content-L80-12:08:15] OK: expected true: expected zero byte in first page of freshly initialized page
[test_assign1_1.c-test single page content-L80-12:08:15] OK: expected true: expected zero byte in first page of freshly initialized page
[test_assign1_1.c-test single page content-L80-12:08:15] OK: expected true: expected zero byte in first page of freshly initialized page
[test_assign1_1.c-test single page content-L80-12:08:15] OK: expected true: expected zero byte in first page of freshly initialized page
[test_assign1_1.c-test single page content-L80-12:08:15] OK: expected true: expected zero byte in first page of freshly initialized page
[test_assign1_1.c-test single page content-L80-12:08:15] OK: expected true: expected zero byte in first page of freshly initialized page
[test_assign1_1.c-test single page content-L80-12:08:15] OK: expected true: expected zero byte in first page of freshly initialized page
[test_assign1_1.c-test single page content-L80-12:08:15] OK: expected true: expected zero byte in first page of freshly initialized page
[test_assign1_1.c-test single page content-L80-12:08:15] OK: expected true: expected zero byte in first page of freshly initialized page
[test_assign1_1.c-test single page content-L80-12:08:15] OK: expected true: expected zero byte in first page of freshly initialized page
[test_assign1_1.c-test single page content-L80-12:08:15] OK: expected true: expected zero byte in first page of freshly initialized page
[test_assign1_1.c-test single page content-L80-12:08:15] OK: expected true: expected zero byte in first page of freshly initialized page
[test_assign1_1.c-test single page content-L80-12:08:15] OK: expected true: expected zero byte in first page of freshly initialized page
[test_assign1_1.c-test single page content-L80-12:08:15] OK: expected true: expected zero byte in first page of freshly initialized page
[test_assign1_1.c-test single page content-L80-12:08:15] OK: expected true: expected zero byte in first page of freshly initialized page
[test_assign1_1.c-test single page content-L80-12:08:15] OK: expected true: expected zero byte in first page of freshly initialized page
[test_assign1_1.c-test single page content-L80-12:08:15] OK: expected true: expected zero byte in first page of freshly initialized page
[test_assign1_1.c-test single page content-L80-12:08:15] OK: expected true: expected zero byte in first page of freshly initialized page
[test_assign1_1.c-test single page content-L80-12:08:15] OK: expected true: expected zero byte in first page of freshly initialized page
[test_assign1_1.c-test single page content-L80-12:08:15] OK: expected true: expected zero byte in first page of freshly initialized page
[test_assign1_1.c-test single page content-L80-12:08:15] OK: expected true: expected zero byte in first page of freshly initialized page
[test_assign1_1.c-test single page content-L80-12:08:15] OK: expected true: expected zero byte in first page of freshly initialized page
[test_assign1_1.c-test single page content-L80-12:08:15] OK: expected true: expected zero byte in first page of freshly initialized page
[test_assign1_1.c-test single page content-L80-12:08:15] OK: expected true: expected zero byte in first page of freshly initialized page
first block was empty
writing first block
[test_assign1_1.c-test single page content-L92-12:08:15] OK: expected true: character in page read from disk is the one we expected.
[test_assign1_1.c-test single page content-L92-12:08:15] OK: expected true: character in page read from disk is the one we expected.
[test_assign1_1.c-test single page content-L92-12:08:15] OK: expected true: character in page read from disk is the one we expected.
[test_assign1_1.c-test single page content-L92-12:08:15] OK: expected true: character in page read from disk is the one we expected.
[test_assign1_1.c-test single page content-L92-12:08:15] OK: expected true: character in page read from disk is the one we expected.
[test_assign1_1.c-test single page content-L92-12:08:15] OK: expected true: character in page read from disk is the one we expected.
[test_assign1_1.c-test single page content-L92-12:08:15] OK: expected true: character in page read from disk is the one we expected.
[test_assign1_1.c-test single page content-L92-12:08:15] OK: expected true: character in page read from disk is the one we expected.
[test_assign1_1.c-test single page content-L92-12:08:15] OK: expected true: character in page read from disk is the one we expected.
[test_assign1_1.c-test single page content-L92-12:08:15] OK: expected true: character in page read from disk is the one we expected.
[test_assign1_1.c-test single page content-L92-12:08:15] OK: expected true: character in page read from disk is the one we expected.
[test_assign1_1.c-test single page content-L92-12:08:15] OK: expected true: character in page read from disk is the one we expected.
[test_assign1_1.c-test single page content-L92-12:08:15] OK: expected true: character in page read from disk is the one we expected.
[test_assign1_1.c-test single page content-L92-12:08:15] OK: expected true: character in page read from disk is the one we expected.
[test_assign1_1.c-test single page content-L92-12:08:15] OK: expected true: character in page read from disk is the one we expected.
[test_assign1_1.c-test single page content-L92-12:08:15] OK: expected true: character in page read from disk is the one we expected.
[test_assign1_1.c-test single page content-L92-12:08:15] OK: expected true: character in page read from disk is the one we expected.
[test_assign1_1.c-test single page content-L92-12:08:15] OK: expected true: character in page read from disk is the one we expected.
[test_assign1_1.c-test single page content-L92-12:08:15] OK: expected true: character in page read from disk is the one we expected.
[test_assign1_1.c-test single page content-L92-12:08:15] OK: expected true: character in page read from disk is the one we expected.
[test_assign1_1.c-test single page content-L92-12:08:15] OK: expected true: character in page read from disk is the one we expected.
[test_assign1_1.c-test single page content-L92-12:08:15] OK: expected true: character in page read from disk is the one we expected.
[test_assign1_1.c-test single page content-L92-12:08:15] OK: expected true: character in page read from disk is the one we expected.
[test_assign1_1.c-test single page content-L92-12:08:15] OK: expected true: character in page read from disk is the one we expected.
[test_assign1_1.c-test single page content-L92-12:08:15] OK: expected true: character in page read from disk is the one we expected.
[test_assign1_1.c-test single page content-L92-12:08:15] OK: expected true: character in page read from disk is the one we expected.
[test_assign1_1.c-test single page content-L92-12:08:15] OK: expected true: character in page read from disk is the one we expected.
[test_assign1_1.c-test single page content-L92-12:08:15] OK: expected true: character in page read from disk is the one we expected.
[test_assign1_1.c-test single page content-L92-12:08:15] OK: expected true: character in page read from disk is the one we expected.
[test_assign1_1.c-test single page content-L92-12:08:15] OK: expected true: character in page read from disk is the one we expected.
[test_assign1_1.c-test single page content-L92-12:08:15] OK: expected true: character in page read from disk is the one we expected.
[test_assign1_1.c-test single page content-L92-12:08:15] OK: expected true: character in page read from disk is the one we expected.
[test_assign1_1.c-test single page content-L92-12:08:15] OK: expected true: character in page read from disk is the one we expected.
[test_assign1_1.c-test single page content-L92-12:08:15] OK: expected true: character in page read from disk is the one we expected.
[test_assign1_1.c-test single page content-L92-12:08:15] OK: expected true: character in page read from disk is the one we expected.
[test_assign1_1.c-test single page content-L92-12:08:15] OK: expected true: character in page read from disk is the one we expected.
[test_assign1_1.c-test single page content-L92-12:08:15] OK: expected true: character in page read from disk is the one we expected.
[test_assign1_1.c-test single page content-L92-12:08:15] OK: expected true: character in page read from disk is the one we expected.
[test_assign1_1.c-test single page content-L92-12:08:15] OK: expected true: character in page read from disk is the one we expected.
[test_assign1_1.c-test single page content-L92-12:08:15] OK: expected true: character in page read from disk is the one we expected.
[test_assign1_1.c-test single page content-L92-12:08:15] OK: expected true: character in page read from disk is the one we expected.
[test_assign1_1.c-test single page content-L92-12:08:15] OK: expected true: character in page read from disk is the one we expected.
[test_assign1_1.c-test single page content-L92-12:08:15] OK: expected true: character in page read from disk is the one we expected.
[test_assign1_1.c-test single page content-L92-12:08:15] OK: expected true: character in page read from disk is the one we expected.
[test_assign1_1.c-test single page content-L92-12:08:15] OK: expected true: character in page read from disk is the one we expected.
[test_assign1_1.c-test single page content-L92-12:08:15] OK: expected true: character in page read from disk is the one we expected.
[test_assign1_1.c-test single page content-L92-12:08:15] OK: expected true: character in page read from disk is the one we expected.
[test_assign1_1.c-test single page content-L92-12:08:15] OK: expected true: character in page read from disk is the one we expected.
[test_assign1_1.c-test single page content-L92-12:08:15] OK: expected true: character in page read from disk is the one we expected.
[test_assign1_1.c-test single page content-L92-12:08:15] OK: expected true: character in page read from disk is the one we expected.
[test_assign1_1.c-test single page content-L92-12:08:15] OK: expected true: character in page read from disk is the one we expected.
[test_assign1_1.c-test single page content-L92-12:08:15] OK: expected true: character in page read from disk is the one we expected.
[test_assign1_1.c-test single page content-L92-12:08:15] OK: expected true: character in page read from disk is the one we expected.
[test_assign1_1.c-test single page content-L92-12:08:15] OK: expected true: character in page read from disk is the one we expected.
[test_assign1_1.c-test single page content-L92-12:08:15] OK: expected true: character in page read from disk is the one we expected.
[test_assign1_1.c-test single page content-L92-12:08:15] OK: expected true: character in page read from disk is the one we expected.
[test_assign1_1.c-test single page content-L92-12:08:15] OK: expected true: character in page read from disk is the one we expected.
[test_assign1_1.c-test single page content-L92-12:08:15] OK: expected true: character in page read from disk is the one we expected.
[test_assign1_1.c-test single page content-L92-12:08:15] OK: expected true: character in page read from disk is the one we expected.
[test_assign1_1.c-test single page content-L92-12:08:15] OK: expected true: character in page read from disk is the one we expected.
[test_assign1_1.c-test single page content-L92-12:08:15] OK: expected true: character in page read from disk is the one we expected.
[test_assign1_1.c-test single page content-L92-12:08:15] OK: expected true: character in page read from disk is the one we expected.
[test_assign1_1.c-test single page content-L92-12:08:15] OK: expected true: character in page read from disk is the one we expected.
[test_assign1_1.c-test single page content-L92-12:08:15] OK: expected true: character in page read from disk is the one we expected.
[test_assign1_1.c-test single page content-L92-12:08:15] OK: expected true: character in page read from disk is the one we expected.
[test_assign1_1.c-test single page content-L92-12:08:15] OK: expected true: character in page read from disk is the one we expected.
[test_assign1_1.c-test single page content-L92-12:08:15] OK: expected true: character in page read from disk is the one we expected.
[test_assign1_1.c-test single page content-L92-12:08:15] OK: expected true: character in page read from disk is the one we expected.
[test_assign1_1.c-test single page content-L92-12:08:15] OK: expected true: character in page read from disk is the one we expected.
[test_assign1_1.c-test single page content-L92-12:08:15] OK: expected true: character in page read from disk is the one we expected.
[test_assign1_1.c-test single page content-L92-12:08:15] OK: expected true: character in page read from disk is the one we expected.
[test_assign1_1.c-test single page content-L92-12:08:15] OK: expected true: character in page read from disk is the one we expected.
[test_assign1_1.c-test single page content-L92-12:08:15] OK: expected true: character in page read from disk is the one we expected.
[test_assign1_1.c-test single page content-L92-12:08:15] OK: expected true: character in page read from disk is the one we expected.
[test_assign1_1.c-test single page content-L92-12:08:15] OK: expected true: character in page read from disk is the one we expected.
[test_assign1_1.c-test single page content-L92-12:08:15] OK: expected true: character in page read from disk is the one we expected.
[test_assign1_1.c-test single page content-L92-12:08:15] OK: expected true: character in page read from disk is the one we expected.
[test_assign1_1.c-test single page content-L92-12:08:15] OK: expected true: character in page read from disk is the one we expected.
[test_assign1_1.c-test single page content-L92-12:08:15] OK: expected true: character in page read from disk is the one we expected.
[test_assign1_1.c-test single page content-L92-12:08:15] OK: expected true: character in page read from disk is the one we expected.
[test_assign1_1.c-test single page content-L92-12:08:15] OK: expected true: character in page read from disk is the one we expected.
[test_assign1_1.c-test single page content-L92-12:08:15] OK: expected true: character in page read from disk is the one we expected.
[test_assign1_1.c-test single page content-L92-12:08:15] OK: expected true: character in page read from disk is the one we expected.
[test_assign1_1.c-test single page content-L92-12:08:15] OK: expected true: character in page read from disk is the one we expected.
[test_assign1_1.c-test single page content-L92-12:08:15] OK: expected true: character in page read from disk is the one we expected.
[test_assign1_1.c-test single page content-L92-12:08:15] OK: expected true: character in page read from disk is the one we expected.
[test_assign1_1.c-test single page content-L92-12:08:15] OK: expected true: character in page read from disk is the one we expected.
[test_assign1_1.c-test single page content-L92-12:08:15] OK: expected true: character in page read from disk is the one we expected.
[test_assign1_1.c-test single page content-L92-12:08:15] OK: expected true: character in page read from disk is the one we expected.
[test_assign1_1.c-test single page content-L92-12:08:15] OK: expected true: character in page read from disk is the one we expected.
[test_assign1_1.c-test single page content-L92-12:08:15] OK: expected true: character in page read from disk is the one we expected.
[test_assign1_1.c-test single page content-L92-12:08:15] OK: expected true: character in page read from disk is the one we expected.
[test_assign1_1.c-test single page content-L92-12:08:15] OK: expected true: character in page read from disk is the one we expected.
[test_assign1_1.c-test single page content-L92-12:08:15] OK: expected true: character in page read from disk is the one we expected.
[test_assign1_1.c-test single page content-L92-12:08:15] OK: expected true: character in page read from disk is the one we expected.
[test_assign1_1.c-test single page content-L92-12:08:15] OK: expected true: character in page read from disk is the one we expected.
[test_assign1_1.c-test single page content-L92-12:08:15] OK: expected true: character in page read from disk is the one we expected.
[test_assign1_1.c-test single page content-L92-12:08:15] OK: expected true: character in page read from disk is the one we expected.
[test_assign1_1.c-test single page content-L92-12:08:15] OK: expected true: character in page read from disk is the one we expected.
[test_assign1_1.c-test single page content-L92-12:08:15] OK: expected true: character in page read from disk is the one we expected.
[test_assign1_1.c-test single page content-L92-12:08:15] OK: expected true: character in page read from disk is the one we expected.
[test_assign1_1.c-test single page content-L92-12:08:15] OK: expected true: character in page read from disk is the one we expected.
[test_assign1_1.c-test single page content-L92-12:08:15] OK: expected true: character in page read from disk is the one we expected.
[test_assign1_1.c-test single page content-L92-12:08:15] OK: expected true: character in page read from disk is the one we expected.
[test_assign1_1.c-test single page content-L92-12:08:15] OK: expected true: character in page read from disk is the one we expected.
[test_assign1_1.c-test single page content-L92-12:08:15] OK: expected true: character in page read from disk is the one we expected.
[test_assign1_1.c-test single page content-L92-12:08:15] OK: expected true: character in page read from disk is the one we expected.
[test_assign1_1.c-test single page content-L92-12:08:15] OK: expected true: character in page read from disk is the one we expected.
[test_assign1_1.c-test single page content-L92-12:08:15] OK: expected true: character in page read from disk is the one we expected.
[test_assign1_1.c-test single page content-L92-12:08:15] OK: expected true: character in page read from disk is the one we expected.
[test_assign1_1.c-test single page content-L92-12:08:15] OK: expected true: character in page read from disk is the one we expected.
[test_assign1_1.c-test single page content-L92-12:08:15] OK: expected true: character in page read from disk is the one we expected.
[test_assign1_1.c-test single page content-L92-12:08:15] OK: expected true: character in page read from disk is the one we expected.
[test_assign1_1.c-test single page content-L92-12:08:15] OK: expected true: character in page read from disk is the one we expected.
[test_assign1_1.c-test single page content-L92-12:08:15] OK: expected true: character in page read from disk is the one we expected.
[test_assign1_1.c-test single page content-L92-12:08:15] OK: expected true: character in page read from disk is the one we expected.
[test_assign1_1.c-test single page content-L92-12:08:15] OK: expected true: character in page read from disk is the one we expected.
[test_assign1_1.c-test single page content-L92-12:08:15] OK: expected true: character in page read from disk is the one we expected.
[test_assign1_1.c-test single page content-L92-12:08:15] OK: expected true: character in page read from disk is the one we expected.
[test_assign1_1.c-test single page content-L92-12:08:15] OK: expected true: character in page read from disk is the one we expected.
[test_assign1_1.c-test single page content-L92-12:08:15] OK: expected true: character in page read from disk is the one we expected.
[test_assign1_1.c-test single page content-L92-12:08:15] OK: expected true: character in page read from disk is the one we expected.
[test_assign1_1.c-test single page content-L92-12:08:15] OK: expected true: character in page read from disk is the one we expected.
[test_assign1_1.c-test single page content-L92-12:08:15] OK: expected true: character in page read from disk is the one we expected.
[test_assign1_1.c-test single page content-L92-12:08:15] OK: expected true: character in page read from disk is the one we expected.
[test_assign1_1.c-test single page content-L92-12:08:15] OK: expected true: character in page read from disk is the one we expected.
[test_assign1_1.c-test single page content-L92-12:08:15] OK: expected true: character in page read from disk is the one we expected.
[test_assign1_1.c-test single page content-L92-12:08:15] OK: expected true: character in page read from disk is the one we expected.
[test_assign1_1.c-test single page content-L92-12:08:15] OK: expected true: character in page read from disk is the one we expected.
[test_assign1_1.c-test single page content-L92-12:08:15] OK: expected true: character in page read from disk is the one we expected.
[test_assign1_1.c-test single page content-L92-12:08:15] OK: expected true: character in page read from disk is the one we expected.
[test_assign1_1.c-test single page content-L92-12:08:15] OK: expected true: character in page read from disk is the one we expected.
[test_assign1_1.c-test single page content-L92-12:08:15] OK: expected true: character in page read from disk is the one we expected.
[test_assign1_1.c-test single page content-L92-12:08:15] OK: expected true: character in page read from disk is the one we expected.
[test_assign1_1.c-test single page content-L92-12:08:15] OK: expected true: character in page read from disk is the one we expected.
[test_assign1_1.c-test single page content-L92-12:08:15] OK: expected true: character in page read from disk is the one we expected.
[test_assign1_1.c-test single page content-L92-12:08:15] OK: expected true: character in page read from disk is the one we expected.
[test_assign1_1.c-test single page content-L92-12:08:15] OK: expected true: character in page read from disk is the one we expected.
[test_assign1_1.c-test single page content-L92-12:08:15] OK: expected true: character in page read from disk is the one we expected.
[test_assign1_1.c-test single page content-L92-12:08:15] OK: expected true: character in page read from disk is the one we expected.
[test_assign1_1.c-test single page content-L92-12:08:15] OK: expected true: character in page read from disk is the one we expected.
[test_assign1_1.c-test single page content-L92-12:08:15] OK: expected true: character in page read from disk is the one we expected.
[test_assign1_1.c-test single page content-L92-12:08:15] OK: expected true: character in page read from disk is the one we expected.
[test_assign1_1.c-test single page content-L92-12:08:15] OK: expected true: character in page read from disk is the one we expected.
[test_assign1_1.c-test single page content-L92-12:08:15] OK: expected true: character in page read from disk is the one we expected.
[test_assign1_1.c-test single page content-L92-12:08:15] OK: expected true: character in page read from disk is the one we expected.
[test_assign1_1.c-test single page content-L92-12:08:15] OK: expected true: character in page read from disk is the one we expected.
[test_assign1_1.c-test single page content-L92-12:08:15] OK: expected true: character in page read from disk is the one we expected.
[test_assign1_1.c-test single page content-L92-12:08:15] OK: expected true: character in page read from disk is the one we expected.
[test_assign1_1.c-test single page content-L92-12:08:15] OK: expected true: character in page read from disk is the one we expected.
[test_assign1_1.c-test single page content-L92-12:08:15] OK: expected true: character in page read from disk is the one we expected.
[test_assign1_1.c-test single page content-L92-12:08:15] OK: expected true: character in page read from disk is the one we expected.
[test_assign1_1.c-test single page content-L92-12:08:15] OK: expected true: character in page read from disk is the one we expected.
[test_assign1_1.c-test single page content-L92-12:08:15] OK: expected true: character in page read from disk is the one we expected.
[test_assign1_1.c-test single page content-L92-12:08:15] OK: expected true: character in page read from disk is the one we expected.
[test_assign1_1.c-test single page content-L92-12:08:15] OK: expected true: character in page read from disk is the one we expected.
[test_assign1_1.c-test single page content-L92-12:08:15] OK: expected true: character in page read from disk is the one we expected.
[test_assign1_1.c-test single page content-L92-12:08:15] OK: expected true: character in page read from disk is the one we expected.
[test_assign1_1.c-test single page content-L92-12:08:15] OK: expected true: character in page read from disk is the one we expected.
[test_assign1_1.c-test single page content-L92-12:08:15] OK: expected true: character in page read from disk is the one we expected.
[test_assign1_1.c-test single page content-L92-12:08:15] OK: expected true: character in page read from disk is the one we expected.
[test_assign1_1.c-test single page content-L92-12:08:15] OK: expected true: character in page read from disk is the one we expected.
[test_assign1_1.c-test single page content-L92-12:08:15] OK: expected true: character in page read from disk is the one we expected.
[test_assign1_1.c-test single page content-L92-12:08:15] OK: expected true: character in page read from disk is the one we expected.
[test_assign1_1.c-test single page content-L92-12:08:15] OK: expected true: character in page read from disk is the one we expected.
[test_assign1_1.c-test single page content-L92-12:08:15] OK: expected true: character in page read from disk is the one we expected.
[test_assign1_1.c-test single page content-L92-12:08:15] OK: expected true: character in page read from disk is the one we expected.
[test_assign1_1.c-test single page content-L92-12:08:15] OK: expected true: character in page read from disk is the one we expected.
[test_assign1_1.c-test single page content-L92-12:08:15] OK: expected true: character in page read from disk is the one we expected.
[test_assign1_1.c-test single page content-L92-12:08:15] OK: expected true: character in page read from disk is the one we expected.
[test_assign1_1.c-test single page content-L92-12:08:15] OK: expected true: character in page read from disk is the one we expected.
[test_assign1_1.c-test single page content-L92-12:08:15] OK: expected true: character in page read from disk is the one we expected.
[test_assign1_1.c-test single page content-L92-12:08:15] OK: expected true: character in page read from disk is the one we expected.
[test_assign1_1.c-test single page content-L92-12:08:15] OK: expected true: character in page read from disk is the one we expected.
[test_assign1_1.c-test single page content-L92-12:08:15] OK: expected true: character in page read from disk is the one we expected.
[test_assign1_1.c-test single page content-L92-12:08:15] OK: expected true: character in page read from disk is the one we expected.
[test_assign1_1.c-test single page content-L92-12:08:15] OK: expected true: character in page read from disk is the one we expected.
[test_assign1_1.c-test single page content-L92-12:08:15] OK: expected true: character in page read from disk is the one we expected.
[test_assign1_1.c-test single page content-L92-12:08:15] OK: expected true: character in page read from disk is the one we expected.
[test_assign1_1.c-test single page content-L92-12:08:15] OK: expected true: character in page read from disk is the one we expected.
[test_assign1_1.c-test single page content-L92-12:08:15] OK: expected true: character in page read from disk is the one we expected.
[test_assign1_1.c-test single page content-L92-12:08:15] OK: expected true: character in page read from disk is the one we expected.
[test_assign1_1.c-test single page content-L92-12:08:15] OK: expected true: character in page read from disk is the one we expected.
[test_assign1_1.c-test single page content-L92-12:08:15] OK: expected true: character in page read from disk is the one we expected.
[test_assign1_1.c-test single page content-L92-12:08:15] OK: expected true: character in page read from disk is the one we expected.
[test_assign1_1.c-test single page content-L92-12:08:15] OK: expected true: character in page read from disk is the one we expected.
[test_assign1_1.c-test single page content-L92-12:08:15] OK: expected true: character in page read from disk is the one we expected.
[test_assign1_1.c-test single page content-L92-12:08:15] OK: expected true: character in page read from disk is the one we expected.
[test_assign1_1.c-test single page content-L92-12:08:15] OK: expected true: character in page read from disk is the one we expected.
[test_assign1_1.c-test single page content-L92-12:08:15] OK: expected true: character in page read from disk is the one we expected.
[test_assign1_1.c-test single page content-L92-12:08:15] OK: expected true: character in page read from disk is the one we expected.
[test_assign1_1.c-test single page content-L92-12:08:15] OK: expected true: character in page read from disk is the one we expected.
[test_assign1_1.c-test single page content-L92-12:08:15] OK: expected true: character in page read from disk is the one we expected.
[test_assign1_1.c-test single page content-L92-12:08:15] OK: expected true: character in page read from disk is the one we expected.
[test_assign1_1.c-test single page content-L92-12:08:15] OK: expected true: character in page read from disk is the one we expected.
[test_assign1_1.c-test single page content-L92-12:08:15] OK: expected true: character in page read from disk is the one we expected.
[test_assign1_1.c-test single page content-L92-12:08:15] OK: expected true: character in page read from disk is the one we expected.
[test_assign1_1.c-test single page content-L92-12:08:15] OK: expected true: character in page read from disk is the one we expected.
[test_assign1_1.c-test single page content-L92-12:08:15] OK: expected true: character in page read from disk is the one we expected.
[test_assign1_1.c-test single page content-L92-12:08:15] OK: expected true: character in page read from disk is the one we expected.
[test_assign1_1.c-test single page content-L92-12:08:15] OK: expected true: character in page read from disk is the one we expected.
[test_assign1_1.c-test single page content-L92-12:08:15] OK: expected true: character in page read from disk is the one we expected.
[test_assign1_1.c-test single page content-L92-12:08:15] OK: expected true: character in page read from disk is the one we expected.
[test_assign1_1.c-test single page content-L92-12:08:15] OK: expected true: character in page read from disk is the one we expected.
[test_assign1_1.c-test single page content-L92-12:08:15] OK: expected true: character in page read from disk is the one we expected.
[test_assign1_1.c-test single page content-L92-12:08:15] OK: expected true: character in page read from disk is the one we expected.
[test_assign1_1.c-test single page content-L92-12:08:15] OK: expected true: character in page read from disk is the one we expected.
[test_assign1_1.c-test single page content-L92-12:08:15] OK: expected true: character in page read from disk is the one we expected.
[test_assign1_1.c-test single page content-L92-12:08:15] OK: expected true: character in page read from disk is the one we expected.
[test_assign1_1.c-test single page content-L92-12:08:15] OK: expected true: character in page read from disk is the one we expected.
[test_assign1_1.c-test single page content-L92-12:08:15] OK: expected true: character in page read from disk is the one we expected.
[test_assign1_1.c-test single page content-L92-12:08:15] OK: expected true: character in page read from disk is the one we expected.
[test_assign1_1.c-test single page content-L92-12:08:15] OK: expected true: character in page read from disk is the one we expected.
[test_assign1_1.c-test single page content-L92-12:08:15] OK: expected true: character in page read from disk is the one we expected.
[test_assign1_1.c-test single page content-L92-12:08:15] OK: expected true: character in page read from disk is the one we expected.
[test_assign1_1.c-test single page content-L92-12:08:15] OK: expected true: character in page read from disk is the one we expected.
[test_assign1_1.c-test single page content-L92-12:08:15] OK: expected true: character in page read from disk is the one we expected.
[test_assign1_1.c-test single page content-L92-12:08:15] OK: expected true: character in page read from disk is the one we expected.
[test_assign1_1.c-test single page content-L92-12:08:15] OK: expected true: character in page read from disk is the one we expected.
[test_assign1_1.c-test single page content-L92-12:08:15] OK: expected true: character in page read from disk is the one we expected.
[test_assign1_1.c-test single page content-L92-12:08:15] OK: expected true: character in page read from disk is the one we expected.
[test_assign1_1.c-test single page content-L92-12:08:15] OK: expected true: character in page read from disk is the one we expected.
[test_assign1_1.c-test single page content-L92-12:08:15] OK: expected true: character in page read from disk is the one we expected.
[test_assign1_1.c-test single page content-L92-12:08:15] OK: expected true: character in page read from disk is the one we expected.
[test_assign1_1.c-test single page content-L92-12:08:15] OK: expected true: character in page read from disk is the one we expected.
[test_assign1_1.c-test single page content-L92-12:08:15] OK: expected true: character in page read from disk is the one we expected.
[test_assign1_1.c-test single page content-L92-12:08:15] OK: expected true: character in page read from disk is the one we expected.
[test_assign1_1.c-test single page content-L92-12:08:15] OK: expected true: character in page read from disk is the one we expected.
[test_assign1_1.c-test single page content-L92-12:08:15] OK: expected true: character in page read from disk is the one we expected.
[test_assign1_1.c-test single page content-L92-12:08:15] OK: expected true: character in page read from disk is the one we expected.
[test_assign1_1.c-test single page content-L92-12:08:15] OK: expected true: character in page read from disk is the one we expected.
[test_assign1_1.c-test single page content-L92-12:08:15] OK: expected true: character in page read from disk is the one we expected.
[test_assign1_1.c-test single page content-L92-12:08:15] OK: expected true: character in page read from disk is the one we expected.
[test_assign1_1.c-test single page content-L92-12:08:15] OK: expected true: character in page read from disk is the one we expected.
[test_assign1_1.c-test single page content-L92-12:08:15] OK: expected true: character in page read from disk is the one we expected.
[test_assign1_1.c-test single page content-L92-12:08:15] OK: expected true: character in page read from disk is the one we expected.
[test_assign1_1.c-test single page content-L92-12:08:15] OK: expected true: character in page read from disk is the one we expected.
[test_assign1_1.c-test single page content-L92-12:08:15] OK: expected true: character in page read from disk is the one we expected.
[test_assign1_1.c-test single page content-L92-12:08:15] OK: expected true: character in page read from disk is the one we expected.
[test_assign1_1.c-test single page content-L92-12:08:15] OK: expected true: character in page read from disk is the one we expected.
[test_assign1_1.c-test single page content-L92-12:08:15] OK: expected true: character in page read from disk is the one we expected.
[test_assign1_1.c-test single page content-L92-12:08:15] OK: expected true: character in page read from disk is the one we expected.
[test_assign1_1.c-test single page content-L92-12:08:15] OK: expected true: character in page read from disk is the one we expected.
[test_assign1_1.c-test single page content-L92-12:08:15] OK: expected true: character in page read from disk is the one we expected.
[test_assign1_1.c-test single page content-L92-12:08:15] OK: expected true: character in page read from disk is the one we expected.
[test_assign1_1.c-test single page content-L92-12:08:15] OK: expected true: character in page read from disk is the one we expected.
[test_assign1_1.c-test single page content-L92-12:08:15] OK: expected true: character in page read from disk is the one we expected.
[test_assign1_1.c-test single page content-L92-12:08:15] OK: expected true: character in page read from disk is the one we expected.
[test_assign1_1.c-test single page content-L92-12:08:15] OK: expected true: character in page read from disk is the one we expected.
[test_assign1_1.c-test single page content-L92-12:08:15] OK: expected true: character in page read from disk is the one we expected.
[test_assign1_1.c-test single page content-L92-12:08:15] OK: expected true: character in page read from disk is the one we expected.
[test_assign1_1.c-test single page content-L92-12:08:15] OK: expected true: character in page read from disk is the one we expected.
[test_assign1_1.c-test single page content-L92-12:08:15] OK: expected true: character in page read from disk is the one we expected.
[test_assign1_1.c-test single page content-L92-12:08:15] OK: expected true: character in page read from disk is the one we expected.
[test_assign1_1.c-test single page content-L92-12:08:15] OK: expected true: character in page read from disk is the one we expected.
[test_assign1_1.c-test single page content-L92-12:08:15] OK: expected true: character in page read from disk is the one we expected.
[test_assign1_1.c-test single page content-L92-12:08:15] OK: expected true: character in page read from disk is the one we expected.
[test_assign1_1.c-test single page content-L92-12:08:15] OK: expected true: character in page read from disk is the one we expected.
[test_assign1_1.c-test single page content-L92-12:08:15] OK: expected true: character in page read from disk is the one we expected.
[test_assign1_1.c-test single page content-L92-12:08:15] OK: expected true: character in page read from disk is the one we expected.
[test_assign1_1.c-test single page content-L92-12:08:15] OK: expected true: character in page read from disk is the one we expected.
[test_assign1_1.c-test single page content-L92-12:08:15] OK: expected true: character in page read from disk is the one we expected.
[test_assign1_1.c-test single page content-L92-12:08:15] OK: expected true: character in page read from disk is the one we expected.
[test_assign1_1.c-test single page content-L92-12:08:15] OK: expected true: character in page read from disk is the one we expected.
[test_assign1_1.c-test single page content-L92-12:08:15] OK: expected true: character in page read from disk is the one we expected.
[test_assign1_1.c-test single page content-L92-12:08:15] OK: expected true: character in page read from disk is the one we expected.
[test_assign1_1.c-test single page content-L92-12:08:15] OK: expected true: character in page read from disk is the one we expected.
[test_assign1_1.c-test single page content-L92-12:08:15] OK: expected true: character in page read from disk is the one we expected.
[test_assign1_1.c-test single page content-L92-12:08:15] OK: expected true: character in page read from disk is the one we expected.
[test_assign1_1.c-test single page content-L92-12:08:15] OK: expected true: character in page read from disk is the one we expected.
[test_assign1_1.c-test single page content-L92-12:08:15] OK: expected true: character in page read from disk is the one we expected.
[test_assign1_1.c-test single page content-L92-12:08:15] OK: expected true: character in page read from disk is the one we expected.
[test_assign1_1.c-test single page content-L92-12:08:15] OK: expected true: character in page read from disk is the one we expected.
[test_assign1_1.c-test single page content-L92-12:08:15] OK: expected true: character in page read from disk is the one we expected.
[test_assign1_1.c-test single page content-L92-12:08:15] OK: expected true: character in page read from disk is the one we expected.
[test_assign1_1.c-test single page content-L92-12:08:15] OK: expected true: character in page read from disk is the one we expected.
[test_assign1_1.c-test single page content-L92-12:08:15] OK: expected true: character in page read from disk is the one we expected.
[test_assign1_1.c-test single page content-L92-12:08:15] OK: expected true: character in page read from disk is the one we expected.
[test_assign1_1.c-test single page content-L92-12:08:15] OK: expected true: character in page read from disk is the one we expected.
[test_assign1_1.c-test single page content-L92-12:08:15] OK: expected true: character in page read from disk is the one we expected.
[test_assign1_1.c-test single page content-L92-12:08:15] OK: expected true: character in page read from disk is the one we expected.
[test_assign1_1.c-test single page content-L92-12:08:15] OK: expected true: character in page read from disk is the one we expected.
[test_assign1_1.c-test single page content-L92-12:08:15] OK: expected true: character in page read from disk is the one we expected.
[test_assign1_1.c-test single page content-L92-12:08:15] OK: expected true: character in page read from disk is the one we expected.
[test_assign1_1.c-test single page content-L92-12:08:15] OK: expected true: character in page read from disk is the one we expected.
[test_assign1_1.c-test single page content-L92-12:08:15] OK: expected true: character in page read from disk is the one we expected.
[test_assign1_1.c-test single page content-L92-12:08:15] OK: expected true: character in page read from disk is the one we expected.
[test_assign1_1.c-test single page content-L92-12:08:15] OK: expected true: character in page read from disk is the one we expected.
[test_assign1_1.c-test single page content-L92-12:08:15] OK: expected true: character in page read from disk is the one we expected.
[test_assign1_1.c-test single page content-L92-12:08:15] OK: expected true: character in page read from disk is the one we expected.
[test_assign1_1.c-test single page content-L92-12:08:15] OK: expected true: character in page read from disk is the one we expected.
[test_assign1_1.c-test single page content-L92-12:08:15] OK: expected true: character in page read from disk is the one we expected.
[test_assign1_1.c-test single page content-L92-12:08:15] OK: expected true: character in page read from disk is the one we expected.
[test_assign1_1.c-test single page content-L92-12:08:15] OK: expected true: character in page read from disk is the one we expected.
[test_assign1_1.c-test single page content-L92-12:08:15] OK: expected true: character in page read from disk is the one we expected.
[test_assign1_1.c-test single page content-L92-12:08:15] OK: expected true: character in page read from disk is the one we expected.
[test_assign1_1.c-test single page content-L92-12:08:15] OK: expected true: character in page read from disk is the one we expected.
[test_assign1_1.c-test single page content-L92-12:08:15] OK: expected true: character in page read from disk is the one we expected.
[test_assign1_1.c-test single page content-L92-12:08:15] OK: expected true: character in page read from disk is the one we expected.
[test_assign1_1.c-test single page content-L92-12:08:15] OK: expected true: character in page read from disk is the one we expected.
[test_assign1_1.c-test single page content-L92-12:08:15] OK: expected true: character in page read from disk is the one we expected.
[test_assign1_1.c-test single page content-L92-12:08:15] OK: expected true: character in page read from disk is the one we expected.
[test_assign1_1.c-test single page content-L92-12:08:15] OK: expected true: character in page read from disk is the one we expected.
[test_assign1_1.c-test single page content-L92-12:08:15] OK: expected true: character in page read from disk is the one we expected.
[test_assign1_1.c-test single page content-L92-12:08:15] OK: expected true: character in page read from disk is the one we expected.
[test_assign1_1.c-test single page content-L92-12:08:15] OK: expected true: character in page read from disk is the one we expected.
[test_assign1_1.c-test single page content-L92-12:08:15] OK: expected true: character in page read from disk is the one we expected.
[test_assign1_1.c-test single page content-L92-12:08:15] OK: expected true: character in page read from disk is the one we expected.
[test_assign1_1.c-test single page content-L92-12:08:15] OK: expected true: character in page read from disk is the one we expected.
[test_assign1_1.c-test single page content-L92-12:08:15] OK: expected true: character in page read from disk is the one we expected.
[test_assign1_1.c-test single page content-L92-12:08:15] OK: expected true: character in page read from disk is the one we expected.
[test_assign1_1.c-test single page content-L92-12:08:15] OK: expected true: character in page read from disk is the one we expected.
[test_assign1_1.c-test single page content-L92-12:08:15] OK: expected true: character in page read from disk is the one we expected.
[test_assign1_1.c-test single page content-L92-12:08:15] OK: expected true: character in page read from disk is the one we expected.
[test_assign1_1.c-test single page content-L92-12:08:15] OK: expected true: character in page read from disk is the one we expected.
[test_assign1_1.c-test single page content-L92-12:08:15] OK: expected true: character in page read from disk is the one we expected.
[test_assign1_1.c-test single page content-L92-12:08:15] OK: expected true: character in page read from disk is the one we expected.
[test_assign1_1.c-test single page content-L92-12:08:15] OK: expected true: character in page read from disk is the one we expected.
[test_assign1_1.c-test single page content-L92-12:08:15] OK: expected true: character in page read from disk is the one we expected.
[test_assign1_1.c-test single page content-L92-12:08:15] OK: expected true: character in page read from disk is the one we expected.
[test_assign1_1.c-test single page content-L92-12:08:15] OK: expected true: character in page read from disk is the one we expected.
[test_assign1_1.c-test single page content-L92-12:08:15] OK: expected true: character in page read from disk is the one we expected.
[test_assign1_1.c-test single page content-L92-12:08:15] OK: expected true: character in page read from disk is the one we expected.
[test_assign1_1.c-test single page content-L92-12:08:15] OK: expected true: character in page read from disk is the one we expected.
[test_assign1_1.c-test single page content-L92-12:08:15] OK: expected true: character in page read from disk is the one we expected.
[test_assign1_1.c-test single page content-L92-12:08:15] OK: expected true: character in page read from disk is the one we expected.
[test_assign1_1.c-test single page content-L92-12:08:15] OK: expected true: character in page read from disk is the one we expected.
[test_assign1_1.c-test single page content-L92-12:08:15] OK: expected true: character in page read from disk is the one we expected.
[test_assign1_1.c-test single page content-L92-12:08:15] OK: expected true: character in page read from disk is the one we expected.
[test_assign1_1.c-test single page content-L92-12:08:15] OK: expected true: character in page read from disk is the one we expected.
[test_assign1_1.c-test single page content-L92-12:08:15] OK: expected true: character in page read from disk is the one we expected.
[test_assign1_1.c-test single page content-L92-12:08:15] OK: expected true: character in page read from disk is the one we expected.
[test_assign1_1.c-test single page content-L92-12:08:15] OK: expected true: character in page read from disk is the one we expected.
[test_assign1_1.c-test single page content-L92-12:08:15] OK: expected true: character in page read from disk is the one we expected.
[test_assign1_1.c-test single page content-L92-12:08:15] OK: expected true: character in page read from disk is the one we expected.
[test_assign1_1.c-test single page content-L92-12:08:15] OK: expected true: character in page read from disk is the one we expected.
[test_assign1_1.c-test single page content-L92-12:08:15] OK: expected true: character in page read from disk is the one we expected.
[test_assign1_1.c-test single page content-L92-12:08:15] OK: expected true: character in page read from disk is the one we expected.
[test_assign1_1.c-test single page content-L92-12:08:15] OK: expected true: character in page read from disk is the one we expected.
[test_assign1_1.c-test single page content-L92-12:08:15] OK: expected true: character in page read from disk is the one we expected.
[test_assign1_1.c-test single page content-L92-12:08:15] OK: expected true: character in page read from disk is the one we expected.
[test_assign1_1.c-test single page content-L92-12:08:15] OK: expected true: character in page read from disk is the one we expected.
[test_assign1_1.c-test single page content-L92-12:08:15] OK: expected true: character in page read from disk is the one we expected.
[test_assign1_1.c-test single page content-L92-12:08:15] OK: expected true: character in page read from disk is the one we expected.
[test_assign1_1.c-test single page content-L92-12:08:15] OK: expected true: character in page read from disk is the one we expected.
[test_assign1_1.c-test single page content-L92-12:08:15] OK: expected true: character in page read from disk is the one we expected.
[test_assign1_1.c-test single page content-L92-12:08:15] OK: expected true: character in page read from disk is the one we expected.
[test_assign1_1.c-test single page content-L92-12:08:15] OK: expected true: character in page read from disk is the one we expected.
[test_assign1_1.c-test single page content-L92-12:08:15] OK: expected true: character in page read from disk is the one we expected.
[test_assign1_1.c-test single page content-L92-12:08:15] OK: expected true: character in page read from disk is the one we expected.
[test_assign1_1.c-test single page content-L92-12:08:15] OK: expected true: character in page read from disk is the one we expected.
[test_assign1_1.c-test single page content-L92-12:08:15] OK: expected true: character in page read from disk is the one we expected.
[test_assign1_1.c-test single page content-L92-12:08:15] OK: expected true: character in page read from disk is the one we expected.
[test_assign1_1.c-test single page content-L92-12:08:15] OK: expected true: character in page read from disk is the one we expected.
[test_assign1_1.c-test single page content-L92-12:08:15] OK: expected true: character in page read from disk is the one we expected.
[test_assign1_1.c-test single page content-L92-12:08:15] OK: expected true: character in page read from disk is the one we expected.
[test_assign1_1.c-test single page content-L92-12:08:15] OK: expected true: character in page read from disk is the one we expected.
[test_assign1_1.c-test single page content-L92-12:08:15] OK: expected true: character in page read from disk is the one we expected.
[test_assign1_1.c-test single page content-L92-12:08:15] OK: expected true: character in page read from disk is the one we expected.
[test_assign1_1.c-test single page content-L92-12:08:15] OK: expected true: character in page read from disk is the one we expected.
[test_assign1_1.c-test single page content-L92-12:08:15] OK: expected true: character in page read from disk is the one we expected.
[test_assign1_1.c-test single page content-L92-12:08:15] OK: expected true: character in page read from disk is the one we expected.
[test_assign1_1.c-test single page content-L92-12:08:15] OK: expected true: character in page read from disk is the one we expected.
[test_assign1_1.c-test single page content-L92-12:08:15] OK: expected true: character in page read from disk is the one we expected.
[test_assign1_1.c-test single page content-L92-12:08:15] OK: expected true: character in page read from disk is the one we expected.
[test_assign1_1.c-test single page content-L92-12:08:15] OK: expected true: character in page read from disk is the one we expected.
[test_assign1_1.c-test single page content-L92-12:08:15] OK: expected true: character in page read from disk is the one we expected.
[test_assign1_1.c-test single page content-L92-12:08:15] OK: expected true: character in page read from disk is the one we expected.
[test_assign1_1.c-test single page content-L92-12:08:15] OK: expected true: character in page read from disk is the one we expected.
[test_assign1_1.c-test single page content-L92-12:08:15] OK: expected true: character in page read from disk is the one we expected.
[test_assign1_1.c-test single page content-L92-12:08:15] OK: expected true: character in page read from disk is the one we expected.
[test_assign1_1.c-test single page content-L92-12:08:15] OK: expected true: character in page read from disk is the one we expected.
[test_assign1_1.c-test single page content-L92-12:08:15] OK: expected true: character in page read from disk is the one we expected.
[test_assign1_1.c-test single page content-L92-12:08:15] OK: expected true: character in page read from disk is the one we expected.
[test_assign1_1.c-test single page content-L92-12:08:15] OK: expected true: character in page read from disk is the one we expected.
[test_assign1_1.c-test single page content-L92-12:08:15] OK: expected true: character in page read from disk is the one we expected.
[test_assign1_1.c-test single page content-L92-12:08:15] OK: expected true: character in page read from disk is the one we expected.
[test_assign1_1.c-test single page content-L92-12:08:15] OK: expected true: character in page read from disk is the one we expected.
[test_assign1_1.c-test single page content-L92-12:08:15] OK: expected true: character in page read from disk is the one we expected.
[test_assign1_1.c-test single page content-L92-12:08:15] OK: expected true: character in page read from disk is the one we expected.
[test_assign1_1.c-test single page content-L92-12:08:15] OK: expected true: character in page read from disk is the one we expected.
[test_assign1_1.c-test single page content-L92-12:08:15] OK: expected true: character in page read from disk is the one we expected.
[test_assign1_1.c-test single page content-L92-12:08:15] OK: expected true: character in page read from disk is the one we expected.
[test_assign1_1.c-test single page content-L92-12:08:15] OK: expected true: character in page read from disk is the one we expected.
[test_assign1_1.c-test single page content-L92-12:08:15] OK: expected true: character in page read from disk is the one we expected.
[test_assign1_1.c-test single page content-L92-12:08:15] OK: expected true: character in page read from disk is the one we expected.
[test_assign1_1.c-test single page content-L92-12:08:15] OK: expected true: character in page read from disk is the one we expected.
[test_assign1_1.c-test single page content-L92-12:08:15] OK: expected true: character in page read from disk is the one we expected.
[test_assign1_1.c-test single page content-L92-12:08:15] OK: expected true: character in page read from disk is the one we expected.
[test_assign1_1.c-test single page content-L92-12:08:15] OK: expected true: character in page read from disk is the one we expected.
[test_assign1_1.c-test single page content-L92-12:08:15] OK: expected true: character in page read from disk is the one we expected.
[test_assign1_1.c-test single page content-L92-12:08:15] OK: expected true: character in page read from disk is the one we expected.
[test_assign1_1.c-test single page content-L92-12:08:15] OK: expected true: character in page read from disk is the one we expected.
[test_assign1_1.c-test single page content-L92-12:08:15] OK: expected true: character in page read from disk is the one we expected.
[test_assign1_1.c-test single page content-L92-12:08:15] OK: expected true: character in page read from disk is the one we expected.
[test_assign1_1.c-test single page content-L92-12:08:15] OK: expected true: character in page read from disk is the one we expected.
[test_assign1_1.c-test single page content-L92-12:08:15] OK: expected true: character in page read from disk is the one we expected.
[test_assign1_1.c-test single page content-L92-12:08:15] OK: expected true: character in page read from disk is the one we expected.
[test_assign1_1.c-test single page content-L92-12:08:15] OK: expected true: character in page read from disk is the one we expected.
[test_assign1_1.c-test single page content-L92-12:08:15] OK: expected true: character in page read from disk is the one we expected.
[test_assign1_1.c-test single page content-L92-12:08:15] OK: expected true: character in page read from disk is the one we expected.
[test_assign1_1.c-test single page content-L92-12:08:15] OK: expected true: character in page read from disk is the one we expected.
[test_assign1_1.c-test single page content-L92-12:08:15] OK: expected true: character in page read from disk is the one we expected.
[test_assign1_1.c-test single page content-L92-12:08:15] OK: expected true: character in page read from disk is the one we expected.
[test_assign1_1.c-test single page content-L92-12:08:15] OK: expected true: character in page read from disk is the one we expected.
[test_assign1_1.c-test single page content-L92-12:08:15] OK: expected true: character in page read from disk is the one we expected.
[test_assign1_1.c-test single page content-L92-12:08:15] OK: expected true: character in page read from disk is the one we expected.
[test_assign1_1.c-test single page content-L92-12:08:15] OK: expected true: character in page read from disk is the one we expected.
[test_assign1_1.c-test single page content-L92-12:08:15] OK: expected true: character in page read from disk is the one we expected.
[test_assign1_1.c-test single page content-L92-12:08:15] OK: expected true: character in page read from disk is the one we expected.
[test_assign1_1.c-test single page content-L92-12:08:15] OK: expected true: character in page read from disk is the one we expected.
[test_assign1_1.c-test single page content-L92-12:08:15] OK: expected true: character in page read from disk is the one we expected.
[test_assign1_1.c-test single page content-L92-12:08:15] OK: expected true: character in page read from disk is the one we expected.
[test_assign1_1.c-test single page content-L92-12:08:15] OK: expected true: character in page read from disk is the one we expected.
[test_assign1_1.c-test single page content-L92-12:08:15] OK: expected true: character in page read from disk is the one we expected.
[test_assign1_1.c-test single page content-L92-12:08:15] OK: expected true: character in page read from disk is the one we expected.
[test_assign1_1.c-test single page content-L92-12:08:15] OK: expected true: character in page read from disk is the one we expected.
[test_assign1_1.c-test single page content-L92-12:08:15] OK: expected true: character in page read from disk is the one we expected.
[test_assign1_1.c-test single page content-L92-12:08:15] OK: expected true: character in page read from disk is the one we expected.
[test_assign1_1.c-test single page content-L92-12:08:15] OK: expected true: character in page read from disk is the one we expected.
[test_assign1_1.c-test single page content-L92-12:08:15] OK: expected true: character in page read from disk is the one we expected.
[test_assign1_1.c-test single page content-L92-12:08:15] OK: expected true: character in page read from disk is the one we expected.
[test_assign1_1.c-test single page content-L92-12:08:15] OK: expected true: character in page read from disk is the one we expected.
[test_assign1_1.c-test single page content-L92-12:08:15] OK: expected true: character in page read from disk is the one we expected.
[test_assign1_1.c-test single page content-L92-12:08:15] OK: expected true: character in page read from disk is the one we expected.
[test_assign1_1.c-test single page content-L92-12:08:15] OK: expected true: character in page read from disk is the one we expected.
[test_assign1_1.c-test single page content-L92-12:08:15] OK: expected true: character in page read from disk is the one we expected.
[test_assign1_1.c-test single page content-L92-12:08:15] OK: expected true: character in page read from disk is the one we expected.
[test_assign1_1.c-test single page content-L92-12:08:15] OK: expected true: character in page read from disk is the one we expected.
[test_assign1_1.c-test single page content-L92-12:08:15] OK: expected true: character in page read from disk is the one we expected.
[test_assign1_1.c-test single page content-L92-12:08:15] OK: expected true: character in page read from disk is the one we expected.
[test_assign1_1.c-test single page content-L92-12:08:15] OK: expected true: character in page read from disk is the one we expected.
[test_assign1_1.c-test single page content-L92-12:08:15] OK: expected true: character in page read from disk is the one we expected.
[test_assign1_1.c-test single page content-L92-12:08:15] OK: expected true: character in page read from disk is the one we expected.
[test_assign1_1.c-test single page content-L92-12:08:15] OK: expected true: character in page read from disk is the one we expected.
[test_assign1_1.c-test single page content-L92-12:08:15] OK: expected true: character in page read from disk is the one we expected.
[test_assign1_1.c-test single page content-L92-12:08:15] OK: expected true: character in page read from disk is the one we expected.
[test_assign1_1.c-test single page content-L92-12:08:15] OK: expected true: character in page read from disk is the one we expected.
[test_assign1_1.c-test single page content-L92-12:08:15] OK: expected true: character in page read from disk is the one we expected.
[test_assign1_1.c-test single page content-L92-12:08:15] OK: expected true: character in page read from disk is the one we expected.
[test_assign1_1.c-test single page content-L92-12:08:15] OK: expected true: character in page read from disk is the one we expected.
[test_assign1_1.c-test single page content-L92-12:08:15] OK: expected true: character in page read from disk is the one we expected.
[test_assign1_1.c-test single page content-L92-12:08:15] OK: expected true: character in page read from disk is the one we expected.
[test_assign1_1.c-test single page content-L92-12:08:15] OK: expected true: character in page read from disk is the one we expected.
[test_assign1_1.c-test single page content-L92-12:08:15] OK: expected true: character in page read from disk is the one we expected.
[test_assign1_1.c-test single page content-L92-12:08:15] OK: expected true: character in page read from disk is the one we expected.
[test_assign1_1.c-test single page content-L92-12:08:15] OK: expected true: character in page read from disk is the one we expected.
[test_assign1_1.c-test single page content-L92-12:08:15] OK: expected true: character in page read from disk is the one we expected.
[test_assign1_1.c-test single page content-L92-12:08:15] OK: expected true: character in page read from disk is the one we expected.
[test_assign1_1.c-test single page content-L92-12:08:15] OK: expected true: character in page read from disk is the one we expected.
[test_assign1_1.c-test single page content-L92-12:08:15] OK: expected true: character in page read from disk is the one we expected.
[test_assign1_1.c-test single page content-L92-12:08:15] OK: expected true: character in page read from disk is the one we expected.
[test_assign1_1.c-test single page content-L92-12:08:15] OK: expected true: character in page read from disk is the one we expected.
[test_assign1_1.c-test single page content-L92-12:08:15] OK: expected true: character in page read from disk is the one we expected.
[test_assign1_1.c-test single page content-L92-12:08:15] OK: expected true: character in page read from disk is the one we expected.
[test_assign1_1.c-test single page content-L92-12:08:15] OK: expected true: character in page read from disk is the one we expected.
[test_assign1_1.c-test single page content-L92-12:08:15] OK: expected true: character in page read from disk is the one we expected.
[test_assign1_1.c-test single page content-L92-12:08:15] OK: expected true: character in page read from disk is the one we expected.
[test_assign1_1.c-test single page content-L92-12:08:15] OK: expected true: character in page read from disk is the one we expected.
[test_assign1_1.c-test single page content-L92-12:08:15] OK: expected true: character in page read from disk is the one we expected.
[test_assign1_1.c-test single page content-L92-12:08:15] OK: expected true: character in page read from disk is the one we expected.
[test_assign1_1.c-test single page content-L92-12:08:15] OK: expected true: character in page read from disk is the one we expected.
[test_assign1_1.c-test single page content-L92-12:08:15] OK: expected true: character in page read from disk is the one we expected.
[test_assign1_1.c-test single page content-L92-12:08:15] OK: expected true: character in page read from disk is the one we expected.
[test_assign1_1.c-test single page content-L92-12:08:15] OK: expected true: character in page read from disk is the one we expected.
[test_assign1_1.c-test single page content-L92-12:08:15] OK: expected true: character in page read from disk is the one we expected.
[test_assign1_1.c-test single page content-L92-12:08:15] OK: expected true: character in page read from disk is the one we expected.
[test_assign1_1.c-test single page content-L92-12:08:15] OK: expected true: character in page read from disk is the one we expected.
[test_assign1_1.c-test single page content-L92-12:08:15] OK: expected true: character in page read from disk is the one we expected.
[test_assign1_1.c-test single page content-L92-12:08:15] OK: expected true: character in page read from disk is the one we expected.
[test_assign1_1.c-test single page content-L92-12:08:15] OK: expected true: character in page read from disk is the one we expected.
[test_assign1_1.c-test single page content-L92-12:08:15] OK: expected true: character in page read from disk is the one we expected.
[test_assign1_1.c-test single page content-L92-12:08:15] OK: expected true: character in page read from disk is the one we expected.
[test_assign1_1.c-test single page content-L92-12:08:15] OK: expected true: character in page read from disk is the one we expected.
[test_assign1_1.c-test single page content-L92-12:08:15] OK: expected true: character in page read from disk is the one we expected.
[test_assign1_1.c-test single page content-L92-12:08:15] OK: expected true: character in page read from disk is the one we expected.
[test_assign1_1.c-test single page content-L92-12:08:15] OK: expected true: character in page read from disk is the one we expected.
[test_assign1_1.c-test single page content-L92-12:08:15] OK: expected true: character in page read from disk is the one we expected.
[test_assign1_1.c-test single page content-L92-12:08:15] OK: expected true: character in page read from disk is the one we expected.
[test_assign1_1.c-test single page content-L92-12:08:15] OK: expected true: character in page read from disk is the one we expected.
[test_assign1_1.c-test single page content-L92-12:08:15] OK: expected true: character in page read from disk is the one we expected.
[test_assign1_1.c-test single page content-L92-12:08:15] OK: expected true: character in page read from disk is the one we expected.
[test_assign1_1.c-test single page content-L92-12:08:15] OK: expected true: character in page read from disk is the one we expected.
[test_assign1_1.c-test single page content-L92-12:08:15] OK: expected true: character in page read from disk is the one we expected.
[test_assign1_1.c-test single page content-L92-12:08:15] OK: expected true: character in page read from disk is the one we expected.
[test_assign1_1.c-test single page content-L92-12:08:15] OK: expected true: character in page read from disk is the one we expected.
[test_assign1_1.c-test single page content-L92-12:08:15] OK: expected true: character in page read from disk is the one we expected.
[test_assign1_1.c-test single page content-L92-12:08:15] OK: expected true: character in page read from disk is the one we expected.
[test_assign1_1.c-test single page content-L92-12:08:15] OK: expected true: character in page read from disk is the one we expected.
[test_assign1_1.c-test single page content-L92-12:08:15] OK: expected true: character in page read from disk is the one we expected.
[test_assign1_1.c-test single page content-L92-12:08:15] OK: expected true: character in page read from disk is the one we expected.
[test_assign1_1.c-test single page content-L92-12:08:15] OK: expected true: character in page read from disk is the one we expected.
[test_assign1_1.c-test single page content-L92-12:08:15] OK: expected true: character in page read from disk is the one we expected.
[test_assign1_1.c-test single page content-L92-12:08:15] OK: expected true: character in page read from disk is the one we expected.
[test_assign1_1.c-test single page content-L92-12:08:15] OK: expected true: character in page read from disk is the one we expected.
[test_assign1_1.c-test single page content-L92-12:08:15] OK: expected true: character in page read from disk is the one we expected.
[test_assign1_1.c-test single page content-L92-12:08:15] OK: expected true: character in page read from disk is the one we expected.
[test_assign1_1.c-test single page content-L92-12:08:15] OK: expected true: character in page read from disk is the one we expected.
[test_assign1_1.c-test single page content-L92-12:08:15] OK: expected true: character in page read from disk is the one we expected.
[test_assign1_1.c-test single page content-L92-12:08:15] OK: expected true: character in page read from disk is the one we expected.
[test_assign1_1.c-test single page content-L92-12:08:15] OK: expected true: character in page read from disk is the one we expected.
[test_assign1_1.c-test single page content-L92-12:08:15] OK: expected true: character in page read from disk is the one we expected.
[test_assign1_1.c-test single page content-L92-12:08:15] OK: expected true: character in page read from disk is the one we expected.
[test_assign1_1.c-test single page content-L92-12:08:15] OK: expected true: character in page read from disk is the one we expected.
[test_assign1_1.c-test single page content-L92-12:08:15] OK: expected true: character in page read from disk is the one we expected.
[test_assign1_1.c-test single page content-L92-12:08:15] OK: expected true: character in page read from disk is the one we expected.
[test_assign1_1.c-test single page content-L92-12:08:15] OK: expected true: character in page read from disk is the one we expected.
[test_assign1_1.c-test single page content-L92-12:08:15] OK: expected true: character in page read from disk is the one we expected.
[test_assign1_1.c-test single page content-L92-12:08:15] OK: expected true: character in page read from disk is the one we expected.
[test_assign1_1.c-test single page content-L92-12:08:15] OK: expected true: character in page read from disk is the one we expected.
[test_assign1_1.c-test single page content-L92-12:08:15] OK: expected true: character in page read from disk is the one we expected.
[test_assign1_1.c-test single page content-L92-12:08:15] OK: expected true: character in page read from disk is the one we expected.
[test_assign1_1.c-test single page content-L92-12:08:15] OK: expected true: character in page read from disk is the one we expected.
[test_assign1_1.c-test single page content-L92-12:08:15] OK: expected true: character in page read from disk is the one we expected.
[test_assign1_1.c-test single page content-L92-12:08:15] OK: expected true: character in page read from disk is the one we expected.
[test_assign1_1.c-test single page content-L92-12:08:15] OK: expected true: character in page read from disk is the one we expected.
[test_assign1_1.c-test single page content-L92-12:08:15] OK: expected true: character in page read from disk is the one we expected.
[test_assign1_1.c-test single page content-L92-12:08:15] OK: expected true: character in page read from disk is the one we expected.
[test_assign1_1.c-test single page content-L92-12:08:15] OK: expected true: character in page read from disk is the one we expected.
[test_assign1_1.c-test single page content-L92-12:08:15] OK: expected true: character in page read from disk is the one we expected.
[test_assign1_1.c-test single page content-L92-12:08:15] OK: expected true: character in page read from disk is the one we expected.
[test_assign1_1.c-test single page content-L92-12:08:15] OK: expected true: character in page read from disk is the one we expected.
[test_assign1_1.c-test single page content-L92-12:08:15] OK: expected true: character in page read from disk is the one we expected.
[test_assign1_1.c-test single page content-L92-12:08:15] OK: expected true: character in page read from disk is the one we expected.
[test_assign1_1.c-test single page content-L92-12:08:15] OK: expected true: character in page read from disk is the one we expected.
[test_assign1_1.c-test single page content-L92-12:08:15] OK: expected true: character in page read from disk is the one we expected.
[test_assign1_1.c-test single page content-L92-12:08:15] OK: expected true: character in page read from disk is the one we expected.
[test_assign1_1.c-test single page content-L92-12:08:15] OK: expected true: character in page read from disk is the one we expected.
[test_assign1_1.c-test single page content-L92-12:08:15] OK: expected true: character in page read from disk is the one we expected.
[test_assign1_1.c-test single page content-L92-12:08:15] OK: expected true: character in page read from disk is the one we expected.
[test_assign1_1.c-test single page content-L92-12:08:15] OK: expected true: character in page read from disk is the one we expected.
[test_assign1_1.c-test single page content-L92-12:08:15] OK: expected true: character in page read from disk is the one we expected.
[test_assign1_1.c-test single page content-L92-12:08:15] OK: expected true: character in page read from disk is the one we expected.
[test_assign1_1.c-test single page content-L92-12:08:15] OK: expected true: character in page read from disk is the one we expected.
[test_assign1_1.c-test single page content-L92-12:08:15] OK: expected true: character in page read from disk is the one we expected.
[test_assign1_1.c-test single page content-L92-12:08:15] OK: expected true: character in page read from disk is the one we expected.
[test_assign1_1.c-test single page content-L92-12:08:15] OK: expected true: character in page read from disk is the one we expected.
[test_assign1_1.c-test single page content-L92-12:08:15] OK: expected true: character in page read from disk is the one we expected.
[test_assign1_1.c-test single page content-L92-12:08:15] OK: expected true: character in page read from disk is the one we expected.
[test_assign1_1.c-test single page content-L92-12:08:15] OK: expected true: character in page read from disk is the one we expected.
[test_assign1_1.c-test single page content-L92-12:08:15] OK: expected true: character in page read from disk is the one we expected.
[test_assign1_1.c-test single page content-L92-12:08:15] OK: expected true: character in page read from disk is the one we expected.
[test_assign1_1.c-test single page content-L92-12:08:15] OK: expected true: character in page read from disk is the one we expected.
[test_assign1_1.c-test single page content-L92-12:08:15] OK: expected true: character in page read from disk is the one we expected.
[test_assign1_1.c-test single page content-L92-12:08:15] OK: expected true: character in page read from disk is the one we expected.
[test_assign1_1.c-test single page content-L92-12:08:15] OK: expected true: character in page read from disk is the one we expected.
[test_assign1_1.c-test single page content-L92-12:08:15] OK: expected true: character in page read from disk is the one we expected.
[test_assign1_1.c-test single page content-L92-12:08:15] OK: expected true: character in page read from disk is the one we expected.
[test_assign1_1.c-test single page content-L92-12:08:15] OK: expected true: character in page read from disk is the one we expected.
[test_assign1_1.c-test single page content-L92-12:08:15] OK: expected true: character in page read from disk is the one we expected.
[test_assign1_1.c-test single page content-L92-12:08:15] OK: expected true: character in page read from disk is the one we expected.
[test_assign1_1.c-test single page content-L92-12:08:15] OK: expected true: character in page read from disk is the one we expected.
[test_assign1_1.c-test single page content-L92-12:08:15] OK: expected true: character in page read from disk is the one we expected.
[test_assign1_1.c-test single page content-L92-12:08:15] OK: expected true: character in page read from disk is the one we expected.
[test_assign1_1.c-test single page content-L92-12:08:15] OK: expected true: character in page read from disk is the one we expected.
[test_assign1_1.c-test single page content-L92-12:08:15] OK: expected true: character in page read from disk is the one we expected.
[test_assign1_1.c-test single page content-L92-12:08:15] OK: expected true: character in page read from disk is the one we expected.
[test_assign1_1.c-test single page content-L92-12:08:15] OK: expected true: character in page read from disk is the one we expected.
[test_assign1_1.c-test single page content-L92-12:08:15] OK: expected true: character in page read from disk is the one we expected.
[test_assign1_1.c-test single page content-L92-12:08:15] OK: expected true: character in page read from disk is the one we expected.
[test_assign1_1.c-test single page content-L92-12:08:15] OK: expected true: character in page read from disk is the one we expected.
[test_assign1_1.c-test single page content-L92-12:08:15] OK: expected true: character in page read from disk is the one we expected.
[test_assign1_1.c-test single page content-L92-12:08:15] OK: expected true: character in page read from disk is the one we expected.
[test_assign1_1.c-test single page content-L92-12:08:15] OK: expected true: character in page read from disk is the one we expected.
[test_assign1_1.c-test single page content-L92-12:08:15] OK: expected true: character in page read from disk is the one we expected.
[test_assign1_1.c-test single page content-L92-12:08:15] OK: expected true: character in page read from disk is the one we expected.
[test_assign1_1.c-test single page content-L92-12:08:15] OK: expected true: character in page read from disk is the one we expected.
[test_assign1_1.c-test single page content-L92-12:08:15] OK: expected true: character in page read from disk is the one we expected.
[test_assign1_1.c-test single page content-L92-12:08:15] OK: expected true: character in page read from disk is the one we expected.
[test_assign1_1.c-test single page content-L92-12:08:15] OK: expected true: character in page read from disk is the one we expected.
[test_assign1_1.c-test single page content-L92-12:08:15] OK: expected true: character in page read from disk is the one we expected.
[test_assign1_1.c-test single page content-L92-12:08:15] OK: expected true: character in page read from disk is the one we expected.
[test_assign1_1.c-test single page content-L92-12:08:15] OK: expected true: character in page read from disk is the one we expected.
[test_assign1_1.c-test single page content-L92-12:08:15] OK: expected true: character in page read from disk is the one we expected.
[test_assign1_1.c-test single page content-L92-12:08:15] OK: expected true: character in page read from disk is the one we expected.
[test_assign1_1.c-test single page content-L92-12:08:15] OK: expected true: character in page read from disk is the one we expected.
[test_assign1_1.c-test single page content-L92-12:08:15] OK: expected true: character in page read from disk is the one we expected.
[test_assign1_1.c-test single page content-L92-12:08:15] OK: expected true: character in page read from disk is the one we expected.
[test_assign1_1.c-test single page content-L92-12:08:15] OK: expected true: character in page read from disk is the one we expected.
[test_assign1_1.c-test single page content-L92-12:08:15] OK: expected true: character in page read from disk is the one we expected.
[test_assign1_1.c-test single page content-L92-12:08:15] OK: expected true: character in page read from disk is the one we expected.
[test_assign1_1.c-test single page content-L92-12:08:15] OK: expected true: character in page read from disk is the one we expected.
[test_assign1_1.c-test single page content-L92-12:08:15] OK: expected true: character in page read from disk is the one we expected.
[test_assign1_1.c-test single page content-L92-12:08:15] OK: expected true: character in page read from disk is the one we expected.
[test_assign1_1.c-test single page content-L92-12:08:15] OK: expected true: character in page read from disk is the one we expected.
[test_assign1_1.c-test single page content-L92-12:08:15] OK: expected true: character in page read from disk is the one we expected.
[test_assign1_1.c-test single page content-L92-12:08:15] OK: expected true: character in page read from disk is the one we expected.
[test_assign1_1.c-test single page content-L92-12:08:15] OK: expected true: character in page read from disk is the one we expected.
[test_assign1_1.c-test single page content-L92-12:08:15] OK: expected true: character in page read from disk is the one we expected.
[test_assign1_1.c-test single page content-L92-12:08:15] OK: expected true: character in page read from disk is the one we expected.
[test_assign1_1.c-test single page content-L92-12:08:15] OK: expected true: character in page read from disk is the one we expected.
[test_assign1_1.c-test single page content-L92-12:08:15] OK: expected true: character in page read from disk is the one we expected.
[test_assign1_1.c-test single page content-L92-12:08:15] OK: expected true: character in page read from disk is the one we expected.
[test_assign1_1.c-test single page content-L92-12:08:15] OK: expected true: character in page read from disk is the one we expected.
[test_assign1_1.c-test single page content-L92-12:08:15] OK: expected true: character in page read from disk is the one we expected.
[test_assign1_1.c-test single page content-L92-12:08:15] OK: expected true: character in page read from disk is the one we expected.
[test_assign1_1.c-test single page content-L92-12:08:15] OK: expected true: character in page read from disk is the one we expected.
[test_assign1_1.c-test single page content-L92-12:08:15] OK: expected true: character in page read from disk is the one we expected.
[test_assign1_1.c-test single page content-L92-12:08:15] OK: expected true: character in page read from disk is the one we expected.
[test_assign1_1.c-test single page content-L92-12:08:15] OK: expected true: character in page read from disk is the one we expected.
[test_assign1_1.c-test single page content-L92-12:08:15] OK: expected true: character in page read from disk is the one we expected.
[test_assign1_1.c-test single page content-L92-12:08:15] OK: expected true: character in page read from disk is the one we expected.
[test_assign1_1.c-test single page content-L92-12:08:15] OK: expected true: character in page read from disk is the one we expected.
[test_assign1_1.c-test single page content-L92-12:08:15] OK: expected true: character in page read from disk is the one we expected.
[test_assign1_1.c-test single page content-L92-12:08:15] OK: expected true: character in page read from disk is the one we expected.
[test_assign1_1.c-test single page content-L92-12:08:15] OK: expected true: character in page read from disk is the one we expected.
[test_assign1_1.c-test single page content-L92-12:08:15] OK: expected true: character in page read from disk is the one we expected.
[test_assign1_1.c-test single page content-L92-12:08:15] OK: expected true: character in page read from disk is the one we expected.
[test_assign1_1.c-test single page content-L92-12:08:15] OK: expected true: character in page read from disk is the one we expected.
[test_assign1_1.c-test single page content-L92-12:08:15] OK: expected true: character in page read from disk is the one we expected.
[test_assign1_1.c-test single page content-L92-12:08:15] OK: expected true: character in page read from disk is the one we expected.
[test_assign1_1.c-test single page content-L92-12:08:15] OK: expected true: character in page read from disk is the one we expected.
[test_assign1_1.c-test single page content-L92-12:08:15] OK: expected true: character in page read from disk is the one we expected.
[test_assign1_1.c-test single page content-L92-12:08:15] OK: expected true: character in page read from disk is the one we expected.
[test_assign1_1.c-test single page content-L92-12:08:15] OK: expected true: character in page read from disk is the one we expected.
[test_assign1_1.c-test single page content-L92-12:08:15] OK: expected true: character in page read from disk is the one we expected.
[test_assign1_1.c-test single page content-L92-12:08:15] OK: expected true: character in page read from disk is the one we expected.
[test_assign1_1.c-test single page content-L92-12:08:15] OK: expected true: character in page read from disk is the one we expected.
[test_assign1_1.c-test single page content-L92-12:08:15] OK: expected true: character in page read from disk is the one we expected.
[test_assign1_1.c-test single page content-L92-12:08:15] OK: expected true: character in page read from disk is the one we expected.
[test_assign1_1.c-test single page content-L92-12:08:15] OK: expected true: character in page read from disk is the one we expected.
[test_assign1_1.c-test single page content-L92-12:08:15] OK: expected true: character in page read from disk is the one we expected.
[test_assign1_1.c-test single page content-L92-12:08:15] OK: expected true: character in page read from disk is the one we expected.
[test_assign1_1.c-test single page content-L92-12:08:15] OK: expected true: character in page read from disk is the one we expected.
[test_assign1_1.c-test single page content-L92-12:08:15] OK: expected true: character in page read from disk is the one we expected.
[test_assign1_1.c-test single page content-L92-12:08:15] OK: expected true: character in page read from disk is the one we expected.
[test_assign1_1.c-test single page content-L92-12:08:15] OK: expected true: character in page read from disk is the one we expected.
[test_assign1_1.c-test single page content-L92-12:08:15] OK: expected true: character in page read from disk is the one we expected.
[test_assign1_1.c-test single page content-L92-12:08:15] OK: expected true: character in page read from disk is the one we expected.
[test_assign1_1.c-test single page content-L92-12:08:15] OK: expected true: character in page read from disk is the one we expected.
[test_assign1_1.c-test single page content-L92-12:08:15] OK: expected true: character in page read from disk is the one we expected.
[test_assign1_1.c-test single page content-L92-12:08:15] OK: expected true: character in page read from disk is the one we expected.
[test_assign1_1.c-test single page content-L92-12:08:15] OK: expected true: character in page read from disk is the one we expected.
[test_assign1_1.c-test single page content-L92-12:08:15] OK: expected true: character in page read from disk is the one we expected.
[test_assign1_1.c-test single page content-L92-12:08:15] OK: expected true: character in page read from disk is the one we expected.
[test_assign1_1.c-test single page content-L92-12:08:15] OK: expected true: character in page read from disk is the one we expected.
[test_assign1_1.c-test single page content-L92-12:08:15] OK: expected true: character in page read from disk is the one we expected.
[test_assign1_1.c-test single page content-L92-12:08:15] OK: expected true: character in page read from disk is the one we expected.
[test_assign1_1.c-test single page content-L92-12:08:15] OK: expected true: character in page read from disk is the one we expected.
[test_assign1_1.c-test single page content-L92-12:08:15] OK: expected true: character in page read from disk is the one we expected.
[test_assign1_1.c-test single page content-L92-12:08:15] OK: expected true: character in page read from disk is the one we expected.
[test_assign1_1.c-test single page content-L92-12:08:15] OK: expected true: character in page read from disk is the one we expected.
[test_assign1_1.c-test single page content-L92-12:08:15] OK: expected true: character in page read from disk is the one we expected.
[test_assign1_1.c-test single page content-L92-12:08:15] OK: expected true: character in page read from disk is the one we expected.
[test_assign1_1.c-test single page content-L92-12:08:15] OK: expected true: character in page read from disk is the one we expected.
[test_assign1_1.c-test single page content-L92-12:08:15] OK: expected true: character in page read from disk is the one we expected.
[test_assign1_1.c-test single page content-L92-12:08:15] OK: expected true: character in page read from disk is the one we expected.
[test_assign1_1.c-test single page content-L92-12:08:15] OK: expected true: character in page read from disk is the one we expected.
[test_assign1_1.c-test single page content-L92-12:08:15] OK: expected true: character in page read from disk is the one we expected.
[test_assign1_1.c-test single page content-L92-12:08:15] OK: expected true: character in page read from disk is the one we expected.
[test_assign1_1.c-test single page content-L92-12:08:15] OK: expected true: character in page read from disk is the one we expected.
[test_assign1_1.c-test single page content-L92-12:08:15] OK: expected true: character in page read from disk is the one we expected.
[test_assign1_1.c-test single page content-L92-12:08:15] OK: expected true: character in page read from disk is the one we expected.
[test_assign1_1.c-test single page content-L92-12:08:15] OK: expected true: character in page read from disk is the one we expected.
[test_assign1_1.c-test single page content-L92-12:08:15] OK: expected true: character in page read from disk is the one we expected.
[test_assign1_1.c-test single page content-L92-12:08:15] OK: expected true: character in page read from disk is the one we expected.
[test_assign1_1.c-test single page content-L92-12:08:15] OK: expected true: character in page read from disk is the one we expected.
[test_assign1_1.c-test single page content-L92-12:08:15] OK: expected true: character in page read from disk is the one we expected.
[test_assign1_1.c-test single page content-L92-12:08:15] OK: expected true: character in page read from disk is the one we expected.
[test_assign1_1.c-test single page content-L92-12:08:15] OK: expected true: character in page read from disk is the one we expected.
[test_assign1_1.c-test single page content-L92-12:08:15] OK: expected true: character in page read from disk is the one we expected.
[test_assign1_1.c-test single page content-L92-12:08:15] OK: expected true: character in page read from disk is the one we expected.
[test_assign1_1.c-test single page content-L92-12:08:15] OK: expected true: character in page read from disk is the one we expected.
[test_assign1_1.c-test single page content-L92-12:08:15] OK: expected true: character in page read from disk is the one we expected.
[test_assign1_1.c-test single page content-L92-12:08:15] OK: expected true: character in page read from disk is the one we expected.
[test_assign1_1.c-test single page content-L92-12:08:15] OK: expected true: character in page read from disk is the one we expected.
[test_assign1_1.c-test single page content-L92-12:08:15] OK: expected true: character in page read from disk is the one we expected.
[test_assign1_1.c-test single page content-L92-12:08:15] OK: expected true: character in page read from disk is the one we expected.
[test_assign1_1.c-test single page content-L92-12:08:15] OK: expected true: character in page read from disk is the one we expected.
[test_assign1_1.c-test single page content-L92-12:08:15] OK: expected true: character in page read from disk is the one we expected.
[test_assign1_1.c-test single page content-L92-12:08:15] OK: expected true: character in page read from disk is the one we expected.
[test_assign1_1.c-test single page content-L92-12:08:15] OK: expected true: character in page read from disk is the one we expected.
[test_assign1_1.c-test single page content-L92-12:08:15] OK: expected true: character in page read from disk is the one we expected.
[test_assign1_1.c-test single page content-L92-12:08:15] OK: expected true: character in page read from disk is the one we expected.
[test_assign1_1.c-test single page content-L92-12:08:15] OK: expected true: character in page read from disk is the one we expected.
[test_assign1_1.c-test single page content-L92-12:08:15] OK: expected true: character in page read from disk is the one we expected.
[test_assign1_1.c-test single page content-L92-12:08:15] OK: expected true: character in page read from disk is the one we expected.
[test_assign1_1.c-test single page content-L92-12:08:15] OK: expected true: character in page read from disk is the one we expected.
[test_assign1_1.c-test single page content-L92-12:08:15] OK: expected true: character in page read from disk is the one we expected.
[test_assign1_1.c-test single page content-L92-12:08:15] OK: expected true: character in page read from disk is the one we expected.
[test_assign1_1.c-test single page content-L92-12:08:15] OK: expected true: character in page read from disk is the one we expected.
[test_assign1_1.c-test single page content-L92-12:08:15] OK: expected true: character in page read from disk is the one we expected.
[test_assign1_1.c-test single page content-L92-12:08:15] OK: expected true: character in page read from disk is the one we expected.
[test_assign1_1.c-test single page content-L92-12:08:15] OK: expected true: character in page read from disk is the one we expected.
[test_assign1_1.c-test single page content-L92-12:08:15] OK: expected true: character in page read from disk is the one we expected.
[test_assign1_1.c-test single page content-L92-12:08:15] OK: expected true: character in page read from disk is the one we expected.
[test_assign1_1.c-test single page content-L92-12:08:15] OK: expected true: character in page read from disk is the one we expected.
[test_assign1_1.c-test single page content-L92-12:08:15] OK: expected true: character in page read from disk is the one we expected.
[test_assign1_1.c-test single page content-L92-12:08:15] OK: expected true: character in page read from disk is the one we expected.
[test_assign1_1.c-test single page content-L92-12:08:15] OK: expected true: character in page read from disk is the one we expected.
[test_assign1_1.c-test single page content-L92-12:08:15] OK: expected true: character in page read from disk is the one we expected.
[test_assign1_1.c-test single page content-L92-12:08:15] OK: expected true: character in page read from disk is the one we expected.
[test_assign1_1.c-test single page content-L92-12:08:15] OK: expected true: character in page read from disk is the one we expected.
[test_assign1_1.c-test single page content-L92-12:08:15] OK: expected true: character in page read from disk is the one we expected.
[test_assign1_1.c-test single page content-L92-12:08:15] OK: expected true: character in page read from disk is the one we expected.
[test_assign1_1.c-test single page content-L92-12:08:15] OK: expected true: character in page read from disk is the one we expected.
[test_assign1_1.c-test single page content-L92-12:08:15] OK: expected true: character in page read from disk is the one we expected.
[test_assign1_1.c-test single page content-L92-12:08:15] OK: expected true: character in page read from disk is the one we expected.
[test_assign1_1.c-test single page content-L92-12:08:15] OK: expected true: character in page read from disk is the one we expected.
[test_assign1_1.c-test single page content-L92-12:08:15] OK: expected true: character in page read from disk is the one we expected.
[test_assign1_1.c-test single page content-L92-12:08:15] OK: expected true: character in page read from disk is the one we expected.
[test_assign1_1.c-test single page content-L92-12:08:15] OK: expected true: character in page read from disk is the one we expected.
[test_assign1_1.c-test single page content-L92-12:08:15] OK: expected true: character in page read from disk is the one we expected.
[test_assign1_1.c-test single page content-L92-12:08:15] OK: expected true: character in page read from disk is the one we expected.
[test_assign1_1.c-test single page content-L92-12:08:15] OK: expected true: character in page read from disk is the one we expected.
[test_assign1_1.c-test single page content-L92-12:08:15] OK: expected true: character in page read from disk is the one we expected.
[test_assign1_1.c-test single page content-L92-12:08:15] OK: expected true: character in page read from disk is the one we expected.
[test_assign1_1.c-test single page content-L92-12:08:15] OK: expected true: character in page read from disk is the one we expected.
[test_assign1_1.c-test single page content-L92-12:08:15] OK: expected true: character in page read from disk is the one we expected.
[test_assign1_1.c-test single page content-L92-12:08:15] OK: expected true: character in page read from disk is the one we expected.
[test_assign1_1.c-test single page content-L92-12:08:15] OK: expected true: character in page read from disk is the one we expected.
[test_assign1_1.c-test single page content-L92-12:08:15] OK: expected true: character in page read from disk is the one we expected.
[test_assign1_1.c-test single page content-L92-12:08:15] OK: expected true: character in page read from disk is the one we expected.
[test_assign1_1.c-test single page content-L92-12:08:15] OK: expected true: character in page read from disk is the one we expected.
[test_assign1_1.c-test single page content-L92-12:08:15] OK: expected true: character in page read from disk is the one we expected.
[test_assign1_1.c-test single page content-L92-12:08:15] OK: expected true: character in page read from disk is the one we expected.
[test_assign1_1.c-test single page content-L92-12:08:15] OK: expected true: character in page read from disk is the one we expected.
[test_assign1_1.c-test single page content-L92-12:08:15] OK: expected true: character in page read from disk is the one we expected.
[test_assign1_1.c-test single page content-L92-12:08:15] OK: expected true: character in page read from disk is the one we expected.
[test_assign1_1.c-test single page content-L92-12:08:15] OK: expected true: character in page read from disk is the one we expected.
[test_assign1_1.c-test single page content-L92-12:08:15] OK: expected true: character in page read from disk is the one we expected.
[test_assign1_1.c-test single page content-L92-12:08:15] OK: expected true: character in page read from disk is the one we expected.
[test_assign1_1.c-test single page content-L92-12:08:15] OK: expected true: character in page read from disk is the one we expected.
[test_assign1_1.c-test single page content-L92-12:08:15] OK: expected true: character in page read from disk is the one we expected.
[test_assign1_1.c-test single page content-L92-12:08:15] OK: expected true: character in page read from disk is the one we expected.
[test_assign1_1.c-test single page content-L92-12:08:15] OK: expected true: character in page read from disk is the one we expected.
[test_assign1_1.c-test single page content-L92-12:08:15] OK: expected true: character in page read from disk is the one we expected.
[test_assign1_1.c-test single page content-L92-12:08:15] OK: expected true: character in page read from disk is the one we expected.
[test_assign1_1.c-test single page content-L92-12:08:15] OK: expected true: character in page read from disk is the one we expected.
[test_assign1_1.c-test single page content-L92-12:08:15] OK: expected true: character in page read from disk is the one we expected.
[test_assign1_1.c-test single page content-L92-12:08:15] OK: expected true: character in page read from disk is the one we expected.
[test_assign1_1.c-test single page content-L92-12:08:15] OK: expected true: character in page read from disk is the one we expected.
[test_assign1_1.c-test single page content-L92-12:08:15] OK: expected true: character in page read from disk is the one we expected.
[test_assign1_1.c-test single page content-L92-12:08:15] OK: expected true: character in page read from disk is the one we expected.
[test_assign1_1.c-test single page content-L92-12:08:15] OK: expected true: character in page read from disk is the one we expected.
[test_assign1_1.c-test single page content-L92-12:08:15] OK: expected true: character in page read from disk is the one we expected.
[test_assign1_1.c-test single page content-L92-12:08:15] OK: expected true: character in page read from disk is the one we expected.
[test_assign1_1.c-test single page content-L92-12:08:15] OK: expected true: character in page read from disk is the one we expected.
[test_assign1_1.c-test single page content-L92-12:08:15] OK: expected true: character in page read from disk is the one we expected.
[test_assign1_1.c-test single page content-L92-12:08:15] OK: expected true: character in page read from disk is the one we expected.
[test_assign1_1.c-test single page content-L92-12:08:15] OK: expected true: character in page read from disk is the one we expected.
[test_assign1_1.c-test single page content-L92-12:08:15] OK: expected true: character in page read from disk is the one we expected.
[test_assign1_1.c-test single page content-L92-12:08:15] OK: expected true: character in page read from disk is the one we expected.
[test_assign1_1.c-test single page content-L92-12:08:15] OK: expected true: character in page read from disk is the one we expected.
[test_assign1_1.c-test single page content-L92-12:08:15] OK: expected true: character in page read from disk is the one we expected.
[test_assign1_1.c-test single page content-L92-12:08:15] OK: expected true: character in page read from disk is the one we expected.
[test_assign1_1.c-test single page content-L92-12:08:15] OK: expected true: character in page read from disk is the one we expected.
[test_assign1_1.c-test single page content-L92-12:08:15] OK: expected true: character in page read from disk is the one we expected.
[test_assign1_1.c-test single page content-L92-12:08:15] OK: expected true: character in page read from disk is the one we expected.
[test_assign1_1.c-test single page content-L92-12:08:15] OK: expected true: character in page read from disk is the one we expected.
[test_assign1_1.c-test single page content-L92-12:08:15] OK: expected true: character in page read from disk is the one we expected.
[test_assign1_1.c-test single page content-L92-12:08:15] OK: expected true: character in page read from disk is the one we expected.
[test_assign1_1.c-test single page content-L92-12:08:15] OK: expected true: character in page read from disk is the one we expected.
[test_assign1_1.c-test single page content-L92-12:08:15] OK: expected true: character in page read from disk is the one we expected.
[test_assign1_1.c-test single page content-L92-12:08:15] OK: expected true: character in page read from disk is the one we expected.
[test_assign1_1.c-test single page content-L92-12:08:15] OK: expected true: character in page read from disk is the one we expected.
[test_assign1_1.c-test single page content-L92-12:08:15] OK: expected true: character in page read from disk is the one we expected.
[test_assign1_1.c-test single page content-L92-12:08:15] OK: expected true: character in page read from disk is the one we expected.
[test_assign1_1.c-test single page content-L92-12:08:15] OK: expected true: character in page read from disk is the one we expected.
[test_assign1_1.c-test single page content-L92-12:08:15] OK: expected true: character in page read from disk is the one we expected.
[test_assign1_1.c-test single page content-L92-12:08:15] OK: expected true: character in page read from disk is the one we expected.
[test_assign1_1.c-test single page content-L92-12:08:15] OK: expected true: character in page read from disk is the one we expected.
[test_assign1_1.c-test single page content-L92-12:08:15] OK: expected true: character in page read from disk is the one we expected.
[test_assign1_1.c-test single page content-L92-12:08:15] OK: expected true: character in page read from disk is the one we expected.
[test_assign1_1.c-test single page content-L92-12:08:15] OK: expected true: character in page read from disk is the one we expected.
[test_assign1_1.c-test single page content-L92-12:08:15] OK: expected true: character in page read from disk is the one we expected.
[test_assign1_1.c-test single page content-L92-12:08:15] OK: expected true: character in page read from disk is the one we expected.
[test_assign1_1.c-test single page content-L92-12:08:15] OK: expected true: character in page read from disk is the one we expected.
[test_assign1_1.c-test single page content-L92-12:08:15] OK: expected true: character in page read from disk is the one we expected.
[test_assign1_1.c-test single page content-L92-12:08:15] OK: expected true: character in page read from disk is the one we expected.
[test_assign1_1.c-test single page content-L92-12:08:15] OK: expected true: character in page read from disk is the one we expected.
[test_assign1_1.c-test single page content-L92-12:08:15] OK: expected true: character in page read from disk is the one we expected.
[test_assign1_1.c-test single page content-L92-12:08:15] OK: expected true: character in page read from disk is the one we expected.
[test_assign1_1.c-test single page content-L92-12:08:15] OK: expected true: character in page read from disk is the one we expected.
[test_assign1_1.c-test single page content-L92-12:08:15] OK: expected true: character in page read from disk is the one we expected.
[test_assign1_1.c-test single page content-L92-12:08:15] OK: expected true: character in page read from disk is the one we expected.
[test_assign1_1.c-test single page content-L92-12:08:15] OK: expected true: character in page read from disk is the one we expected.
[test_assign1_1.c-test single page content-L92-12:08:15] OK: expected true: character in page read from disk is the one we expected.
[test_assign1_1.c-test single page content-L92-12:08:15] OK: expected true: character in page read from disk is the one we expected.
[test_assign1_1.c-test single page content-L92-12:08:15] OK: expected true: character in page read from disk is the one we expected.
[test_assign1_1.c-test single page content-L92-12:08:15] OK: expected true: character in page read from disk is the one we expected.
[test_assign1_1.c-test single page content-L92-12:08:15] OK: expected true: character in page read from disk is the one we expected.
[test_assign1_1.c-test single page content-L92-12:08:15] OK: expected true: character in page read from disk is the one we expected.
[test_assign1_1.c-test single page content-L92-12:08:15] OK: expected true: character in page read from disk is the one we expected.
[test_assign1_1.c-test single page content-L92-12:08:15] OK: expected true: character in page read from disk is the one we expected.
[test_assign1_1.c-test single page content-L92-12:08:15] OK: expected true: character in page read from disk is the one we expected.
[test_assign1_1.c-test single page content-L92-12:08:15] OK: expected true: character in page read from disk is the one we expected.
[test_assign1_1.c-test single page content-L92-12:08:15] OK: expected true: character in page read from disk is the one we expected.
[test_assign1_1.c-test single page content-L92-12:08:15] OK: expected true: character in page read from disk is the one we expected.
[test_assign1_1.c-test single page content-L92-12:08:15] OK: expected true: character in page read from disk is the one we expected.
[test_assign1_1.c-test single page content-L92-12:08:15] OK: expected true: character in page read from disk is the one we expected.
[test_assign1_1.c-test single page content-L92-12:08:15] OK: expected true: character in page read from disk is the one we expected.
[test_assign1_1.c-test single page content-L92-12:08:15] OK: expected true: character in page read from disk is the one we expected.
[test_assign1_1.c-test single page content-L92-12:08:15] OK: expected true: character in page read from disk is the one we expected.
[test_assign1_1.c-test single page content-L92-12:08:15] OK: expected true: character in page read from disk is the one we expected.
[test_assign1_1.c-test single page content-L92-12:08:15] OK: expected true: character in page read from disk is the one we expected.
[test_assign1_1.c-test single page content-L92-12:08:15] OK: expected true: character in page read from disk is the one we expected.
[test_assign1_1.c-test single page content-L92-12:08:15] OK: expected true: character in page read from disk is the one we expected.
[test_assign1_1.c-test single page content-L92-12:08:15] OK: expected true: character in page read from disk is the one we expected.
[test_assign1_1.c-test single page content-L92-12:08:15] OK: expected true: character in page read from disk is the one we expected.
[test_assign1_1.c-test single page content-L92-12:08:15] OK: expected true: character in page read from disk is the one we expected.
[test_assign1_1.c-test single page content-L92-12:08:15] OK: expected true: character in page read from disk is the one we expected.
[test_assign1_1.c-test single page content-L92-12:08:15] OK: expected true: character in page read from disk is the one we expected.
[test_assign1_1.c-test single page content-L92-12:08:15] OK: expected true: character in page read from disk is the one we expected.
[test_assign1_1.c-test single page content-L92-12:08:15] OK: expected true: character in page read from disk is the one we expected.
[test_assign1_1.c-test single page content-L92-12:08:15] OK: expected true: character in page read from disk is the one we expected.
[test_assign1_1.c-test single page content-L92-12:08:15] OK: expected true: character in page read from disk is the one we expected.
[test_assign1_1.c-test single page content-L92-12:08:15] OK: expected true: character in page read from disk is the one we expected.
[test_assign1_1.c-test single page content-L92-12:08:15] OK: expected true: character in page read from disk is the one we expected.
[test_assign1_1.c-test single page content-L92-12:08:15] OK: expected true: character in page read from disk is the one we expected.
[test_assign1_1.c-test single page content-L92-12:08:15] OK: expected true: character in page read from disk is the one we expected.
[test_assign1_1.c-test single page content-L92-12:08:15] OK: expected true: character in page read from disk is the one we expected.
[test_assign1_1.c-test single page content-L92-12:08:15] OK: expected true: character in page read from disk is the one we expected.
[test_assign1_1.c-test single page content-L92-12:08:15] OK: expected true: character in page read from disk is the one we expected.
[test_assign1_1.c-test single page content-L92-12:08:15] OK: expected true: character in page read from disk is the one we expected.
[test_assign1_1.c-test single page content-L92-12:08:15] OK: expected true: character in page read from disk is the one we expected.
[test_assign1_1.c-test single page content-L92-12:08:15] OK: expected true: character in page read from disk is the one we expected.
[test_assign1_1.c-test single page content-L92-12:08:15] OK: expected true: character in page read from disk is the one we expected.
[test_assign1_1.c-test single page content-L92-12:08:15] OK: expected true: character in page read from disk is the one we expected.
[test_assign1_1.c-test single page content-L92-12:08:15] OK: expected true: character in page read from disk is the one we expected.
[test_assign1_1.c-test single page content-L92-12:08:15] OK: expected true: character in page read from disk is the one we expected.
[test_assign1_1.c-test single page content-L92-12:08:15] OK: expected true: character in page read from disk is the one we expected.
[test_assign1_1.c-test single page content-L92-12:08:15] OK: expected true: character in page read from disk is the one we expected.
[test_assign1_1.c-test single page content-L92-12:08:15] OK: expected true: character in page read from disk is the one we expected.
[test_assign1_1.c-test single page content-L92-12:08:15] OK: expected true: character in page read from disk is the one we expected.
[test_assign1_1.c-test single page content-L92-12:08:15] OK: expected true: character in page read from disk is the one we expected.
[test_assign1_1.c-test single page content-L92-12:08:15] OK: expected true: character in page read from disk is the one we expected.
[test_assign1_1.c-test single page content-L92-12:08:15] OK: expected true: character in page read from disk is the one we expected.
[test_assign1_1.c-test single page content-L92-12:08:15] OK: expected true: character in page read from disk is the one we expected.
[test_assign1_1.c-test single page content-L92-12:08:15] OK: expected true: character in page read from disk is the one we expected.
[test_assign1_1.c-test single page content-L92-12:08:15] OK: expected true: character in page read from disk is the one we expected.
[test_assign1_1.c-test single page content-L92-12:08:15] OK: expected true: character in page read from disk is the one we expected.
[test_assign1_1.c-test single page content-L92-12:08:15] OK: expected true: character in page read from disk is the one we expected.
[test_assign1_1.c-test single page content-L92-12:08:15] OK: expected true: character in page read from disk is the one we expected.
[test_assign1_1.c-test single page content-L92-12:08:15] OK: expected true: character in page read from disk is the one we expected.
[test_assign1_1.c-test single page content-L92-12:08:15] OK: expected true: character in page read from disk is the one we expected.
[test_assign1_1.c-test single page content-L92-12:08:15] OK: expected true: character in page read from disk is the one we expected.
[test_assign1_1.c-test single page content-L92-12:08:15] OK: expected true: character in page read from disk is the one we expected.
[test_assign1_1.c-test single page content-L92-12:08:15] OK: expected true: character in page read from disk is the one we expected.
[test_assign1_1.c-test single page content-L92-12:08:15] OK: expected true: character in page read from disk is the one we expected.
[test_assign1_1.c-test single page content-L92-12:08:15] OK: expected true: character in page read from disk is the one we expected.
[test_assign1_1.c-test single page content-L92-12:08:15] OK: expected true: character in page read from disk is the one we expected.
[test_assign1_1.c-test single page content-L92-12:08:15] OK: expected true: character in page read from disk is the one we expected.
[test_assign1_1.c-test single page content-L92-12:08:15] OK: expected true: character in page read from disk is the one we expected.
[test_assign1_1.c-test single page content-L92-12:08:15] OK: expected true: character in page read from disk is the one we expected.
[test_assign1_1.c-test single page content-L92-12:08:15] OK: expected true: character in page read from disk is the one we expected.
[test_assign1_1.c-test single page content-L92-12:08:15] OK: expected true: character in page read from disk is the one we expected.
[test_assign1_1.c-test single page content-L92-12:08:15] OK: expected true: character in page read from disk is the one we expected.
[test_assign1_1.c-test single page content-L92-12:08:15] OK: expected true: character in page read from disk is the one we expected.
[test_assign1_1.c-test single page content-L92-12:08:15] OK: expected true: character in page read from disk is the one we expected.
[test_assign1_1.c-test single page content-L92-12:08:15] OK: expected true: character in page read from disk is the one we expected.
[test_assign1_1.c-test single page content-L92-12:08:15] OK: expected true: character in page read from disk is the one we expected.
[test_assign1_1.c-test single page content-L92-12:08:15] OK: expected true: character in page read from disk is the one we expected.
[test_assign1_1.c-test single page content-L92-12:08:15] OK: expected true: character in page read from disk is the one we expected.
[test_assign1_1.c-test single page content-L92-12:08:15] OK: expected true: character in page read from disk is the one we expected.
[test_assign1_1.c-test single page content-L92-12:08:15] OK: expected true: character in page read from disk is the one we expected.
[test_assign1_1.c-test single page content-L92-12:08:15] OK: expected true: character in page read from disk is the one we expected.
[test_assign1_1.c-test single page content-L92-12:08:15] OK: expected true: character in page read from disk is the one we expected.
[test_assign1_1.c-test single page content-L92-12:08:15] OK: expected true: character in page read from disk is the one we expected.
[test_assign1_1.c-test single page content-L92-12:08:15] OK: expected true: character in page read from disk is the one we expected.
[test_assign1_1.c-test single page content-L92-12:08:15] OK: expected true: character in page read from disk is the one we expected.
[test_assign1_1.c-test single page content-L92-12:08:15] OK: expected true: character in page read from disk is the one we expected.
[test_assign1_1.c-test single page content-L92-12:08:15] OK: expected true: character in page read from disk is the one we expected.
[test_assign1_1.c-test single page content-L92-12:08:15] OK: expected true: character in page read from disk is the one we expected.
[test_assign1_1.c-test single page content-L92-12:08:15] OK: expected true: character in page read from disk is the one we expected.
[test_assign1_1.c-test single page content-L92-12:08:15] OK: expected true: character in page read from disk is the one we expected.
[test_assign1_1.c-test single page content-L92-12:08:15] OK: expected true: character in page read from disk is the one we expected.
[test_assign1_1.c-test single page content-L92-12:08:15] OK: expected true: character in page read from disk is the one we expected.
[test_assign1_1.c-test single page content-L92-12:08:15] OK: expected true: character in page read from disk is the one we expected.
[test_assign1_1.c-test single page content-L92-12:08:15] OK: expected true: character in page read from disk is the one we expected.
[test_assign1_1.c-test single page content-L92-12:08:15] OK: expected true: character in page read from disk is the one we expected.
[test_assign1_1.c-test single page content-L92-12:08:15] OK: expected true: character in page read from disk is the one we expected.
[test_assign1_1.c-test single page content-L92-12:08:15] OK: expected true: character in page read from disk is the one we expected.
[test_assign1_1.c-test single page content-L92-12:08:15] OK: expected true: character in page read from disk is the one we expected.
[test_assign1_1.c-test single page content-L92-12:08:15] OK: expected true: character in page read from disk is the one we expected.
[test_assign1_1.c-test single page content-L92-12:08:15] OK: expected true: character in page read from disk is the one we expected.
[test_assign1_1.c-test single page content-L92-12:08:15] OK: expected true: character in page read from disk is the one we expected.
[test_assign1_1.c-test single page content-L92-12:08:15] OK: expected true: character in page read from disk is the one we expected.
[test_assign1_1.c-test single page content-L92-12:08:15] OK: expected true: character in page read from disk is the one we expected.
[test_assign1_1.c-test single page content-L92-12:08:15] OK: expected true: character in page read from disk is the one we expected.
[test_assign1_1.c-test single page content-L92-12:08:15] OK: expected true: character in page read from disk is the one we expected.
[test_assign1_1.c-test single page content-L92-12:08:15] OK: expected true: character in page read from disk is the one we expected.
[test_assign1_1.c-test single page content-L92-12:08:15] OK: expected true: character in page read from disk is the one we expected.
[test_assign1_1.c-test single page content-L92-12:08:15] OK: expected true: character in page read from disk is the one we expected.
[test_assign1_1.c-test single page content-L92-12:08:15] OK: expected true: character in page read from disk is the one we expected.
[test_assign1_1.c-test single page content-L92-12:08:15] OK: expected true: character in page read from disk is the one we expected.
[test_assign1_1.c-test single page content-L92-12:08:15] OK: expected true: character in page read from disk is the one we expected.
[test_assign1_1.c-test single page content-L92-12:08:15] OK: expected true: character in page read from disk is the one we expected.
[test_assign1_1.c-test single page content-L92-12:08:15] OK: expected true: character in page read from disk is the one we expected.
[test_assign1_1.c-test single page content-L92-12:08:15] OK: expected true: character in page read from disk is the one we expected.
[test_assign1_1.c-test single page content-L92-12:08:15] OK: expected true: character in page read from disk is the one we expected.
[test_assign1_1.c-test single page content-L92-12:08:15] OK: expected true: character in page read from disk is the one we expected.
[test_assign1_1.c-test single page content-L92-12:08:15] OK: expected true: character in page read from disk is the one we expected.
[test_assign1_1.c-test single page content-L92-12:08:15] OK: expected true: character in page read from disk is the one we expected.
[test_assign1_1.c-test single page content-L92-12:08:15] OK: expected true: character in page read from disk is the one we expected.
[test_assign1_1.c-test single page content-L92-12:08:15] OK: expected true: character in page read from disk is the one we expected.
[test_assign1_1.c-test single page content-L92-12:08:15] OK: expected true: character in page read from disk is the one we expected.
[test_assign1_1.c-test single page content-L92-12:08:15] OK: expected true: character in page read from disk is the one we expected.
[test_assign1_1.c-test single page content-L92-12:08:15] OK: expected true: character in page read from disk is the one we expected.
[test_assign1_1.c-test single page content-L92-12:08:15] OK: expected true: character in page read from disk is the one we expected.
[test_assign1_1.c-test single page content-L92-12:08:15] OK: expected true: character in page read from disk is the one we expected.
[test_assign1_1.c-test single page content-L92-12:08:15] OK: expected true: character in page read from disk is the one we expected.
[test_assign1_1.c-test single page content-L92-12:08:15] OK: expected true: character in page read from disk is the one we expected.
[test_assign1_1.c-test single page content-L92-12:08:15] OK: expected true: character in page read from disk is the one we expected.
[test_assign1_1.c-test single page content-L92-12:08:15] OK: expected true: character in page read from disk is the one we expected.
[test_assign1_1.c-test single page content-L92-12:08:15] OK: expected true: character in page read from disk is the one we expected.
[test_assign1_1.c-test single page content-L92-12:08:15] OK: expected true: character in page read from disk is the one we expected.
[test_assign1_1.c-test single page content-L92-12:08:15] OK: expected true: character in page read from disk is the one we expected.
[test_assign1_1.c-test single page content-L92-12:08:15] OK: expected true: character in page read from disk is the one we expected.
[test_assign1_1.c-test single page content-L92-12:08:15] OK: expected true: character in page read from disk is the one we expected.
[test_assign1_1.c-test single page content-L92-12:08:15] OK: expected true: character in page read from disk is the one we expected.
[test_assign1_1.c-test single page content-L92-12:08:15] OK: expected true: character in page read from disk is the one we expected.
[test_assign1_1.c-test single page content-L92-12:08:15] OK: expected true: character in page read from disk is the one we expected.
[test_assign1_1.c-test single page content-L92-12:08:15] OK: expected true: character in page read from disk is the one we expected.
[test_assign1_1.c-test single page content-L92-12:08:15] OK: expected true: character in page read from disk is the one we expected.
[test_assign1_1.c-test single page content-L92-12:08:15] OK: expected true: character in page read from disk is the one we expected.
[test_assign1_1.c-test single page content-L92-12:08:15] OK: expected true: character in page read from disk is the one we expected.
[test_assign1_1.c-test single page content-L92-12:08:15] OK: expected true: character in page read from disk is the one we expected.
[test_assign1_1.c-test single page content-L92-12:08:15] OK: expected true: character in page read from disk is the one we expected.
[test_assign1_1.c-test single page content-L92-12:08:15] OK: expected true: character in page read from disk is the one we expected.
[test_assign1_1.c-test single page content-L92-12:08:15] OK: expected true: character in page read from disk is the one we expected.
[test_assign1_1.c-test single page content-L92-12:08:15] OK: expected true: character in page read from disk is the one we expected.
[test_assign1_1.c-test single page content-L92-12:08:15] OK: expected true: character in page read from disk is the one we expected.
[test_assign1_1.c-test single page content-L92-12:08:15] OK: expected true: character in page read from disk is the one we expected.
[test_assign1_1.c-test single page content-L92-12:08:15] OK: expected true: character in page read from disk is the one we expected.
[test_assign1_1.c-test single page content-L92-12:08:15] OK: expected true: character in page read from disk is the one we expected.
[test_assign1_1.c-test single page content-L92-12:08:15] OK: expected true: character in page read from disk is the one we expected.
[test_assign1_1.c-test single page content-L92-12:08:15] OK: expected true: character in page read from disk is the one we expected.
[test_assign1_1.c-test single page content-L92-12:08:15] OK: expected true: character in page read from disk is the one we expected.
[test_assign1_1.c-test single page content-L92-12:08:15] OK: expected true: character in page read from disk is the one we expected.
[test_assign1_1.c-test single page content-L92-12:08:15] OK: expected true: character in page read from disk is the one we expected.
[test_assign1_1.c-test single page content-L92-12:08:15] OK: expected true: character in page read from disk is the one we expected.
[test_assign1_1.c-test single page content-L92-12:08:15] OK: expected true: character in page read from disk is the one we expected.
[test_assign1_1.c-test single page content-L92-12:08:15] OK: expected true: character in page read from disk is the one we expected.
[test_assign1_1.c-test single page content-L92-12:08:15] OK: expected true: character in page read from disk is the one we expected.
[test_assign1_1.c-test single page content-L92-12:08:15] OK: expected true: character in page read from disk is the one we expected.
[test_assign1_1.c-test single page content-L92-12:08:15] OK: expected true: character in page read from disk is the one we expected.
[test_assign1_1.c-test single page content-L92-12:08:15] OK: expected true: character in page read from disk is the one we expected.
[test_assign1_1.c-test single page content-L92-12:08:15] OK: expected true: character in page read from disk is the one we expected.
[test_assign1_1.c-test single page content-L92-12:08:15] OK: expected true: character in page read from disk is the one we expected.
[test_assign1_1.c-test single page content-L92-12:08:15] OK: expected true: character in page read from disk is the one we expected.
[test_assign1_1.c-test single page content-L92-12:08:15] OK: expected true: character in page read from disk is the one we expected.
[test_assign1_1.c-test single page content-L92-12:08:15] OK: expected true: character in page read from disk is the one we expected.
[test_assign1_1.c-test single page content-L92-12:08:15] OK: expected true: character in page read from disk is the one we expected.
[test_assign1_1.c-test single page content-L92-12:08:15] OK: expected true: character in page read from disk is the one we expected.
[test_assign1_1.c-test single page content-L92-12:08:15] OK: expected true: character in page read from disk is the one we expected.
[test_assign1_1.c-test single page content-L92-12:08:15] OK: expected true: character in page read from disk is the one we expected.
[test_assign1_1.c-test single page content-L92-12:08:15] OK: expected true: character in page read from disk is the one we expected.
[test_assign1_1.c-test single page content-L92-12:08:15] OK: expected true: character in page read from disk is the one we expected.
[test_assign1_1.c-test single page content-L92-12:08:15] OK: expected true: character in page read from disk is the one we expected.
[test_assign1_1.c-test single page content-L92-12:08:15] OK: expected true: character in page read from disk is the one we expected.
[test_assign1_1.c-test single page content-L92-12:08:15] OK: expected true: character in page read from disk is the one we expected.
[test_assign1_1.c-test single page content-L92-12:08:15] OK: expected true: character in page read from disk is the one we expected.
[test_assign1_1.c-test single page content-L92-12:08:15] OK: expected true: character in page read from disk is the one we expected.
[test_assign1_1.c-test single page content-L92-12:08:15] OK: expected true: character in page read from disk is the one we expected.
[test_assign1_1.c-test single page content-L92-12:08:15] OK: expected true: character in page read from disk is the one we expected.
[test_assign1_1.c-test single page content-L92-12:08:15] OK: expected true: character in page read from disk is the one we expected.
[test_assign1_1.c-test single page content-L92-12:08:15] OK: expected true: character in page read from disk is the one we expected.
[test_assign1_1.c-test single page content-L92-12:08:15] OK: expected true: character in page read from disk is the one we expected.
[test_assign1_1.c-test single page content-L92-12:08:15] OK: expected true: character in page read from disk is the one we expected.
[test_assign1_1.c-test single page content-L92-12:08:15] OK: expected true: character in page read from disk is the one we expected.
[test_assign1_1.c-test single page content-L92-12:08:15] OK: expected true: character in page read from disk is the one we expected.
[test_assign1_1.c-test single page content-L92-12:08:15] OK: expected true: character in page read from disk is the one we expected.
[test_assign1_1.c-test single page content-L92-12:08:15] OK: expected true: character in page read from disk is the one we expected.
[test_assign1_1.c-test single page content-L92-12:08:15] OK: expected true: character in page read from disk is the one we expected.
[test_assign1_1.c-test single page content-L92-12:08:15] OK: expected true: character in page read from disk is the one we expected.
[test_assign1_1.c-test single page content-L92-12:08:15] OK: expected true: character in page read from disk is the one we expected.
[test_assign1_1.c-test single page content-L92-12:08:15] OK: expected true: character in page read from disk is the one we expected.
[test_assign1_1.c-test single page content-L92-12:08:15] OK: expected true: character in page read from disk is the one we expected.
[test_assign1_1.c-test single page content-L92-12:08:15] OK: expected true: character in page read from disk is the one we expected.
[test_assign1_1.c-test single page content-L92-12:08:15] OK: expected true: character in page read from disk is the one we expected.
[test_assign1_1.c-test single page content-L92-12:08:15] OK: expected true: character in page read from disk is the one we expected.
[test_assign1_1.c-test single page content-L92-12:08:15] OK: expected true: character in page read from disk is the one we expected.
[test_assign1_1.c-test single page content-L92-12:08:15] OK: expected true: character in page read from disk is the one we expected.
[test_assign1_1.c-test single page content-L92-12:08:15] OK: expected true: character in page read from disk is the one we expected.
[test_assign1_1.c-test single page content-L92-12:08:15] OK: expected true: character in page read from disk is the one we expected.
[test_assign1_1.c-test single page content-L92-12:08:15] OK: expected true: character in page read from disk is the one we expected.
[test_assign1_1.c-test single page content-L92-12:08:15] OK: expected true: character in page read from disk is the one we expected.
[test_assign1_1.c-test single page content-L92-12:08:15] OK: expected true: character in page read from disk is the one we expected.
[test_assign1_1.c-test single page content-L92-12:08:15] OK: expected true: character in page read from disk is the one we expected.
[test_assign1_1.c-test single page content-L92-12:08:15] OK: expected true: character in page read from disk is the one we expected.
[test_assign1_1.c-test single page content-L92-12:08:15] OK: expected true: character in page read from disk is the one we expected.
[test_assign1_1.c-test single page content-L92-12:08:15] OK: expected true: character in page read from disk is the one we expected.
[test_assign1_1.c-test single page content-L92-12:08:15] OK: expected true: character in page read from disk is the one we expected.
[test_assign1_1.c-test single page content-L92-12:08:15] OK: expected true: character in page read from disk is the one we expected.
[test_assign1_1.c-test single page content-L92-12:08:15] OK: expected true: character in page read from disk is the one we expected.
[test_assign1_1.c-test single page content-L92-12:08:15] OK: expected true: character in page read from disk is the one we expected.
[test_assign1_1.c-test single page content-L92-12:08:15] OK: expected true: character in page read from disk is the one we expected.
[test_assign1_1.c-test single page content-L92-12:08:15] OK: expected true: character in page read from disk is the one we expected.
[test_assign1_1.c-test single page content-L92-12:08:15] OK: expected true: character in page read from disk is the one we expected.
[test_assign1_1.c-test single page content-L92-12:08:15] OK: expected true: character in page read from disk is the one we expected.
[test_assign1_1.c-test single page content-L92-12:08:15] OK: expected true: character in page read from disk is the one we expected.
[test_assign1_1.c-test single page content-L92-12:08:15] OK: expected true: character in page read from disk is the one we expected.
[test_assign1_1.c-test single page content-L92-12:08:15] OK: expected true: character in page read from disk is the one we expected.
[test_assign1_1.c-test single page content-L92-12:08:15] OK: expected true: character in page read from disk is the one we expected.
[test_assign1_1.c-test single page content-L92-12:08:15] OK: expected true: character in page read from disk is the one we expected.
[test_assign1_1.c-test single page content-L92-12:08:15] OK: expected true: character in page read from disk is the one we expected.
[test_assign1_1.c-test single page content-L92-12:08:15] OK: expected true: character in page read from disk is the one we expected.
[test_assign1_1.c-test single page content-L92-12:08:15] OK: expected true: character in page read from disk is the one we expected.
[test_assign1_1.c-test single page content-L92-12:08:15] OK: expected true: character in page read from disk is the one we expected.
[test_assign1_1.c-test single page content-L92-12:08:15] OK: expected true: character in page read from disk is the one we expected.
[test_assign1_1.c-test single page content-L92-12:08:15] OK: expected true: character in page read from disk is the one we expected.
[test_assign1_1.c-test single page content-L92-12:08:15] OK: expected true: character in page read from disk is the one we expected.
[test_assign1_1.c-test single page content-L92-12:08:15] OK: expected true: character in page read from disk is the one we expected.
[test_assign1_1.c-test single page content-L92-12:08:15] OK: expected true: character in page read from disk is the one we expected.
[test_assign1_1.c-test single page content-L92-12:08:15] OK: expected true: character in page read from disk is the one we expected.
[test_assign1_1.c-test single page content-L92-12:08:15] OK: expected true: character in page read from disk is the one we expected.
[test_assign1_1.c-test single page content-L92-12:08:15] OK: expected true: character in page read from disk is the one we expected.
[test_assign1_1.c-test single page content-L92-12:08:15] OK: expected true: character in page read from disk is the one we expected.
[test_assign1_1.c-test single page content-L92-12:08:15] OK: expected true: character in page read from disk is the one we expected.
[test_assign1_1.c-test single page content-L92-12:08:15] OK: expected true: character in page read from disk is the one we expected.
[test_assign1_1.c-test single page content-L92-12:08:15] OK: expected true: character in page read from disk is the one we expected.
[test_assign1_1.c-test single page content-L92-12:08:15] OK: expected true: character in page read from disk is the one we expected.
[test_assign1_1.c-test single page content-L92-12:08:15] OK: expected true: character in page read from disk is the one we expected.
[test_assign1_1.c-test single page content-L92-12:08:15] OK: expected true: character in page read from disk is the one we expected.
[test_assign1_1.c-test single page content-L92-12:08:15] OK: expected true: character in page read from disk is the one we expected.
[test_assign1_1.c-test single page content-L92-12:08:15] OK: expected true: character in page read from disk is the one we expected.
[test_assign1_1.c-test single page content-L92-12:08:15] OK: expected true: character in page read from disk is the one we expected.
[test_assign1_1.c-test single page content-L92-12:08:15] OK: expected true: character in page read from disk is the one we expected.
[test_assign1_1.c-test single page content-L92-12:08:15] OK: expected true: character in page read from disk is the one we expected.
[test_assign1_1.c-test single page content-L92-12:08:15] OK: expected true: character in page read from disk is the one we expected.
[test_assign1_1.c-test single page content-L92-12:08:15] OK: expected true: character in page read from disk is the one we expected.
[test_assign1_1.c-test single page content-L92-12:08:15] OK: expected true: character in page read from disk is the one we expected.
[test_assign1_1.c-test single page content-L92-12:08:15] OK: expected true: character in page read from disk is the one we expected.
[test_assign1_1.c-test single page content-L92-12:08:15] OK: expected true: character in page read from disk is the one we expected.
[test_assign1_1.c-test single page content-L92-12:08:15] OK: expected true: character in page read from disk is the one we expected.
[test_assign1_1.c-test single page content-L92-12:08:15] OK: expected true: character in page read from disk is the one we expected.
[test_assign1_1.c-test single page content-L92-12:08:15] OK: expected true: character in page read from disk is the one we expected.
[test_assign1_1.c-test single page content-L92-12:08:15] OK: expected true: character in page read from disk is the one we expected.
[test_assign1_1.c-test single page content-L92-12:08:15] OK: expected true: character in page read from disk is the one we expected.
[test_assign1_1.c-test single page content-L92-12:08:15] OK: expected true: character in page read from disk is the one we expected.
[test_assign1_1.c-test single page content-L92-12:08:15] OK: expected true: character in page read from disk is the one we expected.
[test_assign1_1.c-test single page content-L92-12:08:15] OK: expected true: character in page read from disk is the one we expected.
[test_assign1_1.c-test single page content-L92-12:08:15] OK: expected true: character in page read from disk is the one we expected.
[test_assign1_1.c-test single page content-L92-12:08:15] OK: expected true: character in page read from disk is the one we expected.
[test_assign1_1.c-test single page content-L92-12:08:15] OK: expected true: character in page read from disk is the one we expected.
[test_assign1_1.c-test single page content-L92-12:08:15] OK: expected true: character in page read from disk is the one we expected.
[test_assign1_1.c-test single page content-L92-12:08:15] OK: expected true: character in page read from disk is the one we expected.
[test_assign1_1.c-test single page content-L92-12:08:15] OK: expected true: character in page read from disk is the one we expected.
[test_assign1_1.c-test single page content-L92-12:08:15] OK: expected true: character in page read from disk is the one we expected.
[test_assign1_1.c-test single page content-L92-12:08:15] OK: expected true: character in page read from disk is the one we expected.
[test_assign1_1.c-test single page content-L92-12:08:15] OK: expected true: character in page read from disk is the one we expected.
[test_assign1_1.c-test single page content-L92-12:08:15] OK: expected true: character in page read from disk is the one we expected.
[test_assign1_1.c-test single page content-L92-12:08:15] OK: expected true: character in page read from disk is the one we expected.
[test_assign1_1.c-test single page content-L92-12:08:15] OK: expected true: character in page read from disk is the one we expected.
[test_assign1_1.c-test single page content-L92-12:08:15] OK: expected true: character in page read from disk is the one we expected.
[test_assign1_1.c-test single page content-L92-12:08:15] OK: expected true: character in page read from disk is the one we expected.
[test_assign1_1.c-test single page content-L92-12:08:15] OK: expected true: character in page read from disk is the one we expected.
[test_assign1_1.c-test single page content-L92-12:08:15] OK: expected true: character in page read from disk is the one we expected.
[test_assign1_1.c-test single page content-L92-12:08:15] OK: expected true: character in page read from disk is the one we expected.
[test_assign1_1.c-test single page content-L92-12:08:15] OK: expected true: character in page read from disk is the one we expected.
[test_assign1_1.c-test single page content-L92-12:08:15] OK: expected true: character in page read from disk is the one we expected.
[test_assign1_1.c-test single page content-L92-12:08:15] OK: expected true: character in page read from disk is the one we expected.
[test_assign1_1.c-test single page content-L92-12:08:15] OK: expected true: character in page read from disk is the one we expected.
[test_assign1_1.c-test single page content-L92-12:08:15] OK: expected true: character in page read from disk is the one we expected.
[test_assign1_1.c-test single page content-L92-12:08:15] OK: expected true: character in page read from disk is the one we expected.
[test_assign1_1.c-test single page content-L92-12:08:15] OK: expected true: character in page read from disk is the one we expected.
[test_assign1_1.c-test single page content-L92-12:08:15] OK: expected true: character in page read from disk is the one we expected.
[test_assign1_1.c-test single page content-L92-12:08:15] OK: expected true: character in page read from disk is the one we expected.
[test_assign1_1.c-test single page content-L92-12:08:15] OK: expected true: character in page read from disk is the one we expected.
[test_assign1_1.c-test single page content-L92-12:08:15] OK: expected true: character in page read from disk is the one we expected.
[test_assign1_1.c-test single page content-L92-12:08:15] OK: expected true: character in page read from disk is the one we expected.
[test_assign1_1.c-test single page content-L92-12:08:15] OK: expected true: character in page read from disk is the one we expected.
[test_assign1_1.c-test single page content-L92-12:08:15] OK: expected true: character in page read from disk is the one we expected.
[test_assign1_1.c-test single page content-L92-12:08:15] OK: expected true: character in page read from disk is the one we expected.
[test_assign1_1.c-test single page content-L92-12:08:15] OK: expected true: character in page read from disk is the one we expected.
[test_assign1_1.c-test single page content-L92-12:08:15] OK: expected true: character in page read from disk is the one we expected.
[test_assign1_1.c-test single page content-L92-12:08:15] OK: expected true: character in page read from disk is the one we expected.
[test_assign1_1.c-test single page content-L92-12:08:15] OK: expected true: character in page read from disk is the one we expected.
[test_assign1_1.c-test single page content-L92-12:08:15] OK: expected true: character in page read from disk is the one we expected.
[test_assign1_1.c-test single page content-L92-12:08:15] OK: expected true: character in page read from disk is the one we expected.
[test_assign1_1.c-test single page content-L92-12:08:15] OK: expected true: character in page read from disk is the one we expected.
[test_assign1_1.c-test single page content-L92-12:08:15] OK: expected true: character in page read from disk is the one we expected.
[test_assign1_1.c-test single page content-L92-12:08:15] OK: expected true: character in page read from disk is the one we expected.
[test_assign1_1.c-test single page content-L92-12:08:15] OK: expected true: character in page read from disk is the one we expected.
[test_assign1_1.c-test single page content-L92-12:08:15] OK: expected true: character in page read from disk is the one we expected.
[test_assign1_1.c-test single page content-L92-12:08:15] OK: expected true: character in page read from disk is the one we expected.
[test_assign1_1.c-test single page content-L92-12:08:15] OK: expected true: character in page read from disk is the one we expected.
[test_assign1_1.c-test single page content-L92-12:08:15] OK: expected true: character in page read from disk is the one we expected.
[test_assign1_1.c-test single page content-L92-12:08:15] OK: expected true: character in page read from disk is the one we expected.
[test_assign1_1.c-test single page content-L92-12:08:15] OK: expected true: character in page read from disk is the one we expected.
[test_assign1_1.c-test single page content-L92-12:08:15] OK: expected true: character in page read from disk is the one we expected.
[test_assign1_1.c-test single page content-L92-12:08:15] OK: expected true: character in page read from disk is the one we expected.
[test_assign1_1.c-test single page content-L92-12:08:15] OK: expected true: character in page read from disk is the one we expected.
[test_assign1_1.c-test single page content-L92-12:08:15] OK: expected true: character in page read from disk is the one we expected.
[test_assign1_1.c-test single page content-L92-12:08:15] OK: expected true: character in page read from disk is the one we expected.
[test_assign1_1.c-test single page content-L92-12:08:15] OK: expected true: character in page read from disk is the one we expected.
[test_assign1_1.c-test single page content-L92-12:08:15] OK: expected true: character in page read from disk is the one we expected.
[test_assign1_1.c-test single page content-L92-12:08:15] OK: expected true: character in page read from disk is the one we expected.
[test_assign1_1.c-test single page content-L92-12:08:15] OK: expected true: character in page read from disk is the one we expected.
[test_assign1_1.c-test single page content-L92-12:08:15] OK: expected true: character in page read from disk is the one we expected.
[test_assign1_1.c-test single page content-L92-12:08:15] OK: expected true: character in page read from disk is the one we expected.
[test_assign1_1.c-test single page content-L92-12:08:15] OK: expected true: character in page read from disk is the one we expected.
[test_assign1_1.c-test single page content-L92-12:08:15] OK: expected true: character in page read from disk is the one we expected.
[test_assign1_1.c-test single page content-L92-12:08:15] OK: expected true: character in page read from disk is the one we expected.
[test_assign1_1.c-test single page content-L92-12:08:15] OK: expected true: character in page read from disk is the one we expected.
[test_assign1_1.c-test single page content-L92-12:08:15] OK: expected true: character in page read from disk is the one we expected.
[test_assign1_1.c-test single page content-L92-12:08:15] OK: expected true: character in page read from disk is the one we expected.
[test_assign1_1.c-test single page content-L92-12:08:15] OK: expected true: character in page read from disk is the one we expected.
[test_assign1_1.c-test single page content-L92-12:08:15] OK: expected true: character in page read from disk is the one we expected.
[test_assign1_1.c-test single page content-L92-12:08:15] OK: expected true: character in page read from disk is the one we expected.
[test_assign1_1.c-test single page content-L92-12:08:15] OK: expected true: character in page read from disk is the one we expected.
[test_assign1_1.c-test single page content-L92-12:08:15] OK: expected true: character in page read from disk is the one we expected.
[test_assign1_1.c-test single page content-L92-12:08:15] OK: expected true: character in page read from disk is the one we expected.
[test_assign1_1.c-test single page content-L92-12:08:15] OK: expected true: character in page read from disk is the one we expected.
[test_assign1_1.c-test single page content-L92-12:08:15] OK: expected true: character in page read from disk is the one we expected.
[test_assign1_1.c-test single page content-L92-12:08:15] OK: expected true: character in page read from disk is the one we expected.
[test_assign1_1.c-test single page content-L92-12:08:15] OK: expected true: character in page read from disk is the one we expected.
[test_assign1_1.c-test single page content-L92-12:08:15] OK: expected true: character in page read from disk is the one we expected.
[test_assign1_1.c-test single page content-L92-12:08:15] OK: expected true: character in page read from disk is the one we expected.
[test_assign1_1.c-test single page content-L92-12:08:15] OK: expected true: character in page read from disk is the one we expected.
[test_assign1_1.c-test single page content-L92-12:08:15] OK: expected true: character in page read from disk is the one we expected.
[test_assign1_1.c-test single page content-L92-12:08:15] OK: expected true: character in page read from disk is the one we expected.
[test_assign1_1.c-test single page content-L92-12:08:15] OK: expected true: character in page read from disk is the one we expected.
[test_assign1_1.c-test single page content-L92-12:08:15] OK: expected true: character in page read from disk is the one we expected.
[test_assign1_1.c-test single page content-L92-12:08:15] OK: expected true: character in page read from disk is the one we expected.
[test_assign1_1.c-test single page content-L92-12:08:15] OK: expected true: character in page read from disk is the one we expected.
[test_assign1_1.c-test single page content-L92-12:08:15] OK: expected true: character in page read from disk is the one we expected.
[test_assign1_1.c-test single page content-L92-12:08:15] OK: expected true: character in page read from disk is the one we expected.
[test_assign1_1.c-test single page content-L92-12:08:15] OK: expected true: character in page read from disk is the one we expected.
[test_assign1_1.c-test single page content-L92-12:08:15] OK: expected true: character in page read from disk is the one we expected.
[test_assign1_1.c-test single page content-L92-12:08:15] OK: expected true: character in page read from disk is the one we expected.
[test_assign1_1.c-test single page content-L92-12:08:15] OK: expected true: character in page read from disk is the one we expected.
[test_assign1_1.c-test single page content-L92-12:08:15] OK: expected true: character in page read from disk is the one we expected.
[test_assign1_1.c-test single page content-L92-12:08:15] OK: expected true: character in page read from disk is the one we expected.
[test_assign1_1.c-test single page content-L92-12:08:15] OK: expected true: character in page read from disk is the one we expected.
[test_assign1_1.c-test single page content-L92-12:08:15] OK: expected true: character in page read from disk is the one we expected.
[test_assign1_1.c-test single page content-L92-12:08:15] OK: expected true: character in page read from disk is the one we expected.
[test_assign1_1.c-test single page content-L92-12:08:15] OK: expected true: character in page read from disk is the one we expected.
[test_assign1_1.c-test single page content-L92-12:08:15] OK: expected true: character in page read from disk is the one we expected.
[test_assign1_1.c-test single page content-L92-12:08:15] OK: expected true: character in page read from disk is the one we expected.
[test_assign1_1.c-test single page content-L92-12:08:15] OK: expected true: character in page read from disk is the one we expected.
[test_assign1_1.c-test single page content-L92-12:08:15] OK: expected true: character in page read from disk is the one we expected.
[test_assign1_1.c-test single page content-L92-12:08:15] OK: expected true: character in page read from disk is the one we expected.
[test_assign1_1.c-test single page content-L92-12:08:15] OK: expected true: character in page read from disk is the one we expected.
[test_assign1_1.c-test single page content-L92-12:08:15] OK: expected true: character in page read from disk is the one we expected.
[test_assign1_1.c-test single page content-L92-12:08:15] OK: expected true: character in page read from disk is the one we expected.
[test_assign1_1.c-test single page content-L92-12:08:15] OK: expected true: character in page read from disk is the one we expected.
[test_assign1_1.c-test single page content-L92-12:08:15] OK: expected true: character in page read from disk is the one we expected.
[test_assign1_1.c-test single page content-L92-12:08:15] OK: expected true: character in page read from disk is the one we expected.
[test_assign1_1.c-test single page content-L92-12:08:15] OK: expected true: character in page read from disk is the one we expected.
[test_assign1_1.c-test single page content-L92-12:08:15] OK: expected true: character in page read from disk is the one we expected.
[test_assign1_1.c-test single page content-L92-12:08:15] OK: expected true: character in page read from disk is the one we expected.
[test_assign1_1.c-test single page content-L92-12:08:15] OK: expected true: character in page read from disk is the one we expected.
[test_assign1_1.c-test single page content-L92-12:08:15] OK: expected true: character in page read from disk is the one we expected.
[test_assign1_1.c-test single page content-L92-12:08:15] OK: expected true: character in page read from disk is the one we expected.
[test_assign1_1.c-test single page content-L92-12:08:15] OK: expected true: character in page read from disk is the one we expected.
[test_assign1_1.c-test single page content-L92-12:08:15] OK: expected true: character in page read from disk is the one we expected.
[test_assign1_1.c-test single page content-L92-12:08:15] OK: expected true: character in page read from disk is the one we expected.
[test_assign1_1.c-test single page content-L92-12:08:15] OK: expected true: character in page read from disk is the one we expected.
[test_assign1_1.c-test single page content-L92-12:08:15] OK: expected true: character in page read from disk is the one we expected.
[test_assign1_1.c-test single page content-L92-12:08:15] OK: expected true: character in page read from disk is the one we expected.
[test_assign1_1.c-test single page content-L92-12:08:15] OK: expected true: character in page read from disk is the one we expected.
[test_assign1_1.c-test single page content-L92-12:08:15] OK: expected true: character in page read from disk is the one we expected.
[test_assign1_1.c-test single page content-L92-12:08:15] OK: expected true: character in page read from disk is the one we expected.
[test_assign1_1.c-test single page content-L92-12:08:15] OK: expected true: character in page read from disk is the one we expected.
[test_assign1_1.c-test single page content-L92-12:08:15] OK: expected true: character in page read from disk is the one we expected.
[test_assign1_1.c-test single page content-L92-12:08:15] OK: expected true: character in page read from disk is the one we expected.
[test_assign1_1.c-test single page content-L92-12:08:15] OK: expected true: character in page read from disk is the one we expected.
[test_assign1_1.c-test single page content-L92-12:08:15] OK: expected true: character in page read from disk is the one we expected.
[test_assign1_1.c-test single page content-L92-12:08:15] OK: expected true: character in page read from disk is the one we expected.
[test_assign1_1.c-test single page content-L92-12:08:15] OK: expected true: character in page read from disk is the one we expected.
[test_assign1_1.c-test single page content-L92-12:08:15] OK: expected true: character in page read from disk is the one we expected.
[test_assign1_1.c-test single page content-L92-12:08:15] OK: expected true: character in page read from disk is the one we expected.
[test_assign1_1.c-test single page content-L92-12:08:15] OK: expected true: character in page read from disk is the one we expected.
[test_assign1_1.c-test single page content-L92-12:08:15] OK: expected true: character in page read from disk is the one we expected.
[test_assign1_1.c-test single page content-L92-12:08:15] OK: expected true: character in page read from disk is the one we expected.
[test_assign1_1.c-test single page content-L92-12:08:15] OK: expected true: character in page read from disk is the one we expected.
[test_assign1_1.c-test single page content-L92-12:08:15] OK: expected true: character in page read from disk is the one we expected.
[test_assign1_1.c-test single page content-L92-12:08:15] OK: expected true: character in page read from disk is the one we expected.
[test_assign1_1.c-test single page content-L92-12:08:15] OK: expected true: character in page read from disk is the one we expected.
[test_assign1_1.c-test single page content-L92-12:08:15] OK: expected true: character in page read from disk is the one we expected.
[test_assign1_1.c-test single page content-L92-12:08:15] OK: expected true: character in page read from disk is the one we expected.
[test_assign1_1.c-test single page content-L92-12:08:15] OK: expected true: character in page read from disk is the one we expected.
[test_assign1_1.c-test single page content-L92-12:08:15] OK: expected true: character in page read from disk is the one we expected.
[test_assign1_1.c-test single page content-L92-12:08:15] OK: expected true: character in page read from disk is the one we expected.
[test_assign1_1.c-test single page content-L92-12:08:15] OK: expected true: character in page read from disk is the one we expected.
[test_assign1_1.c-test single page content-L92-12:08:15] OK: expected true: character in page read from disk is the one we expected.
[test_assign1_1.c-test single page content-L92-12:08:15] OK: expected true: character in page read from disk is the one we expected.
[test_assign1_1.c-test single page content-L92-12:08:15] OK: expected true: character in page read from disk is the one we expected.
[test_assign1_1.c-test single page content-L92-12:08:15] OK: expected true: character in page read from disk is the one we expected.
[test_assign1_1.c-test single page content-L92-12:08:15] OK: expected true: character in page read from disk is the one we expected.
[test_assign1_1.c-test single page content-L92-12:08:15] OK: expected true: character in page read from disk is the one we expected.
[test_assign1_1.c-test single page content-L92-12:08:15] OK: expected true: character in page read from disk is the one we expected.
[test_assign1_1.c-test single page content-L92-12:08:15] OK: expected true: character in page read from disk is the one we expected.
[test_assign1_1.c-test single page content-L92-12:08:15] OK: expected true: character in page read from disk is the one we expected.
[test_assign1_1.c-test single page content-L92-12:08:15] OK: expected true: character in page read from disk is the one we expected.
[test_assign1_1.c-test single page content-L92-12:08:15] OK: expected true: character in page read from disk is the one we expected.
[test_assign1_1.c-test single page content-L92-12:08:15] OK: expected true: character in page read from disk is the one we expected.
[test_assign1_1.c-test single page content-L92-12:08:15] OK: expected true: character in page read from disk is the one we expected.
[test_assign1_1.c-test single page content-L92-12:08:15] OK: expected true: character in page read from disk is the one we expected.
[test_assign1_1.c-test single page content-L92-12:08:15] OK: expected true: character in page read from disk is the one we expected.
[test_assign1_1.c-test single page content-L92-12:08:15] OK: expected true: character in page read from disk is the one we expected.
[test_assign1_1.c-test single page content-L92-12:08:15] OK: expected true: character in page read from disk is the one we expected.
[test_assign1_1.c-test single page content-L92-12:08:15] OK: expected true: character in page read from disk is the one we expected.
[test_assign1_1.c-test single page content-L92-12:08:15] OK: expected true: character in page read from disk is the one we expected.
[test_assign1_1.c-test single page content-L92-12:08:15] OK: expected true: character in page read from disk is the one we expected.
[test_assign1_1.c-test single page content-L92-12:08:15] OK: expected true: character in page read from disk is the one we expected.
[test_assign1_1.c-test single page content-L92-12:08:15] OK: expected true: character in page read from disk is the one we expected.
[test_assign1_1.c-test single page content-L92-12:08:15] OK: expected true: character in page read from disk is the one we expected.
[test_assign1_1.c-test single page content-L92-12:08:15] OK: expected true: character in page read from disk is the one we expected.
[test_assign1_1.c-test single page content-L92-12:08:15] OK: expected true: character in page read from disk is the one we expected.
[test_assign1_1.c-test single page content-L92-12:08:15] OK: expected true: character in page read from disk is the one we expected.
[test_assign1_1.c-test single page content-L92-12:08:15] OK: expected true: character in page read from disk is the one we expected.
[test_assign1_1.c-test single page content-L92-12:08:15] OK: expected true: character in page read from disk is the one we expected.
[test_assign1_1.c-test single page content-L92-12:08:15] OK: expected true: character in page read from disk is the one we expected.
[test_assign1_1.c-test single page content-L92-12:08:15] OK: expected true: character in page read from disk is the one we expected.
[test_assign1_1.c-test single page content-L92-12:08:15] OK: expected true: character in page read from disk is the one we expected.
[test_assign1_1.c-test single page content-L92-12:08:15] OK: expected true: character in page read from disk is the one we expected.
[test_assign1_1.c-test single page content-L92-12:08:15] OK: expected true: character in page read from disk is the one we expected.
[test_assign1_1.c-test single page content-L92-12:08:15] OK: expected true: character in page read from disk is the one we expected.
[test_assign1_1.c-test single page content-L92-12:08:15] OK: expected true: character in page read from disk is the one we expected.
[test_assign1_1.c-test single page content-L92-12:08:15] OK: expected true: character in page read from disk is the one we expected.
[test_assign1_1.c-test single page content-L92-12:08:15] OK: expected true: character in page read from disk is the one we expected.
[test_assign1_1.c-test single page content-L92-12:08:15] OK: expected true: character in page read from disk is the one we expected.
[test_assign1_1.c-test single page content-L92-12:08:15] OK: expected true: character in page read from disk is the one we expected.
[test_assign1_1.c-test single page content-L92-12:08:15] OK: expected true: character in page read from disk is the one we expected.
[test_assign1_1.c-test single page content-L92-12:08:15] OK: expected true: character in page read from disk is the one we expected.
[test_assign1_1.c-test single page content-L92-12:08:15] OK: expected true: character in page read from disk is the one we expected.
[test_assign1_1.c-test single page content-L92-12:08:15] OK: expected true: character in page read from disk is the one we expected.
[test_assign1_1.c-test single page content-L92-12:08:15] OK: expected true: character in page read from disk is the one we expected.
[test_assign1_1.c-test single page content-L92-12:08:15] OK: expected true: character in page read from disk is the one we expected.
[test_assign1_1.c-test single page content-L92-12:08:15] OK: expected true: character in page read from disk is the one we expected.
[test_assign1_1.c-test single page content-L92-12:08:15] OK: expected true: character in page read from disk is the one we expected.
[test_assign1_1.c-test single page content-L92-12:08:15] OK: expected true: character in page read from disk is the one we expected.
[test_assign1_1.c-test single page content-L92-12:08:15] OK: expected true: character in page read from disk is the one we expected.
[test_assign1_1.c-test single page content-L92-12:08:15] OK: expected true: character in page read from disk is the one we expected.
[test_assign1_1.c-test single page content-L92-12:08:15] OK: expected true: character in page read from disk is the one we expected.
[test_assign1_1.c-test single page content-L92-12:08:15] OK: expected true: character in page read from disk is the one we expected.
[test_assign1_1.c-test single page content-L92-12:08:15] OK: expected true: character in page read from disk is the one we expected.
[test_assign1_1.c-test single page content-L92-12:08:15] OK: expected true: character in page read from disk is the one we expected.
[test_assign1_1.c-test single page content-L92-12:08:15] OK: expected true: character in page read from disk is the one we expected.
[test_assign1_1.c-test single page content-L92-12:08:15] OK: expected true: character in page read from disk is the one we expected.
[test_assign1_1.c-test single page content-L92-12:08:15] OK: expected true: character in page read from disk is the one we expected.
[test_assign1_1.c-test single page content-L92-12:08:15] OK: expected true: character in page read from disk is the one we expected.
[test_assign1_1.c-test single page content-L92-12:08:15] OK: expected true: character in page read from disk is the one we expected.
[test_assign1_1.c-test single page content-L92-12:08:15] OK: expected true: character in page read from disk is the one we expected.
[test_assign1_1.c-test single page content-L92-12:08:15] OK: expected true: character in page read from disk is the one we expected.
[test_assign1_1.c-test single page content-L92-12:08:15] OK: expected true: character in page read from disk is the one we expected.
[test_assign1_1.c-test single page content-L92-12:08:15] OK: expected true: character in page read from disk is the one we expected.
[test_assign1_1.c-test single page content-L92-12:08:15] OK: expected true: character in page read from disk is the one we expected.
[test_assign1_1.c-test single page content-L92-12:08:15] OK: expected true: character in page read from disk is the one we expected.
[test_assign1_1.c-test single page content-L92-12:08:15] OK: expected true: character in page read from disk is the one we expected.
[test_assign1_1.c-test single page content-L92-12:08:15] OK: expected true: character in page read from disk is the one we expected.
[test_assign1_1.c-test single page content-L92-12:08:15] OK: expected true: character in page read from disk is the one we expected.
[test_assign1_1.c-test single page content-L92-12:08:15] OK: expected true: character in page read from disk is the one we expected.
[test_assign1_1.c-test single page content-L92-12:08:15] OK: expected true: character in page read from disk is the one we expected.
[test_assign1_1.c-test single page content-L92-12:08:15] OK: expected true: character in page read from disk is the one we expected.
[test_assign1_1.c-test single page content-L92-12:08:15] OK: expected true: character in page read from disk is the one we expected.
[test_assign1_1.c-test single page content-L92-12:08:15] OK: expected true: character in page read from disk is the one we expected.
[test_assign1_1.c-test single page content-L92-12:08:15] OK: expected true: character in page read from disk is the one we expected.
[test_assign1_1.c-test single page content-L92-12:08:15] OK: expected true: character in page read from disk is the one we expected.
[test_assign1_1.c-test single page content-L92-12:08:15] OK: expected true: character in page read from disk is the one we expected.
[test_assign1_1.c-test single page content-L92-12:08:15] OK: expected true: character in page read from disk is the one we expected.
[test_assign1_1.c-test single page content-L92-12:08:15] OK: expected true: character in page read from disk is the one we expected.
[test_assign1_1.c-test single page content-L92-12:08:15] OK: expected true: character in page read from disk is the one we expected.
[test_assign1_1.c-test single page content-L92-12:08:15] OK: expected true: character in page read from disk is the one we expected.
[test_assign1_1.c-test single page content-L92-12:08:15] OK: expected true: character in page read from disk is the one we expected.
[test_assign1_1.c-test single page content-L92-12:08:15] OK: expected true: character in page read from disk is the one we expected.
[test_assign1_1.c-test single page content-L92-12:08:15] OK: expected true: character in page read from disk is the one we expected.
[test_assign1_1.c-test single page content-L92-12:08:15] OK: expected true: character in page read from disk is the one we expected.
[test_assign1_1.c-test single page content-L92-12:08:15] OK: expected true: character in page read from disk is the one we expected.
[test_assign1_1.c-test single page content-L92-12:08:15] OK: expected true: character in page read from disk is the one we expected.
[test_assign1_1.c-test single page content-L92-12:08:15] OK: expected true: character in page read from disk is the one we expected.
[test_assign1_1.c-test single page content-L92-12:08:15] OK: expected true: character in page read from disk is the one we expected.
[test_assign1_1.c-test single page content-L92-12:08:15] OK: expected true: character in page read from disk is the one we expected.
[test_assign1_1.c-test single page content-L92-12:08:15] OK: expected true: character in page read from disk is the one we expected.
[test_assign1_1.c-test single page content-L92-12:08:15] OK: expected true: character in page read from disk is the one we expected.
[test_assign1_1.c-test single page content-L92-12:08:15] OK: expected true: character in page read from disk is the one we expected.
[test_assign1_1.c-test single page content-L92-12:08:15] OK: expected true: character in page read from disk is the one we expected.
[test_assign1_1.c-test single page content-L92-12:08:15] OK: expected true: character in page read from disk is the one we expected.
[test_assign1_1.c-test single page content-L92-12:08:15] OK: expected true: character in page read from disk is the one we expected.
[test_assign1_1.c-test single page content-L92-12:08:15] OK: expected true: character in page read from disk is the one we expected.
[test_assign1_1.c-test single page content-L92-12:08:15] OK: expected true: character in page read from disk is the one we expected.
[test_assign1_1.c-test single page content-L92-12:08:15] OK: expected true: character in page read from disk is the one we expected.
[test_assign1_1.c-test single page content-L92-12:08:15] OK: expected true: character in page read from disk is the one we expected.
[test_assign1_1.c-test single page content-L92-12:08:15] OK: expected true: character in page read from disk is the one we expected.
[test_assign1_1.c-test single page content-L92-12:08:15] OK: expected true: character in page read from disk is the one we expected.
[test_assign1_1.c-test single page content-L92-12:08:15] OK: expected true: character in page read from disk is the one we expected.
[test_assign1_1.c-test single page content-L92-12:08:15] OK: expected true: character in page read from disk is the one we expected.
[test_assign1_1.c-test single page content-L92-12:08:15] OK: expected true: character in page read from disk is the one we expected.
[test_assign1_1.c-test single page content-L92-12:08:15] OK: expected true: character in page read from disk is the one we expected.
[test_assign1_1.c-test single page content-L92-12:08:15] OK: expected true: character in page read from disk is the one we expected.
[test_assign1_1.c-test single page content-L92-12:08:15] OK: expected true: character in page read from disk is the one we expected.
[test_assign1_1.c-test single page content-L92-12:08:15] OK: expected true: character in page read from disk is the one we expected.
[test_assign1_1.c-test single page content-L92-12:08:15] OK: expected true: character in page read from disk is the one we expected.
[test_assign1_1.c-test single page content-L92-12:08:15] OK: expected true: character in page read from disk is the one we expected.
[test_assign1_1.c-test single page content-L92-12:08:15] OK: expected true: character in page read from disk is the one we expected.
[test_assign1_1.c-test single page content-L92-12:08:15] OK: expected true: character in page read from disk is the one we expected.
[test_assign1_1.c-test single page content-L92-12:08:15] OK: expected true: character in page read from disk is the one we expected.
[test_assign1_1.c-test single page content-L92-12:08:15] OK: expected true: character in page read from disk is the one we expected.
[test_assign1_1.c-test single page content-L92-12:08:15] OK: expected true: character in page read from disk is the one we expected.
[test_assign1_1.c-test single page content-L92-12:08:15] OK: expected true: character in page read from disk is the one we expected.
[test_assign1_1.c-test single page content-L92-12:08:15] OK: expected true: character in page read from disk is the one we expected.
[test_assign1_1.c-test single page content-L92-12:08:15] OK: expected true: character in page read from disk is the one we expected.
[test_assign1_1.c-test single page content-L92-12:08:15] OK: expected true: character in page read from disk is the one we expected.
[test_assign1_1.c-test single page content-L92-12:08:15] OK: expected true: character in page read from disk is the one we expected.
[test_assign1_1.c-test single page content-L92-12:08:15] OK: expected true: character in page read from disk is the one we expected.
[test_assign1_1.c-test single page content-L92-12:08:15] OK: expected true: character in page read from disk is the one we expected.
[test_assign1_1.c-test single page content-L92-12:08:15] OK: expected true: character in page read from disk is the one we expected.
[test_assign1_1.c-test single page content-L92-12:08:15] OK: expected true: character in page read from disk is the one we expected.
[test_assign1_1.c-test single page content-L92-12:08:15] OK: expected true: character in page read from disk is the one we expected.
[test_assign1_1.c-test single page content-L92-12:08:15] OK: expected true: character in page read from disk is the one we expected.
[test_assign1_1.c-test single page content-L92-12:08:15] OK: expected true: character in page read from disk is the one we expected.
[test_assign1_1.c-test single page content-L92-12:08:15] OK: expected true: character in page read from disk is the one we expected.
[test_assign1_1.c-test single page content-L92-12:08:15] OK: expected true: character in page read from disk is the one we expected.
[test_assign1_1.c-test single page content-L92-12:08:15] OK: expected true: character in page read from disk is the one we expected.
[test_assign1_1.c-test single page content-L92-12:08:15] OK: expected true: character in page read from disk is the one we expected.
[test_assign1_1.c-test single page content-L92-12:08:15] OK: expected true: character in page read from disk is the one we expected.
[test_assign1_1.c-test single page content-L92-12:08:15] OK: expected true: character in page read from disk is the one we expected.
[test_assign1_1.c-test single page content-L92-12:08:15] OK: expected true: character in page read from disk is the one we expected.
[test_assign1_1.c-test single page content-L92-12:08:15] OK: expected true: character in page read from disk is the one we expected.
[test_assign1_1.c-test single page content-L92-12:08:15] OK: expected true: character in page read from disk is the one we expected.
[test_assign1_1.c-test single page content-L92-12:08:15] OK: expected true: character in page read from disk is the one we expected.
[test_assign1_1.c-test single page content-L92-12:08:15] OK: expected true: character in page read from disk is the one we expected.
[test_assign1_1.c-test single page content-L92-12:08:15] OK: expected true: character in page read from disk is the one we expected.
[test_assign1_1.c-test single page content-L92-12:08:15] OK: expected true: character in page read from disk is the one we expected.
[test_assign1_1.c-test single page content-L92-12:08:15] OK: expected true: character in page read from disk is the one we expected.
[test_assign1_1.c-test single page content-L92-12:08:15] OK: expected true: character in page read from disk is the one we expected.
[test_assign1_1.c-test single page content-L92-12:08:15] OK: expected true: character in page read from disk is the one we expected.
[test_assign1_1.c-test single page content-L92-12:08:15] OK: expected true: character in page read from disk is the one we expected.
[test_assign1_1.c-test single page content-L92-12:08:15] OK: expected true: character in page read from disk is the one we expected.
[test_assign1_1.c-test single page content-L92-12:08:15] OK: expected true: character in page read from disk is the one we expected.
[test_assign1_1.c-test single page content-L92-12:08:15] OK: expected true: character in page read from disk is the one we expected.
[test_assign1_1.c-test single page content-L92-12:08:15] OK: expected true: character in page read from disk is the one we expected.
[test_assign1_1.c-test single page content-L92-12:08:15] OK: expected true: character in page read from disk is the one we expected.
[test_assign1_1.c-test single page content-L92-12:08:15] OK: expected true: character in page read from disk is the one we expected.
[test_assign1_1.c-test single page content-L92-12:08:15] OK: expected true: character in page read from disk is the one we expected.
[test_assign1_1.c-test single page content-L92-12:08:15] OK: expected true: character in page read from disk is the one we expected.
[test_assign1_1.c-test single page content-L92-12:08:15] OK: expected true: character in page read from disk is the one we expected.
[test_assign1_1.c-test single page content-L92-12:08:15] OK: expected true: character in page read from disk is the one we expected.
[test_assign1_1.c-test single page content-L92-12:08:15] OK: expected true: character in page read from disk is the one we expected.
[test_assign1_1.c-test single page content-L92-12:08:15] OK: expected true: character in page read from disk is the one we expected.
[test_assign1_1.c-test single page content-L92-12:08:15] OK: expected true: character in page read from disk is the one we expected.
[test_assign1_1.c-test single page content-L92-12:08:15] OK: expected true: character in page read from disk is the one we expected.
[test_assign1_1.c-test single page content-L92-12:08:15] OK: expected true: character in page read from disk is the one we expected.
[test_assign1_1.c-test single page content-L92-12:08:15] OK: expected true: character in page read from disk is the one we expected.
[test_assign1_1.c-test single page content-L92-12:08:15] OK: expected true: character in page read from disk is the one we expected.
[test_assign1_1.c-test single page content-L92-12:08:15] OK: expected true: character in page read from disk is the one we expected.
[test_assign1_1.c-test single page content-L92-12:08:15] OK: expected true: character in page read from disk is the one we expected.
[test_assign1_1.c-test single page content-L92-12:08:15] OK: expected true: character in page read from disk is the one we expected.
[test_assign1_1.c-test single page content-L92-12:08:15] OK: expected true: character in page read from disk is the one we expected.
[test_assign1_1.c-test single page content-L92-12:08:15] OK: expected true: character in page read from disk is the one we expected.
[test_assign1_1.c-test single page content-L92-12:08:15] OK: expected true: character in page read from disk is the one we expected.
[test_assign1_1.c-test single page content-L92-12:08:15] OK: expected true: character in page read from disk is the one we expected.
[test_assign1_1.c-test single page content-L92-12:08:15] OK: expected true: character in page read from disk is the one we expected.
[test_assign1_1.c-test single page content-L92-12:08:15] OK: expected true: character in page read from disk is the one we expected.
[test_assign1_1.c-test single page content-L92-12:08:15] OK: expected true: character in page read from disk is the one we expected.
[test_assign1_1.c-test single page content-L92-12:08:15] OK: expected true: character in page read from disk is the one we expected.
[test_assign1_1.c-test single page content-L92-12:08:15] OK: expected true: character in page read from disk is the one we expected.
[test_assign1_1.c-test single page content-L92-12:08:15] OK: expected true: character in page read from disk is the one we expected.
[test_assign1_1.c-test single page content-L92-12:08:15] OK: expected true: character in page read from disk is the one we expected.
[test_assign1_1.c-test single page content-L92-12:08:15] OK: expected true: character in page read from disk is the one we expected.
[test_assign1_1.c-test single page content-L92-12:08:15] OK: expected true: character in page read from disk is the one we expected.
[test_assign1_1.c-test single page content-L92-12:08:15] OK: expected true: character in page read from disk is the one we expected.
[test_assign1_1.c-test single page content-L92-12:08:15] OK: expected true: character in page read from disk is the one we expected.
[test_assign1_1.c-test single page content-L92-12:08:15] OK: expected true: character in page read from disk is the one we expected.
[test_assign1_1.c-test single page content-L92-12:08:15] OK: expected true: character in page read from disk is the one we expected.
[test_assign1_1.c-test single page content-L92-12:08:15] OK: expected true: character in page read from disk is the one we expected.
[test_assign1_1.c-test single page content-L92-12:08:15] OK: expected true: character in page read from disk is the one we expected.
[test_assign1_1.c-test single page content-L92-12:08:15] OK: expected true: character in page read from disk is the one we expected.
[test_assign1_1.c-test single page content-L92-12:08:15] OK: expected true: character in page read from disk is the one we expected.
[test_assign1_1.c-test single page content-L92-12:08:15] OK: expected true: character in page read from disk is the one we expected.
[test_assign1_1.c-test single page content-L92-12:08:15] OK: expected true: character in page read from disk is the one we expected.
[test_assign1_1.c-test single page content-L92-12:08:15] OK: expected true: character in page read from disk is the one we expected.
[test_assign1_1.c-test single page content-L92-12:08:15] OK: expected true: character in page read from disk is the one we expected.
[test_assign1_1.c-test single page content-L92-12:08:15] OK: expected true: character in page read from disk is the one we expected.
[test_assign1_1.c-test single page content-L92-12:08:15] OK: expected true: character in page read from disk is the one we expected.
[test_assign1_1.c-test single page content-L92-12:08:15] OK: expected true: character in page read from disk is the one we expected.
[test_assign1_1.c-test single page content-L92-12:08:15] OK: expected true: character in page read from disk is the one we expected.
[test_assign1_1.c-test single page content-L92-12:08:15] OK: expected true: character in page read from disk is the one we expected.
[test_assign1_1.c-test single page content-L92-12:08:15] OK: expected true: character in page read from disk is the one we expected.
[test_assign1_1.c-test single page content-L92-12:08:15] OK: expected true: character in page read from disk is the one we expected.
[test_assign1_1.c-test single page content-L92-12:08:15] OK: expected true: character in page read from disk is the one we expected.
[test_assign1_1.c-test single page content-L92-12:08:15] OK: expected true: character in page read from disk is the one we expected.
[test_assign1_1.c-test single page content-L92-12:08:15] OK: expected true: character in page read from disk is the one we expected.
[test_assign1_1.c-test single page content-L92-12:08:15] OK: expected true: character in page read from disk is the one we expected.
[test_assign1_1.c-test single page content-L92-12:08:15] OK: expected true: character in page read from disk is the one we expected.
[test_assign1_1.c-test single page content-L92-12:08:15] OK: expected true: character in page read from disk is the one we expected.
[test_assign1_1.c-test single page content-L92-12:08:15] OK: expected true: character in page read from disk is the one we expected.
[test_assign1_1.c-test single page content-L92-12:08:15] OK: expected true: character in page read from disk is the one we expected.
[test_assign1_1.c-test single page content-L92-12:08:15] OK: expected true: character in page read from disk is the one we expected.
[test_assign1_1.c-test single page content-L92-12:08:15] OK: expected true: character in page read from disk is the one we expected.
[test_assign1_1.c-test single page content-L92-12:08:15] OK: expected true: character in page read from disk is the one we expected.
[test_assign1_1.c-test single page content-L92-12:08:15] OK: expected true: character in page read from disk is the one we expected.
[test_assign1_1.c-test single page content-L92-12:08:15] OK: expected true: character in page read from disk is the one we expected.
[test_assign1_1.c-test single page content-L92-12:08:15] OK: expected true: character in page read from disk is the one we expected.
[test_assign1_1.c-test single page content-L92-12:08:15] OK: expected true: character in page read from disk is the one we expected.
[test_assign1_1.c-test single page content-L92-12:08:15] OK: expected true: character in page read from disk is the one we expected.
[test_assign1_1.c-test single page content-L92-12:08:15] OK: expected true: character in page read from disk is the one we expected.
[test_assign1_1.c-test single page content-L92-12:08:15] OK: expected true: character in page read from disk is the one we expected.
[test_assign1_1.c-test single page content-L92-12:08:15] OK: expected true: character in page read from disk is the one we expected.
[test_assign1_1.c-test single page content-L92-12:08:15] OK: expected true: character in page read from disk is the one we expected.
[test_assign1_1.c-test single page content-L92-12:08:15] OK: expected true: character in page read from disk is the one we expected.
[test_assign1_1.c-test single page content-L92-12:08:15] OK: expected true: character in page read from disk is the one we expected.
[test_assign1_1.c-test single page content-L92-12:08:15] OK: expected true: character in page read from disk is the one we expected.
[test_assign1_1.c-test single page content-L92-12:08:15] OK: expected true: character in page read from disk is the one we expected.
[test_assign1_1.c-test single page content-L92-12:08:15] OK: expected true: character in page read from disk is the one we expected.
[test_assign1_1.c-test single page content-L92-12:08:15] OK: expected true: character in page read from disk is the one we expected.
[test_assign1_1.c-test single page content-L92-12:08:15] OK: expected true: character in page read from disk is the one we expected.
[test_assign1_1.c-test single page content-L92-12:08:15] OK: expected true: character in page read from disk is the one we expected.
[test_assign1_1.c-test single page content-L92-12:08:15] OK: expected true: character in page read from disk is the one we expected.
[test_assign1_1.c-test single page content-L92-12:08:15] OK: expected true: character in page read from disk is the one we expected.
[test_assign1_1.c-test single page content-L92-12:08:15] OK: expected true: character in page read from disk is the one we expected.
[test_assign1_1.c-test single page content-L92-12:08:15] OK: expected true: character in page read from disk is the one we expected.
[test_assign1_1.c-test single page content-L92-12:08:15] OK: expected true: character in page read from disk is the one we expected.
[test_assign1_1.c-test single page content-L92-12:08:15] OK: expected true: character in page read from disk is the one we expected.
[test_assign1_1.c-test single page content-L92-12:08:15] OK: expected true: character in page read from disk is the one we expected.
[test_assign1_1.c-test single page content-L92-12:08:15] OK: expected true: character in page read from disk is the one we expected.
[test_assign1_1.c-test single page content-L92-12:08:15] OK: expected true: character in page read from disk is the one we expected.
[test_assign1_1.c-test single page content-L92-12:08:15] OK: expected true: character in page read from disk is the one we expected.
[test_assign1_1.c-test single page content-L92-12:08:15] OK: expected true: character in page read from disk is the one we expected.
[test_assign1_1.c-test single page content-L92-12:08:15] OK: expected true: character in page read from disk is the one we expected.
[test_assign1_1.c-test single page content-L92-12:08:15] OK: expected true: character in page read from disk is the one we expected.
[test_assign1_1.c-test single page content-L92-12:08:15] OK: expected true: character in page read from disk is the one we expected.
[test_assign1_1.c-test single page content-L92-12:08:15] OK: expected true: character in page read from disk is the one we expected.
[test_assign1_1.c-test single page content-L92-12:08:15] OK: expected true: character in page read from disk is the one we expected.
[test_assign1_1.c-test single page content-L92-12:08:15] OK: expected true: character in page read from disk is the one we expected.
[test_assign1_1.c-test single page content-L92-12:08:15] OK: expected true: character in page read from disk is the one we expected.
[test_assign1_1.c-test single page content-L92-12:08:15] OK: expected true: character in page read from disk is the one we expected.
[test_assign1_1.c-test single page content-L92-12:08:15] OK: expected true: character in page read from disk is the one we expected.
[test_assign1_1.c-test single page content-L92-12:08:15] OK: expected true: character in page read from disk is the one we expected.
[test_assign1_1.c-test single page content-L92-12:08:15] OK: expected true: character in page read from disk is the one we expected.
[test_assign1_1.c-test single page content-L92-12:08:15] OK: expected true: character in page read from disk is the one we expected.
[test_assign1_1.c-test single page content-L92-12:08:15] OK: expected true: character in page read from disk is the one we expected.
[test_assign1_1.c-test single page content-L92-12:08:15] OK: expected true: character in page read from disk is the one we expected.
[test_assign1_1.c-test single page content-L92-12:08:15] OK: expected true: character in page read from disk is the one we expected.
[test_assign1_1.c-test single page content-L92-12:08:15] OK: expected true: character in page read from disk is the one we expected.
[test_assign1_1.c-test single page content-L92-12:08:15] OK: expected true: character in page read from disk is the one we expected.
[test_assign1_1.c-test single page content-L92-12:08:15] OK: expected true: character in page read from disk is the one we expected.
[test_assign1_1.c-test single page content-L92-12:08:15] OK: expected true: character in page read from disk is the one we expected.
[test_assign1_1.c-test single page content-L92-12:08:15] OK: expected true: character in page read from disk is the one we expected.
[test_assign1_1.c-test single page content-L92-12:08:15] OK: expected true: character in page read from disk is the one we expected.
[test_assign1_1.c-test single page content-L92-12:08:15] OK: expected true: character in page read from disk is the one we expected.
[test_assign1_1.c-test single page content-L92-12:08:15] OK: expected true: character in page read from disk is the one we expected.
[test_assign1_1.c-test single page content-L92-12:08:15] OK: expected true: character in page read from disk is the one we expected.
[test_assign1_1.c-test single page content-L92-12:08:15] OK: expected true: character in page read from disk is the one we expected.
[test_assign1_1.c-test single page content-L92-12:08:15] OK: expected true: character in page read from disk is the one we expected.
[test_assign1_1.c-test single page content-L92-12:08:15] OK: expected true: character in page read from disk is the one we expected.
[test_assign1_1.c-test single page content-L92-12:08:15] OK: expected true: character in page read from disk is the one we expected.
[test_assign1_1.c-test single page content-L92-12:08:15] OK: expected true: character in page read from disk is the one we expected.
[test_assign1_1.c-test single page content-L92-12:08:15] OK: expected true: character in page read from disk is the one we expected.
[test_assign1_1.c-test single page content-L92-12:08:15] OK: expected true: character in page read from disk is the one we expected.
[test_assign1_1.c-test single page content-L92-12:08:15] OK: expected true: character in page read from disk is the one we expected.
[test_assign1_1.c-test single page content-L92-12:08:15] OK: expected true: character in page read from disk is the one we expected.
[test_assign1_1.c-test single page content-L92-12:08:15] OK: expected true: character in page read from disk is the one we expected.
[test_assign1_1.c-test single page content-L92-12:08:15] OK: expected true: character in page read from disk is the one we expected.
[test_assign1_1.c-test single page content-L92-12:08:15] OK: expected true: character in page read from disk is the one we expected.
[test_assign1_1.c-test single page content-L92-12:08:15] OK: expected true: character in page read from disk is the one we expected.
[test_assign1_1.c-test single page content-L92-12:08:15] OK: expected true: character in page read from disk is the one we expected.
[test_assign1_1.c-test single page content-L92-12:08:15] OK: expected true: character in page read from disk is the one we expected.
[test_assign1_1.c-test single page content-L92-12:08:15] OK: expected true: character in page read from disk is the one we expected.
[test_assign1_1.c-test single page content-L92-12:08:15] OK: expected true: character in page read from disk is the one we expected.
[test_assign1_1.c-test single page content-L92-12:08:15] OK: expected true: character in page read from disk is the one we expected.
[test_assign1_1.c-test single page content-L92-12:08:15] OK: expected true: character in page read from disk is the one we expected.
[test_assign1_1.c-test single page content-L92-12:08:15] OK: expected true: character in page read from disk is the one we expected.
[test_assign1_1.c-test single page content-L92-12:08:15] OK: expected true: character in page read from disk is the one we expected.
[test_assign1_1.c-test single page content-L92-12:08:15] OK: expected true: character in page read from disk is the one we expected.
[test_assign1_1.c-test single page content-L92-12:08:15] OK: expected true: character in page read from disk is the one we expected.
[test_assign1_1.c-test single page content-L92-12:08:15] OK: expected true: character in page read from disk is the one we expected.
[test_assign1_1.c-test single page content-L92-12:08:15] OK: expected true: character in page read from disk is the one we expected.
[test_assign1_1.c-test single page content-L92-12:08:15] OK: expected true: character in page read from disk is the one we expected.
[test_assign1_1.c-test single page content-L92-12:08:15] OK: expected true: character in page read from disk is the one we expected.
[test_assign1_1.c-test single page content-L92-12:08:15] OK: expected true: character in page read from disk is the one we expected.
[test_assign1_1.c-test single page content-L92-12:08:15] OK: expected true: character in page read from disk is the one we expected.
[test_assign1_1.c-test single page content-L92-12:08:15] OK: expected true: character in page read from disk is the one we expected.
[test_assign1_1.c-test single page content-L92-12:08:15] OK: expected true: character in page read from disk is the one we expected.
[test_assign1_1.c-test single page content-L92-12:08:15] OK: expected true: character in page read from disk is the one we expected.
[test_assign1_1.c-test single page content-L92-12:08:15] OK: expected true: character in page read from disk is the one we expected.
[test_assign1_1.c-test single page content-L92-12:08:15] OK: expected true: character in page read from disk is the one we expected.
[test_assign1_1.c-test single page content-L92-12:08:15] OK: expected true: character in page read from disk is the one we expected.
[test_assign1_1.c-test single page content-L92-12:08:15] OK: expected true: character in page read from disk is the one we expected.
[test_assign1_1.c-test single page content-L92-12:08:15] OK: expected true: character in page read from disk is the one we expected.
[test_assign1_1.c-test single page content-L92-12:08:15] OK: expected true: character in page read from disk is the one we expected.
[test_assign1_1.c-test single page content-L92-12:08:15] OK: expected true: character in page read from disk is the one we expected.
[test_assign1_1.c-test single page content-L92-12:08:15] OK: expected true: character in page read from disk is the one we expected.
[test_assign1_1.c-test single page content-L92-12:08:15] OK: expected true: character in page read from disk is the one we expected.
[test_assign1_1.c-test single page content-L92-12:08:15] OK: expected true: character in page read from disk is the one we expected.
[test_assign1_1.c-test single page content-L92-12:08:15] OK: expected true: character in page read from disk is the one we expected.
[test_assign1_1.c-test single page content-L92-12:08:15] OK: expected true: character in page read from disk is the one we expected.
[test_assign1_1.c-test single page content-L92-12:08:15] OK: expected true: character in page read from disk is the one we expected.
[test_assign1_1.c-test single page content-L92-12:08:15] OK: expected true: character in page read from disk is the one we expected.
[test_assign1_1.c-test single page content-L92-12:08:15] OK: expected true: character in page read from disk is the one we expected.
[test_assign1_1.c-test single page content-L92-12:08:15] OK: expected true: character in page read from disk is the one we expected.
[test_assign1_1.c-test single page content-L92-12:08:15] OK: expected true: character in page read from disk is the one we expected.
[test_assign1_1.c-test single page content-L92-12:08:15] OK: expected true: character in page read from disk is the one we expected.
[test_assign1_1.c-test single page content-L92-12:08:15] OK: expected true: character in page read from disk is the one we expected.
[test_assign1_1.c-test single page content-L92-12:08:15] OK: expected true: character in page read from disk is the one we expected.
[test_assign1_1.c-test single page content-L92-12:08:15] OK: expected true: character in page read from disk is the one we expected.
[test_assign1_1.c-test single page content-L92-12:08:15] OK: expected true: character in page read from disk is the one we expected.
[test_assign1_1.c-test single page content-L92-12:08:15] OK: expected true: character in page read from disk is the one we expected.
[test_assign1_1.c-test single page content-L92-12:08:15] OK: expected true: character in page read from disk is the one we expected.
[test_assign1_1.c-test single page content-L92-12:08:15] OK: expected true: character in page read from disk is the one we expected.
[test_assign1_1.c-test single page content-L92-12:08:15] OK: expected true: character in page read from disk is the one we expected.
[test_assign1_1.c-test single page content-L92-12:08:15] OK: expected true: character in page read from disk is the one we expected.
[test_assign1_1.c-test single page content-L92-12:08:15] OK: expected true: character in page read from disk is the one we expected.
[test_assign1_1.c-test single page content-L92-12:08:15] OK: expected true: character in page read from disk is the one we expected.
[test_assign1_1.c-test single page content-L92-12:08:15] OK: expected true: character in page read from disk is the one we expected.
[test_assign1_1.c-test single page content-L92-12:08:15] OK: expected true: character in page read from disk is the one we expected.
[test_assign1_1.c-test single page content-L92-12:08:15] OK: expected true: character in page read from disk is the one we expected.
[test_assign1_1.c-test single page content-L92-12:08:15] OK: expected true: character in page read from disk is the one we expected.
[test_assign1_1.c-test single page content-L92-12:08:15] OK: expected true: character in page read from disk is the one we expected.
[test_assign1_1.c-test single page content-L92-12:08:15] OK: expected true: character in page read from disk is the one we expected.
[test_assign1_1.c-test single page content-L92-12:08:15] OK: expected true: character in page read from disk is the one we expected.
[test_assign1_1.c-test single page content-L92-12:08:15] OK: expected true: character in page read from disk is the one we expected.
[test_assign1_1.c-test single page content-L92-12:08:15] OK: expected true: character in page read from disk is the one we expected.
[test_assign1_1.c-test single page content-L92-12:08:15] OK: expected true: character in page read from disk is the one we expected.
[test_assign1_1.c-test single page content-L92-12:08:15] OK: expected true: character in page read from disk is the one we expected.
[test_assign1_1.c-test single page content-L92-12:08:15] OK: expected true: character in page read from disk is the one we expected.
[test_assign1_1.c-test single page content-L92-12:08:15] OK: expected true: character in page read from disk is the one we expected.
[test_assign1_1.c-test single page content-L92-12:08:15] OK: expected true: character in page read from disk is the one we expected.
[test_assign1_1.c-test single page content-L92-12:08:15] OK: expected true: character in page read from disk is the one we expected.
[test_assign1_1.c-test single page content-L92-12:08:15] OK: expected true: character in page read from disk is the one we expected.
[test_assign1_1.c-test single page content-L92-12:08:15] OK: expected true: character in page read from disk is the one we expected.
[test_assign1_1.c-test single page content-L92-12:08:15] OK: expected true: character in page read from disk is the one we expected.
[test_assign1_1.c-test single page content-L92-12:08:15] OK: expected true: character in page read from disk is the one we expected.
[test_assign1_1.c-test single page content-L92-12:08:15] OK: expected true: character in page read from disk is the one we expected.
[test_assign1_1.c-test single page content-L92-12:08:15] OK: expected true: character in page read from disk is the one we expected.
[test_assign1_1.c-test single page content-L92-12:08:15] OK: expected true: character in page read from disk is the one we expected.
[test_assign1_1.c-test single page content-L92-12:08:15] OK: expected true: character in page read from disk is the one we expected.
[test_assign1_1.c-test single page content-L92-12:08:15] OK: expected true: character in page read from disk is the one we expected.
[test_assign1_1.c-test single page content-L92-12:08:15] OK: expected true: character in page read from disk is the one we expected.
[test_assign1_1.c-test single page content-L92-12:08:15] OK: expected true: character in page read from disk is the one we expected.
[test_assign1_1.c-test single page content-L92-12:08:15] OK: expected true: character in page read from disk is the one we expected.
[test_assign1_1.c-test single page content-L92-12:08:15] OK: expected true: character in page read from disk is the one we expected.
[test_assign1_1.c-test single page content-L92-12:08:15] OK: expected true: character in page read from disk is the one we expected.
[test_assign1_1.c-test single page content-L92-12:08:15] OK: expected true: character in page read from disk is the one we expected.
[test_assign1_1.c-test single page content-L92-12:08:15] OK: expected true: character in page read from disk is the one we expected.
[test_assign1_1.c-test single page content-L92-12:08:15] OK: expected true: character in page read from disk is the one we expected.
[test_assign1_1.c-test single page content-L92-12:08:15] OK: expected true: character in page read from disk is the one we expected.
[test_assign1_1.c-test single page content-L92-12:08:15] OK: expected true: character in page read from disk is the one we expected.
[test_assign1_1.c-test single page content-L92-12:08:15] OK: expected true: character in page read from disk is the one we expected.
[test_assign1_1.c-test single page content-L92-12:08:15] OK: expected true: character in page read from disk is the one we expected.
[test_assign1_1.c-test single page content-L92-12:08:15] OK: expected true: character in page read from disk is the one we expected.
[test_assign1_1.c-test single page content-L92-12:08:15] OK: expected true: character in page read from disk is the one we expected.
[test_assign1_1.c-test single page content-L92-12:08:15] OK: expected true: character in page read from disk is the one we expected.
[test_assign1_1.c-test single page content-L92-12:08:15] OK: expected true: character in page read from disk is the one we expected.
[test_assign1_1.c-test single page content-L92-12:08:15] OK: expected true: character in page read from disk is the one we expected.
[test_assign1_1.c-test single page content-L92-12:08:15] OK: expected true: character in page read from disk is the one we expected.
[test_assign1_1.c-test single page content-L92-12:08:15] OK: expected true: character in page read from disk is the one we expected.
[test_assign1_1.c-test single page content-L92-12:08:15] OK: expected true: character in page read from disk is the one we expected.
[test_assign1_1.c-test single page content-L92-12:08:15] OK: expected true: character in page read from disk is the one we expected.
[test_assign1_1.c-test single page content-L92-12:08:15] OK: expected true: character in page read from disk is the one we expected.
[test_assign1_1.c-test single page content-L92-12:08:15] OK: expected true: character in page read from disk is the one we expected.
[test_assign1_1.c-test single page content-L92-12:08:15] OK: expected true: character in page read from disk is the one we expected.
[test_assign1_1.c-test single page content-L92-12:08:15] OK: expected true: character in page read from disk is the one we expected.
[test_assign1_1.c-test single page content-L92-12:08:15] OK: expected true: character in page read from disk is the one we expected.
[test_assign1_1.c-test single page content-L92-12:08:15] OK: expected true: character in page read from disk is the one we expected.
[test_assign1_1.c-test single page content-L92-12:08:15] OK: expected true: character in page read from disk is the one we expected.
[test_assign1_1.c-test single page content-L92-12:08:15] OK: expected true: character in page read from disk is the one we expected.
[test_assign1_1.c-test single page content-L92-12:08:15] OK: expected true: character in page read from disk is the one we expected.
[test_assign1_1.c-test single page content-L92-12:08:15] OK: expected true: character in page read from disk is the one we expected.
[test_assign1_1.c-test single page content-L92-12:08:15] OK: expected true: character in page read from disk is the one we expected.
[test_assign1_1.c-test single page content-L92-12:08:15] OK: expected true: character in page read from disk is the one we expected.
[test_assign1_1.c-test single page content-L92-12:08:15] OK: expected true: character in page read from disk is the one we expected.
[test_assign1_1.c-test single page content-L92-12:08:15] OK: expected true: character in page read from disk is the one we expected.
[test_assign1_1.c-test single page content-L92-12:08:15] OK: expected true: character in page read from disk is the one we expected.
[test_assign1_1.c-test single page content-L92-12:08:15] OK: expected true: character in page read from disk is the one we expected.
[test_assign1_1.c-test single page content-L92-12:08:15] OK: expected true: character in page read from disk is the one we expected.
[test_assign1_1.c-test single page content-L92-12:08:15] OK: expected true: character in page read from disk is the one we expected.
[test_assign1_1.c-test single page content-L92-12:08:15] OK: expected true: character in page read from disk is the one we expected.
[test_assign1_1.c-test single page content-L92-12:08:15] OK: expected true: character in page read from disk is the one we expected.
[test_assign1_1.c-test single page content-L92-12:08:15] OK: expected true: character in page read from disk is the one we expected.
[test_assign1_1.c-test single page content-L92-12:08:15] OK: expected true: character in page read from disk is the one we expected.
[test_assign1_1.c-test single page content-L92-12:08:15] OK: expected true: character in page read from disk is the one we expected.
[test_assign1_1.c-test single page content-L92-12:08:15] OK: expected true: character in page read from disk is the one we expected.
[test_assign1_1.c-test single page content-L92-12:08:15] OK: expected true: character in page read from disk is the one we expected.
[test_assign1_1.c-test single page content-L92-12:08:15] OK: expected true: character in page read from disk is the one we expected.
[test_assign1_1.c-test single page content-L92-12:08:15] OK: expected true: character in page read from disk is the one we expected.
[test_assign1_1.c-test single page content-L92-12:08:15] OK: expected true: character in page read from disk is the one we expected.
[test_assign1_1.c-test single page content-L92-12:08:15] OK: expected true: character in page read from disk is the one we expected.
[test_assign1_1.c-test single page content-L92-12:08:15] OK: expected true: character in page read from disk is the one we expected.
[test_assign1_1.c-test single page content-L92-12:08:15] OK: expected true: character in page read from disk is the one we expected.
[test_assign1_1.c-test single page content-L92-12:08:15] OK: expected true: character in page read from disk is the one we expected.
[test_assign1_1.c-test single page content-L92-12:08:15] OK: expected true: character in page read from disk is the one we expected.
[test_assign1_1.c-test single page content-L92-12:08:15] OK: expected true: character in page read from disk is the one we expected.
[test_assign1_1.c-test single page content-L92-12:08:15] OK: expected true: character in page read from disk is the one we expected.
[test_assign1_1.c-test single page content-L92-12:08:15] OK: expected true: character in page read from disk is the one we expected.
[test_assign1_1.c-test single page content-L92-12:08:15] OK: expected true: character in page read from disk is the one we expected.
[test_assign1_1.c-test single page content-L92-12:08:15] OK: expected true: character in page read from disk is the one we expected.
[test_assign1_1.c-test single page content-L92-12:08:15] OK: expected true: character in page read from disk is the one we expected.
[test_assign1_1.c-test single page content-L92-12:08:15] OK: expected true: character in page read from disk is the one we expected.
[test_assign1_1.c-test single page content-L92-12:08:15] OK: expected true: character in page read from disk is the one we expected.
[test_assign1_1.c-test single page content-L92-12:08:15] OK: expected true: character in page read from disk is the one we expected.
[test_assign1_1.c-test single page content-L92-12:08:15] OK: expected true: character in page read from disk is the one we expected.
[test_assign1_1.c-test single page content-L92-12:08:15] OK: expected true: character in page read from disk is the one we expected.
[test_assign1_1.c-test single page content-L92-12:08:15] OK: expected true: character in page read from disk is the one we expected.
[test_assign1_1.c-test single page content-L92-12:08:15] OK: expected true: character in page read from disk is the one we expected.
[test_assign1_1.c-test single page content-L92-12:08:15] OK: expected true: character in page read from disk is the one we expected.
[test_assign1_1.c-test single page content-L92-12:08:15] OK: expected true: character in page read from disk is the one we expected.
[test_assign1_1.c-test single page content-L92-12:08:15] OK: expected true: character in page read from disk is the one we expected.
[test_assign1_1.c-test single page content-L92-12:08:15] OK: expected true: character in page read from disk is the one we expected.
[test_assign1_1.c-test single page content-L92-12:08:15] OK: expected true: character in page read from disk is the one we expected.
[test_assign1_1.c-test single page content-L92-12:08:15] OK: expected true: character in page read from disk is the one we expected.
[test_assign1_1.c-test single page content-L92-12:08:15] OK: expected true: character in page read from disk is the one we expected.
[test_assign1_1.c-test single page content-L92-12:08:15] OK: expected true: character in page read from disk is the one we expected.
[test_assign1_1.c-test single page content-L92-12:08:15] OK: expected true: character in page read from disk is the one we expected.
[test_assign1_1.c-test single page content-L92-12:08:15] OK: expected true: character in page read from disk is the one we expected.
[test_assign1_1.c-test single page content-L92-12:08:15] OK: expected true: character in page read from disk is the one we expected.
[test_assign1_1.c-test single page content-L92-12:08:15] OK: expected true: character in page read from disk is the one we expected.
[test_assign1_1.c-test single page content-L92-12:08:15] OK: expected true: character in page read from disk is the one we expected.
[test_assign1_1.c-test single page content-L92-12:08:15] OK: expected true: character in page read from disk is the one we expected.
[test_assign1_1.c-test single page content-L92-12:08:15] OK: expected true: character in page read from disk is the one we expected.
[test_assign1_1.c-test single page content-L92-12:08:15] OK: expected true: character in page read from disk is the one we expected.
[test_assign1_1.c-test single page content-L92-12:08:15] OK: expected true: character in page read from disk is the one we expected.
[test_assign1_1.c-test single page content-L92-12:08:15] OK: expected true: character in page read from disk is the one we expected.
[test_assign1_1.c-test single page content-L92-12:08:15] OK: expected true: character in page read from disk is the one we expected.
[test_assign1_1.c-test single page content-L92-12:08:15] OK: expected true: character in page read from disk is the one we expected.
[test_assign1_1.c-test single page content-L92-12:08:15] OK: expected true: character in page read from disk is the one we expected.
[test_assign1_1.c-test single page content-L92-12:08:15] OK: expected true: character in page read from disk is the one we expected.
[test_assign1_1.c-test single page content-L92-12:08:15] OK: expected true: character in page read from disk is the one we expected.
[test_assign1_1.c-test single page content-L92-12:08:15] OK: expected true: character in page read from disk is the one we expected.
[test_assign1_1.c-test single page content-L92-12:08:15] OK: expected true: character in page read from disk is the one we expected.
[test_assign1_1.c-test single page content-L92-12:08:15] OK: expected true: character in page read from disk is the one we expected.
[test_assign1_1.c-test single page content-L92-12:08:15] OK: expected true: character in page read from disk is the one we expected.
[test_assign1_1.c-test single page content-L92-12:08:15] OK: expected true: character in page read from disk is the one we expected.
[test_assign1_1.c-test single page content-L92-12:08:15] OK: expected true: character in page read from disk is the one we expected.
[test_assign1_1.c-test single page content-L92-12:08:15] OK: expected true: character in page read from disk is the one we expected.
[test_assign1_1.c-test single page content-L92-12:08:15] OK: expected true: character in page read from disk is the one we expected.
[test_assign1_1.c-test single page content-L92-12:08:15] OK: expected true: character in page read from disk is the one we expected.
[test_assign1_1.c-test single page content-L92-12:08:15] OK: expected true: character in page read from disk is the one we expected.
[test_assign1_1.c-test single page content-L92-12:08:15] OK: expected true: character in page read from disk is the one we expected.
[test_assign1_1.c-test single page content-L92-12:08:15] OK: expected true: character in page read from disk is the one we expected.
[test_assign1_1.c-test single page content-L92-12:08:15] OK: expected true: character in page read from disk is the one we expected.
[test_assign1_1.c-test single page content-L92-12:08:15] OK: expected true: character in page read from disk is the one we expected.
[test_assign1_1.c-test single page content-L92-12:08:15] OK: expected true: character in page read from disk is the one we expected.
[test_assign1_1.c-test single page content-L92-12:08:15] OK: expected true: character in page read from disk is the one we expected.
[test_assign1_1.c-test single page content-L92-12:08:15] OK: expected true: character in page read from disk is the one we expected.
[test_assign1_1.c-test single page content-L92-12:08:15] OK: expected true: character in page read from disk is the one we expected.
[test_assign1_1.c-test single page content-L92-12:08:15] OK: expected true: character in page read from disk is the one we expected.
[test_assign1_1.c-test single page content-L92-12:08:15] OK: expected true: character in page read from disk is the one we expected.
[test_assign1_1.c-test single page content-L92-12:08:15] OK: expected true: character in page read from disk is the one we expected.
[test_assign1_1.c-test single page content-L92-12:08:15] OK: expected true: character in page read from disk is the one we expected.
[test_assign1_1.c-test single page content-L92-12:08:15] OK: expected true: character in page read from disk is the one we expected.
[test_assign1_1.c-test single page content-L92-12:08:15] OK: expected true: character in page read from disk is the one we expected.
[test_assign1_1.c-test single page content-L92-12:08:15] OK: expected true: character in page read from disk is the one we expected.
[test_assign1_1.c-test single page content-L92-12:08:15] OK: expected true: character in page read from disk is the one we expected.
[test_assign1_1.c-test single page content-L92-12:08:15] OK: expected true: character in page read from disk is the one we expected.
[test_assign1_1.c-test single page content-L92-12:08:15] OK: expected true: character in page read from disk is the one we expected.
[test_assign1_1.c-test single page content-L92-12:08:15] OK: expected true: character in page read from disk is the one we expected.
[test_assign1_1.c-test single page content-L92-12:08:15] OK: expected true: character in page read from disk is the one we expected.
[test_assign1_1.c-test single page content-L92-12:08:15] OK: expected true: character in page read from disk is the one we expected.
[test_assign1_1.c-test single page content-L92-12:08:15] OK: expected true: character in page read from disk is the one we expected.
[test_assign1_1.c-test single page content-L92-12:08:15] OK: expected true: character in page read from disk is the one we expected.
[test_assign1_1.c-test single page content-L92-12:08:15] OK: expected true: character in page read from disk is the one we expected.
[test_assign1_1.c-test single page content-L92-12:08:15] OK: expected true: character in page read from disk is the one we expected.
[test_assign1_1.c-test single page content-L92-12:08:15] OK: expected true: character in page read from disk is the one we expected.
[test_assign1_1.c-test single page content-L92-12:08:15] OK: expected true: character in page read from disk is the one we expected.
[test_assign1_1.c-test single page content-L92-12:08:15] OK: expected true: character in page read from disk is the one we expected.
[test_assign1_1.c-test single page content-L92-12:08:15] OK: expected true: character in page read from disk is the one we expected.
[test_assign1_1.c-test single page content-L92-12:08:15] OK: expected true: character in page read from disk is the one we expected.
[test_assign1_1.c-test single page content-L92-12:08:15] OK: expected true: character in page read from disk is the one we expected.
[test_assign1_1.c-test single page content-L92-12:08:15] OK: expected true: character in page read from disk is the one we expected.
[test_assign1_1.c-test single page content-L92-12:08:15] OK: expected true: character in page read from disk is the one we expected.
[test_assign1_1.c-test single page content-L92-12:08:15] OK: expected true: character in page read from disk is the one we expected.
[test_assign1_1.c-test single page content-L92-12:08:15] OK: expected true: character in page read from disk is the one we expected.
[test_assign1_1.c-test single page content-L92-12:08:15] OK: expected true: character in page read from disk is the one we expected.
[test_assign1_1.c-test single page content-L92-12:08:15] OK: expected true: character in page read from disk is the one we expected.
[test_assign1_1.c-test single page content-L92-12:08:15] OK: expected true: character in page read from disk is the one we expected.
[test_assign1_1.c-test single page content-L92-12:08:15] OK: expected true: character in page read from disk is the one we expected.
[test_assign1_1.c-test single page content-L92-12:08:15] OK: expected true: character in page read from disk is the one we expected.
[test_assign1_1.c-test single page content-L92-12:08:15] OK: expected true: character in page read from disk is the one we expected.
[test_assign1_1.c-test single page content-L92-12:08:15] OK: expected true: character in page read from disk is the one we expected.
[test_assign1_1.c-test single page content-L92-12:08:15] OK: expected true: character in page read from disk is the one we expected.
[test_assign1_1.c-test single page content-L92-12:08:15] OK: expected true: character in page read from disk is the one we expected.
[test_assign1_1.c-test single page content-L92-12:08:15] OK: expected true: character in page read from disk is the one we expected.
[test_assign1_1.c-test single page content-L92-12:08:15] OK: expected true: character in page read from disk is the one we expected.
[test_assign1_1.c-test single page content-L92-12:08:15] OK: expected true: character in page read from disk is the one we expected.
[test_assign1_1.c-test single page content-L92-12:08:15] OK: expected true: character in page read from disk is the one we expected.
[test_assign1_1.c-test single page content-L92-12:08:15] OK: expected true: character in page read from disk is the one we expected.
[test_assign1_1.c-test single page content-L92-12:08:15] OK: expected true: character in page read from disk is the one we expected.
[test_assign1_1.c-test single page content-L92-12:08:15] OK: expected true: character in page read from disk is the one we expected.
[test_assign1_1.c-test single page content-L92-12:08:15] OK: expected true: character in page read from disk is the one we expected.
[test_assign1_1.c-test single page content-L92-12:08:15] OK: expected true: character in page read from disk is the one we expected.
[test_assign1_1.c-test single page content-L92-12:08:15] OK: expected true: character in page read from disk is the one we expected.
[test_assign1_1.c-test single page content-L92-12:08:15] OK: expected true: character in page read from disk is the one we expected.
[test_assign1_1.c-test single page content-L92-12:08:15] OK: expected true: character in page read from disk is the one we expected.
[test_assign1_1.c-test single page content-L92-12:08:15] OK: expected true: character in page read from disk is the one we expected.
[test_assign1_1.c-test single page content-L92-12:08:15] OK: expected true: character in page read from disk is the one we expected.
[test_assign1_1.c-test single page content-L92-12:08:15] OK: expected true: character in page read from disk is the one we expected.
[test_assign1_1.c-test single page content-L92-12:08:15] OK: expected true: character in page read from disk is the one we expected.
[test_assign1_1.c-test single page content-L92-12:08:15] OK: expected true: character in page read from disk is the one we expected.
[test_assign1_1.c-test single page content-L92-12:08:15] OK: expected true: character in page read from disk is the one we expected.
[test_assign1_1.c-test single page content-L92-12:08:15] OK: expected true: character in page read from disk is the one we expected.
[test_assign1_1.c-test single page content-L92-12:08:15] OK: expected true: character in page read from disk is the one we expected.
[test_assign1_1.c-test single page content-L92-12:08:15] OK: expected true: character in page read from disk is the one we expected.
[test_assign1_1.c-test single page content-L92-12:08:15] OK: expected true: character in page read from disk is the one we expected.
[test_assign1_1.c-test single page content-L92-12:08:15] OK: expected true: character in page read from disk is the one we expected.
[test_assign1_1.c-test single page content-L92-12:08:15] OK: expected true: character in page read from disk is the one we expected.
[test_assign1_1.c-test single page content-L92-12:08:15] OK: expected true: character in page read from disk is the one we expected.
[test_assign1_1.c-test single page content-L92-12:08:15] OK: expected true: character in page read from disk is the one we expected.
[test_assign1_1.c-test single page content-L92-12:08:15] OK: expected true: character in page read from disk is the one we expected.
[test_assign1_1.c-test single page content-L92-12:08:15] OK: expected true: character in page read from disk is the one we expected.
[test_assign1_1.c-test single page content-L92-12:08:15] OK: expected true: character in page read from disk is the one we expected.
[test_assign1_1.c-test single page content-L92-12:08:15] OK: expected true: character in page read from disk is the one we expected.
[test_assign1_1.c-test single page content-L92-12:08:15] OK: expected true: character in page read from disk is the one we expected.
[test_assign1_1.c-test single page content-L92-12:08:15] OK: expected true: character in page read from disk is the one we expected.
[test_assign1_1.c-test single page content-L92-12:08:15] OK: expected true: character in page read from disk is the one we expected.
[test_assign1_1.c-test single page content-L92-12:08:15] OK: expected true: character in page read from disk is the one we expected.
[test_assign1_1.c-test single page content-L92-12:08:15] OK: expected true: character in page read from disk is the one we expected.
[test_assign1_1.c-test single page content-L92-12:08:15] OK: expected true: character in page read from disk is the one we expected.
[test_assign1_1.c-test single page content-L92-12:08:15] OK: expected true: character in page read from disk is the one we expected.
[test_assign1_1.c-test single page content-L92-12:08:15] OK: expected true: character in page read from disk is the one we expected.
[test_assign1_1.c-test single page content-L92-12:08:15] OK: expected true: character in page read from disk is the one we expected.
[test_assign1_1.c-test single page content-L92-12:08:15] OK: expected true: character in page read from disk is the one we expected.
[test_assign1_1.c-test single page content-L92-12:08:15] OK: expected true: character in page read from disk is the one we expected.
[test_assign1_1.c-test single page content-L92-12:08:15] OK: expected true: character in page read from disk is the one we expected.
[test_assign1_1.c-test single page content-L92-12:08:15] OK: expected true: character in page read from disk is the one we expected.
[test_assign1_1.c-test single page content-L92-12:08:15] OK: expected true: character in page read from disk is the one we expected.
[test_assign1_1.c-test single page content-L92-12:08:15] OK: expected true: character in page read from disk is the one we expected.
[test_assign1_1.c-test single page content-L92-12:08:15] OK: expected true: character in page read from disk is the one we expected.
[test_assign1_1.c-test single page content-L92-12:08:15] OK: expected true: character in page read from disk is the one we expected.
[test_assign1_1.c-test single page content-L92-12:08:15] OK: expected true: character in page read from disk is the one we expected.
[test_assign1_1.c-test single page content-L92-12:08:15] OK: expected true: character in page read from disk is the one we expected.
[test_assign1_1.c-test single page content-L92-12:08:15] OK: expected true: character in page read from disk is the one we expected.
[test_assign1_1.c-test single page content-L92-12:08:15] OK: expected true: character in page read from disk is the one we expected.
[test_assign1_1.c-test single page content-L92-12:08:15] OK: expected true: character in page read from disk is the one we expected.
[test_assign1_1.c-test single page content-L92-12:08:15] OK: expected true: character in page read from disk is the one we expected.
[test_assign1_1.c-test single page content-L92-12:08:15] OK: expected true: character in page read from disk is the one we expected.
[test_assign1_1.c-test single page content-L92-12:08:15] OK: expected true: character in page read from disk is the one we expected.
[test_assign1_1.c-test single page content-L92-12:08:15] OK: expected true: character in page read from disk is the one we expected.
[test_assign1_1.c-test single page content-L92-12:08:15] OK: expected true: character in page read from disk is the one we expected.
[test_assign1_1.c-test single page content-L92-12:08:15] OK: expected true: character in page read from disk is the one we expected.
[test_assign1_1.c-test single page content-L92-12:08:15] OK: expected true: character in page read from disk is the one we expected.
[test_assign1_1.c-test single page content-L92-12:08:15] OK: expected true: character in page read from disk is the one we expected.
[test_assign1_1.c-test single page content-L92-12:08:15] OK: expected true: character in page read from disk is the one we expected.
[test_assign1_1.c-test single page content-L92-12:08:15] OK: expected true: character in page read from disk is the one we expected.
[test_assign1_1.c-test single page content-L92-12:08:15] OK: expected true: character in page read from disk is the one we expected.
[test_assign1_1.c-test single page content-L92-12:08:15] OK: expected true: character in page read from disk is the one we expected.
[test_assign1_1.c-test single page content-L92-12:08:15] OK: expected true: character in page read from disk is the one we expected.
[test_assign1_1.c-test single page content-L92-12:08:15] OK: expected true: character in page read from disk is the one we expected.
[test_assign1_1.c-test single page content-L92-12:08:15] OK: expected true: character in page read from disk is the one we expected.
[test_assign1_1.c-test single page content-L92-12:08:15] OK: expected true: character in page read from disk is the one we expected.
[test_assign1_1.c-test single page content-L92-12:08:15] OK: expected true: character in page read from disk is the one we expected.
[test_assign1_1.c-test single page content-L92-12:08:15] OK: expected true: character in page read from disk is the one we expected.
[test_assign1_1.c-test single page content-L92-12:08:15] OK: expected true: character in page read from disk is the one we expected.
[test_assign1_1.c-test single page content-L92-12:08:15] OK: expected true: character in page read from disk is the one we expected.
[test_assign1_1.c-test single page content-L92-12:08:15] OK: expected true: character in page read from disk is the one we expected.
[test_assign1_1.c-test single page content-L92-12:08:15] OK: expected true: character in page read from disk is the one we expected.
[test_assign1_1.c-test single page content-L92-12:08:15] OK: expected true: character in page read from disk is the one we expected.
[test_assign1_1.c-test single page content-L92-12:08:15] OK: expected true: character in page read from disk is the one we expected.
[test_assign1_1.c-test single page content-L92-12:08:15] OK: expected true: character in page read from disk is the one we expected.
[test_assign1_1.c-test single page content-L92-12:08:15] OK: expected true: character in page read from disk is the one we expected.
[test_assign1_1.c-test single page content-L92-12:08:15] OK: expected true: character in page read from disk is the one we expected.
[test_assign1_1.c-test single page content-L92-12:08:15] OK: expected true: character in page read from disk is the one we expected.
[test_assign1_1.c-test single page content-L92-12:08:15] OK: expected true: character in page read from disk is the one we expected.
[test_assign1_1.c-test single page content-L92-12:08:15] OK: expected true: character in page read from disk is the one we expected.
[test_assign1_1.c-test single page content-L92-12:08:15] OK: expected true: character in page read from disk is the one we expected.
[test_assign1_1.c-test single page content-L92-12:08:15] OK: expected true: character in page read from disk is the one we expected.
[test_assign1_1.c-test single page content-L92-12:08:15] OK: expected true: character in page read from disk is the one we expected.
[test_assign1_1.c-test single page content-L92-12:08:15] OK: expected true: character in page read from disk is the one we expected.
[test_assign1_1.c-test single page content-L92-12:08:15] OK: expected true: character in page read from disk is the one we expected.
[test_assign1_1.c-test single page content-L92-12:08:15] OK: expected true: character in page read from disk is the one we expected.
[test_assign1_1.c-test single page content-L92-12:08:15] OK: expected true: character in page read from disk is the one we expected.
[test_assign1_1.c-test single page content-L92-12:08:15] OK: expected true: character in page read from disk is the one we expected.
[test_assign1_1.c-test single page content-L92-12:08:15] OK: expected true: character in page read from disk is the one we expected.
[test_assign1_1.c-test single page content-L92-12:08:15] OK: expected true: character in page read from disk is the one we expected.
[test_assign1_1.c-test single page content-L92-12:08:15] OK: expected true: character in page read from disk is the one we expected.
[test_assign1_1.c-test single page content-L92-12:08:15] OK: expected true: character in page read from disk is the one we expected.
[test_assign1_1.c-test single page content-L92-12:08:15] OK: expected true: character in page read from disk is the one we expected.
[test_assign1_1.c-test single page content-L92-12:08:15] OK: expected true: character in page read from disk is the one we expected.
[test_assign1_1.c-test single page content-L92-12:08:15] OK: expected true: character in page read from disk is the one we expected.
[test_assign1_1.c-test single page content-L92-12:08:15] OK: expected true: character in page read from disk is the one we expected.
[test_assign1_1.c-test single page content-L92-12:08:15] OK: expected true: character in page read from disk is the one we expected.
[test_assign1_1.c-test single page content-L92-12:08:15] OK: expected true: character in page read from disk is the one we expected.
[test_assign1_1.c-test single page content-L92-12:08:15] OK: expected true: character in page read from disk is the one we expected.
[test_assign1_1.c-test single page content-L92-12:08:15] OK: expected true: character in page read from disk is the one we expected.
[test_assign1_1.c-test single page content-L92-12:08:15] OK: expected true: character in page read from disk is the one we expected.
[test_assign1_1.c-test single page content-L92-12:08:15] OK: expected true: character in page read from disk is the one we expected.
[test_assign1_1.c-test single page content-L92-12:08:15] OK: expected true: character in page read from disk is the one we expected.
[test_assign1_1.c-test single page content-L92-12:08:15] OK: expected true: character in page read from disk is the one we expected.
[test_assign1_1.c-test single page content-L92-12:08:15] OK: expected true: character in page read from disk is the one we expected.
[test_assign1_1.c-test single page content-L92-12:08:15] OK: expected true: character in page read from disk is the one we expected.
[test_assign1_1.c-test single page content-L92-12:08:15] OK: expected true: character in page read from disk is the one we expected.
[test_assign1_1.c-test single page content-L92-12:08:15] OK: expected true: character in page read from disk is the one we expected.
[test_assign1_1.c-test single page content-L92-12:08:15] OK: expected true: character in page read from disk is the one we expected.
[test_assign1_1.c-test single page content-L92-12:08:15] OK: expected true: character in page read from disk is the one we expected.
[test_assign1_1.c-test single page content-L92-12:08:15] OK: expected true: character in page read from disk is the one we expected.
[test_assign1_1.c-test single page content-L92-12:08:15] OK: expected true: character in page read from disk is the one we expected.
[test_assign1_1.c-test single page content-L92-12:08:15] OK: expected true: character in page read from disk is the one we expected.
[test_assign1_1.c-test single page content-L92-12:08:15] OK: expected true: character in page read from disk is the one we expected.
[test_assign1_1.c-test single page content-L92-12:08:15] OK: expected true: character in page read from disk is the one we expected.
[test_assign1_1.c-test single page content-L92-12:08:15] OK: expected true: character in page read from disk is the one we expected.
[test_assign1_1.c-test single page content-L92-12:08:15] OK: expected true: character in page read from disk is the one we expected.
[test_assign1_1.c-test single page content-L92-12:08:15] OK: expected true: character in page read from disk is the one we expected.
[test_assign1_1.c-test single page content-L92-12:08:15] OK: expected true: character in page read from disk is the one we expected.
[test_assign1_1.c-test single page content-L92-12:08:15] OK: expected true: character in page read from disk is the one we expected.
[test_assign1_1.c-test single page content-L92-12:08:15] OK: expected true: character in page read from disk is the one we expected.
[test_assign1_1.c-test single page content-L92-12:08:15] OK: expected true: character in page read from disk is the one we expected.
[test_assign1_1.c-test single page content-L92-12:08:15] OK: expected true: character in page read from disk is the one we expected.
[test_assign1_1.c-test single page content-L92-12:08:15] OK: expected true: character in page read from disk is the one we expected.
[test_assign1_1.c-test single page content-L92-12:08:15] OK: expected true: character in page read from disk is the one we expected.
[test_assign1_1.c-test single page content-L92-12:08:15] OK: expected true: character in page read from disk is the one we expected.
[test_assign1_1.c-test single page content-L92-12:08:15] OK: expected true: character in page read from disk is the one we expected.
[test_assign1_1.c-test single page content-L92-12:08:15] OK: expected true: character in page read from disk is the one we expected.
[test_assign1_1.c-test single page content-L92-12:08:15] OK: expected true: character in page read from disk is the one we expected.
[test_assign1_1.c-test single page content-L92-12:08:15] OK: expected true: character in page read from disk is the one we expected.
[test_assign1_1.c-test single page content-L92-12:08:15] OK: expected true: character in page read from disk is the one we expected.
[test_assign1_1.c-test single page content-L92-12:08:15] OK: expected true: character in page read from disk is the one we expected.
[test_assign1_1.c-test single page content-L92-12:08:15] OK: expected true: character in page read from disk is the one we expected.
[test_assign1_1.c-test single page content-L92-12:08:15] OK: expected true: character in page read from disk is the one we expected.
[test_assign1_1.c-test single page content-L92-12:08:15] OK: expected true: character in page read from disk is the one we expected.
[test_assign1_1.c-test single page content-L92-12:08:15] OK: expected true: character in page read from disk is the one we expected.
[test_assign1_1.c-test single page content-L92-12:08:15] OK: expected true: character in page read from disk is the one we expected.
[test_assign1_1.c-test single page content-L92-12:08:15] OK: expected true: character in page read from disk is the one we expected.
[test_assign1_1.c-test single page content-L92-12:08:15] OK: expected true: character in page read from disk is the one we expected.
[test_assign1_1.c-test single page content-L92-12:08:15] OK: expected true: character in page read from disk is the one we expected.
[test_assign1_1.c-test single page content-L92-12:08:15] OK: expected true: character in page read from disk is the one we expected.
[test_assign1_1.c-test single page content-L92-12:08:15] OK: expected true: character in page read from disk is the one we expected.
[test_assign1_1.c-test single page content-L92-12:08:15] OK: expected true: character in page read from disk is the one we expected.
[test_assign1_1.c-test single page content-L92-12:08:15] OK: expected true: character in page read from disk is the one we expected.
[test_assign1_1.c-test single page content-L92-12:08:15] OK: expected true: character in page read from disk is the one we expected.
[test_assign1_1.c-test single page content-L92-12:08:15] OK: expected true: character in page read from disk is the one we expected.
[test_assign1_1.c-test single page content-L92-12:08:15] OK: expected true: character in page read from disk is the one we expected.
[test_assign1_1.c-test single page content-L92-12:08:15] OK: expected true: character in page read from disk is the one we expected.
[test_assign1_1.c-test single page content-L92-12:08:15] OK: expected true: character in page read from disk is the one we expected.
[test_assign1_1.c-test single page content-L92-12:08:15] OK: expected true: character in page read from disk is the one we expected.
[test_assign1_1.c-test single page content-L92-12:08:15] OK: expected true: character in page read from disk is the one we expected.
[test_assign1_1.c-test single page content-L92-12:08:15] OK: expected true: character in page read from disk is the one we expected.
[test_assign1_1.c-test single page content-L92-12:08:15] OK: expected true: character in page read from disk is the one we expected.
[test_assign1_1.c-test single page content-L92-12:08:15] OK: expected true: character in page read from disk is the one we expected.
[test_assign1_1.c-test single page content-L92-12:08:15] OK: expected true: character in page read from disk is the one we expected.
[test_assign1_1.c-test single page content-L92-12:08:15] OK: expected true: character in page read from disk is the one we expected.
[test_assign1_1.c-test single page content-L92-12:08:15] OK: expected true: character in page read from disk is the one we expected.
[test_assign1_1.c-test single page content-L92-12:08:15] OK: expected true: character in page read from disk is the one we expected.
[test_assign1_1.c-test single page content-L92-12:08:15] OK: expected true: character in page read from disk is the one we expected.
[test_assign1_1.c-test single page content-L92-12:08:15] OK: expected true: character in page read from disk is the one we expected.
[test_assign1_1.c-test single page content-L92-12:08:15] OK: expected true: character in page read from disk is the one we expected.
[test_assign1_1.c-test single page content-L92-12:08:15] OK: expected true: character in page read from disk is the one we expected.
[test_assign1_1.c-test single page content-L92-12:08:15] OK: expected true: character in page read from disk is the one we expected.
[test_assign1_1.c-test single page content-L92-12:08:15] OK: expected true: character in page read from disk is the one we expected.
[test_assign1_1.c-test single page content-L92-12:08:15] OK: expected true: character in page read from disk is the one we expected.
[test_assign1_1.c-test single page content-L92-12:08:15] OK: expected true: character in page read from disk is the one we expected.
[test_assign1_1.c-test single page content-L92-12:08:15] OK: expected true: character in page read from disk is the one we expected.
[test_assign1_1.c-test single page content-L92-12:08:15] OK: expected true: character in page read from disk is the one we expected.
[test_assign1_1.c-test single page content-L92-12:08:15] OK: expected true: character in page read from disk is the one we expected.
[test_assign1_1.c-test single page content-L92-12:08:15] OK: expected true: character in page read from disk is the one we expected.
[test_assign1_1.c-test single page content-L92-12:08:15] OK: expected true: character in page read from disk is the one we expected.
[test_assign1_1.c-test single page content-L92-12:08:15] OK: expected true: character in page read from disk is the one we expected.
[test_assign1_1.c-test single page content-L92-12:08:15] OK: expected true: character in page read from disk is the one we expected.
[test_assign1_1.c-test single page content-L92-12:08:15] OK: expected true: character in page read from disk is the one we expected.
[test_assign1_1.c-test single page content-L92-12:08:15] OK: expected true: character in page read from disk is the one we expected.
[test_assign1_1.c-test single page content-L92-12:08:15] OK: expected true: character in page read from disk is the one we expected.
[test_assign1_1.c-test single page content-L92-12:08:15] OK: expected true: character in page read from disk is the one we expected.
[test_assign1_1.c-test single page content-L92-12:08:15] OK: expected true: character in page read from disk is the one we expected.
[test_assign1_1.c-test single page content-L92-12:08:15] OK: expected true: character in page read from disk is the one we expected.
[test_assign1_1.c-test single page content-L92-12:08:15] OK: expected true: character in page read from disk is the one we expected.
[test_assign1_1.c-test single page content-L92-12:08:15] OK: expected true: character in page read from disk is the one we expected.
[test_assign1_1.c-test single page content-L92-12:08:15] OK: expected true: character in page read from disk is the one we expected.
[test_assign1_1.c-test single page content-L92-12:08:15] OK: expected true: character in page read from disk is the one we expected.
[test_assign1_1.c-test single page content-L92-12:08:15] OK: expected true: character in page read from disk is the one we expected.
[test_assign1_1.c-test single page content-L92-12:08:15] OK: expected true: character in page read from disk is the one we expected.
[test_assign1_1.c-test single page content-L92-12:08:15] OK: expected true: character in page read from disk is the one we expected.
[test_assign1_1.c-test single page content-L92-12:08:15] OK: expected true: character in page read from disk is the one we expected.
[test_assign1_1.c-test single page content-L92-12:08:15] OK: expected true: character in page read from disk is the one we expected.
[test_assign1_1.c-test single page content-L92-12:08:15] OK: expected true: character in page read from disk is the one we expected.
[test_assign1_1.c-test single page content-L92-12:08:15] OK: expected true: character in page read from disk is the one we expected.
[test_assign1_1.c-test single page content-L92-12:08:15] OK: expected true: character in page read from disk is the one we expected.
[test_assign1_1.c-test single page content-L92-12:08:15] OK: expected true: character in page read from disk is the one we expected.
[test_assign1_1.c-test single page content-L92-12:08:15] OK: expected true: character in page read from disk is the one we expected.
[test_assign1_1.c-test single page content-L92-12:08:15] OK: expected true: character in page read from disk is the one we expected.
[test_assign1_1.c-test single page content-L92-12:08:15] OK: expected true: character in page read from disk is the one we expected.
[test_assign1_1.c-test single page content-L92-12:08:15] OK: expected true: character in page read from disk is the one we expected.
[test_assign1_1.c-test single page content-L92-12:08:15] OK: expected true: character in page read from disk is the one we expected.
[test_assign1_1.c-test single page content-L92-12:08:15] OK: expected true: character in page read from disk is the one we expected.
[test_assign1_1.c-test single page content-L92-12:08:15] OK: expected true: character in page read from disk is the one we expected.
[test_assign1_1.c-test single page content-L92-12:08:15] OK: expected true: character in page read from disk is the one we expected.
[test_assign1_1.c-test single page content-L92-12:08:15] OK: expected true: character in page read from disk is the one we expected.
[test_assign1_1.c-test single page content-L92-12:08:15] OK: expected true: character in page read from disk is the one we expected.
[test_assign1_1.c-test single page content-L92-12:08:15] OK: expected true: character in page read from disk is the one we expected.
[test_assign1_1.c-test single page content-L92-12:08:15] OK: expected true: character in page read from disk is the one we expected.
[test_assign1_1.c-test single page content-L92-12:08:15] OK: expected true: character in page read from disk is the one we expected.
[test_assign1_1.c-test single page content-L92-12:08:15] OK: expected true: character in page read from disk is the one we expected.
[test_assign1_1.c-test single page content-L92-12:08:15] OK: expected true: character in page read from disk is the one we expected.
[test_assign1_1.c-test single page content-L92-12:08:15] OK: expected true: character in page read from disk is the one we expected.
[test_assign1_1.c-test single page content-L92-12:08:15] OK: expected true: character in page read from disk is the one we expected.
[test_assign1_1.c-test single page content-L92-12:08:15] OK: expected true: character in page read from disk is the one we expected.
[test_assign1_1.c-test single page content-L92-12:08:15] OK: expected true: character in page read from disk is the one we expected.
[test_assign1_1.c-test single page content-L92-12:08:15] OK: expected true: character in page read from disk is the one we expected.
[test_assign1_1.c-test single page content-L92-12:08:15] OK: expected true: character in page read from disk is the one we expected.
[test_assign1_1.c-test single page content-L92-12:08:15] OK: expected true: character in page read from disk is the one we expected.
[test_assign1_1.c-test single page content-L92-12:08:15] OK: expected true: character in page read from disk is the one we expected.
[test_assign1_1.c-test single page content-L92-12:08:15] OK: expected true: character in page read from disk is the one we expected.
[test_assign1_1.c-test single page content-L92-12:08:15] OK: expected true: character in page read from disk is the one we expected.
[test_assign1_1.c-test single page content-L92-12:08:15] OK: expected true: character in page read from disk is the one we expected.
[test_assign1_1.c-test single page content-L92-12:08:15] OK: expected true: character in page read from disk is the one we expected.
[test_assign1_1.c-test single page content-L92-12:08:15] OK: expected true: character in page read from disk is the one we expected.
[test_assign1_1.c-test single page content-L92-12:08:15] OK: expected true: character in page read from disk is the one we expected.
[test_assign1_1.c-test single page content-L92-12:08:15] OK: expected true: character in page read from disk is the one we expected.
[test_assign1_1.c-test single page content-L92-12:08:15] OK: expected true: character in page read from disk is the one we expected.
[test_assign1_1.c-test single page content-L92-12:08:15] OK: expected true: character in page read from disk is the one we expected.
[test_assign1_1.c-test single page content-L92-12:08:15] OK: expected true: character in page read from disk is the one we expected.
[test_assign1_1.c-test single page content-L92-12:08:15] OK: expected true: character in page read from disk is the one we expected.
[test_assign1_1.c-test single page content-L92-12:08:15] OK: expected true: character in page read from disk is the one we expected.
[test_assign1_1.c-test single page content-L92-12:08:15] OK: expected true: character in page read from disk is the one we expected.
[test_assign1_1.c-test single page content-L92-12:08:15] OK: expected true: character in page read from disk is the one we expected.
[test_assign1_1.c-test single page content-L92-12:08:15] OK: expected true: character in page read from disk is the one we expected.
[test_assign1_1.c-test single page content-L92-12:08:15] OK: expected true: character in page read from disk is the one we expected.
[test_assign1_1.c-test single page content-L92-12:08:15] OK: expected true: character in page read from disk is the one we expected.
[test_assign1_1.c-test single page content-L92-12:08:15] OK: expected true: character in page read from disk is the one we expected.
[test_assign1_1.c-test single page content-L92-12:08:15] OK: expected true: character in page read from disk is the one we expected.
[test_assign1_1.c-test single page content-L92-12:08:15] OK: expected true: character in page read from disk is the one we expected.
[test_assign1_1.c-test single page content-L92-12:08:15] OK: expected true: character in page read from disk is the one we expected.
[test_assign1_1.c-test single page content-L92-12:08:15] OK: expected true: character in page read from disk is the one we expected.
[test_assign1_1.c-test single page content-L92-12:08:15] OK: expected true: character in page read from disk is the one we expected.
[test_assign1_1.c-test single page content-L92-12:08:15] OK: expected true: character in page read from disk is the one we expected.
[test_assign1_1.c-test single page content-L92-12:08:15] OK: expected true: character in page read from disk is the one we expected.
[test_assign1_1.c-test single page content-L92-12:08:15] OK: expected true: character in page read from disk is the one we expected.
[test_assign1_1.c-test single page content-L92-12:08:15] OK: expected true: character in page read from disk is the one we expected.
[test_assign1_1.c-test single page content-L92-12:08:15] OK: expected true: character in page read from disk is the one we expected.
[test_assign1_1.c-test single page content-L92-12:08:15] OK: expected true: character in page read from disk is the one we expected.
[test_assign1_1.c-test single page content-L92-12:08:15] OK: expected true: character in page read from disk is the one we expected.
[test_assign1_1.c-test single page content-L92-12:08:15] OK: expected true: character in page read from disk is the one we expected.
[test_assign1_1.c-test single page content-L92-12:08:15] OK: expected true: character in page read from disk is the one we expected.
[test_assign1_1.c-test single page content-L92-12:08:15] OK: expected true: character in page read from disk is the one we expected.
[test_assign1_1.c-test single page content-L92-12:08:15] OK: expected true: character in page read from disk is the one we expected.
[test_assign1_1.c-test single page content-L92-12:08:15] OK: expected true: character in page read from disk is the one we expected.
[test_assign1_1.c-test single page content-L92-12:08:15] OK: expected true: character in page read from disk is the one we expected.
[test_assign1_1.c-test single page content-L92-12:08:15] OK: expected true: character in page read from disk is the one we expected.
[test_assign1_1.c-test single page content-L92-12:08:15] OK: expected true: character in page read from disk is the one we expected.
[test_assign1_1.c-test single page content-L92-12:08:15] OK: expected true: character in page read from disk is the one we expected.
[test_assign1_1.c-test single page content-L92-12:08:15] OK: expected true: character in page read from disk is the one we expected.
[test_assign1_1.c-test single page content-L92-12:08:15] OK: expected true: character in page read from disk is the one we expected.
[test_assign1_1.c-test single page content-L92-12:08:15] OK: expected true: character in page read from disk is the one we expected.
[test_assign1_1.c-test single page content-L92-12:08:15] OK: expected true: character in page read from disk is the one we expected.
[test_assign1_1.c-test single page content-L92-12:08:15] OK: expected true: character in page read from disk is the one we expected.
[test_assign1_1.c-test single page content-L92-12:08:15] OK: expected true: character in page read from disk is the one we expected.
[test_assign1_1.c-test single page content-L92-12:08:15] OK: expected true: character in page read from disk is the one we expected.
[test_assign1_1.c-test single page content-L92-12:08:15] OK: expected true: character in page read from disk is the one we expected.
[test_assign1_1.c-test single page content-L92-12:08:15] OK: expected true: character in page read from disk is the one we expected.
[test_assign1_1.c-test single page content-L92-12:08:15] OK: expected true: character in page read from disk is the one we expected.
[test_assign1_1.c-test single page content-L92-12:08:15] OK: expected true: character in page read from disk is the one we expected.
[test_assign1_1.c-test single page content-L92-12:08:15] OK: expected true: character in page read from disk is the one we expected.
[test_assign1_1.c-test single page content-L92-12:08:15] OK: expected true: character in page read from disk is the one we expected.
[test_assign1_1.c-test single page content-L92-12:08:15] OK: expected true: character in page read from disk is the one we expected.
[test_assign1_1.c-test single page content-L92-12:08:15] OK: expected true: character in page read from disk is the one we expected.
[test_assign1_1.c-test single page content-L92-12:08:15] OK: expected true: character in page read from disk is the one we expected.
[test_assign1_1.c-test single page content-L92-12:08:15] OK: expected true: character in page read from disk is the one we expected.
[test_assign1_1.c-test single page content-L92-12:08:15] OK: expected true: character in page read from disk is the one we expected.
[test_assign1_1.c-test single page content-L92-12:08:15] OK: expected true: character in page read from disk is the one we expected.
[test_assign1_1.c-test single page content-L92-12:08:15] OK: expected true: character in page read from disk is the one we expected.
[test_assign1_1.c-test single page content-L92-12:08:15] OK: expected true: character in page read from disk is the one we expected.
[test_assign1_1.c-test single page content-L92-12:08:15] OK: expected true: character in page read from disk is the one we expected.
[test_assign1_1.c-test single page content-L92-12:08:15] OK: expected true: character in page read from disk is the one we expected.
[test_assign1_1.c-test single page content-L92-12:08:15] OK: expected true: character in page read from disk is the one we expected.
[test_assign1_1.c-test single page content-L92-12:08:15] OK: expected true: character in page read from disk is the one we expected.
[test_assign1_1.c-test single page content-L92-12:08:15] OK: expected true: character in page read from disk is the one we expected.
[test_assign1_1.c-test single page content-L92-12:08:15] OK: expected true: character in page read from disk is the one we expected.
[test_assign1_1.c-test single page content-L92-12:08:15] OK: expected true: character in page read from disk is the one we expected.
[test_assign1_1.c-test single page content-L92-12:08:15] OK: expected true: character in page read from disk is the one we expected.
[test_assign1_1.c-test single page content-L92-12:08:15] OK: expected true: character in page read from disk is the one we expected.
[test_assign1_1.c-test single page content-L92-12:08:15] OK: expected true: character in page read from disk is the one we expected.
[test_assign1_1.c-test single page content-L92-12:08:15] OK: expected true: character in page read from disk is the one we expected.
[test_assign1_1.c-test single page content-L92-12:08:15] OK: expected true: character in page read from disk is the one we expected.
[test_assign1_1.c-test single page content-L92-12:08:15] OK: expected true: character in page read from disk is the one we expected.
[test_assign1_1.c-test single page content-L92-12:08:15] OK: expected true: character in page read from disk is the one we expected.
[test_assign1_1.c-test single page content-L92-12:08:15] OK: expected true: character in page read from disk is the one we expected.
[test_assign1_1.c-test single page content-L92-12:08:15] OK: expected true: character in page read from disk is the one we expected.
[test_assign1_1.c-test single page content-L92-12:08:15] OK: expected true: character in page read from disk is the one we expected.
[test_assign1_1.c-test single page content-L92-12:08:15] OK: expected true: character in page read from disk is the one we expected.
[test_assign1_1.c-test single page content-L92-12:08:15] OK: expected true: character in page read from disk is the one we expected.
[test_assign1_1.c-test single page content-L92-12:08:15] OK: expected true: character in page read from disk is the one we expected.
[test_assign1_1.c-test single page content-L92-12:08:15] OK: expected true: character in page read from disk is the one we expected.
[test_assign1_1.c-test single page content-L92-12:08:15] OK: expected true: character in page read from disk is the one we expected.
[test_assign1_1.c-test single page content-L92-12:08:15] OK: expected true: character in page read from disk is the one we expected.
[test_assign1_1.c-test single page content-L92-12:08:15] OK: expected true: character in page read from disk is the one we expected.
[test_assign1_1.c-test single page content-L92-12:08:15] OK: expected true: character in page read from disk is the one we expected.
[test_assign1_1.c-test single page content-L92-12:08:15] OK: expected true: character in page read from disk is the one we expected.
[test_assign1_1.c-test single page content-L92-12:08:15] OK: expected true: character in page read from disk is the one we expected.
[test_assign1_1.c-test single page content-L92-12:08:15] OK: expected true: character in page read from disk is the one we expected.
[test_assign1_1.c-test single page content-L92-12:08:15] OK: expected true: character in page read from disk is the one we expected.
[test_assign1_1.c-test single page content-L92-12:08:15] OK: expected true: character in page read from disk is the one we expected.
[test_assign1_1.c-test single page content-L92-12:08:15] OK: expected true: character in page read from disk is the one we expected.
[test_assign1_1.c-test single page content-L92-12:08:15] OK: expected true: character in page read from disk is the one we expected.
[test_assign1_1.c-test single page content-L92-12:08:15] OK: expected true: character in page read from disk is the one we expected.
[test_assign1_1.c-test single page content-L92-12:08:15] OK: expected true: character in page read from disk is the one we expected.
[test_assign1_1.c-test single page content-L92-12:08:15] OK: expected true: character in page read from disk is the one we expected.
[test_assign1_1.c-test single page content-L92-12:08:15] OK: expected true: character in page read from disk is the one we expected.
[test_assign1_1.c-test single page content-L92-12:08:15] OK: expected true: character in page read from disk is the one we expected.
[test_assign1_1.c-test single page content-L92-12:08:15] OK: expected true: character in page read from disk is the one we expected.
[test_assign1_1.c-test single page content-L92-12:08:15] OK: expected true: character in page read from disk is the one we expected.
[test_assign1_1.c-test single page content-L92-12:08:15] OK: expected true: character in page read from disk is the one we expected.
[test_assign1_1.c-test single page content-L92-12:08:15] OK: expected true: character in page read from disk is the one we expected.
[test_assign1_1.c-test single page content-L92-12:08:15] OK: expected true: character in page read from disk is the one we expected.
[test_assign1_1.c-test single page content-L92-12:08:15] OK: expected true: character in page read from disk is the one we expected.
[test_assign1_1.c-test single page content-L92-12:08:15] OK: expected true: character in page read from disk is the one we expected.
[test_assign1_1.c-test single page content-L92-12:08:15] OK: expected true: character in page read from disk is the one we expected.
[test_assign1_1.c-test single page content-L92-12:08:15] OK: expected true: character in page read from disk is the one we expected.
[test_assign1_1.c-test single page content-L92-12:08:15] OK: expected true: character in page read from disk is the one we expected.
[test_assign1_1.c-test single page content-L92-12:08:15] OK: expected true: character in page read from disk is the one we expected.
[test_assign1_1.c-test single page content-L92-12:08:15] OK: expected true: character in page read from disk is the one we expected.
[test_assign1_1.c-test single page content-L92-12:08:15] OK: expected true: character in page read from disk is the one we expected.
[test_assign1_1.c-test single page content-L92-12:08:15] OK: expected true: character in page read from disk is the one we expected.
[test_assign1_1.c-test single page content-L92-12:08:15] OK: expected true: character in page read from disk is the one we expected.
[test_assign1_1.c-test single page content-L92-12:08:15] OK: expected true: character in page read from disk is the one we expected.
[test_assign1_1.c-test single page content-L92-12:08:15] OK: expected true: character in page read from disk is the one we expected.
[test_assign1_1.c-test single page content-L92-12:08:15] OK: expected true: character in page read from disk is the one we expected.
[test_assign1_1.c-test single page content-L92-12:08:15] OK: expected true: character in page read from disk is the one we expected.
[test_assign1_1.c-test single page content-L92-12:08:15] OK: expected true: character in page read from disk is the one we expected.
[test_assign1_1.c-test single page content-L92-12:08:15] OK: expected true: character in page read from disk is the one we expected.
[test_assign1_1.c-test single page content-L92-12:08:15] OK: expected true: character in page read from disk is the one we expected.
[test_assign1_1.c-test single page content-L92-12:08:15] OK: expected true: character in page read from disk is the one we expected.
[test_assign1_1.c-test single page content-L92-12:08:15] OK: expected true: character in page read from disk is the one we expected.
[test_assign1_1.c-test single page content-L92-12:08:15] OK: expected true: character in page read from disk is the one we expected.
[test_assign1_1.c-test single page content-L92-12:08:15] OK: expected true: character in page read from disk is the one we expected.
[test_assign1_1.c-test single page content-L92-12:08:15] OK: expected true: character in page read from disk is the one we expected.
[test_assign1_1.c-test single page content-L92-12:08:15] OK: expected true: character in page read from disk is the one we expected.
[test_assign1_1.c-test single page content-L92-12:08:15] OK: expected true: character in page read from disk is the one we expected.
[test_assign1_1.c-test single page content-L92-12:08:15] OK: expected true: character in page read from disk is the one we expected.
[test_assign1_1.c-test single page content-L92-12:08:15] OK: expected true: character in page read from disk is the one we expected.
[test_assign1_1.c-test single page content-L92-12:08:15] OK: expected true: character in page read from disk is the one we expected.
[test_assign1_1.c-test single page content-L92-12:08:15] OK: expected true: character in page read from disk is the one we expected.
[test_assign1_1.c-test single page content-L92-12:08:15] OK: expected true: character in page read from disk is the one we expected.
[test_assign1_1.c-test single page content-L92-12:08:15] OK: expected true: character in page read from disk is the one we expected.
[test_assign1_1.c-test single page content-L92-12:08:15] OK: expected true: character in page read from disk is the one we expected.
[test_assign1_1.c-test single page content-L92-12:08:15] OK: expected true: character in page read from disk is the one we expected.
[test_assign1_1.c-test single page content-L92-12:08:15] OK: expected true: character in page read from disk is the one we expected.
[test_assign1_1.c-test single page content-L92-12:08:15] OK: expected true: character in page read from disk is the one we expected.
[test_assign1_1.c-test single page content-L92-12:08:15] OK: expected true: character in page read from disk is the one we expected.
[test_assign1_1.c-test single page content-L92-12:08:15] OK: expected true: character in page read from disk is the one we expected.
[test_assign1_1.c-test single page content-L92-12:08:15] OK: expected true: character in page read from disk is the one we expected.
[test_assign1_1.c-test single page content-L92-12:08:15] OK: expected true: character in page read from disk is the one we expected.
[test_assign1_1.c-test single page content-L92-12:08:15] OK: expected true: character in page read from disk is the one we expected.
[test_assign1_1.c-test single page content-L92-12:08:15] OK: expected true: character in page read from disk is the one we expected.
[test_assign1_1.c-test single page content-L92-12:08:15] OK: expected true: character in page read from disk is the one we expected.
[test_assign1_1.c-test single page content-L92-12:08:15] OK: expected true: character in page read from disk is the one we expected.
[test_assign1_1.c-test single page content-L92-12:08:15] OK: expected true: character in page read from disk is the one we expected.
[test_assign1_1.c-test single page content-L92-12:08:15] OK: expected true: character in page read from disk is the one we expected.
[test_assign1_1.c-test single page content-L92-12:08:15] OK: expected true: character in page read from disk is the one we expected.
[test_assign1_1.c-test single page content-L92-12:08:15] OK: expected true: character in page read from disk is the one we expected.
[test_assign1_1.c-test single page content-L92-12:08:15] OK: expected true: character in page read from disk is the one we expected.
[test_assign1_1.c-test single page content-L92-12:08:15] OK: expected true: character in page read from disk is the one we expected.
[test_assign1_1.c-test single page content-L92-12:08:15] OK: expected true: character in page read from disk is the one we expected.
[test_assign1_1.c-test single page content-L92-12:08:15] OK: expected true: character in page read from disk is the one we expected.
[test_assign1_1.c-test single page content-L92-12:08:15] OK: expected true: character in page read from disk is the one we expected.
[test_assign1_1.c-test single page content-L92-12:08:15] OK: expected true: character in page read from disk is the one we expected.
[test_assign1_1.c-test single page content-L92-12:08:15] OK: expected true: character in page read from disk is the one we expected.
[test_assign1_1.c-test single page content-L92-12:08:15] OK: expected true: character in page read from disk is the one we expected.
[test_assign1_1.c-test single page content-L92-12:08:15] OK: expected true: character in page read from disk is the one we expected.
[test_assign1_1.c-test single page content-L92-12:08:15] OK: expected true: character in page read from disk is the one we expected.
[test_assign1_1.c-test single page content-L92-12:08:15] OK: expected true: character in page read from disk is the one we expected.
[test_assign1_1.c-test single page content-L92-12:08:15] OK: expected true: character in page read from disk is the one we expected.
[test_assign1_1.c-test single page content-L92-12:08:15] OK: expected true: character in page read from disk is the one we expected.
[test_assign1_1.c-test single page content-L92-12:08:15] OK: expected true: character in page read from disk is the one we expected.
[test_assign1_1.c-test single page content-L92-12:08:15] OK: expected true: character in page read from disk is the one we expected.
[test_assign1_1.c-test single page content-L92-12:08:15] OK: expected true: character in page read from disk is the one we expected.
[test_assign1_1.c-test single page content-L92-12:08:15] OK: expected true: character in page read from disk is the one we expected.
[test_assign1_1.c-test single page content-L92-12:08:15] OK: expected true: character in page read from disk is the one we expected.
[test_assign1_1.c-test single page content-L92-12:08:15] OK: expected true: character in page read from disk is the one we expected.
[test_assign1_1.c-test single page content-L92-12:08:15] OK: expected true: character in page read from disk is the one we expected.
[test_assign1_1.c-test single page content-L92-12:08:15] OK: expected true: character in page read from disk is the one we expected.
[test_assign1_1.c-test single page content-L92-12:08:15] OK: expected true: character in page read from disk is the one we expected.
[test_assign1_1.c-test single page content-L92-12:08:15] OK: expected true: character in page read from disk is the one we expected.
[test_assign1_1.c-test single page content-L92-12:08:15] OK: expected true: character in page read from disk is the one we expected.
[test_assign1_1.c-test single page content-L92-12:08:15] OK: expected true: character in page read from disk is the one we expected.
[test_assign1_1.c-test single page content-L92-12:08:15] OK: expected true: character in page read from disk is the one we expected.
[test_assign1_1.c-test single page content-L92-12:08:15] OK: expected true: character in page read from disk is the one we expected.
[test_assign1_1.c-test single page content-L92-12:08:15] OK: expected true: character in page read from disk is the one we expected.
[test_assign1_1.c-test single page content-L92-12:08:15] OK: expected true: character in page read from disk is the one we expected.
[test_assign1_1.c-test single page content-L92-12:08:15] OK: expected true: character in page read from disk is the one we expected.
[test_assign1_1.c-test single page content-L92-12:08:15] OK: expected true: character in page read from disk is the one we expected.
[test_assign1_1.c-test single page content-L92-12:08:15] OK: expected true: character in page read from disk is the one we expected.
[test_assign1_1.c-test single page content-L92-12:08:15] OK: expected true: character in page read from disk is the one we expected.
[test_assign1_1.c-test single page content-L92-12:08:15] OK: expected true: character in page read from disk is the one we expected.
[test_assign1_1.c-test single page content-L92-12:08:15] OK: expected true: character in page read from disk is the one we expected.
[test_assign1_1.c-test single page content-L92-12:08:15] OK: expected true: character in page read from disk is the one we expected.
[test_assign1_1.c-test single page content-L92-12:08:15] OK: expected true: character in page read from disk is the one we expected.
[test_assign1_1.c-test single page content-L92-12:08:15] OK: expected true: character in page read from disk is the one we expected.
[test_assign1_1.c-test single page content-L92-12:08:15] OK: expected true: character in page read from disk is the one we expected.
[test_assign1_1.c-test single page content-L92-12:08:15] OK: expected true: character in page read from disk is the one we expected.
[test_assign1_1.c-test single page content-L92-12:08:15] OK: expected true: character in page read from disk is the one we expected.
[test_assign1_1.c-test single page content-L92-12:08:15] OK: expected true: character in page read from disk is the one we expected.
[test_assign1_1.c-test single page content-L92-12:08:15] OK: expected true: character in page read from disk is the one we expected.
[test_assign1_1.c-test single page content-L92-12:08:15] OK: expected true: character in page read from disk is the one we expected.
[test_assign1_1.c-test single page content-L92-12:08:15] OK: expected true: character in page read from disk is the one we expected.
[test_assign1_1.c-test single page content-L92-12:08:15] OK: expected true: character in page read from disk is the one we expected.
[test_assign1_1.c-test single page content-L92-12:08:15] OK: expected true: character in page read from disk is the one we expected.
[test_assign1_1.c-test single page content-L92-12:08:15] OK: expected true: character in page read from disk is the one we expected.
[test_assign1_1.c-test single page content-L92-12:08:15] OK: expected true: character in page read from disk is the one we expected.
[test_assign1_1.c-test single page content-L92-12:08:15] OK: expected true: character in page read from disk is the one we expected.
[test_assign1_1.c-test single page content-L92-12:08:15] OK: expected true: character in page read from disk is the one we expected.
[test_assign1_1.c-test single page content-L92-12:08:15] OK: expected true: character in page read from disk is the one we expected.
[test_assign1_1.c-test single page content-L92-12:08:15] OK: expected true: character in page read from disk is the one we expected.
[test_assign1_1.c-test single page content-L92-12:08:15] OK: expected true: character in page read from disk is the one we expected.
[test_assign1_1.c-test single page content-L92-12:08:15] OK: expected true: character in page read from disk is the one we expected.
[test_assign1_1.c-test single page content-L92-12:08:15] OK: expected true: character in page read from disk is the one we expected.
[test_assign1_1.c-test single page content-L92-12:08:15] OK: expected true: character in page read from disk is the one we expected.
[test_assign1_1.c-test single page content-L92-12:08:15] OK: expected true: character in page read from disk is the one we expected.
[test_assign1_1.c-test single page content-L92-12:08:15] OK: expected true: character in page read from disk is the one we expected.
[test_assign1_1.c-test single page content-L92-12:08:15] OK: expected true: character in page read from disk is the one we expected.
[test_assign1_1.c-test single page content-L92-12:08:15] OK: expected true: character in page read from disk is the one we expected.
[test_assign1_1.c-test single page content-L92-12:08:15] OK: expected true: character in page read from disk is the one we expected.
[test_assign1_1.c-test single page content-L92-12:08:15] OK: expected true: character in page read from disk is the one we expected.
[test_assign1_1.c-test single page content-L92-12:08:15] OK: expected true: character in page read from disk is the one we expected.
[test_assign1_1.c-test single page content-L92-12:08:15] OK: expected true: character in page read from disk is the one we expected.
[test_assign1_1.c-test single page content-L92-12:08:15] OK: expected true: character in page read from disk is the one we expected.
[test_assign1_1.c-test single page content-L92-12:08:15] OK: expected true: character in page read from disk is the one we expected.
[test_assign1_1.c-test single page content-L92-12:08:15] OK: expected true: character in page read from disk is the one we expected.
[test_assign1_1.c-test single page content-L92-12:08:15] OK: expected true: character in page read from disk is the one we expected.
[test_assign1_1.c-test single page content-L92-12:08:15] OK: expected true: character in page read from disk is the one we expected.
[test_assign1_1.c-test single page content-L92-12:08:15] OK: expected true: character in page read from disk is the one we expected.
[test_assign1_1.c-test single page content-L92-12:08:15] OK: expected true: character in page read from disk is the one we expected.
[test_assign1_1.c-test single page content-L92-12:08:15] OK: expected true: character in page read from disk is the one we expected.
[test_assign1_1.c-test single page content-L92-12:08:15] OK: expected true: character in page read from disk is the one we expected.
[test_assign1_1.c-test single page content-L92-12:08:15] OK: expected true: character in page read from disk is the one we expected.
[test_assign1_1.c-test single page content-L92-12:08:15] OK: expected true: character in page read from disk is the one we expected.
[test_assign1_1.c-test single page content-L92-12:08:15] OK: expected true: character in page read from disk is the one we expected.
[test_assign1_1.c-test single page content-L92-12:08:15] OK: expected true: character in page read from disk is the one we expected.
[test_assign1_1.c-test single page content-L92-12:08:15] OK: expected true: character in page read from disk is the one we expected.
[test_assign1_1.c-test single page content-L92-12:08:15] OK: expected true: character in page read from disk is the one we expected.
[test_assign1_1.c-test single page content-L92-12:08:15] OK: expected true: character in page read from disk is the one we expected.
[test_assign1_1.c-test single page content-L92-12:08:15] OK: expected true: character in page read from disk is the one we expected.
[test_assign1_1.c-test single page content-L92-12:08:15] OK: expected true: character in page read from disk is the one we expected.
[test_assign1_1.c-test single page content-L92-12:08:15] OK: expected true: character in page read from disk is the one we expected.
[test_assign1_1.c-test single page content-L92-12:08:15] OK: expected true: character in page read from disk is the one we expected.
[test_assign1_1.c-test single page content-L92-12:08:15] OK: expected true: character in page read from disk is the one we expected.
[test_assign1_1.c-test single page content-L92-12:08:15] OK: expected true: character in page read from disk is the one we expected.
[test_assign1_1.c-test single page content-L92-12:08:15] OK: expected true: character in page read from disk is the one we expected.
[test_assign1_1.c-test single page content-L92-12:08:15] OK: expected true: character in page read from disk is the one we expected.
[test_assign1_1.c-test single page content-L92-12:08:15] OK: expected true: character in page read from disk is the one we expected.
[test_assign1_1.c-test single page content-L92-12:08:15] OK: expected true: character in page read from disk is the one we expected.
[test_assign1_1.c-test single page content-L92-12:08:15] OK: expected true: character in page read from disk is the one we expected.
[test_assign1_1.c-test single page content-L92-12:08:15] OK: expected true: character in page read from disk is the one we expected.
[test_assign1_1.c-test single page content-L92-12:08:15] OK: expected true: character in page read from disk is the one we expected.
[test_assign1_1.c-test single page content-L92-12:08:15] OK: expected true: character in page read from disk is the one we expected.
[test_assign1_1.c-test single page content-L92-12:08:15] OK: expected true: character in page read from disk is the one we expected.
[test_assign1_1.c-test single page content-L92-12:08:15] OK: expected true: character in page read from disk is the one we expected.
[test_assign1_1.c-test single page content-L92-12:08:15] OK: expected true: character in page read from disk is the one we expected.
[test_assign1_1.c-test single page content-L92-12:08:15] OK: expected true: character in page read from disk is the one we expected.
[test_assign1_1.c-test single page content-L92-12:08:15] OK: expected true: character in page read from disk is the one we expected.
[test_assign1_1.c-test single page content-L92-12:08:15] OK: expected true: character in page read from disk is the one we expected.
[test_assign1_1.c-test single page content-L92-12:08:15] OK: expected true: character in page read from disk is the one we expected.
[test_assign1_1.c-test single page content-L92-12:08:15] OK: expected true: character in page read from disk is the one we expected.
[test_assign1_1.c-test single page content-L92-12:08:15] OK: expected true: character in page read from disk is the one we expected.
[test_assign1_1.c-test single page content-L92-12:08:15] OK: expected true: character in page read from disk is the one we expected.
[test_assign1_1.c-test single page content-L92-12:08:15] OK: expected true: character in page read from disk is the one we expected.
[test_assign1_1.c-test single page content-L92-12:08:15] OK: expected true: character in page read from disk is the one we expected.
[test_assign1_1.c-test single page content-L92-12:08:15] OK: expected true: character in page read from disk is the one we expected.
[test_assign1_1.c-test single page content-L92-12:08:15] OK: expected true: character in page read from disk is the one we expected.
[test_assign1_1.c-test single page content-L92-12:08:15] OK: expected true: character in page read from disk is the one we expected.
[test_assign1_1.c-test single page content-L92-12:08:15] OK: expected true: character in page read from disk is the one we expected.
[test_assign1_1.c-test single page content-L92-12:08:15] OK: expected true: character in page read from disk is the one we expected.
[test_assign1_1.c-test single page content-L92-12:08:15] OK: expected true: character in page read from disk is the one we expected.
[test_assign1_1.c-test single page content-L92-12:08:15] OK: expected true: character in page read from disk is the one we expected.
[test_assign1_1.c-test single page content-L92-12:08:15] OK: expected true: character in page read from disk is the one we expected.
[test_assign1_1.c-test single page content-L92-12:08:15] OK: expected true: character in page read from disk is the one we expected.
[test_assign1_1.c-test single page content-L92-12:08:15] OK: expected true: character in page read from disk is the one we expected.
[test_assign1_1.c-test single page content-L92-12:08:15] OK: expected true: character in page read from disk is the one we expected.
[test_assign1_1.c-test single page content-L92-12:08:15] OK: expected true: character in page read from disk is the one we expected.
[test_assign1_1.c-test single page content-L92-12:08:15] OK: expected true: character in page read from disk is the one we expected.
[test_assign1_1.c-test single page content-L92-12:08:15] OK: expected true: character in page read from disk is the one we expected.
[test_assign1_1.c-test single page content-L92-12:08:15] OK: expected true: character in page read from disk is the one we expected.
[test_assign1_1.c-test single page content-L92-12:08:15] OK: expected true: character in page read from disk is the one we expected.
[test_assign1_1.c-test single page content-L92-12:08:15] OK: expected true: character in page read from disk is the one we expected.
[test_assign1_1.c-test single page content-L92-12:08:15] OK: expected true: character in page read from disk is the one we expected.
[test_assign1_1.c-test single page content-L92-12:08:15] OK: expected true: character in page read from disk is the one we expected.
[test_assign1_1.c-test single page content-L92-12:08:15] OK: expected true: character in page read from disk is the one we expected.
[test_assign1_1.c-test single page content-L92-12:08:15] OK: expected true: character in page read from disk is the one we expected.
[test_assign1_1.c-test single page content-L92-12:08:15] OK: expected true: character in page read from disk is the one we expected.
[test_assign1_1.c-test single page content-L92-12:08:15] OK: expected true: character in page read from disk is the one we expected.
[test_assign1_1.c-test single page content-L92-12:08:15] OK: expected true: character in page read from disk is the one we expected.
[test_assign1_1.c-test single page content-L92-12:08:15] OK: expected true: character in page read from disk is the one we expected.
[test_assign1_1.c-test single page content-L92-12:08:15] OK: expected true: character in page read from disk is the one we expected.
[test_assign1_1.c-test single page content-L92-12:08:15] OK: expected true: character in page read from disk is the one we expected.
[test_assign1_1.c-test single page content-L92-12:08:15] OK: expected true: character in page read from disk is the one we expected.
[test_assign1_1.c-test single page content-L92-12:08:15] OK: expected true: character in page read from disk is the one we expected.
[test_assign1_1.c-test single page content-L92-12:08:15] OK: expected true: character in page read from disk is the one we expected.
[test_assign1_1.c-test single page content-L92-12:08:15] OK: expected true: character in page read from disk is the one we expected.
[test_assign1_1.c-test single page content-L92-12:08:15] OK: expected true: character in page read from disk is the one we expected.
[test_assign1_1.c-test single page content-L92-12:08:15] OK: expected true: character in page read from disk is the one we expected.
[test_assign1_1.c-test single page content-L92-12:08:15] OK: expected true: character in page read from disk is the one we expected.
[test_assign1_1.c-test single page content-L92-12:08:15] OK: expected true: character in page read from disk is the one we expected.
[test_assign1_1.c-test single page content-L92-12:08:15] OK: expected true: character in page read from disk is the one we expected.
[test_assign1_1.c-test single page content-L92-12:08:15] OK: expected true: character in page read from disk is the one we expected.
[test_assign1_1.c-test single page content-L92-12:08:15] OK: expected true: character in page read from disk is the one we expected.
[test_assign1_1.c-test single page content-L92-12:08:15] OK: expected true: character in page read from disk is the one we expected.
[test_assign1_1.c-test single page content-L92-12:08:15] OK: expected true: character in page read from disk is the one we expected.
[test_assign1_1.c-test single page content-L92-12:08:15] OK: expected true: character in page read from disk is the one we expected.
[test_assign1_1.c-test single page content-L92-12:08:15] OK: expected true: character in page read from disk is the one we expected.
[test_assign1_1.c-test single page content-L92-12:08:15] OK: expected true: character in page read from disk is the one we expected.
[test_assign1_1.c-test single page content-L92-12:08:15] OK: expected true: character in page read from disk is the one we expected.
[test_assign1_1.c-test single page content-L92-12:08:15] OK: expected true: character in page read from disk is the one we expected.
[test_assign1_1.c-test single page content-L92-12:08:15] OK: expected true: character in page read from disk is the one we expected.
[test_assign1_1.c-test single page content-L92-12:08:15] OK: expected true: character in page read from disk is the one we expected.
[test_assign1_1.c-test single page content-L92-12:08:15] OK: expected true: character in page read from disk is the one we expected.
[test_assign1_1.c-test single page content-L92-12:08:15] OK: expected true: character in page read from disk is the one we expected.
[test_assign1_1.c-test single page content-L92-12:08:15] OK: expected true: character in page read from disk is the one we expected.
[test_assign1_1.c-test single page content-L92-12:08:15] OK: expected true: character in page read from disk is the one we expected.
[test_assign1_1.c-test single page content-L92-12:08:15] OK: expected true: character in page read from disk is the one we expected.
[test_assign1_1.c-test single page content-L92-12:08:15] OK: expected true: character in page read from disk is the one we expected.
[test_assign1_1.c-test single page content-L92-12:08:15] OK: expected true: character in page read from disk is the one we expected.
[test_assign1_1.c-test single page content-L92-12:08:15] OK: expected true: character in page read from disk is the one we expected.
[test_assign1_1.c-test single page content-L92-12:08:15] OK: expected true: character in page read from disk is the one we expected.
[test_assign1_1.c-test single page content-L92-12:08:15] OK: expected true: character in page read from disk is the one we expected.
[test_assign1_1.c-test single page content-L92-12:08:15] OK: expected true: character in page read from disk is the one we expected.
[test_assign1_1.c-test single page content-L92-12:08:15] OK: expected true: character in page read from disk is the one we expected.
[test_assign1_1.c-test single page content-L92-12:08:15] OK: expected true: character in page read from disk is the one we expected.
[test_assign1_1.c-test single page content-L92-12:08:15] OK: expected true: character in page read from disk is the one we expected.
[test_assign1_1.c-test single page content-L92-12:08:15] OK: expected true: character in page read from disk is the one we expected.
[test_assign1_1.c-test single page content-L92-12:08:15] OK: expected true: character in page read from disk is the one we expected.
[test_assign1_1.c-test single page content-L92-12:08:15] OK: expected true: character in page read from disk is the one we expected.
[test_assign1_1.c-test single page content-L92-12:08:15] OK: expected true: character in page read from disk is the one we expected.
[test_assign1_1.c-test single page content-L92-12:08:15] OK: expected true: character in page read from disk is the one we expected.
[test_assign1_1.c-test single page content-L92-12:08:15] OK: expected true: character in page read from disk is the one we expected.
[test_assign1_1.c-test single page content-L92-12:08:15] OK: expected true: character in page read from disk is the one we expected.
[test_assign1_1.c-test single page content-L92-12:08:15] OK: expected true: character in page read from disk is the one we expected.
[test_assign1_1.c-test single page content-L92-12:08:15] OK: expected true: character in page read from disk is the one we expected.
[test_assign1_1.c-test single page content-L92-12:08:15] OK: expected true: character in page read from disk is the one we expected.
[test_assign1_1.c-test single page content-L92-12:08:15] OK: expected true: character in page read from disk is the one we expected.
[test_assign1_1.c-test single page content-L92-12:08:15] OK: expected true: character in page read from disk is the one we expected.
[test_assign1_1.c-test single page content-L92-12:08:15] OK: expected true: character in page read from disk is the one we expected.
[test_assign1_1.c-test single page content-L92-12:08:15] OK: expected true: character in page read from disk is the one we expected.
[test_assign1_1.c-test single page content-L92-12:08:15] OK: expected true: character in page read from disk is the one we expected.
[test_assign1_1.c-test single page content-L92-12:08:15] OK: expected true: character in page read from disk is the one we expected.
[test_assign1_1.c-test single page content-L92-12:08:15] OK: expected true: character in page read from disk is the one we expected.
[test_assign1_1.c-test single page content-L92-12:08:15] OK: expected true: character in page read from disk is the one we expected.
[test_assign1_1.c-test single page content-L92-12:08:15] OK: expected true: character in page read from disk is the one we expected.
[test_assign1_1.c-test single page content-L92-12:08:15] OK: expected true: character in page read from disk is the one we expected.
[test_assign1_1.c-test single page content-L92-12:08:15] OK: expected true: character in page read from disk is the one we expected.
[test_assign1_1.c-test single page content-L92-12:08:15] OK: expected true: character in page read from disk is the one we expected.
[test_assign1_1.c-test single page content-L92-12:08:15] OK: expected true: character in page read from disk is the one we expected.
[test_assign1_1.c-test single page content-L92-12:08:15] OK: expected true: character in page read from disk is the one we expected.
[test_assign1_1.c-test single page content-L92-12:08:15] OK: expected true: character in page read from disk is the one we expected.
[test_assign1_1.c-test single page content-L92-12:08:15] OK: expected true: character in page read from disk is the one we expected.
[test_assign1_1.c-test single page content-L92-12:08:15] OK: expected true: character in page read from disk is the one we expected.
[test_assign1_1.c-test single page content-L92-12:08:15] OK: expected true: character in page read from disk is the one we expected.
[test_assign1_1.c-test single page content-L92-12:08:15] OK: expected true: character in page read from disk is the one we expected.
[test_assign1_1.c-test single page content-L92-12:08:15] OK: expected true: character in page read from disk is the one we expected.
[test_assign1_1.c-test single page content-L92-12:08:15] OK: expected true: character in page read from disk is the one we expected.
[test_assign1_1.c-test single page content-L92-12:08:15] OK: expected true: character in page read from disk is the one we expected.
[test_assign1_1.c-test single page content-L92-12:08:15] OK: expected true: character in page read from disk is the one we expected.
[test_assign1_1.c-test single page content-L92-12:08:15] OK: expected true: character in page read from disk is the one we expected.
[test_assign1_1.c-test single page content-L92-12:08:15] OK: expected true: character in page read from disk is the one we expected.
[test_assign1_1.c-test single page content-L92-12:08:15] OK: expected true: character in page read from disk is the one we expected.
[test_assign1_1.c-test single page content-L92-12:08:15] OK: expected true: character in page read from disk is the one we expected.
[test_assign1_1.c-test single page content-L92-12:08:15] OK: expected true: character in page read from disk is the one we expected.
[test_assign1_1.c-test single page content-L92-12:08:15] OK: expected true: character in page read from disk is the one we expected.
[test_assign1_1.c-test single page content-L92-12:08:15] OK: expected true: character in page read from disk is the one we expected.
[test_assign1_1.c-test single page content-L92-12:08:15] OK: expected true: character in page read from disk is the one we expected.
[test_assign1_1.c-test single page content-L92-12:08:15] OK: expected true: character in page read from disk is the one we expected.
[test_assign1_1.c-test single page content-L92-12:08:15] OK: expected true: character in page read from disk is the one we expected.
[test_assign1_1.c-test single page content-L92-12:08:15] OK: expected true: character in page read from disk is the one we expected.
[test_assign1_1.c-test single page content-L92-12:08:15] OK: expected true: character in page read from disk is the one we expected.
[test_assign1_1.c-test single page content-L92-12:08:15] OK: expected true: character in page read from disk is the one we expected.
[test_assign1_1.c-test single page content-L92-12:08:15] OK: expected true: character in page read from disk is the one we expected.
[test_assign1_1.c-test single page content-L92-12:08:15] OK: expected true: character in page read from disk is the one we expected.
[test_assign1_1.c-test single page content-L92-12:08:15] OK: expected true: character in page read from disk is the one we expected.
[test_assign1_1.c-test single page content-L92-12:08:15] OK: expected true: character in page read from disk is the one we expected.
[test_assign1_1.c-test single page content-L92-12:08:15] OK: expected true: character in page read from disk is the one we expected.
[test_assign1_1.c-test single page content-L92-12:08:15] OK: expected true: character in page read from disk is the one we expected.
[test_assign1_1.c-test single page content-L92-12:08:15] OK: expected true: character in page read from disk is the one we expected.
[test_assign1_1.c-test single page content-L92-12:08:15] OK: expected true: character in page read from disk is the one we expected.
[test_assign1_1.c-test single page content-L92-12:08:15] OK: expected true: character in page read from disk is the one we expected.
[test_assign1_1.c-test single page content-L92-12:08:15] OK: expected true: character in page read from disk is the one we expected.
[test_assign1_1.c-test single page content-L92-12:08:15] OK: expected true: character in page read from disk is the one we expected.
[test_assign1_1.c-test single page content-L92-12:08:15] OK: expected true: character in page read from disk is the one we expected.
[test_assign1_1.c-test single page content-L92-12:08:15] OK: expected true: character in page read from disk is the one we expected.
[test_assign1_1.c-test single page content-L92-12:08:15] OK: expected true: character in page read from disk is the one we expected.
[test_assign1_1.c-test single page content-L92-12:08:15] OK: expected true: character in page read from disk is the one we expected.
[test_assign1_1.c-test single page content-L92-12:08:15] OK: expected true: character in page read from disk is the one we expected.
[test_assign1_1.c-test single page content-L92-12:08:15] OK: expected true: character in page read from disk is the one we expected.
[test_assign1_1.c-test single page content-L92-12:08:15] OK: expected true: character in page read from disk is the one we expected.
[test_assign1_1.c-test single page content-L92-12:08:15] OK: expected true: character in page read from disk is the one we expected.
[test_assign1_1.c-test single page content-L92-12:08:15] OK: expected true: character in page read from disk is the one we expected.
[test_assign1_1.c-test single page content-L92-12:08:15] OK: expected true: character in page read from disk is the one we expected.
[test_assign1_1.c-test single page content-L92-12:08:15] OK: expected true: character in page read from disk is the one we expected.
[test_assign1_1.c-test single page content-L92-12:08:15] OK: expected true: character in page read from disk is the one we expected.
[test_assign1_1.c-test single page content-L92-12:08:15] OK: expected true: character in page read from disk is the one we expected.
[test_assign1_1.c-test single page content-L92-12:08:15] OK: expected true: character in page read from disk is the one we expected.
[test_assign1_1.c-test single page content-L92-12:08:15] OK: expected true: character in page read from disk is the one we expected.
[test_assign1_1.c-test single page content-L92-12:08:15] OK: expected true: character in page read from disk is the one we expected.
[test_assign1_1.c-test single page content-L92-12:08:15] OK: expected true: character in page read from disk is the one we expected.
[test_assign1_1.c-test single page content-L92-12:08:15] OK: expected true: character in page read from disk is the one we expected.
[test_assign1_1.c-test single page content-L92-12:08:15] OK: expected true: character in page read from disk is the one we expected.
[test_assign1_1.c-test single page content-L92-12:08:15] OK: expected true: character in page read from disk is the one we expected.
[test_assign1_1.c-test single page content-L92-12:08:15] OK: expected true: character in page read from disk is the one we expected.
[test_assign1_1.c-test single page content-L92-12:08:15] OK: expected true: character in page read from disk is the one we expected.
[test_assign1_1.c-test single page content-L92-12:08:15] OK: expected true: character in page read from disk is the one we expected.
[test_assign1_1.c-test single page content-L92-12:08:15] OK: expected true: character in page read from disk is the one we expected.
[test_assign1_1.c-test single page content-L92-12:08:15] OK: expected true: character in page read from disk is the one we expected.
[test_assign1_1.c-test single page content-L92-12:08:15] OK: expected true: character in page read from disk is the one we expected.
[test_assign1_1.c-test single page content-L92-12:08:15] OK: expected true: character in page read from disk is the one we expected.
[test_assign1_1.c-test single page content-L92-12:08:15] OK: expected true: character in page read from disk is the one we expected.
[test_assign1_1.c-test single page content-L92-12:08:15] OK: expected true: character in page read from disk is the one we expected.
[test_assign1_1.c-test single page content-L92-12:08:15] OK: expected true: character in page read from disk is the one we expected.
[test_assign1_1.c-test single page content-L92-12:08:15] OK: expected true: character in page read from disk is the one we expected.
[test_assign1_1.c-test single page content-L92-12:08:15] OK: expected true: character in page read from disk is the one we expected.
[test_assign1_1.c-test single page content-L92-12:08:15] OK: expected true: character in page read from disk is the one we expected.
[test_assign1_1.c-test single page content-L92-12:08:15] OK: expected true: character in page read from disk is the one we expected.
[test_assign1_1.c-test single page content-L92-12:08:15] OK: expected true: character in page read from disk is the one we expected.
[test_assign1_1.c-test single page content-L92-12:08:15] OK: expected true: character in page read from disk is the one we expected.
[test_assign1_1.c-test single page content-L92-12:08:15] OK: expected true: character in page read from disk is the one we expected.
[test_assign1_1.c-test single page content-L92-12:08:15] OK: expected true: character in page read from disk is the one we expected.
[test_assign1_1.c-test single page content-L92-12:08:15] OK: expected true: character in page read from disk is the one we expected.
[test_assign1_1.c-test single page content-L92-12:08:15] OK: expected true: character in page read from disk is the one we expected.
[test_assign1_1.c-test single page content-L92-12:08:15] OK: expected true: character in page read from disk is the one we expected.
[test_assign1_1.c-test single page content-L92-12:08:15] OK: expected true: character in page read from disk is the one we expected.
[test_assign1_1.c-test single page content-L92-12:08:15] OK: expected true: character in page read from disk is the one we expected.
[test_assign1_1.c-test single page content-L92-12:08:15] OK: expected true: character in page read from disk is the one we expected.
[test_assign1_1.c-test single page content-L92-12:08:15] OK: expected true: character in page read from disk is the one we expected.
[test_assign1_1.c-test single page content-L92-12:08:15] OK: expected true: character in page read from disk is the one we expected.
[test_assign1_1.c-test single page content-L92-12:08:15] OK: expected true: character in page read from disk is the one we expected.
[test_assign1_1.c-test single page content-L92-12:08:15] OK: expected true: character in page read from disk is the one we expected.
[test_assign1_1.c-test single page content-L92-12:08:15] OK: expected true: character in page read from disk is the one we expected.
[test_assign1_1.c-test single page content-L92-12:08:15] OK: expected true: character in page read from disk is the one we expected.
[test_assign1_1.c-test single page content-L92-12:08:15] OK: expected true: character in page read from disk is the one we expected.
[test_assign1_1.c-test single page content-L92-12:08:15] OK: expected true: character in page read from disk is the one we expected.
[test_assign1_1.c-test single page content-L92-12:08:15] OK: expected true: character in page read from disk is the one we expected.
[test_assign1_1.c-test single page content-L92-12:08:15] OK: expected true: character in page read from disk is the one we expected.
[test_assign1_1.c-test single page content-L92-12:08:15] OK: expected true: character in page read from disk is the one we expected.
[test_assign1_1.c-test single page content-L92-12:08:15] OK: expected true: character in page read from disk is the one we expected.
[test_assign1_1.c-test single page content-L92-12:08:15] OK: expected true: character in page read from disk is the one we expected.
[test_assign1_1.c-test single page content-L92-12:08:15] OK: expected true: character in page read from disk is the one we expected.
[test_assign1_1.c-test single page content-L92-12:08:15] OK: expected true: character in page read from disk is the one we expected.
[test_assign1_1.c-test single page content-L92-12:08:15] OK: expected true: character in page read from disk is the one we expected.
[test_assign1_1.c-test single page content-L92-12:08:15] OK: expected true: character in page read from disk is the one we expected.
[test_assign1_1.c-test single page content-L92-12:08:15] OK: expected true: character in page read from disk is the one we expected.
[test_assign1_1.c-test single page content-L92-12:08:15] OK: expected true: character in page read from disk is the one we expected.
[test_assign1_1.c-test single page content-L92-12:08:15] OK: expected true: character in page read from disk is the one we expected.
[test_assign1_1.c-test single page content-L92-12:08:15] OK: expected true: character in page read from disk is the one we expected.
[test_assign1_1.c-test single page content-L92-12:08:15] OK: expected true: character in page read from disk is the one we expected.
[test_assign1_1.c-test single page content-L92-12:08:15] OK: expected true: character in page read from disk is the one we expected.
[test_assign1_1.c-test single page content-L92-12:08:15] OK: expected true: character in page read from disk is the one we expected.
[test_assign1_1.c-test single page content-L92-12:08:15] OK: expected true: character in page read from disk is the one we expected.
[test_assign1_1.c-test single page content-L92-12:08:15] OK: expected true: character in page read from disk is the one we expected.
[test_assign1_1.c-test single page content-L92-12:08:15] OK: expected true: character in page read from disk is the one we expected.
[test_assign1_1.c-test single page content-L92-12:08:15] OK: expected true: character in page read from disk is the one we expected.
[test_assign1_1.c-test single page content-L92-12:08:15] OK: expected true: character in page read from disk is the one we expected.
[test_assign1_1.c-test single page content-L92-12:08:15] OK: expected true: character in page read from disk is the one we expected.
[test_assign1_1.c-test single page content-L92-12:08:15] OK: expected true: character in page read from disk is the one we expected.
[test_assign1_1.c-test single page content-L92-12:08:15] OK: expected true: character in page read from disk is the one we expected.
[test_assign1_1.c-test single page content-L92-12:08:15] OK: expected true: character in page read from disk is the one we expected.
[test_assign1_1.c-test single page content-L92-12:08:15] OK: expected true: character in page read from disk is the one we expected.
[test_assign1_1.c-test single page content-L92-12:08:15] OK: expected true: character in page read from disk is the one we expected.
[test_assign1_1.c-test single page content-L92-12:08:15] OK: expected true: character in page read from disk is the one we expected.
[test_assign1_1.c-test single page content-L92-12:08:15] OK: expected true: character in page read from disk is the one we expected.
[test_assign1_1.c-test single page content-L92-12:08:15] OK: expected true: character in page read from disk is the one we expected.
[test_assign1_1.c-test single page content-L92-12:08:15] OK: expected true: character in page read from disk is the one we expected.
[test_assign1_1.c-test single page content-L92-12:08:15] OK: expected true: character in page read from disk is the one we expected.
[test_assign1_1.c-test single page content-L92-12:08:15] OK: expected true: character in page read from disk is the one we expected.
[test_assign1_1.c-test single page content-L92-12:08:15] OK: expected true: character in page read from disk is the one we expected.
[test_assign1_1.c-test single page content-L92-12:08:15] OK: expected true: character in page read from disk is the one we expected.
[test_assign1_1.c-test single page content-L92-12:08:15] OK: expected true: character in page read from disk is the one we expected.
[test_assign1_1.c-test single page content-L92-12:08:15] OK: expected true: character in page read from disk is the one we expected.
[test_assign1_1.c-test single page content-L92-12:08:15] OK: expected true: character in page read from disk is the one we expected.
[test_assign1_1.c-test single page content-L92-12:08:15] OK: expected true: character in page read from disk is the one we expected.
[test_assign1_1.c-test single page content-L92-12:08:15] OK: expected true: character in page read from disk is the one we expected.
[test_assign1_1.c-test single page content-L92-12:08:15] OK: expected true: character in page read from disk is the one we expected.
[test_assign1_1.c-test single page content-L92-12:08:15] OK: expected true: character in page read from disk is the one we expected.
[test_assign1_1.c-test single page content-L92-12:08:15] OK: expected true: character in page read from disk is the one we expected.
[test_assign1_1.c-test single page content-L92-12:08:15] OK: expected true: character in page read from disk is the one we expected.
[test_assign1_1.c-test single page content-L92-12:08:15] OK: expected true: character in page read from disk is the one we expected.
[test_assign1_1.c-test single page content-L92-12:08:15] OK: expected true: character in page read from disk is the one we expected.
[test_assign1_1.c-test single page content-L92-12:08:15] OK: expected true: character in page read from disk is the one we expected.
[test_assign1_1.c-test single page content-L92-12:08:15] OK: expected true: character in page read from disk is the one we expected.
[test_assign1_1.c-test single page content-L92-12:08:15] OK: expected true: character in page read from disk is the one we expected.
[test_assign1_1.c-test single page content-L92-12:08:15] OK: expected true: character in page read from disk is the one we expected.
[test_assign1_1.c-test single page content-L92-12:08:15] OK: expected true: character in page read from disk is the one we expected.
[test_assign1_1.c-test single page content-L92-12:08:15] OK: expected true: character in page read from disk is the one we expected.
[test_assign1_1.c-test single page content-L92-12:08:15] OK: expected true: character in page read from disk is the one we expected.
[test_assign1_1.c-test single page content-L92-12:08:15] OK: expected true: character in page read from disk is the one we expected.
[test_assign1_1.c-test single page content-L92-12:08:15] OK: expected true: character in page read from disk is the one we expected.
[test_assign1_1.c-test single page content-L92-12:08:15] OK: expected true: character in page read from disk is the one we expected.
[test_assign1_1.c-test single page content-L92-12:08:15] OK: expected true: character in page read from disk is the one we expected.
[test_assign1_1.c-test single page content-L92-12:08:15] OK: expected true: character in page read from disk is the one we expected.
[test_assign1_1.c-test single page content-L92-12:08:15] OK: expected true: character in page read from disk is the one we expected.
[test_assign1_1.c-test single page content-L92-12:08:15] OK: expected true: character in page read from disk is the one we expected.
[test_assign1_1.c-test single page content-L92-12:08:15] OK: expected true: character in page read from disk is the one we expected.
[test_assign1_1.c-test single page content-L92-12:08:15] OK: expected true: character in page read from disk is the one we expected.
[test_assign1_1.c-test single page content-L92-12:08:15] OK: expected true: character in page read from disk is the one we expected.
[test_assign1_1.c-test single page content-L92-12:08:15] OK: expected true: character in page read from disk is the one we expected.
[test_assign1_1.c-test single page content-L92-12:08:15] OK: expected true: character in page read from disk is the one we expected.
[test_assign1_1.c-test single page content-L92-12:08:15] OK: expected true: character in page read from disk is the one we expected.
[test_assign1_1.c-test single page content-L92-12:08:15] OK: expected true: character in page read from disk is the one we expected.
[test_assign1_1.c-test single page content-L92-12:08:15] OK: expected true: character in page read from disk is the one we expected.
[test_assign1_1.c-test single page content-L92-12:08:15] OK: expected true: character in page read from disk is the one we expected.
[test_assign1_1.c-test single page content-L92-12:08:15] OK: expected true: character in page read from disk is the one we expected.
[test_assign1_1.c-test single page content-L92-12:08:15] OK: expected true: character in page read from disk is the one we expected.
[test_assign1_1.c-test single page content-L92-12:08:15] OK: expected true: character in page read from disk is the one we expected.
[test_assign1_1.c-test single page content-L92-12:08:15] OK: expected true: character in page read from disk is the one we expected.
[test_assign1_1.c-test single page content-L92-12:08:15] OK: expected true: character in page read from disk is the one we expected.
[test_assign1_1.c-test single page content-L92-12:08:15] OK: expected true: character in page read from disk is the one we expected.
[test_assign1_1.c-test single page content-L92-12:08:15] OK: expected true: character in page read from disk is the one we expected.
[test_assign1_1.c-test single page content-L92-12:08:15] OK: expected true: character in page read from disk is the one we expected.
[test_assign1_1.c-test single page content-L92-12:08:15] OK: expected true: character in page read from disk is the one we expected.
[test_assign1_1.c-test single page content-L92-12:08:15] OK: expected true: character in page read from disk is the one we expected.
[test_assign1_1.c-test single page content-L92-12:08:15] OK: expected true: character in page read from disk is the one we expected.
[test_assign1_1.c-test single page content-L92-12:08:15] OK: expected true: character in page read from disk is the one we expected.
[test_assign1_1.c-test single page content-L92-12:08:15] OK: expected true: character in page read from disk is the one we expected.
[test_assign1_1.c-test single page content-L92-12:08:15] OK: expected true: character in page read from disk is the one we expected.
[test_assign1_1.c-test single page content-L92-12:08:15] OK: expected true: character in page read from disk is the one we expected.
[test_assign1_1.c-test single page content-L92-12:08:15] OK: expected true: character in page read from disk is the one we expected.
[test_assign1_1.c-test single page content-L92-12:08:15] OK: expected true: character in page read from disk is the one we expected.
[test_assign1_1.c-test single page content-L92-12:08:15] OK: expected true: character in page read from disk is the one we expected.
[test_assign1_1.c-test single page content-L92-12:08:15] OK: expected true: character in page read from disk is the one we expected.
[test_assign1_1.c-test single page content-L92-12:08:15] OK: expected true: character in page read from disk is the one we expected.
[test_assign1_1.c-test single page content-L92-12:08:15] OK: expected true: character in page read from disk is the one we expected.
[test_assign1_1.c-test single page content-L92-12:08:15] OK: expected true: character in page read from disk is the one we expected.
[test_assign1_1.c-test single page content-L92-12:08:15] OK: expected true: character in page read from disk is the one we expected.
[test_assign1_1.c-test single page content-L92-12:08:15] OK: expected true: character in page read from disk is the one we expected.
[test_assign1_1.c-test single page content-L92-12:08:15] OK: expected true: character in page read from disk is the one we expected.
[test_assign1_1.c-test single page content-L92-12:08:15] OK: expected true: character in page read from disk is the one we expected.
[test_assign1_1.c-test single page content-L92-12:08:15] OK: expected true: character in page read from disk is the one we expected.
[test_assign1_1.c-test single page content-L92-12:08:15] OK: expected true: character in page read from disk is the one we expected.
[test_assign1_1.c-test single page content-L92-12:08:15] OK: expected true: character in page read from disk is the one we expected.
[test_assign1_1.c-test single page content-L92-12:08:15] OK: expected true: character in page read from disk is the one we expected.
[test_assign1_1.c-test single page content-L92-12:08:15] OK: expected true: character in page read from disk is the one we expected.
[test_assign1_1.c-test single page content-L92-12:08:15] OK: expected true: character in page read from disk is the one we expected.
[test_assign1_1.c-test single page content-L92-12:08:15] OK: expected true: character in page read from disk is the one we expected.
[test_assign1_1.c-test single page content-L92-12:08:15] OK: expected true: character in page read from disk is the one we expected.
[test_assign1_1.c-test single page content-L92-12:08:15] OK: expected true: character in page read from disk is the one we expected.
[test_assign1_1.c-test single page content-L92-12:08:15] OK: expected true: character in page read from disk is the one we expected.
[test_assign1_1.c-test single page content-L92-12:08:15] OK: expected true: character in page read from disk is the one we expected.
[test_assign1_1.c-test single page content-L92-12:08:15] OK: expected true: character in page read from disk is the one we expected.
[test_assign1_1.c-test single page content-L92-12:08:15] OK: expected true: character in page read from disk is the one we expected.
[test_assign1_1.c-test single page content-L92-12:08:15] OK: expected true: character in page read from disk is the one we expected.
[test_assign1_1.c-test single page content-L92-12:08:15] OK: expected true: character in page read from disk is the one we expected.
[test_assign1_1.c-test single page content-L92-12:08:15] OK: expected true: character in page read from disk is the one we expected.
[test_assign1_1.c-test single page content-L92-12:08:15] OK: expected true: character in page read from disk is the one we expected.
[test_assign1_1.c-test single page content-L92-12:08:15] OK: expected true: character in page read from disk is the one we expected.
[test_assign1_1.c-test single page content-L92-12:08:15] OK: expected true: character in page read from disk is the one we expected.
[test_assign1_1.c-test single page content-L92-12:08:15] OK: expected true: character in page read from disk is the one we expected.
[test_assign1_1.c-test single page content-L92-12:08:15] OK: expected true: character in page read from disk is the one we expected.
[test_assign1_1.c-test single page content-L92-12:08:15] OK: expected true: character in page read from disk is the one we expected.
[test_assign1_1.c-test single page content-L92-12:08:15] OK: expected true: character in page read from disk is the one we expected.
[test_assign1_1.c-test single page content-L92-12:08:15] OK: expected true: character in page read from disk is the one we expected.
[test_assign1_1.c-test single page content-L92-12:08:15] OK: expected true: character in page read from disk is the one we expected.
[test_assign1_1.c-test single page content-L92-12:08:15] OK: expected true: character in page read from disk is the one we expected.
[test_assign1_1.c-test single page content-L92-12:08:15] OK: expected true: character in page read from disk is the one we expected.
[test_assign1_1.c-test single page content-L92-12:08:15] OK: expected true: character in page read from disk is the one we expected.
[test_assign1_1.c-test single page content-L92-12:08:15] OK: expected true: character in page read from disk is the one we expected.
[test_assign1_1.c-test single page content-L92-12:08:15] OK: expected true: character in page read from disk is the one we expected.
[test_assign1_1.c-test single page content-L92-12:08:15] OK: expected true: character in page read from disk is the one we expected.
[test_assign1_1.c-test single page content-L92-12:08:15] OK: expected true: character in page read from disk is the one we expected.
[test_assign1_1.c-test single page content-L92-12:08:15] OK: expected true: character in page read from disk is the one we expected.
[test_assign1_1.c-test single page content-L92-12:08:15] OK: expected true: character in page read from disk is the one we expected.
[test_assign1_1.c-test single page content-L92-12:08:15] OK: expected true: character in page read from disk is the one we expected.
[test_assign1_1.c-test single page content-L92-12:08:15] OK: expected true: character in page read from disk is the one we expected.
[test_assign1_1.c-test single page content-L92-12:08:15] OK: expected true: character in page read from disk is the one we expected.
[test_assign1_1.c-test single page content-L92-12:08:15] OK: expected true: character in page read from disk is the one we expected.
[test_assign1_1.c-test single page content-L92-12:08:15] OK: expected true: character in page read from disk is the one we expected.
[test_assign1_1.c-test single page content-L92-12:08:15] OK: expected true: character in page read from disk is the one we expected.
[test_assign1_1.c-test single page content-L92-12:08:15] OK: expected true: character in page read from disk is the one we expected.
[test_assign1_1.c-test single page content-L92-12:08:15] OK: expected true: character in page read from disk is the one we expected.
[test_assign1_1.c-test single page content-L92-12:08:15] OK: expected true: character in page read from disk is the one we expected.
[test_assign1_1.c-test single page content-L92-12:08:15] OK: expected true: character in page read from disk is the one we expected.
[test_assign1_1.c-test single page content-L92-12:08:15] OK: expected true: character in page read from disk is the one we expected.
[test_assign1_1.c-test single page content-L92-12:08:15] OK: expected true: character in page read from disk is the one we expected.
[test_assign1_1.c-test single page content-L92-12:08:15] OK: expected true: character in page read from disk is the one we expected.
[test_assign1_1.c-test single page content-L92-12:08:15] OK: expected true: character in page read from disk is the one we expected.
[test_assign1_1.c-test single page content-L92-12:08:15] OK: expected true: character in page read from disk is the one we expected.
[test_assign1_1.c-test single page content-L92-12:08:15] OK: expected true: character in page read from disk is the one we expected.
[test_assign1_1.c-test single page content-L92-12:08:15] OK: expected true: character in page read from disk is the one we expected.
[test_assign1_1.c-test single page content-L92-12:08:15] OK: expected true: character in page read from disk is the one we expected.
[test_assign1_1.c-test single page content-L92-12:08:15] OK: expected true: character in page read from disk is the one we expected.
[test_assign1_1.c-test single page content-L92-12:08:15] OK: expected true: character in page read from disk is the one we expected.
[test_assign1_1.c-test single page content-L92-12:08:15] OK: expected true: character in page read from disk is the one we expected.
[test_assign1_1.c-test single page content-L92-12:08:15] OK: expected true: character in page read from disk is the one we expected.
[test_assign1_1.c-test single page content-L92-12:08:15] OK: expected true: character in page read from disk is the one we expected.
[test_assign1_1.c-test single page content-L92-12:08:15] OK: expected true: character in page read from disk is the one we expected.
[test_assign1_1.c-test single page content-L92-12:08:15] OK: expected true: character in page read from disk is the one we expected.
[test_assign1_1.c-test single page content-L92-12:08:15] OK: expected true: character in page read from disk is the one we expected.
[test_assign1_1.c-test single page content-L92-12:08:15] OK: expected true: character in page read from disk is the one we expected.
[test_assign1_1.c-test single page content-L92-12:08:15] OK: expected true: character in page read from disk is the one we expected.
[test_assign1_1.c-test single page content-L92-12:08:15] OK: expected true: character in page read from disk is the one we expected.
[test_assign1_1.c-test single page content-L92-12:08:15] OK: expected true: character in page read from disk is the one we expected.
[test_assign1_1.c-test single page content-L92-12:08:15] OK: expected true: character in page read from disk is the one we expected.
[test_assign1_1.c-test single page content-L92-12:08:15] OK: expected true: character in page read from disk is the one we expected.
[test_assign1_1.c-test single page content-L92-12:08:15] OK: expected true: character in page read from disk is the one we expected.
[test_assign1_1.c-test single page content-L92-12:08:15] OK: expected true: character in page read from disk is the one we expected.
[test_assign1_1.c-test single page content-L92-12:08:15] OK: expected true: character in page read from disk is the one we expected.
[test_assign1_1.c-test single page content-L92-12:08:15] OK: expected true: character in page read from disk is the one we expected.
[test_assign1_1.c-test single page content-L92-12:08:15] OK: expected true: character in page read from disk is the one we expected.
[test_assign1_1.c-test single page content-L92-12:08:15] OK: expected true: character in page read from disk is the one we expected.
[test_assign1_1.c-test single page content-L92-12:08:15] OK: expected true: character in page read from disk is the one we expected.
[test_assign1_1.c-test single page content-L92-12:08:15] OK: expected true: character in page read from disk is the one we expected.
[test_assign1_1.c-test single page content-L92-12:08:15] OK: expected true: character in page read from disk is the one we expected.
[test_assign1_1.c-test single page content-L92-12:08:15] OK: expected true: character in page read from disk is the one we expected.
[test_assign1_1.c-test single page content-L92-12:08:15] OK: expected true: character in page read from disk is the one we expected.
[test_assign1_1.c-test single page content-L92-12:08:15] OK: expected true: character in page read from disk is the one we expected.
[test_assign1_1.c-test single page content-L92-12:08:15] OK: expected true: character in page read from disk is the one we expected.
[test_assign1_1.c-test single page content-L92-12:08:15] OK: expected true: character in page read from disk is the one we expected.
[test_assign1_1.c-test single page content-L92-12:08:15] OK: expected true: character in page read from disk is the one we expected.
[test_assign1_1.c-test single page content-L92-12:08:15] OK: expected true: character in page read from disk is the one we expected.
[test_assign1_1.c-test single page content-L92-12:08:15] OK: expected true: character in page read from disk is the one we expected.
[test_assign1_1.c-test single page content-L92-12:08:15] OK: expected true: character in page read from disk is the one we expected.
[test_assign1_1.c-test single page content-L92-12:08:15] OK: expected true: character in page read from disk is the one we expected.
[test_assign1_1.c-test single page content-L92-12:08:15] OK: expected true: character in page read from disk is the one we expected.
[test_assign1_1.c-test single page content-L92-12:08:15] OK: expected true: character in page read from disk is the one we expected.
[test_assign1_1.c-test single page content-L92-12:08:15] OK: expected true: character in page read from disk is the one we expected.
[test_assign1_1.c-test single page content-L92-12:08:15] OK: expected true: character in page read from disk is the one we expected.
[test_assign1_1.c-test single page content-L92-12:08:15] OK: expected true: character in page read from disk is the one we expected.
[test_assign1_1.c-test single page content-L92-12:08:15] OK: expected true: character in page read from disk is the one we expected.
[test_assign1_1.c-test single page content-L92-12:08:15] OK: expected true: character in page read from disk is the one we expected.
[test_assign1_1.c-test single page content-L92-12:08:15] OK: expected true: character in page read from disk is the one we expected.
[test_assign1_1.c-test single page content-L92-12:08:15] OK: expected true: character in page read from disk is the one we expected.
[test_assign1_1.c-test single page content-L92-12:08:15] OK: expected true: character in page read from disk is the one we expected.
[test_assign1_1.c-test single page content-L92-12:08:15] OK: expected true: character in page read from disk is the one we expected.
[test_assign1_1.c-test single page content-L92-12:08:15] OK: expected true: character in page read from disk is the one we expected.
[test_assign1_1.c-test single page content-L92-12:08:15] OK: expected true: character in page read from disk is the one we expected.
[test_assign1_1.c-test single page content-L92-12:08:15] OK: expected true: character in page read from disk is the one we expected.
[test_assign1_1.c-test single page content-L92-12:08:15] OK: expected true: character in page read from disk is the one we expected.
[test_assign1_1.c-test single page content-L92-12:08:15] OK: expected true: character in page read from disk is the one we expected.
[test_assign1_1.c-test single page content-L92-12:08:15] OK: expected true: character in page read from disk is the one we expected.
[test_assign1_1.c-test single page content-L92-12:08:15] OK: expected true: character in page read from disk is the one we expected.
[test_assign1_1.c-test single page content-L92-12:08:15] OK: expected true: character in page read from disk is the one we expected.
[test_assign1_1.c-test single page content-L92-12:08:15] OK: expected true: character in page read from disk is the one we expected.
[test_assign1_1.c-test single page content-L92-12:08:15] OK: expected true: character in page read from disk is the one we expected.
[test_assign1_1.c-test single page content-L92-12:08:15] OK: expected true: character in page read from disk is the one we expected.
[test_assign1_1.c-test single page content-L92-12:08:15] OK: expected true: character in page read from disk is the one we expected.
[test_assign1_1.c-test single page content-L92-12:08:15] OK: expected true: character in page read from disk is the one we expected.
[test_assign1_1.c-test single page content-L92-12:08:15] OK: expected true: character in page read from disk is the one we expected.
[test_assign1_1.c-test single page content-L92-12:08:15] OK: expected true: character in page read from disk is the one we expected.
[test_assign1_1.c-test single page content-L92-12:08:15] OK: expected true: character in page read from disk is the one we expected.
[test_assign1_1.c-test single page content-L92-12:08:15] OK: expected true: character in page read from disk is the one we expected.
[test_assign1_1.c-test single page content-L92-12:08:15] OK: expected true: character in page read from disk is the one we expected.
[test_assign1_1.c-test single page content-L92-12:08:15] OK: expected true: character in page read from disk is the one we expected.
[test_assign1_1.c-test single page content-L92-12:08:15] OK: expected true: character in page read from disk is the one we expected.
[test_assign1_1.c-test single page content-L92-12:08:15] OK: expected true: character in page read from disk is the one we expected.
[test_assign1_1.c-test single page content-L92-12:08:15] OK: expected true: character in page read from disk is the one we expected.
[test_assign1_1.c-test single page content-L92-12:08:15] OK: expected true: character in page read from disk is the one we expected.
[test_assign1_1.c-test single page content-L92-12:08:15] OK: expected true: character in page read from disk is the one we expected.
[test_assign1_1.c-test single page content-L92-12:08:15] OK: expected true: character in page read from disk is the one we expected.
[test_assign1_1.c-test single page content-L92-12:08:15] OK: expected true: character in page read from disk is the one we expected.
[test_assign1_1.c-test single page content-L92-12:08:15] OK: expected true: character in page read from disk is the one we expected.
[test_assign1_1.c-test single page content-L92-12:08:15] OK: expected true: character in page read from disk is the one we expected.
[test_assign1_1.c-test single page content-L92-12:08:15] OK: expected true: character in page read from disk is the one we expected.
[test_assign1_1.c-test single page content-L92-12:08:15] OK: expected true: character in page read from disk is the one we expected.
[test_assign1_1.c-test single page content-L92-12:08:15] OK: expected true: character in page read from disk is the one we expected.
[test_assign1_1.c-test single page content-L92-12:08:15] OK: expected true: character in page read from disk is the one we expected.
[test_assign1_1.c-test single page content-L92-12:08:15] OK: expected true: character in page read from disk is the one we expected.
[test_assign1_1.c-test single page content-L92-12:08:15] OK: expected true: character in page read from disk is the one we expected.
[test_assign1_1.c-test single page content-L92-12:08:15] OK: expected true: character in page read from disk is the one we expected.
[test_assign1_1.c-test single page content-L92-12:08:15] OK: expected true: character in page read from disk is the one we expected.
[test_assign1_1.c-test single page content-L92-12:08:15] OK: expected true: character in page read from disk is the one we expected.
[test_assign1_1.c-test single page content-L92-12:08:15] OK: expected true: character in page read from disk is the one we expected.
[test_assign1_1.c-test single page content-L92-12:08:15] OK: expected true: character in page read from disk is the one we expected.
[test_assign1_1.c-test single page content-L92-12:08:15] OK: expected true: character in page read from disk is the one we expected.
[test_assign1_1.c-test single page content-L92-12:08:15] OK: expected true: character in page read from disk is the one we expected.
[test_assign1_1.c-test single page content-L92-12:08:15] OK: expected true: character in page read from disk is the one we expected.
[test_assign1_1.c-test single page content-L92-12:08:15] OK: expected true: character in page read from disk is the one we expected.
[test_assign1_1.c-test single page content-L92-12:08:15] OK: expected true: character in page read from disk is the one we expected.
[test_assign1_1.c-test single page content-L92-12:08:15] OK: expected true: character in page read from disk is the one we expected.
[test_assign1_1.c-test single page content-L92-12:08:15] OK: expected true: character in page read from disk is the one we expected.
[test_assign1_1.c-test single page content-L92-12:08:15] OK: expected true: character in page read from disk is the one we expected.
[test_assign1_1.c-test single page content-L92-12:08:15] OK: expected true: character in page read from disk is the one we expected.
[test_assign1_1.c-test single page content-L92-12:08:15] OK: expected true: character in page read from disk is the one we expected.
[test_assign1_1.c-test single page content-L92-12:08:15] OK: expected true: character in page read from disk is the one we expected.
[test_assign1_1.c-test single page content-L92-12:08:15] OK: expected true: character in page read from disk is the one we expected.
[test_assign1_1.c-test single page content-L92-12:08:15] OK: expected true: character in page read from disk is the one we expected.
[test_assign1_1.c-test single page content-L92-12:08:15] OK: expected true: character in page read from disk is the one we expected.
[test_assign1_1.c-test single page content-L92-12:08:15] OK: expected true: character in page read from disk is the one we expected.
[test_assign1_1.c-test single page content-L92-12:08:15] OK: expected true: character in page read from disk is the one we expected.
[test_assign1_1.c-test single page content-L92-12:08:15] OK: expected true: character in page read from disk is the one we expected.
[test_assign1_1.c-test single page content-L92-12:08:15] OK: expected true: character in page read from disk is the one we expected.
[test_assign1_1.c-test single page content-L92-12:08:15] OK: expected true: character in page read from disk is the one we expected.
[test_assign1_1.c-test single page content-L92-12:08:15] OK: expected true: character in page read from disk is the one we expected.
[test_assign1_1.c-test single page content-L92-12:08:15] OK: expected true: character in page read from disk is the one we expected.
[test_assign1_1.c-test single page content-L92-12:08:15] OK: expected true: character in page read from disk is the one we expected.
[test_assign1_1.c-test single page content-L92-12:08:15] OK: expected true: character in page read from disk is the one we expected.
[test_assign1_1.c-test single page content-L92-12:08:15] OK: expected true: character in page read from disk is the one we expected.
[test_assign1_1.c-test single page content-L92-12:08:15] OK: expected true: character in page read from disk is the one we expected.
[test_assign1_1.c-test single page content-L92-12:08:15] OK: expected true: character in page read from disk is the one we expected.
[test_assign1_1.c-test single page content-L92-12:08:15] OK: expected true: character in page read from disk is the one we expected.
[test_assign1_1.c-test single page content-L92-12:08:15] OK: expected true: character in page read from disk is the one we expected.
[test_assign1_1.c-test single page content-L92-12:08:15] OK: expected true: character in page read from disk is the one we expected.
[test_assign1_1.c-test single page content-L92-12:08:15] OK: expected true: character in page read from disk is the one we expected.
[test_assign1_1.c-test single page content-L92-12:08:15] OK: expected true: character in page read from disk is the one we expected.
[test_assign1_1.c-test single page content-L92-12:08:15] OK: expected true: character in page read from disk is the one we expected.
[test_assign1_1.c-test single page content-L92-12:08:15] OK: expected true: character in page read from disk is the one we expected.
[test_assign1_1.c-test single page content-L92-12:08:15] OK: expected true: character in page read from disk is the one we expected.
[test_assign1_1.c-test single page content-L92-12:08:15] OK: expected true: character in page read from disk is the one we expected.
[test_assign1_1.c-test single page content-L92-12:08:15] OK: expected true: character in page read from disk is the one we expected.
[test_assign1_1.c-test single page content-L92-12:08:15] OK: expected true: character in page read from disk is the one we expected.
[test_assign1_1.c-test single page content-L92-12:08:15] OK: expected true: character in page read from disk is the one we expected.
[test_assign1_1.c-test single page content-L92-12:08:15] OK: expected true: character in page read from disk is the one we expected.
[test_assign1_1.c-test single page content-L92-12:08:15] OK: expected true: character in page read from disk is the one we expected.
[test_assign1_1.c-test single page content-L92-12:08:15] OK: expected true: character in page read from disk is the one we expected.
[test_assign1_1.c-test single page content-L92-12:08:15] OK: expected true: character in page read from disk is the one we expected.
[test_assign1_1.c-test single page content-L92-12:08:15] OK: expected true: character in page read from disk is the one we expected.
[test_assign1_1.c-test single page content-L92-12:08:15] OK: expected true: character in page read from disk is the one we expected.
[test_assign1_1.c-test single page content-L92-12:08:15] OK: expected true: character in page read from disk is the one we expected.
[test_assign1_1.c-test single page content-L92-12:08:15] OK: expected true: character in page read from disk is the one we expected.
[test_assign1_1.c-test single page content-L92-12:08:15] OK: expected true: character in page read from disk is the one we expected.
[test_assign1_1.c-test single page content-L92-12:08:15] OK: expected true: character in page read from disk is the one we expected.
[test_assign1_1.c-test single page content-L92-12:08:15] OK: expected true: character in page read from disk is the one we expected.
[test_assign1_1.c-test single page content-L92-12:08:15] OK: expected true: character in page read from disk is the one we expected.
[test_assign1_1.c-test single page content-L92-12:08:15] OK: expected true: character in page read from disk is the one we expected.
[test_assign1_1.c-test single page content-L92-12:08:15] OK: expected true: character in page read from disk is the one we expected.
[test_assign1_1.c-test single page content-L92-12:08:15] OK: expected true: character in page read from disk is the one we expected.
[test_assign1_1.c-test single page content-L92-12:08:15] OK: expected true: character in page read from disk is the one we expected.
[test_assign1_1.c-test single page content-L92-12:08:15] OK: expected true: character in page read from disk is the one we expected.
[test_assign1_1.c-test single page content-L92-12:08:15] OK: expected true: character in page read from disk is the one we expected.
[test_assign1_1.c-test single page content-L92-12:08:15] OK: expected true: character in page read from disk is the one we expected.
[test_assign1_1.c-test single page content-L92-12:08:15] OK: expected true: character in page read from disk is the one we expected.
[test_assign1_1.c-test single page content-L92-12:08:15] OK: expected true: character in page read from disk is the one we expected.
[test_assign1_1.c-test single page content-L92-12:08:15] OK: expected true: character in page read from disk is the one we expected.
[test_assign1_1.c-test single page content-L92-12:08:15] OK: expected true: character in page read from disk is the one we expected.
[test_assign1_1.c-test single page content-L92-12:08:15] OK: expected true: character in page read from disk is the one we expected.
[test_assign1_1.c-test single page content-L92-12:08:15] OK: expected true: character in page read from disk is the one we expected.
[test_assign1_1.c-test single page content-L92-12:08:15] OK: expected true: character in page read from disk is the one we expected.
[test_assign1_1.c-test single page content-L92-12:08:15] OK: expected true: character in page read from disk is the one we expected.
[test_assign1_1.c-test single page content-L92-12:08:15] OK: expected true: character in page read from disk is the one we expected.
[test_assign1_1.c-test single page content-L92-12:08:15] OK: expected true: character in page read from disk is the one we expected.
[test_assign1_1.c-test single page content-L92-12:08:15] OK: expected true: character in page read from disk is the one we expected.
[test_assign1_1.c-test single page content-L92-12:08:15] OK: expected true: character in page read from disk is the one we expected.
[test_assign1_1.c-test single page content-L92-12:08:15] OK: expected true: character in page read from disk is the one we expected.
[test_assign1_1.c-test single page content-L92-12:08:15] OK: expected true: character in page read from disk is the one we expected.
[test_assign1_1.c-test single page content-L92-12:08:15] OK: expected true: character in page read from disk is the one we expected.
[test_assign1_1.c-test single page content-L92-12:08:15] OK: expected true: character in page read from disk is the one we expected.
[test_assign1_1.c-test single page content-L92-12:08:15] OK: expected true: character in page read from disk is the one we expected.
[test_assign1_1.c-test single page content-L92-12:08:15] OK: expected true: character in page read from disk is the one we expected.
[test_assign1_1.c-test single page content-L92-12:08:15] OK: expected true: character in page read from disk is the one we expected.
[test_assign1_1.c-test single page content-L92-12:08:15] OK: expected true: character in page read from disk is the one we expected.
[test_assign1_1.c-test single page content-L92-12:08:15] OK: expected true: character in page read from disk is the one we expected.
[test_assign1_1.c-test single page content-L92-12:08:15] OK: expected true: character in page read from disk is the one we expected.
[test_assign1_1.c-test single page content-L92-12:08:15] OK: expected true: character in page read from disk is the one we expected.
[test_assign1_1.c-test single page content-L92-12:08:15] OK: expected true: character in page read from disk is the one we expected.
[test_assign1_1.c-test single page content-L92-12:08:15] OK: expected true: character in page read from disk is the one we expected.
[test_assign1_1.c-test single page content-L92-12:08:15] OK: expected true: character in page read from disk is the one we expected.
[test_assign1_1.c-test single page content-L92-12:08:15] OK: expected true: character in page read from disk is the one we expected.
[test_assign1_1.c-test single page content-L92-12:08:15] OK: expected true: character in page read from disk is the one we expected.
[test_assign1_1.c-test single page content-L92-12:08:15] OK: expected true: character in page read from disk is the one we expected.
[test_assign1_1.c-test single page content-L92-12:08:15] OK: expected true: character in page read from disk is the one we expected.
[test_assign1_1.c-test single page content-L92-12:08:15] OK: expected true: character in page read from disk is the one we expected.
[test_assign1_1.c-test single page content-L92-12:08:15] OK: expected true: character in page read from disk is the one we expected.
[test_assign1_1.c-test single page content-L92-12:08:15] OK: expected true: character in page read from disk is the one we expected.
[test_assign1_1.c-test single page content-L92-12:08:15] OK: expected true: character in page read from disk is the one we expected.
[test_assign1_1.c-test single page content-L92-12:08:15] OK: expected true: character in page read from disk is the one we expected.
[test_assign1_1.c-test single page content-L92-12:08:15] OK: expected true: character in page read from disk is the one we expected.
[test_assign1_1.c-test single page content-L92-12:08:15] OK: expected true: character in page read from disk is the one we expected.
[test_assign1_1.c-test single page content-L92-12:08:15] OK: expected true: character in page read from disk is the one we expected.
[test_assign1_1.c-test single page content-L92-12:08:15] OK: expected true: character in page read from disk is the one we expected.
[test_assign1_1.c-test single page content-L92-12:08:15] OK: expected true: character in page read from disk is the one we expected.
[test_assign1_1.c-test single page content-L92-12:08:15] OK: expected true: character in page read from disk is the one we expected.
[test_assign1_1.c-test single page content-L92-12:08:15] OK: expected true: character in page read from disk is the one we expected.
[test_assign1_1.c-test single page content-L92-12:08:15] OK: expected true: character in page read from disk is the one we expected.
[test_assign1_1.c-test single page content-L92-12:08:15] OK: expected true: character in page read from disk is the one we expected.
[test_assign1_1.c-test single page content-L92-12:08:15] OK: expected true: character in page read from disk is the one we expected.
[test_assign1_1.c-test single page content-L92-12:08:15] OK: expected true: character in page read from disk is the one we expected.
[test_assign1_1.c-test single page content-L92-12:08:15] OK: expected true: character in page read from disk is the one we expected.
[test_assign1_1.c-test single page content-L92-12:08:15] OK: expected true: character in page read from disk is the one we expected.
[test_assign1_1.c-test single page content-L92-12:08:15] OK: expected true: character in page read from disk is the one we expected.
[test_assign1_1.c-test single page content-L92-12:08:15] OK: expected true: character in page read from disk is the one we expected.
[test_assign1_1.c-test single page content-L92-12:08:15] OK: expected true: character in page read from disk is the one we expected.
[test_assign1_1.c-test single page content-L92-12:08:15] OK: expected true: character in page read from disk is the one we expected.
[test_assign1_1.c-test single page content-L92-12:08:15] OK: expected true: character in page read from disk is the one we expected.
[test_assign1_1.c-test single page content-L92-12:08:15] OK: expected true: character in page read from disk is the one we expected.
[test_assign1_1.c-test single page content-L92-12:08:15] OK: expected true: character in page read from disk is the one we expected.
[test_assign1_1.c-test single page content-L92-12:08:15] OK: expected true: character in page read from disk is the one we expected.
[test_assign1_1.c-test single page content-L92-12:08:15] OK: expected true: character in page read from disk is the one we expected.
[test_assign1_1.c-test single page content-L92-12:08:15] OK: expected true: character in page read from disk is the one we expected.
[test_assign1_1.c-test single page content-L92-12:08:15] OK: expected true: character in page read from disk is the one we expected.
[test_assign1_1.c-test single page content-L92-12:08:15] OK: expected true: character in page read from disk is the one we expected.
[test_assign1_1.c-test single page content-L92-12:08:15] OK: expected true: character in page read from disk is the one we expected.
[test_assign1_1.c-test single page content-L92-12:08:15] OK: expected true: character in page read from disk is the one we expected.
[test_assign1_1.c-test single page content-L92-12:08:15] OK: expected true: character in page read from disk is the one we expected.
[test_assign1_1.c-test single page content-L92-12:08:15] OK: expected true: character in page read from disk is the one we expected.
[test_assign1_1.c-test single page content-L92-12:08:15] OK: expected true: character in page read from disk is the one we expected.
[test_assign1_1.c-test single page content-L92-12:08:15] OK: expected true: character in page read from disk is the one we expected.
[test_assign1_1.c-test single page content-L92-12:08:15] OK: expected true: character in page read from disk is the one we expected.
[test_assign1_1.c-test single page content-L92-12:08:15] OK: expected true: character in page read from disk is the one we expected.
[test_assign1_1.c-test single page content-L92-12:08:15] OK: expected true: character in page read from disk is the one we expected.
[test_assign1_1.c-test single page content-L92-12:08:15] OK: expected true: character in page read from disk is the one we expected.
[test_assign1_1.c-test single page content-L92-12:08:15] OK: expected true: character in page read from disk is the one we expected.
[test_assign1_1.c-test single page content-L92-12:08:15] OK: expected true: character in page read from disk is the one we expected.
[test_assign1_1.c-test single page content-L92-12:08:15] OK: expected true: character in page read from disk is the one we expected.
[test_assign1_1.c-test single page content-L92-12:08:15] OK: expected true: character in page read from disk is the one we expected.
[test_assign1_1.c-test single page content-L92-12:08:15] OK: expected true: character in page read from disk is the one we expected.
[test_assign1_1.c-test single page content-L92-12:08:15] OK: expected true: character in page read from disk is the one we expected.
[test_assign1_1.c-test single page content-L92-12:08:15] OK: expected true: character in page read from disk is the one we expected.
[test_assign1_1.c-test single page content-L92-12:08:15] OK: expected true: character in page read from disk is the one we expected.
[test_assign1_1.c-test single page content-L92-12:08:15] OK: expected true: character in page read from disk is the one we expected.
[test_assign1_1.c-test single page content-L92-12:08:15] OK: expected true: character in page read from disk is the one we expected.
[test_assign1_1.c-test single page content-L92-12:08:15] OK: expected true: character in page read from disk is the one we expected.
[test_assign1_1.c-test single page content-L92-12:08:15] OK: expected true: character in page read from disk is the one we expected.
[test_assign1_1.c-test single page content-L92-12:08:15] OK: expected true: character in page read from disk is the one we expected.
[test_assign1_1.c-test single page content-L92-12:08:15] OK: expected true: character in page read from disk is the one we expected.
[test_assign1_1.c-test single page content-L92-12:08:15] OK: expected true: character in page read from disk is the one we expected.
[test_assign1_1.c-test single page content-L92-12:08:15] OK: expected true: character in page read from disk is the one we expected.
[test_assign1_1.c-test single page content-L92-12:08:15] OK: expected true: character in page read from disk is the one we expected.
[test_assign1_1.c-test single page content-L92-12:08:15] OK: expected true: character in page read from disk is the one we expected.
[test_assign1_1.c-test single page content-L92-12:08:15] OK: expected true: character in page read from disk is the one we expected.
[test_assign1_1.c-test single page content-L92-12:08:15] OK: expected true: character in page read from disk is the one we expected.
[test_assign1_1.c-test single page content-L92-12:08:15] OK: expected true: character in page read from disk is the one we expected.
[test_assign1_1.c-test single page content-L92-12:08:15] OK: expected true: character in page read from disk is the one we expected.
[test_assign1_1.c-test single page content-L92-12:08:15] OK: expected true: character in page read from disk is the one we expected.
[test_assign1_1.c-test single page content-L92-12:08:15] OK: expected true: character in page read from disk is the one we expected.
[test_assign1_1.c-test single page content-L92-12:08:15] OK: expected true: character in page read from disk is the one we expected.
[test_assign1_1.c-test single page content-L92-12:08:15] OK: expected true: character in page read from disk is the one we expected.
[test_assign1_1.c-test single page content-L92-12:08:15] OK: expected true: character in page read from disk is the one we expected.
[test_assign1_1.c-test single page content-L92-12:08:15] OK: expected true: character in page read from disk is the one we expected.
[test_assign1_1.c-test single page content-L92-12:08:15] OK: expected true: character in page read from disk is the one we expected.
[test_assign1_1.c-test single page content-L92-12:08:15] OK: expected true: character in page read from disk is the one we expected.
[test_assign1_1.c-test single page content-L92-12:08:15] OK: expected true: character in page read from disk is the one we expected.
[test_assign1_1.c-test single page content-L92-12:08:15] OK: expected true: character in page read from disk is the one we expected.
[test_assign1_1.c-test single page content-L92-12:08:15] OK: expected true: character in page read from disk is the one we expected.
[test_assign1_1.c-test single page content-L92-12:08:15] OK: expected true: character in page read from disk is the one we expected.
[test_assign1_1.c-test single page content-L92-12:08:15] OK: expected true: character in page read from disk is the one we expected.
[test_assign1_1.c-test single page content-L92-12:08:15] OK: expected true: character in page read from disk is the one we expected.
[test_assign1_1.c-test single page content-L92-12:08:15] OK: expected true: character in page read from disk is the one we expected.
[test_assign1_1.c-test single page content-L92-12:08:15] OK: expected true: character in page read from disk is the one we expected.
[test_assign1_1.c-test single page content-L92-12:08:15] OK: expected true: character in page read from disk is the one we expected.
[test_assign1_1.c-test single page content-L92-12:08:15] OK: expected true: character in page read from disk is the one we expected.
[test_assign1_1.c-test single page content-L92-12:08:15] OK: expected true: character in page read from disk is the one we expected.
[test_assign1_1.c-test single page content-L92-12:08:15] OK: expected true: character in page read from disk is the one we expected.
[test_assign1_1.c-test single page content-L92-12:08:15] OK: expected true: character in page read from disk is the one we expected.
[test_assign1_1.c-test single page content-L92-12:08:15] OK: expected true: character in page read from disk is the one we expected.
[test_assign1_1.c-test single page content-L92-12:08:15] OK: expected true: character in page read from disk is the one we expected.
[test_assign1_1.c-test single page content-L92-12:08:15] OK: expected true: character in page read from disk is the one we expected.
[test_assign1_1.c-test single page content-L92-12:08:15] OK: expected true: character in page read from disk is the one we expected.
[test_assign1_1.c-test single page content-L92-12:08:15] OK: expected true: character in page read from disk is the one we expected.
[test_assign1_1.c-test single page content-L92-12:08:15] OK: expected true: character in page read from disk is the one we expected.
[test_assign1_1.c-test single page content-L92-12:08:15] OK: expected true: character in page read from disk is the one we expected.
[test_assign1_1.c-test single page content-L92-12:08:15] OK: expected true: character in page read from disk is the one we expected.
[test_assign1_1.c-test single page content-L92-12:08:15] OK: expected true: character in page read from disk is the one we expected.
[test_assign1_1.c-test single page content-L92-12:08:15] OK: expected true: character in page read from disk is the one we expected.
[test_assign1_1.c-test single page content-L92-12:08:15] OK: expected true: character in page read from disk is the one we expected.
[test_assign1_1.c-test single page content-L92-12:08:15] OK: expected true: character in page read from disk is the one we expected.
[test_assign1_1.c-test single page content-L92-12:08:15] OK: expected true: character in page read from disk is the one we expected.
[test_assign1_1.c-test single page content-L92-12:08:15] OK: expected true: character in page read from disk is the one we expected.
[test_assign1_1.c-test single page content-L92-12:08:15] OK: expected true: character in page read from disk is the one we expected.
[test_assign1_1.c-test single page content-L92-12:08:15] OK: expected true: character in page read from disk is the one we expected.
[test_assign1_1.c-test single page content-L92-12:08:15] OK: expected true: character in page read from disk is the one we expected.
[test_assign1_1.c-test single page content-L92-12:08:15] OK: expected true: character in page read from disk is the one we expected.
[test_assign1_1.c-test single page content-L92-12:08:15] OK: expected true: character in page read from disk is the one we expected.
[test_assign1_1.c-test single page content-L92-12:08:15] OK: expected true: character in page read from disk is the one we expected.
[test_assign1_1.c-test single page content-L92-12:08:15] OK: expected true: character in page read from disk is the one we expected.
[test_assign1_1.c-test single page content-L92-12:08:15] OK: expected true: character in page read from disk is the one we expected.
[test_assign1_1.c-test single page content-L92-12:08:15] OK: expected true: character in page read from disk is the one we expected.
[test_assign1_1.c-test single page content-L92-12:08:15] OK: expected true: character in page read from disk is the one we expected.
[test_assign1_1.c-test single page content-L92-12:08:15] OK: expected true: character in page read from disk is the one we expected.
[test_assign1_1.c-test single page content-L92-12:08:15] OK: expected true: character in page read from disk is the one we expected.
[test_assign1_1.c-test single page content-L92-12:08:15] OK: expected true: character in page read from disk is the one we expected.
[test_assign1_1.c-test single page content-L92-12:08:15] OK: expected true: character in page read from disk is the one we expected.
[test_assign1_1.c-test single page content-L92-12:08:15] OK: expected true: character in page read from disk is the one we expected.
[test_assign1_1.c-test single page content-L92-12:08:15] OK: expected true: character in page read from disk is the one we expected.
[test_assign1_1.c-test single page content-L92-12:08:15] OK: expected true: character in page read from disk is the one we expected.
[test_assign1_1.c-test single page content-L92-12:08:15] OK: expected true: character in page read from disk is the one we expected.
[test_assign1_1.c-test single page content-L92-12:08:15] OK: expected true: character in page read from disk is the one we expected.
[test_assign1_1.c-test single page content-L92-12:08:15] OK: expected true: character in page read from disk is the one we expected.
[test_assign1_1.c-test single page content-L92-12:08:15] OK: expected true: character in page read from disk is the one we expected.
[test_assign1_1.c-test single page content-L92-12:08:15] OK: expected true: character in page read from disk is the one we expected.
[test_assign1_1.c-test single page content-L92-12:08:15] OK: expected true: character in page read from disk is the one we expected.
[test_assign1_1.c-test single page content-L92-12:08:15] OK: expected true: character in page read from disk is the one we expected.
[test_assign1_1.c-test single page content-L92-12:08:15] OK: expected true: character in page read from disk is the one we expected.
[test_assign1_1.c-test single page content-L92-12:08:15] OK: expected true: character in page read from disk is the one we expected.
[test_assign1_1.c-test single page content-L92-12:08:15] OK: expected true: character in page read from disk is the one we expected.
[test_assign1_1.c-test single page content-L92-12:08:15] OK: expected true: character in page read from disk is the one we expected.
[test_assign1_1.c-test single page content-L92-12:08:15] OK: expected true: character in page read from disk is the one we expected.
[test_assign1_1.c-test single page content-L92-12:08:15] OK: expected true: character in page read from disk is the one we expected.
[test_assign1_1.c-test single page content-L92-12:08:15] OK: expected true: character in page read from disk is the one we expected.
[test_assign1_1.c-test single page content-L92-12:08:15] OK: expected true: character in page read from disk is the one we expected.
[test_assign1_1.c-test single page content-L92-12:08:15] OK: expected true: character in page read from disk is the one we expected.
[test_assign1_1.c-test single page content-L92-12:08:15] OK: expected true: character in page read from disk is the one we expected.
[test_assign1_1.c-test single page content-L92-12:08:15] OK: expected true: character in page read from disk is the one we expected.
[test_assign1_1.c-test single page content-L92-12:08:15] OK: expected true: character in page read from disk is the one we expected.
[test_assign1_1.c-test single page content-L92-12:08:15] OK: expected true: character in page read from disk is the one we expected.
[test_assign1_1.c-test single page content-L92-12:08:15] OK: expected true: character in page read from disk is the one we expected.
[test_assign1_1.c-test single page content-L92-12:08:15] OK: expected true: character in page read from disk is the one we expected.
[test_assign1_1.c-test single page content-L92-12:08:15] OK: expected true: character in page read from disk is the one we expected.
[test_assign1_1.c-test single page content-L92-12:08:15] OK: expected true: character in page read from disk is the one we expected.
[test_assign1_1.c-test single page content-L92-12:08:15] OK: expected true: character in page read from disk is the one we expected.
[test_assign1_1.c-test single page content-L92-12:08:15] OK: expected true: character in page read from disk is the one we expected.
[test_assign1_1.c-test single page content-L92-12:08:15] OK: expected true: character in page read from disk is the one we expected.
[test_assign1_1.c-test single page content-L92-12:08:15] OK: expected true: character in page read from disk is the one we expected.
[test_assign1_1.c-test single page content-L92-12:08:15] OK: expected true: character in page read from disk is the one we expected.
[test_assign1_1.c-test single page content-L92-12:08:15] OK: expected true: character in page read from disk is the one we expected.
[test_assign1_1.c-test single page content-L92-12:08:15] OK: expected true: character in page read from disk is the one we expected.
[test_assign1_1.c-test single page content-L92-12:08:15] OK: expected true: character in page read from disk is the one we expected.
[test_assign1_1.c-test single page content-L92-12:08:15] OK: expected true: character in page read from disk is the one we expected.
[test_assign1_1.c-test single page content-L92-12:08:15] OK: expected true: character in page read from disk is the one we expected.
[test_assign1_1.c-test single page content-L92-12:08:15] OK: expected true: character in page read from disk is the one we expected.
[test_assign1_1.c-test single page content-L92-12:08:15] OK: expected true: character in page read from disk is the one we expected.
[test_assign1_1.c-test single page content-L92-12:08:15] OK: expected true: character in page read from disk is the one we expected.
[test_assign1_1.c-test single page content-L92-12:08:15] OK: expected true: character in page read from disk is the one we expected.
[test_assign1_1.c-test single page content-L92-12:08:15] OK: expected true: character in page read from disk is the one we expected.
[test_assign1_1.c-test single page content-L92-12:08:15] OK: expected true: character in page read from disk is the one we expected.
[test_assign1_1.c-test single page content-L92-12:08:15] OK: expected true: character in page read from disk is the one we expected.
[test_assign1_1.c-test single page content-L92-12:08:15] OK: expected true: character in page read from disk is the one we expected.
[test_assign1_1.c-test single page content-L92-12:08:15] OK: expected true: character in page read from disk is the one we expected.
[test_assign1_1.c-test single page content-L92-12:08:15] OK: expected true: character in page read from disk is the one we expected.
[test_assign1_1.c-test single page content-L92-12:08:15] OK: expected true: character in page read from disk is the one we expected.
[test_assign1_1.c-test single page content-L92-12:08:15] OK: expected true: character in page read from disk is the one we expected.
[test_assign1_1.c-test single page content-L92-12:08:15] OK: expected true: character in page read from disk is the one we expected.
[test_assign1_1.c-test single page content-L92-12:08:15] OK: expected true: character in page read from disk is the one we expected.
[test_assign1_1.c-test single page content-L92-12:08:15] OK: expected true: character in page read from disk is the one we expected.
[test_assign1_1.c-test single page content-L92-12:08:15] OK: expected true: character in page read from disk is the one we expected.
[test_assign1_1.c-test single page content-L92-12:08:15] OK: expected true: character in page read from disk is the one we expected.
[test_assign1_1.c-test single page content-L92-12:08:15] OK: expected true: character in page read from disk is the one we expected.
[test_assign1_1.c-test single page content-L92-12:08:15] OK: expected true: character in page read from disk is the one we expected.
[test_assign1_1.c-test single page content-L92-12:08:15] OK: expected true: character in page read from disk is the one we expected.
[test_assign1_1.c-test single page content-L92-12:08:15] OK: expected true: character in page read from disk is the one we expected.
[test_assign1_1.c-test single page content-L92-12:08:15] OK: expected true: character in page read from disk is the one we expected.
[test_assign1_1.c-test single page content-L92-12:08:15] OK: expected true: character in page read from disk is the one we expected.
[test_assign1_1.c-test single page content-L92-12:08:15] OK: expected true: character in page read from disk is the one we expected.
[test_assign1_1.c-test single page content-L92-12:08:15] OK: expected true: character in page read from disk is the one we expected.
[test_assign1_1.c-test single page content-L92-12:08:15] OK: expected true: character in page read from disk is the one we expected.
[test_assign1_1.c-test single page content-L92-12:08:15] OK: expected true: character in page read from disk is the one we expected.
[test_assign1_1.c-test single page content-L92-12:08:15] OK: expected true: character in page read from disk is the one we expected.
[test_assign1_1.c-test single page content-L92-12:08:15] OK: expected true: character in page read from disk is the one we expected.
[test_assign1_1.c-test single page content-L92-12:08:15] OK: expected true: character in page read from disk is the one we expected.
[test_assign1_1.c-test single page content-L92-12:08:15] OK: expected true: character in page read from disk is the one we expected.
[test_assign1_1.c-test single page content-L92-12:08:15] OK: expected true: character in page read from disk is the one we expected.
[test_assign1_1.c-test single page content-L92-12:08:15] OK: expected true: character in page read from disk is the one we expected.
[test_assign1_1.c-test single page content-L92-12:08:15] OK: expected true: character in page read from disk is the one we expected.
[test_assign1_1.c-test single page content-L92-12:08:15] OK: expected true: character in page read from disk is the one we expected.
[test_assign1_1.c-test single page content-L92-12:08:15] OK: expected true: character in page read from disk is the one we expected.
[test_assign1_1.c-test single page content-L92-12:08:15] OK: expected true: character in page read from disk is the one we expected.
[test_assign1_1.c-test single page content-L92-12:08:15] OK: expected true: character in page read from disk is the one we expected.
[test_assign1_1.c-test single page content-L92-12:08:15] OK: expected true: character in page read from disk is the one we expected.
[test_assign1_1.c-test single page content-L92-12:08:15] OK: expected true: character in page read from disk is the one we expected.
[test_assign1_1.c-test single page content-L92-12:08:15] OK: expected true: character in page read from disk is the one we expected.
[test_assign1_1.c-test single page content-L92-12:08:15] OK: expected true: character in page read from disk is the one we expected.
[test_assign1_1.c-test single page content-L92-12:08:15] OK: expected true: character in page read from disk is the one we expected.
[test_assign1_1.c-test single page content-L92-12:08:15] OK: expected true: character in page read from disk is the one we expected.
[test_assign1_1.c-test single page content-L92-12:08:15] OK: expected true: character in page read from disk is the one we expected.
[test_assign1_1.c-test single page content-L92-12:08:15] OK: expected true: character in page read from disk is the one we expected.
[test_assign1_1.c-test single page content-L92-12:08:15] OK: expected true: character in page read from disk is the one we expected.
[test_assign1_1.c-test single page content-L92-12:08:15] OK: expected true: character in page read from disk is the one we expected.
[test_assign1_1.c-test single page content-L92-12:08:15] OK: expected true: character in page read from disk is the one we expected.
[test_assign1_1.c-test single page content-L92-12:08:15] OK: expected true: character in page read from disk is the one we expected.
[test_assign1_1.c-test single page content-L92-12:08:15] OK: expected true: character in page read from disk is the one we expected.
[test_assign1_1.c-test single page content-L92-12:08:15] OK: expected true: character in page read from disk is the one we expected.
[test_assign1_1.c-test single page content-L92-12:08:15] OK: expected true: character in page read from disk is the one we expected.
[test_assign1_1.c-test single page content-L92-12:08:15] OK: expected true: character in page read from disk is the one we expected.
[test_assign1_1.c-test single page content-L92-12:08:15] OK: expected true: character in page read from disk is the one we expected.
[test_assign1_1.c-test single page content-L92-12:08:15] OK: expected true: character in page read from disk is the one we expected.
[test_assign1_1.c-test single page content-L92-12:08:15] OK: expected true: character in page read from disk is the one we expected.
[test_assign1_1.c-test single page content-L92-12:08:15] OK: expected true: character in page read from disk is the one we expected.
[test_assign1_1.c-test single page content-L92-12:08:15] OK: expected true: character in page read from disk is the one we expected.
[test_assign1_1.c-test single page content-L92-12:08:15] OK: expected true: character in page read from disk is the one we expected.
[test_assign1_1.c-test single page content-L92-12:08:15] OK: expected true: character in page read from disk is the one we expected.
[test_assign1_1.c-test single page content-L92-12:08:15] OK: expected true: character in page read from disk is the one we expected.
[test_assign1_1.c-test single page content-L92-12:08:15] OK: expected true: character in page read from disk is the one we expected.
[test_assign1_1.c-test single page content-L92-12:08:15] OK: expected true: character in page read from disk is the one we expected.
[test_assign1_1.c-test single page content-L92-12:08:15] OK: expected true: character in page read from disk is the one we expected.
[test_assign1_1.c-test single page content-L92-12:08:15] OK: expected true: character in page read from disk is the one we expected.
[test_assign1_1.c-test single page content-L92-12:08:15] OK: expected true: character in page read from disk is the one we expected.
[test_assign1_1.c-test single page content-L92-12:08:15] OK: expected true: character in page read from disk is the one we expected.
[test_assign1_1.c-test single page content-L92-12:08:15] OK: expected true: character in page read from disk is the one we expected.
[test_assign1_1.c-test single page content-L92-12:08:15] OK: expected true: character in page read from disk is the one we expected.
[test_assign1_1.c-test single page content-L92-12:08:15] OK: expected true: character in page read from disk is the one we expected.
[test_assign1_1.c-test single page content-L92-12:08:15] OK: expected true: character in page read from disk is the one we expected.
[test_assign1_1.c-test single page content-L92-12:08:15] OK: expected true: character in page read from disk is the one we expected.
[test_assign1_1.c-test single page content-L92-12:08:15] OK: expected true: character in page read from disk is the one we expected.
[test_assign1_1.c-test single page content-L92-12:08:15] OK: expected true: character in page read from disk is the one we expected.
[test_assign1_1.c-test single page content-L92-12:08:15] OK: expected true: character in page read from disk is the one we expected.
[test_assign1_1.c-test single page content-L92-12:08:15] OK: expected true: character in page read from disk is the one we expected.
[test_assign1_1.c-test single page content-L92-12:08:15] OK: expected true: character in page read from disk is the one we expected.
[test_assign1_1.c-test single page content-L92-12:08:15] OK: expected true: character in page read from disk is the one we expected.
[test_assign1_1.c-test single page content-L92-12:08:15] OK: expected true: character in page read from disk is the one we expected.
[test_assign1_1.c-test single page content-L92-12:08:15] OK: expected true: character in page read from disk is the one we expected.
[test_assign1_1.c-test single page content-L92-12:08:15] OK: expected true: character in page read from disk is the one we expected.
[test_assign1_1.c-test single page content-L92-12:08:15] OK: expected true: character in page read from disk is the one we expected.
[test_assign1_1.c-test single page content-L92-12:08:15] OK: expected true: character in page read from disk is the one we expected.
[test_assign1_1.c-test single page content-L92-12:08:15] OK: expected true: character in page read from disk is the one we expected.
[test_assign1_1.c-test single page content-L92-12:08:15] OK: expected true: character in page read from disk is the one we expected.
[test_assign1_1.c-test single page content-L92-12:08:15] OK: expected true: character in page read from disk is the one we expected.
[test_assign1_1.c-test single page content-L92-12:08:15] OK: expected true: character in page read from disk is the one we expected.
[test_assign1_1.c-test single page content-L92-12:08:15] OK: expected true: character in page read from disk is the one we expected.
[test_assign1_1.c-test single page content-L92-12:08:15] OK: expected true: character in page read from disk is the one we expected.
[test_assign1_1.c-test single page content-L92-12:08:15] OK: expected true: character in page read from disk is the one we expected.
[test_assign1_1.c-test single page content-L92-12:08:15] OK: expected true: character in page read from disk is the one we expected.
[test_assign1_1.c-test single page content-L92-12:08:15] OK: expected true: character in page read from disk is the one we expected.
[test_assign1_1.c-test single page content-L92-12:08:15] OK: expected true: character in page read from disk is the one we expected.
[test_assign1_1.c-test single page content-L92-12:08:15] OK: expected true: character in page read from disk is the one we expected.
[test_assign1_1.c-test single page content-L92-12:08:15] OK: expected true: character in page read from disk is the one we expected.
[test_assign1_1.c-test single page content-L92-12:08:15] OK: expected true: character in page read from disk is the one we expected.
[test_assign1_1.c-test single page content-L92-12:08:15] OK: expected true: character in page read from disk is the one we expected.
[test_assign1_1.c-test single page content-L92-12:08:15] OK: expected true: character in page read from disk is the one we expected.
[test_assign1_1.c-test single page content-L92-12:08:15] OK: expected true: character in page read from disk is the one we expected.
[test_assign1_1.c-test single page content-L92-12:08:15] OK: expected true: character in page read from disk is the one we expected.
[test_assign1_1.c-test single page content-L92-12:08:15] OK: expected true: character in page read from disk is the one we expected.
[test_assign1_1.c-test single page content-L92-12:08:15] OK: expected true: character in page read from disk is the one we expected.
[test_assign1_1.c-test single page content-L92-12:08:15] OK: expected true: character in page read from disk is the one we expected.
[test_assign1_1.c-test single page content-L92-12:08:15] OK: expected true: character in page read from disk is the one we expected.
[test_assign1_1.c-test single page content-L92-12:08:15] OK: expected true: character in page read from disk is the one we expected.
[test_assign1_1.c-test single page content-L92-12:08:15] OK: expected true: character in page read from disk is the one we expected.
[test_assign1_1.c-test single page content-L92-12:08:15] OK: expected true: character in page read from disk is the one we expected.
[test_assign1_1.c-test single page content-L92-12:08:15] OK: expected true: character in page read from disk is the one we expected.
[test_assign1_1.c-test single page content-L92-12:08:15] OK: expected true: character in page read from disk is the one we expected.
[test_assign1_1.c-test single page content-L92-12:08:15] OK: expected true: character in page read from disk is the one we expected.
[test_assign1_1.c-test single page content-L92-12:08:15] OK: expected true: character in page read from disk is the one we expected.
[test_assign1_1.c-test single page content-L92-12:08:15] OK: expected true: character in page read from disk is the one we expected.
[test_assign1_1.c-test single page content-L92-12:08:15] OK: expected true: character in page read from disk is the one we expected.
[test_assign1_1.c-test single page content-L92-12:08:15] OK: expected true: character in page read from disk is the one we expected.
[test_assign1_1.c-test single page content-L92-12:08:15] OK: expected true: character in page read from disk is the one we expected.
[test_assign1_1.c-test single page content-L92-12:08:15] OK: expected true: character in page read from disk is the one we expected.
[test_assign1_1.c-test single page content-L92-12:08:15] OK: expected true: character in page read from disk is the one we expected.
[test_assign1_1.c-test single page content-L92-12:08:15] OK: expected true: character in page read from disk is the one we expected.
[test_assign1_1.c-test single page content-L92-12:08:15] OK: expected true: character in page read from disk is the one we expected.
[test_assign1_1.c-test single page content-L92-12:08:15] OK: expected true: character in page read from disk is the one we expected.
[test_assign1_1.c-test single page content-L92-12:08:15] OK: expected true: character in page read from disk is the one we expected.
[test_assign1_1.c-test single page content-L92-12:08:15] OK: expected true: character in page read from disk is the one we expected.
[test_assign1_1.c-test single page content-L92-12:08:15] OK: expected true: character in page read from disk is the one we expected.
[test_assign1_1.c-test single page content-L92-12:08:15] OK: expected true: character in page read from disk is the one we expected.
[test_assign1_1.c-test single page content-L92-12:08:15] OK: expected true: character in page read from disk is the one we expected.
[test_assign1_1.c-test single page content-L92-12:08:15] OK: expected true: character in page read from disk is the one we expected.
[test_assign1_1.c-test single page content-L92-12:08:15] OK: expected true: character in page read from disk is the one we expected.
[test_assign1_1.c-test single page content-L92-12:08:15] OK: expected true: character in page read from disk is the one we expected.
[test_assign1_1.c-test single page content-L92-12:08:15] OK: expected true: character in page read from disk is the one we expected.
[test_assign1_1.c-test single page content-L92-12:08:15] OK: expected true: character in page read from disk is the one we expected.
[test_assign1_1.c-test single page content-L92-12:08:15] OK: expected true: character in page read from disk is the one we expected.
[test_assign1_1.c-test single page content-L92-12:08:15] OK: expected true: character in page read from disk is the one we expected.
[test_assign1_1.c-test single page content-L92-12:08:15] OK: expected true: character in page read from disk is the one we expected.
[test_assign1_1.c-test single page content-L92-12:08:15] OK: expected true: character in page read from disk is the one we expected.
[test_assign1_1.c-test single page content-L92-12:08:15] OK: expected true: character in page read from disk is the one we expected.
[test_assign1_1.c-test single page content-L92-12:08:15] OK: expected true: character in page read from disk is the one we expected.
[test_assign1_1.c-test single page content-L92-12:08:15] OK: expected true: character in page read from disk is the one we expected.
[test_assign1_1.c-test single page content-L92-12:08:15] OK: expected true: character in page read from disk is the one we expected.
[test_assign1_1.c-test single page content-L92-12:08:15] OK: expected true: character in page read from disk is the one we expected.
[test_assign1_1.c-test single page content-L92-12:08:15] OK: expected true: character in page read from disk is the one we expected.
[test_assign1_1.c-test single page content-L92-12:08:15] OK: expected true: character in page read from disk is the one we expected.
[test_assign1_1.c-test single page content-L92-12:08:15] OK: expected true: character in page read from disk is the one we expected.
[test_assign1_1.c-test single page content-L92-12:08:15] OK: expected true: character in page read from disk is the one we expected.
[test_assign1_1.c-test single page content-L92-12:08:15] OK: expected true: character in page read from disk is the one we expected.
[test_assign1_1.c-test single page content-L92-12:08:15] OK: expected true: character in page read from disk is the one we expected.
[test_assign1_1.c-test single page content-L92-12:08:15] OK: expected true: character in page read from disk is the one we expected.
[test_assign1_1.c-test single page content-L92-12:08:15] OK: expected true: character in page read from disk is the one we expected.
[test_assign1_1.c-test single page content-L92-12:08:15] OK: expected true: character in page read from disk is the one we expected.
[test_assign1_1.c-test single page content-L92-12:08:15] OK: expected true: character in page read from disk is the one we expected.
[test_assign1_1.c-test single page content-L92-12:08:15] OK: expected true: character in page read from disk is the one we expected.
[test_assign1_1.c-test single page content-L92-12:08:15] OK: expected true: character in page read from disk is the one we expected.
[test_assign1_1.c-test single page content-L92-12:08:15] OK: expected true: character in page read from disk is the one we expected.
[test_assign1_1.c-test single page content-L92-12:08:15] OK: expected true: character in page read from disk is the one we expected.
[test_assign1_1.c-test single page content-L92-12:08:15] OK: expected true: character in page read from disk is the one we expected.
[test_assign1_1.c-test single page content-L92-12:08:15] OK: expected true: character in page read from disk is the one we expected.
[test_assign1_1.c-test single page content-L92-12:08:15] OK: expected true: character in page read from disk is the one we expected.
[test_assign1_1.c-test single page content-L92-12:08:15] OK: expected true: character in page read from disk is the one we expected.
[test_assign1_1.c-test single page content-L92-12:08:15] OK: expected true: character in page read from disk is the one we expected.
[test_assign1_1.c-test single page content-L92-12:08:15] OK: expected true: character in page read from disk is the one we expected.
[test_assign1_1.c-test single page content-L92-12:08:15] OK: expected true: character in page read from disk is the one we expected.
[test_assign1_1.c-test single page content-L92-12:08:15] OK: expected true: character in page read from disk is the one we expected.
[test_assign1_1.c-test single page content-L92-12:08:15] OK: expected true: character in page read from disk is the one we expected.
[test_assign1_1.c-test single page content-L92-12:08:15] OK: expected true: character in page read from disk is the one we expected.
[test_assign1_1.c-test single page content-L92-12:08:15] OK: expected true: character in page read from disk is the one we expected.
[test_assign1_1.c-test single page content-L92-12:08:15] OK: expected true: character in page read from disk is the one we expected.
[test_assign1_1.c-test single page content-L92-12:08:15] OK: expected true: character in page read from disk is the one we expected.
[test_assign1_1.c-test single page content-L92-12:08:15] OK: expected true: character in page read from disk is the one we expected.
[test_assign1_1.c-test single page content-L92-12:08:15] OK: expected true: character in page read from disk is the one we expected.
[test_assign1_1.c-test single page content-L92-12:08:15] OK: expected true: character in page read from disk is the one we expected.
[test_assign1_1.c-test single page content-L92-12:08:15] OK: expected true: character in page read from disk is the one we expected.
[test_assign1_1.c-test single page content-L92-12:08:15] OK: expected true: character in page read from disk is the one we expected.
[test_assign1_1.c-test single page content-L92-12:08:15] OK: expected true: character in page read from disk is the one we expected.
[test_assign1_1.c-test single page content-L92-12:08:15] OK: expected true: character in page read from disk is the one we expected.
[test_assign1_1.c-test single page content-L92-12:08:15] OK: expected true: character in page read from disk is the one we expected.
[test_assign1_1.c-test single page content-L92-12:08:15] OK: expected true: character in page read from disk is the one we expected.
[test_assign1_1.c-test single page content-L92-12:08:15] OK: expected true: character in page read from disk is the one we expected.
[test_assign1_1.c-test single page content-L92-12:08:15] OK: expected true: character in page read from disk is the one we expected.
[test_assign1_1.c-test single page content-L92-12:08:15] OK: expected true: character in page read from disk is the one we expected.
[test_assign1_1.c-test single page content-L92-12:08:15] OK: expected true: character in page read from disk is the one we expected.
[test_assign1_1.c-test single page content-L92-12:08:15] OK: expected true: character in page read from disk is the one we expected.
[test_assign1_1.c-test single page content-L92-12:08:15] OK: expected true: character in page read from disk is the one we expected.
[test_assign1_1.c-test single page content-L92-12:08:15] OK: expected true: character in page read from disk is the one we expected.
[test_assign1_1.c-test single page content-L92-12:08:15] OK: expected true: character in page read from disk is the one we expected.
[test_assign1_1.c-test single page content-L92-12:08:15] OK: expected true: character in page read from disk is the one we expected.
[test_assign1_1.c-test single page content-L92-12:08:15] OK: expected true: character in page read from disk is the one we expected.
[test_assign1_1.c-test single page content-L92-12:08:15] OK: expected true: character in page read from disk is the one we expected.
[test_assign1_1.c-test single page content-L92-12:08:15] OK: expected true: character in page read from disk is the one we expected.
[test_assign1_1.c-test single page content-L92-12:08:15] OK: expected true: character in page read from disk is the one we expected.
[test_assign1_1.c-test single page content-L92-12:08:15] OK: expected true: character in page read from disk is the one we expected.
[test_assign1_1.c-test single page content-L92-12:08:15] OK: expected true: character in page read from disk is the one we expected.
[test_assign1_1.c-test single page content-L92-12:08:15] OK: expected true: character in page read from disk is the one we expected.
[test_assign1_1.c-test single page content-L92-12:08:15] OK: expected true: character in page read from disk is the one we expected.
[test_assign1_1.c-test single page content-L92-12:08:15] OK: expected true: character in page read from disk is the one we expected.
[test_assign1_1.c-test single page content-L92-12:08:15] OK: expected true: character in page read from disk is the one we expected.
[test_assign1_1.c-test single page content-L92-12:08:15] OK: expected true: character in page read from disk is the one we expected.
[test_assign1_1.c-test single page content-L92-12:08:15] OK: expected true: character in page read from disk is the one we expected.
[test_assign1_1.c-test single page content-L92-12:08:15] OK: expected true: character in page read from disk is the one we expected.
[test_assign1_1.c-test single page content-L92-12:08:15] OK: expected true: character in page read from disk is the one we expected.
[test_assign1_1.c-test single page content-L92-12:08:15] OK: expected true: character in page read from disk is the one we expected.
[test_assign1_1.c-test single page content-L92-12:08:15] OK: expected true: character in page read from disk is the one we expected.
[test_assign1_1.c-test single page content-L92-12:08:15] OK: expected true: character in page read from disk is the one we expected.
[test_assign1_1.c-test single page content-L92-12:08:15] OK: expected true: character in page read from disk is the one we expected.
[test_assign1_1.c-test single page content-L92-12:08:15] OK: expected true: character in page read from disk is the one we expected.
[test_assign1_1.c-test single page content-L92-12:08:15] OK: expected true: character in page read from disk is the one we expected.
[test_assign1_1.c-test single page content-L92-12:08:15] OK: expected true: character in page read from disk is the one we expected.
[test_assign1_1.c-test single page content-L92-12:08:15] OK: expected true: character in page read from disk is the one we expected.
[test_assign1_1.c-test single page content-L92-12:08:15] OK: expected true: character in page read from disk is the one we expected.
[test_assign1_1.c-test single page content-L92-12:08:15] OK: expected true: character in page read from disk is the one we expected.
[test_assign1_1.c-test single page content-L92-12:08:15] OK: expected true: character in page read from disk is the one we expected.
[test_assign1_1.c-test single page content-L92-12:08:15] OK: expected true: character in page read from disk is the one we expected.
[test_assign1_1.c-test single page content-L92-12:08:15] OK: expected true: character in page read from disk is the one we expected.
[test_assign1_1.c-test single page content-L92-12:08:15] OK: expected true: character in page read from disk is the one we expected.
[test_assign1_1.c-test single page content-L92-12:08:15] OK: expected true: character in page read from disk is the one we expected.
[test_assign1_1.c-test single page content-L92-12:08:15] OK: expected true: character in page read from disk is the one we expected.
[test_assign1_1.c-test single page content-L92-12:08:15] OK: expected true: character in page read from disk is the one we expected.
[test_assign1_1.c-test single page content-L92-12:08:15] OK: expected true: character in page read from disk is the one we expected.
[test_assign1_1.c-test single page content-L92-12:08:15] OK: expected true: character in page read from disk is the one we expected.
[test_assign1_1.c-test single page content-L92-12:08:15] OK: expected true: character in page read from disk is the one we expected.
[test_assign1_1.c-test single page content-L92-12:08:15] OK: expected true: character in page read from disk is the one we expected.
[test_assign1_1.c-test single page content-L92-12:08:15] OK: expected true: character in page read from disk is the one we expected.
[test_assign1_1.c-test single page content-L92-12:08:15] OK: expected true: character in page read from disk is the one we expected.
[test_assign1_1.c-test single page content-L92-12:08:15] OK: expected true: character in page read from disk is the one we expected.
[test_assign1_1.c-test single page content-L92-12:08:15] OK: expected true: character in page read from disk is the one we expected.
[test_assign1_1.c-test single page content-L92-12:08:15] OK: expected true: character in page read from disk is the one we expected.
[test_assign1_1.c-test single page content-L92-12:08:15] OK: expected true: character in page read from disk is the one we expected.
[test_assign1_1.c-test single page content-L92-12:08:15] OK: expected true: character in page read from disk is the one we expected.
[test_assign1_1.c-test single page content-L92-12:08:15] OK: expected true: character in page read from disk is the one we expected.
[test_assign1_1.c-test single page content-L92-12:08:15] OK: expected true: character in page read from disk is the one we expected.
[test_assign1_1.c-test single page content-L92-12:08:15] OK: expected true: character in page read from disk is the one we expected.
[test_assign1_1.c-test single page content-L92-12:08:15] OK: expected true: character in page read from disk is the one we expected.
[test_assign1_1.c-test single page content-L92-12:08:15] OK: expected true: character in page read from disk is the one we expected.
[test_assign1_1.c-test single page content-L92-12:08:15] OK: expected true: character in page read from disk is the one we expected.
[test_assign1_1.c-test single page content-L92-12:08:15] OK: expected true: character in page read from disk is the one we expected.
[test_assign1_1.c-test single page content-L92-12:08:15] OK: expected true: character in page read from disk is the one we expected.
[test_assign1_1.c-test single page content-L92-12:08:15] OK: expected true: character in page read from disk is the one we expected.
[test_assign1_1.c-test single page content-L92-12:08:15] OK: expected true: character in page read from disk is the one we expected.
[test_assign1_1.c-test single page content-L92-12:08:15] OK: expected true: character in page read from disk is the one we expected.
[test_assign1_1.c-test single page content-L92-12:08:15] OK: expected true: character in page read from disk is the one we expected.
[test_assign1_1.c-test single page content-L92-12:08:15] OK: expected true: character in page read from disk is the one we expected.
[test_assign1_1.c-test single page content-L92-12:08:15] OK: expected true: character in page read from disk is the one we expected.
[test_assign1_1.c-test single page content-L92-12:08:15] OK: expected true: character in page read from disk is the one we expected.
[test_assign1_1.c-test single page content-L92-12:08:15] OK: expected true: character in page read from disk is the one we expected.
[test_assign1_1.c-test single page content-L92-12:08:15] OK: expected true: character in page read from disk is the one we expected.
[test_assign1_1.c-test single page content-L92-12:08:15] OK: expected true: character in page read from disk is the one we expected.
[test_assign1_1.c-test single page content-L92-12:08:15] OK: expected true: character in page read from disk is the one we expected.
[test_assign1_1.c-test single page content-L92-12:08:15] OK: expected true: character in page read from disk is the one we expected.
[test_assign1_1.c-test single page content-L92-12:08:15] OK: expected true: character in page read from disk is the one we expected.
[test_assign1_1.c-test single page content-L92-12:08:15] OK: expected true: character in page read from disk is the one we expected.
[test_assign1_1.c-test single page content-L92-12:08:15] OK: expected true: character in page read from disk is the one we expected.
[test_assign1_1.c-test single page content-L92-12:08:15] OK: expected true: character in page read from disk is the one we expected.
[test_assign1_1.c-test single page content-L92-12:08:15] OK: expected true: character in page read from disk is the one we expected.
[test_assign1_1.c-test single page content-L92-12:08:15] OK: expected true: character in page read from disk is the one we expected.
[test_assign1_1.c-test single page content-L92-12:08:15] OK: expected true: character in page read from disk is the one we expected.
[test_assign1_1.c-test single page content-L92-12:08:15] OK: expected true: character in page read from disk is the one we expected.
[test_assign1_1.c-test single page content-L92-12:08:15] OK: expected true: character in page read from disk is the one we expected.
[test_assign1_1.c-test single page content-L92-12:08:15] OK: expected true: character in page read from disk is the one we expected.
[test_assign1_1.c-test single page content-L92-12:08:15] OK: expected true: character in page read from disk is the one we expected.
[test_assign1_1.c-test single page content-L92-12:08:15] OK: expected true: character in page read from disk is the one we expected.
[test_assign1_1.c-test single page content-L92-12:08:15] OK: expected true: character in page read from disk is the one we expected.
[test_assign1_1.c-test single page content-L92-12:08:15] OK: expected true: character in page read from disk is the one we expected.
[test_assign1_1.c-test single page content-L92-12:08:15] OK: expected true: character in page read from disk is the one we expected.
[test_assign1_1.c-test single page content-L92-12:08:15] OK: expected true: character in page read from disk is the one we expected.
[test_assign1_1.c-test single page content-L92-12:08:15] OK: expected true: character in page read from disk is the one we expected.
[test_assign1_1.c-test single page content-L92-12:08:15] OK: expected true: character in page read from disk is the one we expected.
[test_assign1_1.c-test single page content-L92-12:08:15] OK: expected true: character in page read from disk is the one we expected.
[test_assign1_1.c-test single page content-L92-12:08:15] OK: expected true: character in page read from disk is the one we expected.
[test_assign1_1.c-test single page content-L92-12:08:15] OK: expected true: character in page read from disk is the one we expected.
[test_assign1_1.c-test single page content-L92-12:08:15] OK: expected true: character in page read from disk is the one we expected.
[test_assign1_1.c-test single page content-L92-12:08:15] OK: expected true: character in page read from disk is the one we expected.
[test_assign1_1.c-test single page content-L92-12:08:15] OK: expected true: character in page read from disk is the one we expected.
[test_assign1_1.c-test single page content-L92-12:08:15] OK: expected true: character in page read from disk is the one we expected.
[test_assign1_1.c-test single page content-L92-12:08:15] OK: expected true: character in page read from disk is the one we expected.
[test_assign1_1.c-test single page content-L92-12:08:15] OK: expected true: character in page read from disk is the one we expected.
[test_assign1_1.c-test single page content-L92-12:08:15] OK: expected true: character in page read from disk is the one we expected.
[test_assign1_1.c-test single page content-L92-12:08:15] OK: expected true: character in page read from disk is the one we expected.
[test_assign1_1.c-test single page content-L92-12:08:15] OK: expected true: character in page read from disk is the one we expected.
[test_assign1_1.c-test single page content-L92-12:08:15] OK: expected true: character in page read from disk is the one we expected.
[test_assign1_1.c-test single page content-L92-12:08:15] OK: expected true: character in page read from disk is the one we expected.
[test_assign1_1.c-test single page content-L92-12:08:15] OK: expected true: character in page read from disk is the one we expected.
[test_assign1_1.c-test single page content-L92-12:08:15] OK: expected true: character in page read from disk is the one we expected.
[test_assign1_1.c-test single page content-L92-12:08:15] OK: expected true: character in page read from disk is the one we expected.
[test_assign1_1.c-test single page content-L92-12:08:15] OK: expected true: character in page read from disk is the one we expected.
[test_assign1_1.c-test single page content-L92-12:08:15] OK: expected true: character in page read from disk is the one we expected.
[test_assign1_1.c-test single page content-L92-12:08:15] OK: expected true: character in page read from disk is the one we expected.
[test_assign1_1.c-test single page content-L92-12:08:15] OK: expected true: character in page read from disk is the one we expected.
[test_assign1_1.c-test single page content-L92-12:08:15] OK: expected true: character in page read from disk is the one we expected.
[test_assign1_1.c-test single page content-L92-12:08:15] OK: expected true: character in page read from disk is the one we expected.
[test_assign1_1.c-test single page content-L92-12:08:15] OK: expected true: character in page read from disk is the one we expected.
[test_assign1_1.c-test single page content-L92-12:08:15] OK: expected true: character in page read from disk is the one we expected.
[test_assign1_1.c-test single page content-L92-12:08:15] OK: expected true: character in page read from disk is the one we expected.
[test_assign1_1.c-test single page content-L92-12:08:15] OK: expected true: character in page read from disk is the one we expected.
[test_assign1_1.c-test single page content-L92-12:08:15] OK: expected true: character in page read from disk is the one we expected.
[test_assign1_1.c-test single page content-L92-12:08:15] OK: expected true: character in page read from disk is the one we expected.
[test_assign1_1.c-test single page content-L92-12:08:15] OK: expected true: character in page read from disk is the one we expected.
[test_assign1_1.c-test single page content-L92-12:08:15] OK: expected true: character in page read from disk is the one we expected.
[test_assign1_1.c-test single page content-L92-12:08:15] OK: expected true: character in page read from disk is the one we expected.
[test_assign1_1.c-test single page content-L92-12:08:15] OK: expected true: character in page read from disk is the one we expected.
[test_assign1_1.c-test single page content-L92-12:08:15] OK: expected true: character in page read from disk is the one we expected.
[test_assign1_1.c-test single page content-L92-12:08:15] OK: expected true: character in page read from disk is the one we expected.
[test_assign1_1.c-test single page content-L92-12:08:15] OK: expected true: character in page read from disk is the one we expected.
[test_assign1_1.c-test single page content-L92-12:08:15] OK: expected true: character in page read from disk is the one we expected.
[test_assign1_1.c-test single page content-L92-12:08:15] OK: expected true: character in page read from disk is the one we expected.
[test_assign1_1.c-test single page content-L92-12:08:15] OK: expected true: character in page read from disk is the one we expected.
[test_assign1_1.c-test single page content-L92-12:08:15] OK: expected true: character in page read from disk is the one we expected.
[test_assign1_1.c-test single page content-L92-12:08:15] OK: expected true: character in page read from disk is the one we expected.
[test_assign1_1.c-test single page content-L92-12:08:15] OK: expected true: character in page read from disk is the one we expected.
[test_assign1_1.c-test single page content-L92-12:08:15] OK: expected true: character in page read from disk is the one we expected.
[test_assign1_1.c-test single page content-L92-12:08:15] OK: expected true: character in page read from disk is the one we expected.
[test_assign1_1.c-test single page content-L92-12:08:15] OK: expected true: character in page read from disk is the one we expected.
[test_assign1_1.c-test single page content-L92-12:08:15] OK: expected true: character in page read from disk is the one we expected.
[test_assign1_1.c-test single page content-L92-12:08:15] OK: expected true: character in page read from disk is the one we expected.
[test_assign1_1.c-test single page content-L92-12:08:15] OK: expected true: character in page read from disk is the one we expected.
[test_assign1_1.c-test single page content-L92-12:08:15] OK: expected true: character in page read from disk is the one we expected.
[test_assign1_1.c-test single page content-L92-12:08:15] OK: expected true: character in page read from disk is the one we expected.
[test_assign1_1.c-test single page content-L92-12:08:15] OK: expected true: character in page read from disk is the one we expected.
[test_assign1_1.c-test single page content-L92-12:08:15] OK: expected true: character in page read from disk is the one we expected.
[test_assign1_1.c-test single page content-L92-12:08:15] OK: expected true: character in page read from disk is the one we expected.
[test_assign1_1.c-test single page content-L92-12:08:15] OK: expected true: character in page read from disk is the one we expected.
[test_assign1_1.c-test single page content-L92-12:08:15] OK: expected true: character in page read from disk is the one we expected.
[test_assign1_1.c-test single page content-L92-12:08:15] OK: expected true: character in page read from disk is the one we expected.
[test_assign1_1.c-test single page content-L92-12:08:15] OK: expected true: character in page read from disk is the one we expected.
[test_assign1_1.c-test single page content-L92-12:08:15] OK: expected true: character in page read from disk is the one we expected.
[test_assign1_1.c-test single page content-L92-12:08:15] OK: expected true: character in page read from disk is the one we expected.
[test_assign1_1.c-test single page content-L92-12:08:15] OK: expected true: character in page read from disk is the one we expected.
[test_assign1_1.c-test single page content-L92-12:08:15] OK: expected true: character in page read from disk is the one we expected.
[test_assign1_1.c-test single page content-L92-12:08:15] OK: expected true: character in page read from disk is the one we expected.
[test_assign1_1.c-test single page content-L92-12:08:15] OK: expected true: character in page read from disk is the one we expected.
[test_assign1_1.c-test single page content-L92-12:08:15] OK: expected true: character in page read from disk is the one we expected.
[test_assign1_1.c-test single page content-L92-12:08:15] OK: expected true: character in page read from disk is the one we expected.
[test_assign1_1.c-test single page content-L92-12:08:15] OK: expected true: character in page read from disk is the one we expected.
[test_assign1_1.c-test single page content-L92-12:08:15] OK: expected true: character in page read from disk is the one we expected.
[test_assign1_1.c-test single page content-L92-12:08:15] OK: expected true: character in page read from disk is the one we expected.
[test_assign1_1.c-test single page content-L92-12:08:15] OK: expected true: character in page read from disk is the one we expected.
[test_assign1_1.c-test single page content-L92-12:08:15] OK: expected true: character in page read from disk is the one we expected.
[test_assign1_1.c-test single page content-L92-12:08:15] OK: expected true: character in page read from disk is the one we expected.
[test_assign1_1.c-test single page content-L92-12:08:15] OK: expected true: character in page read from disk is the one we expected.
[test_assign1_1.c-test single page content-L92-12:08:15] OK: expected true: character in page read from disk is the one we expected.
[test_assign1_1.c-test single page content-L92-12:08:15] OK: expected true: character in page read from disk is the one we expected.
[test_assign1_1.c-test single page content-L92-12:08:15] OK: expected true: character in page read from disk is the one we expected.
[test_assign1_1.c-test single page content-L92-12:08:15] OK: expected true: character in page read from disk is the one we expected.
[test_assign1_1.c-test single page content-L92-12:08:15] OK: expected true: character in page read from disk is the one we expected.
[test_assign1_1.c-test single page content-L92-12:08:15] OK: expected true: character in page read from disk is the one we expected.
[test_assign1_1.c-test single page content-L92-12:08:15] OK: expected true: character in page read from disk is the one we expected.
[test_assign1_1.c-test single page content-L92-12:08:15] OK: expected true: character in page read from disk is the one we expected.
[test_assign1_1.c-test single page content-L92-12:08:15] OK: expected true: character in page read from disk is the one we expected.
[test_assign1_1.c-test single page content-L92-12:08:15] OK: expected true: character in page read from disk is the one we expected.
[test_assign1_1.c-test single page content-L92-12:08:15] OK: expected true: character in page read from disk is the one we expected.
[test_assign1_1.c-test single page content-L92-12:08:15] OK: expected true: character in page read from disk is the one we expected.
[test_assign1_1.c-test single page content-L92-12:08:15] OK: expected true: character in page read from disk is the one we expected.
[test_assign1_1.c-test single page content-L92-12:08:15] OK: expected true: character in page read from disk is the one we expected.
[test_assign1_1.c-test single page content-L92-12:08:15] OK: expected true: character in page read from disk is the one we expected.
[test_assign1_1.c-test single page content-L92-12:08:15] OK: expected true: character in page read from disk is the one we expected.
[test_assign1_1.c-test single page content-L92-12:08:15] OK: expected true: character in page read from disk is the one we expected.
[test_assign1_1.c-test single page content-L92-12:08:15] OK: expected true: character in page read from disk is the one we expected.
[test_assign1_1.c-test single page content-L92-12:08:15] OK: expected true: character in page read from disk is the one we expected.
[test_assign1_1.c-test single page content-L92-12:08:15] OK: expected true: character in page read from disk is the one we expected.
[test_assign1_1.c-test single page content-L92-12:08:15] OK: expected true: character in page read from disk is the one we expected.
[test_assign1_1.c-test single page content-L92-12:08:15] OK: expected true: character in page read from disk is the one we expected.
[test_assign1_1.c-test single page content-L92-12:08:15] OK: expected true: character in page read from disk is the one we expected.
[test_assign1_1.c-test single page content-L92-12:08:15] OK: expected true: character in page read from disk is the one we expected.
[test_assign1_1.c-test single page content-L92-12:08:15] OK: expected true: character in page read from disk is the one we expected.
[test_assign1_1.c-test single page content-L92-12:08:15] OK: expected true: character in page read from disk is the one we expected.
[test_assign1_1.c-test single page content-L92-12:08:15] OK: expected true: character in page read from disk is the one we expected.
[test_assign1_1.c-test single page content-L92-12:08:15] OK: expected true: character in page read from disk is the one we expected.
[test_assign1_1.c-test single page content-L92-12:08:15] OK: expected true: character in page read from disk is the one we expected.
[test_assign1_1.c-test single page content-L92-12:08:15] OK: expected true: character in page read from disk is the one we expected.
[test_assign1_1.c-test single page content-L92-12:08:15] OK: expected true: character in page read from disk is the one we expected.
[test_assign1_1.c-test single page content-L92-12:08:15] OK: expected true: character in page read from disk is the one we expected.
[test_assign1_1.c-test single page content-L92-12:08:15] OK: expected true: character in page read from disk is the one we expected.
[test_assign1_1.c-test single page content-L92-12:08:15] OK: expected true: character in page read from disk is the one we expected.
[test_assign1_1.c-test single page content-L92-12:08:15] OK: expected true: character in page read from disk is the one we expected.
[test_assign1_1.c-test single page content-L92-12:08:15] OK: expected true: character in page read from disk is the one we expected.
[test_assign1_1.c-test single page content-L92-12:08:15] OK: expected true: character in page read from disk is the one we expected.
[test_assign1_1.c-test single page content-L92-12:08:15] OK: expected true: character in page read from disk is the one we expected.
[test_assign1_1.c-test single page content-L92-12:08:15] OK: expected true: character in page read from disk is the one we expected.
[test_assign1_1.c-test single page content-L92-12:08:15] OK: expected true: character in page read from disk is the one we expected.
[test_assign1_1.c-test single page content-L92-12:08:15] OK: expected true: character in page read from disk is the one we expected.
[test_assign1_1.c-test single page content-L92-12:08:15] OK: expected true: character in page read from disk is the one we expected.
[test_assign1_1.c-test single page content-L92-12:08:15] OK: expected true: character in page read from disk is the one we expected.
[test_assign1_1.c-test single page content-L92-12:08:15] OK: expected true: character in page read from disk is the one we expected.
[test_assign1_1.c-test single page content-L92-12:08:15] OK: expected true: character in page read from disk is the one we expected.
[test_assign1_1.c-test single page content-L92-12:08:15] OK: expected true: character in page read from disk is the one we expected.
[test_assign1_1.c-test single page content-L92-12:08:15] OK: expected true: character in page read from disk is the one we expected.
[test_assign1_1.c-test single page content-L92-12:08:15] OK: expected true: character in page read from disk is the one we expected.
[test_assign1_1.c-test single page content-L92-12:08:15] OK: expected true: character in page read from disk is the one we expected.
[test_assign1_1.c-test single page content-L92-12:08:15] OK: expected true: character in page read from disk is the one we expected.
[test_assign1_1.c-test single page content-L92-12:08:15] OK: expected true: character in page read from disk is the one we expected.
[test_assign1_1.c-test single page content-L92-12:08:15] OK: expected true: character in page read from disk is the one we expected.
[test_assign1_1.c-test single page content-L92-12:08:15] OK: expected true: character in page read from disk is the one we expected.
[test_assign1_1.c-test single page content-L92-12:08:15] OK: expected true: character in page read from disk is the one we expected.
[test_assign1_1.c-test single page content-L92-12:08:15] OK: expected true: character in page read from disk is the one we expected.
[test_assign1_1.c-test single page content-L92-12:08:15] OK: expected true: character in page read from disk is the one we expected.
[test_assign1_1.c-test single page content-L92-12:08:15] OK: expected true: character in page read from disk is the one we expected.
[test_assign1_1.c-test single page content-L92-12:08:15] OK: expected true: character in page read from disk is the one we expected.
[test_assign1_1.c-test single page content-L92-12:08:15] OK: expected true: character in page read from disk is the one we expected.
[test_assign1_1.c-test single page content-L92-12:08:15] OK: expected true: character in page read from disk is the one we expected.
[test_assign1_1.c-test single page content-L92-12:08:15] OK: expected true: character in page read from disk is the one we expected.
[test_assign1_1.c-test single page content-L92-12:08:15] OK: expected true: character in page read from disk is the one we expected.
[test_assign1_1.c-test single page content-L92-12:08:15] OK: expected true: character in page read from disk is the one we expected.
[test_assign1_1.c-test single page content-L92-12:08:15] OK: expected true: character in page read from disk is the one we expected.
[test_assign1_1.c-test single page content-L92-12:08:15] OK: expected true: character in page read from disk is the one we expected.
[test_assign1_1.c-test single page content-L92-12:08:15] OK: expected true: character in page read from disk is the one we expected.
[test_assign1_1.c-test single page content-L92-12:08:15] OK: expected true: character in page read from disk is the one we expected.
[test_assign1_1.c-test single page content-L92-12:08:15] OK: expected true: character in page read from disk is the one we expected.
[test_assign1_1.c-test single page content-L92-12:08:15] OK: expected true: character in page read from disk is the one we expected.
[test_assign1_1.c-test single page content-L92-12:08:15] OK: expected true: character in page read from disk is the one we expected.
[test_assign1_1.c-test single page content-L92-12:08:15] OK: expected true: character in page read from disk is the one we expected.
[test_assign1_1.c-test single page content-L92-12:08:15] OK: expected true: character in page read from disk is the one we expected.
[test_assign1_1.c-test single page content-L92-12:08:15] OK: expected true: character in page read from disk is the one we expected.
[test_assign1_1.c-test single page content-L92-12:08:15] OK: expected true: character in page read from disk is the one we expected.
[test_assign1_1.c-test single page content-L92-12:08:15] OK: expected true: character in page read from disk is the one we expected.
[test_assign1_1.c-test single page content-L92-12:08:15] OK: expected true: character in page read from disk is the one we expected.
[test_assign1_1.c-test single page content-L92-12:08:15] OK: expected true: character in page read from disk is the one we expected.
[test_assign1_1.c-test single page content-L92-12:08:15] OK: expected true: character in page read from disk is the one we expected.
[test_assign1_1.c-test single page content-L92-12:08:15] OK: expected true: character in page read from disk is the one we expected.
[test_assign1_1.c-test single page content-L92-12:08:15] OK: expected true: character in page read from disk is the one we expected.
[test_assign1_1.c-test single page content-L92-12:08:15] OK: expected true: character in page read from disk is the one we expected.
[test_assign1_1.c-test single page content-L92-12:08:15] OK: expected true: character in page read from disk is the one we expected.
[test_assign1_1.c-test single page content-L92-12:08:15] OK: expected true: character in page read from disk is the one we expected.
[test_assign1_1.c-test single page content-L92-12:08:15] OK: expected true: character in page read from disk is the one we expected.
[test_assign1_1.c-test single page content-L92-12:08:15] OK: expected true: character in page read from disk is the one we expected.
[test_assign1_1.c-test single page content-L92-12:08:15] OK: expected true: character in page read from disk is the one we expected.
[test_assign1_1.c-test single page content-L92-12:08:15] OK: expected true: character in page read from disk is the one we expected.
[test_assign1_1.c-test single page content-L92-12:08:15] OK: expected true: character in page read from disk is the one we expected.
[test_assign1_1.c-test single page content-L92-12:08:15] OK: expected true: character in page read from disk is the one we expected.
[test_assign1_1.c-test single page content-L92-12:08:15] OK: expected true: character in page read from disk is the one we expected.
[test_assign1_1.c-test single page content-L92-12:08:15] OK: expected true: character in page read from disk is the one we expected.
[test_assign1_1.c-test single page content-L92-12:08:15] OK: expected true: character in page read from disk is the one we expected.
[test_assign1_1.c-test single page content-L92-12:08:15] OK: expected true: character in page read from disk is the one we expected.
[test_assign1_1.c-test single page content-L92-12:08:15] OK: expected true: character in page read from disk is the one we expected.
[test_assign1_1.c-test single page content-L92-12:08:15] OK: expected true: character in page read from disk is the one we expected.
[test_assign1_1.c-test single page content-L92-12:08:15] OK: expected true: character in page read from disk is the one we expected.
[test_assign1_1.c-test single page content-L92-12:08:15] OK: expected true: character in page read from disk is the one we expected.
[test_assign1_1.c-test single page content-L92-12:08:15] OK: expected true: character in page read from disk is the one we expected.
[test_assign1_1.c-test single page content-L92-12:08:15] OK: expected true: character in page read from disk is the one we expected.
[test_assign1_1.c-test single page content-L92-12:08:15] OK: expected true: character in page read from disk is the one we expected.
[test_assign1_1.c-test single page content-L92-12:08:15] OK: expected true: character in page read from disk is the one we expected.
[test_assign1_1.c-test single page content-L92-12:08:15] OK: expected true: character in page read from disk is the one we expected.
[test_assign1_1.c-test single page content-L92-12:08:15] OK: expected true: character in page read from disk is the one we expected.
[test_assign1_1.c-test single page content-L92-12:08:15] OK: expected true: character in page read from disk is the one we expected.
[test_assign1_1.c-test single page content-L92-12:08:15] OK: expected true: character in page read from disk is the one we expected.
[test_assign1_1.c-test single page content-L92-12:08:15] OK: expected true: character in page read from disk is the one we expected.
[test_assign1_1.c-test single page content-L92-12:08:15] OK: expected true: character in page read from disk is the one we expected.
[test_assign1_1.c-test single page content-L92-12:08:15] OK: expected true: character in page read from disk is the one we expected.
[test_assign1_1.c-test single page content-L92-12:08:15] OK: expected true: character in page read from disk is the one we expected.
[test_assign1_1.c-test single page content-L92-12:08:15] OK: expected true: character in page read from disk is the one we expected.
[test_assign1_1.c-test single page content-L92-12:08:15] OK: expected true: character in page read from disk is the one we expected.
[test_assign1_1.c-test single page content-L92-12:08:15] OK: expected true: character in page read from disk is the one we expected.
[test_assign1_1.c-test single page content-L92-12:08:15] OK: expected true: character in page read from disk is the one we expected.
[test_assign1_1.c-test single page content-L92-12:08:15] OK: expected true: character in page read from disk is the one we expected.
[test_assign1_1.c-test single page content-L92-12:08:15] OK: expected true: character in page read from disk is the one we expected.
[test_assign1_1.c-test single page content-L92-12:08:15] OK: expected true: character in page read from disk is the one we expected.
[test_assign1_1.c-test single page content-L92-12:08:15] OK: expected true: character in page read from disk is the one we expected.
[test_assign1_1.c-test single page content-L92-12:08:15] OK: expected true: character in page read from disk is the one we expected.
[test_assign1_1.c-test single page content-L92-12:08:15] OK: expected true: character in page read from disk is the one we expected.
[test_assign1_1.c-test single page content-L92-12:08:15] OK: expected true: character in page read from disk is the one we expected.
[test_assign1_1.c-test single page content-L92-12:08:15] OK: expected true: character in page read from disk is the one we expected.
[test_assign1_1.c-test single page content-L92-12:08:15] OK: expected true: character in page read from disk is the one we expected.
[test_assign1_1.c-test single page content-L92-12:08:15] OK: expected true: character in page read from disk is the one we expected.
[test_assign1_1.c-test single page content-L92-12:08:15] OK: expected true: character in page read from disk is the one we expected.
[test_assign1_1.c-test single page content-L92-12:08:15] OK: expected true: character in page read from disk is the one we expected.
[test_assign1_1.c-test single page content-L92-12:08:15] OK: expected true: character in page read from disk is the one we expected.
[test_assign1_1.c-test single page content-L92-12:08:15] OK: expected true: character in page read from disk is the one we expected.
[test_assign1_1.c-test single page content-L92-12:08:15] OK: expected true: character in page read from disk is the one we expected.
[test_assign1_1.c-test single page content-L92-12:08:15] OK: expected true: character in page read from disk is the one we expected.
[test_assign1_1.c-test single page content-L92-12:08:15] OK: expected true: character in page read from disk is the one we expected.
[test_assign1_1.c-test single page content-L92-12:08:15] OK: expected true: character in page read from disk is the one we expected.
[test_assign1_1.c-test single page content-L92-12:08:15] OK: expected true: character in page read from disk is the one we expected.
[test_assign1_1.c-test single page content-L92-12:08:15] OK: expected true: character in page read from disk is the one we expected.
[test_assign1_1.c-test single page content-L92-12:08:15] OK: expected true: character in page read from disk is the one we expected.
[test_assign1_1.c-test single page content-L92-12:08:15] OK: expected true: character in page read from disk is the one we expected.
[test_assign1_1.c-test single page content-L92-12:08:15] OK: expected true: character in page read from disk is the one we expected.
[test_assign1_1.c-test single page content-L92-12:08:15] OK: expected true: character in page read from disk is the one we expected.
[test_assign1_1.c-test single page content-L92-12:08:15] OK: expected true: character in page read from disk is the one we expected.
[test_assign1_1.c-test single page content-L92-12:08:15] OK: expected true: character in page read from disk is the one we expected.
[test_assign1_1.c-test single page content-L92-12:08:15] OK: expected true: character in page read from disk is the one we expected.
[test_assign1_1.c-test single page content-L92-12:08:15] OK: expected true: character in page read from disk is the one we expected.
[test_assign1_1.c-test single page content-L92-12:08:15] OK: expected true: character in page read from disk is the one we expected.
[test_assign1_1.c-test single page content-L92-12:08:15] OK: expected true: character in page read from disk is the one we expected.
[test_assign1_1.c-test single page content-L92-12:08:15] OK: expected true: character in page read from disk is the one we expected.
[test_assign1_1.c-test single page content-L92-12:08:15] OK: expected true: character in page read from disk is the one we expected.
[test_assign1_1.c-test single page content-L92-12:08:15] OK: expected true: character in page read from disk is the one we expected.
[test_assign1_1.c-test single page content-L92-12:08:15] OK: expected true: character in page read from disk is the one we expected.
[test_assign1_1.c-test single page content-L92-12:08:15] OK: expected true: character in page read from disk is the one we expected.
[test_assign1_1.c-test single page content-L92-12:08:15] OK: expected true: character in page read from disk is the one we expected.
[test_assign1_1.c-test single page content-L92-12:08:15] OK: expected true: character in page read from disk is the one we expected.
[test_assign1_1.c-test single page content-L92-12:08:15] OK: expected true: character in page read from disk is the one we expected.
[test_assign1_1.c-test single page content-L92-12:08:15] OK: expected true: character in page read from disk is the one we expected.
[test_assign1_1.c-test single page content-L92-12:08:15] OK: expected true: character in page read from disk is the one we expected.
[test_assign1_1.c-test single page content-L92-12:08:15] OK: expected true: character in page read from disk is the one we expected.
[test_assign1_1.c-test single page content-L92-12:08:15] OK: expected true: character in page read from disk is the one we expected.
[test_assign1_1.c-test single page content-L92-12:08:15] OK: expected true: character in page read from disk is the one we expected.
[test_assign1_1.c-test single page content-L92-12:08:15] OK: expected true: character in page read from disk is the one we expected.
[test_assign1_1.c-test single page content-L92-12:08:15] OK: expected true: character in page read from disk is the one we expected.
[test_assign1_1.c-test single page content-L92-12:08:15] OK: expected true: character in page read from disk is the one we expected.
[test_assign1_1.c-test single page content-L92-12:08:15] OK: expected true: character in page read from disk is the one we expected.
[test_assign1_1.c-test single page content-L92-12:08:15] OK: expected true: character in page read from disk is the one we expected.
[test_assign1_1.c-test single page content-L92-12:08:15] OK: expected true: character in page read from disk is the one we expected.
[test_assign1_1.c-test single page content-L92-12:08:15] OK: expected true: character in page read from disk is the one we expected.
[test_assign1_1.c-test single page content-L92-12:08:15] OK: expected true: character in page read from disk is the one we expected.
[test_assign1_1.c-test single page content-L92-12:08:15] OK: expected true: character in page read from disk is the one we expected.
[test_assign1_1.c-test single page content-L92-12:08:15] OK: expected true: character in page read from disk is the one we expected.
[test_assign1_1.c-test single page content-L92-12:08:15] OK: expected true: character in page read from disk is the one we expected.
[test_assign1_1.c-test single page content-L92-12:08:15] OK: expected true: character in page read from disk is the one we expected.
[test_assign1_1.c-test single page content-L92-12:08:15] OK: expected true: character in page read from disk is the one we expected.
[test_assign1_1.c-test single page content-L92-12:08:15] OK: expected true: character in page read from disk is the one we expected.
[test_assign1_1.c-test single page content-L92-12:08:15] OK: expected true: character in page read from disk is the one we expected.
[test_assign1_1.c-test single page content-L92-12:08:15] OK: expected true: character in page read from disk is the one we expected.
[test_assign1_1.c-test single page content-L92-12:08:15] OK: expected true: character in page read from disk is the one we expected.
[test_assign1_1.c-test single page content-L92-12:08:15] OK: expected true: character in page read from disk is the one we expected.
[test_assign1_1.c-test single page content-L92-12:08:15] OK: expected true: character in page read from disk is the one we expected.
[test_assign1_1.c-test single page content-L92-12:08:15] OK: expected true: character in page read from disk is the one we expected.
[test_assign1_1.c-test single page content-L92-12:08:15] OK: expected true: character in page read from disk is the one we expected.
[test_assign1_1.c-test single page content-L92-12:08:15] OK: expected true: character in page read from disk is the one we expected.
[test_assign1_1.c-test single page content-L92-12:08:15] OK: expected true: character in page read from disk is the one we expected.
[test_assign1_1.c-test single page content-L92-12:08:15] OK: expected true: character in page read from disk is the one we expected.
[test_assign1_1.c-test single page content-L92-12:08:15] OK: expected true: character in page read from disk is the one we expected.
[test_assign1_1.c-test single page content-L92-12:08:15] OK: expected true: character in page read from disk is the one we expected.
[test_assign1_1.c-test single page content-L92-12:08:15] OK: expected true: character in page read from disk is the one we expected.
[test_assign1_1.c-test single page content-L92-12:08:15] OK: expected true: character in page read from disk is the one we expected.
[test_assign1_1.c-test single page content-L92-12:08:15] OK: expected true: character in page read from disk is the one we expected.
[test_assign1_1.c-test single page content-L92-12:08:15] OK: expected true: character in page read from disk is the one we expected.
[test_assign1_1.c-test single page content-L92-12:08:15] OK: expected true: character in page read from disk is the one we expected.
[test_assign1_1.c-test single page content-L92-12:08:15] OK: expected true: character in page read from disk is the one we expected.
[test_assign1_1.c-test single page content-L92-12:08:15] OK: expected true: character in page read from disk is the one we expected.
[test_assign1_1.c-test single page content-L92-12:08:15] OK: expected true: character in page read from disk is the one we expected.
[test_assign1_1.c-test single page content-L92-12:08:15] OK: expected true: character in page read from disk is the one we expected.
[test_assign1_1.c-test single page content-L92-12:08:15] OK: expected true: character in page read from disk is the one we expected.
[test_assign1_1.c-test single page content-L92-12:08:15] OK: expected true: character in page read from disk is the one we expected.
[test_assign1_1.c-test single page content-L92-12:08:15] OK: expected true: character in page read from disk is the one we expected.
[test_assign1_1.c-test single page content-L92-12:08:15] OK: expected true: character in page read from disk is the one we expected.
[test_assign1_1.c-test single page content-L92-12:08:15] OK: expected true: character in page read from disk is the one we expected.
[test_assign1_1.c-test single page content-L92-12:08:15] OK: expected true: character in page read from disk is the one we expected.
[test_assign1_1.c-test single page content-L92-12:08:15] OK: expected true: character in page read from disk is the one we expected.
[test_assign1_1.c-test single page content-L92-12:08:15] OK: expected true: character in page read from disk is the one we expected.
[test_assign1_1.c-test single page content-L92-12:08:15] OK: expected true: character in page read from disk is the one we expected.
[test_assign1_1.c-test single page content-L92-12:08:15] OK: expected true: character in page read from disk is the one we expected.
[test_assign1_1.c-test single page content-L92-12:08:15] OK: expected true: character in page read from disk is the one we expected.
[test_assign1_1.c-test single page content-L92-12:08:15] OK: expected true: character in page read from disk is the one we expected.
[test_assign1_1.c-test single page content-L92-12:08:15] OK: expected true: character in page read from disk is the one we expected.
[test_assign1_1.c-test single page content-L92-12:08:15] OK: expected true: character in page read from disk is the one we expected.
[test_assign1_1.c-test single page content-L92-12:08:15] OK: expected true: character in page read from disk is the one we expected.
[test_assign1_1.c-test single page content-L92-12:08:15] OK: expected true: character in page read from disk is the one we expected.
[test_assign1_1.c-test single page content-L92-12:08:15] OK: expected true: character in page read from disk is the one we expected.
[test_assign1_1.c-test single page content-L92-12:08:15] OK: expected true: character in page read from disk is the one we expected.
[test_assign1_1.c-test single page content-L92-12:08:15] OK: expected true: character in page read from disk is the one we expected.
[test_assign1_1.c-test single page content-L92-12:08:15] OK: expected true: character in page read from disk is the one we expected.
[test_assign1_1.c-test single page content-L92-12:08:15] OK: expected true: character in page read from disk is the one we expected.
[test_assign1_1.c-test single page content-L92-12:08:15] OK: expected true: character in page read from disk is the one we expected.
[test_assign1_1.c-test single page content-L92-12:08:15] OK: expected true: character in page read from disk is the one we expected.
[test_assign1_1.c-test single page content-L92-12:08:15] OK: expected true: character in page read from disk is the one we expected.
[test_assign1_1.c-test single page content-L92-12:08:15] OK: expected true: character in page read from disk is the one we expected.
[test_assign1_1.c-test single page content-L92-12:08:15] OK: expected true: character in page read from disk is the one we expected.
[test_assign1_1.c-test single page content-L92-12:08:15] OK: expected true: character in page read from disk is the one we expected.
[test_assign1_1.c-test single page content-L92-12:08:15] OK: expected true: character in page read from disk is the one we expected.
[test_assign1_1.c-test single page content-L92-12:08:15] OK: expected true: character in page read from disk is the one we expected.
[test_assign1_1.c-test single page content-L92-12:08:15] OK: expected true: character in page read from disk is the one we expected.
[test_assign1_1.c-test single page content-L92-12:08:15] OK: expected true: character in page read from disk is the one we expected.
[test_assign1_1.c-test single page content-L92-12:08:15] OK: expected true: character in page read from disk is the one we expected.
[test_assign1_1.c-test single page content-L92-12:08:15] OK: expected true: character in page read from disk is the one we expected.
[test_assign1_1.c-test single page content-L92-12:08:15] OK: expected true: character in page read from disk is the one we expected.
[test_assign1_1.c-test single page content-L92-12:08:15] OK: expected true: character in page read from disk is the one we expected.
[test_assign1_1.c-test single page content-L92-12:08:15] OK: expected true: character in page read from disk is the one we expected.
[test_assign1_1.c-test single page content-L92-12:08:15] OK: expected true: character in page read from disk is the one we expected.
[test_assign1_1.c-test single page content-L92-12:08:15] OK: expected true: character in page read from disk is the one we expected.
[test_assign1_1.c-test single page content-L92-12:08:15] OK: expected true: character in page read from disk is the one we expected.
[test_assign1_1.c-test single page content-L92-12:08:15] OK: expected true: character in page read from disk is the one we expected.
[test_assign1_1.c-test single page content-L92-12:08:15] OK: expected true: character in page read from disk is the one we expected.
[test_assign1_1.c-test single page content-L92-12:08:15] OK: expected true: character in page read from disk is the one we expected.
[test_assign1_1.c-test single page content-L92-12:08:15] OK: expected true: character in page read from disk is the one we expected.
[test_assign1_1.c-test single page content-L92-12:08:15] OK: expected true: character in page read from disk is the one we expected.
[test_assign1_1.c-test single page content-L92-12:08:15] OK: expected true: character in page read from disk is the one we expected.
[test_assign1_1.c-test single page content-L92-12:08:15] OK: expected true: character in page read from disk is the one we expected.
[test_assign1_1.c-test single page content-L92-12:08:15] OK: expected true: character in page read from disk is the one we expected.
[test_assign1_1.c-test single page content-L92-12:08:15] OK: expected true: character in page read from disk is the one we expected.
[test_assign1_1.c-test single page content-L92-12:08:15] OK: expected true: character in page read from disk is the one we expected.
[test_assign1_1.c-test single page content-L92-12:08:15] OK: expected true: character in page read from disk is the one we expected.
[test_assign1_1.c-test single page content-L92-12:08:15] OK: expected true: character in page read from disk is the one we expected.
[test_assign1_1.c-test single page content-L92-12:08:15] OK: expected true: character in page read from disk is the one we expected.
[test_assign1_1.c-test single page content-L92-12:08:15] OK: expected true: character in page read from disk is the one we expected.
[test_assign1_1.c-test single page content-L92-12:08:15] OK: expected true: character in page read from disk is the one we expected.
[test_assign1_1.c-test single page content-L92-12:08:15] OK: expected true: character in page read from disk is the one we expected.
[test_assign1_1.c-test single page content-L92-12:08:15] OK: expected true: character in page read from disk is the one we expected.
[test_assign1_1.c-test single page content-L92-12:08:15] OK: expected true: character in page read from disk is the one we expected.
[test_assign1_1.c-test single page content-L92-12:08:15] OK: expected true: character in page read from disk is the one we expected.
[test_assign1_1.c-test single page content-L92-12:08:15] OK: expected true: character in page read from disk is the one we expected.
[test_assign1_1.c-test single page content-L92-12:08:15] OK: expected true: character in page read from disk is the one we expected.
[test_assign1_1.c-test single page content-L92-12:08:15] OK: expected true: character in page read from disk is the one we expected.
[test_assign1_1.c-test single page content-L92-12:08:15] OK: expected true: character in page read from disk is the one we expected.
[test_assign1_1.c-test single page content-L92-12:08:15] OK: expected true: character in page read from disk is the one we expected.
[test_assign1_1.c-test single page content-L92-12:08:15] OK: expected true: character in page read from disk is the one we expected.
[test_assign1_1.c-test single page content-L92-12:08:15] OK: expected true: character in page read from disk is the one we expected.
[test_assign1_1.c-test single page content-L92-12:08:15] OK: expected true: character in page read from disk is the one we expected.
[test_assign1_1.c-test single page content-L92-12:08:15] OK: expected true: character in page read from disk is the one we expected.
[test_assign1_1.c-test single page content-L92-12:08:15] OK: expected true: character in page read from disk is the one we expected.
[test_assign1_1.c-test single page content-L92-12:08:15] OK: expected true: character in page read from disk is the one we expected.
[test_assign1_1.c-test single page content-L92-12:08:15] OK: expected true: character in page read from disk is the one we expected.
[test_assign1_1.c-test single page content-L92-12:08:15] OK: expected true: character in page read from disk is the one we expected.
[test_assign1_1.c-test single page content-L92-12:08:15] OK: expected true: character in page read from disk is the one we expected.
[test_assign1_1.c-test single page content-L92-12:08:15] OK: expected true: character in page read from disk is the one we expected.
[test_assign1_1.c-test single page content-L92-12:08:15] OK: expected true: character in page read from disk is the one we expected.
[test_assign1_1.c-test single page content-L92-12:08:15] OK: expected true: character in page read from disk is the one we expected.
[test_assign1_1.c-test single page content-L92-12:08:15] OK: expected true: character in page read from disk is the one we expected.
[test_assign1_1.c-test single page content-L92-12:08:15] OK: expected true: character in page read from disk is the one we expected.
[test_assign1_1.c-test single page content-L92-12:08:15] OK: expected true: character in page read from disk is the one we expected.
[test_assign1_1.c-test single page content-L92-12:08:15] OK: expected true: character in page read from disk is the one we expected.
[test_assign1_1.c-test single page content-L92-12:08:15] OK: expected true: character in page read from disk is the one we expected.
[test_assign1_1.c-test single page content-L92-12:08:15] OK: expected true: character in page read from disk is the one we expected.
[test_assign1_1.c-test single page content-L92-12:08:15] OK: expected true: character in page read from disk is the one we expected.
[test_assign1_1.c-test single page content-L92-12:08:15] OK: expected true: character in page read from disk is the one we expected.
[test_assign1_1.c-test single page content-L92-12:08:15] OK: expected true: character in page read from disk is the one we expected.
[test_assign1_1.c-test single page content-L92-12:08:15] OK: expected true: character in page read from disk is the one we expected.
[test_assign1_1.c-test single page content-L92-12:08:15] OK: expected true: character in page read from disk is the one we expected.
[test_assign1_1.c-test single page content-L92-12:08:15] OK: expected true: character in page read from disk is the one we expected.
[test_assign1_1.c-test single page content-L92-12:08:15] OK: expected true: character in page read from disk is the one we expected.
[test_assign1_1.c-test single page content-L92-12:08:15] OK: expected true: character in page read from disk is the one we expected.
[test_assign1_1.c-test single page content-L92-12:08:15] OK: expected true: character in page read from disk is the one we expected.
[test_assign1_1.c-test single page content-L92-12:08:15] OK: expected true: character in page read from disk is the one we expected.
[test_assign1_1.c-test single page content-L92-12:08:15] OK: expected true: character in page read from disk is the one we expected.
[test_assign1_1.c-test single page content-L92-12:08:15] OK: expected true: character in page read from disk is the one we expected.
[test_assign1_1.c-test single page content-L92-12:08:15] OK: expected true: character in page read from disk is the one we expected.
[test_assign1_1.c-test single page content-L92-12:08:15] OK: expected true: character in page read from disk is the one we expected.
[test_assign1_1.c-test single page content-L92-12:08:15] OK: expected true: character in page read from disk is the one we expected.
[test_assign1_1.c-test single page content-L92-12:08:15] OK: expected true: character in page read from disk is the one we expected.
[test_assign1_1.c-test single page content-L92-12:08:15] OK: expected true: character in page read from disk is the one we expected.
[test_assign1_1.c-test single page content-L92-12:08:15] OK: expected true: character in page read from disk is the one we expected.
[test_assign1_1.c-test single page content-L92-12:08:15] OK: expected true: character in page read from disk is the one we expected.
[test_assign1_1.c-test single page content-L92-12:08:15] OK: expected true: character in page read from disk is the one we expected.
[test_assign1_1.c-test single page content-L92-12:08:15] OK: expected true: character in page read from disk is the one we expected.
[test_assign1_1.c-test single page content-L92-12:08:15] OK: expected true: character in page read from disk is the one we expected.
[test_assign1_1.c-test single page content-L92-12:08:15] OK: expected true: character in page read from disk is the one we expected.
[test_assign1_1.c-test single page content-L92-12:08:15] OK: expected true: character in page read from disk is the one we expected.
[test_assign1_1.c-test single page content-L92-12:08:15] OK: expected true: character in page read from disk is the one we expected.
[test_assign1_1.c-test single page content-L92-12:08:15] OK: expected true: character in page read from disk is the one we expected.
[test_assign1_1.c-test single page content-L92-12:08:15] OK: expected true: character in page read from disk is the one we expected.
[test_assign1_1.c-test single page content-L92-12:08:15] OK: expected true: character in page read from disk is the one we expected.
[test_assign1_1.c-test single page content-L92-12:08:15] OK: expected true: character in page read from disk is the one we expected.
[test_assign1_1.c-test single page content-L92-12:08:15] OK: expected true: character in page read from disk is the one we expected.
[test_assign1_1.c-test single page content-L92-12:08:15] OK: expected true: character in page read from disk is the one we expected.
[test_assign1_1.c-test single page content-L92-12:08:15] OK: expected true: character in page read from disk is the one we expected.
[test_assign1_1.c-test single page content-L92-12:08:15] OK: expected true: character in page read from disk is the one we expected.
[test_assign1_1.c-test single page content-L92-12:08:15] OK: expected true: character in page read from disk is the one we expected.
[test_assign1_1.c-test single page content-L92-12:08:15] OK: expected true: character in page read from disk is the one we expected.
[test_assign1_1.c-test single page content-L92-12:08:15] OK: expected true: character in page read from disk is the one we expected.
[test_assign1_1.c-test single page content-L92-12:08:15] OK: expected true: character in page read from disk is the one we expected.
[test_assign1_1.c-test single page content-L92-12:08:15] OK: expected true: character in page read from disk is the one we expected.
[test_assign1_1.c-test single page content-L92-12:08:15] OK: expected true: character in page read from disk is the one we expected.
[test_assign1_1.c-test single page content-L92-12:08:15] OK: expected true: character in page read from disk is the one we expected.
[test_assign1_1.c-test single page content-L92-12:08:15] OK: expected true: character in page read from disk is the one we expected.
[test_assign1_1.c-test single page content-L92-12:08:15] OK: expected true: character in page read from disk is the one we expected.
[test_assign1_1.c-test single page content-L92-12:08:15] OK: expected true: character in page read from disk is the one we expected.
[test_assign1_1.c-test single page content-L92-12:08:15] OK: expected true: character in page read from disk is the one we expected.
[test_assign1_1.c-test single page content-L92-12:08:15] OK: expected true: character in page read from disk is the one we expected.
[test_assign1_1.c-test single page content-L92-12:08:15] OK: expected true: character in page read from disk is the one we expected.
[test_assign1_1.c-test single page content-L92-12:08:15] OK: expected true: character in page read from disk is the one we expected.
[test_assign1_1.c-test single page content-L92-12:08:15] OK: expected true: character in page read from disk is the one we expected.
[test_assign1_1.c-test single page content-L92-12:08:15] OK: expected true: character in page read from disk is the one we expected.
[test_assign1_1.c-test single page content-L92-12:08:15] OK: expected true: character in page read from disk is the one we expected.
[test_assign1_1.c-test single page content-L92-12:08:15] OK: expected true: character in page read from disk is the one we expected.
[test_assign1_1.c-test single page content-L92-12:08:15] OK: expected true: character in page read from disk is the one we expected.
[test_assign1_1.c-test single page content-L92-12:08:15] OK: expected true: character in page read from disk is the one we expected.
[test_assign1_1.c-test single page content-L92-12:08:15] OK: expected true: character in page read from disk is the one we expected.
[test_assign1_1.c-test single page content-L92-12:08:15] OK: expected true: character in page read from disk is the one we expected.
[test_assign1_1.c-test single page content-L92-12:08:15] OK: expected true: character in page read from disk is the one we expected.
[test_assign1_1.c-test single page content-L92-12:08:15] OK: expected true: character in page read from disk is the one we expected.
[test_assign1_1.c-test single page content-L92-12:08:15] OK: expected true: character in page read from disk is the one we expected.
[test_assign1_1.c-test single page content-L92-12:08:15] OK: expected true: character in page read from disk is the one we expected.
[test_assign1_1.c-test single page content-L92-12:08:15] OK: expected true: character in page read from disk is the one we expected.
[test_assign1_1.c-test single page content-L92-12:08:15] OK: expected true: character in page read from disk is the one we expected.
[test_assign1_1.c-test single page content-L92-12:08:15] OK: expected true: character in page read from disk is the one we expected.
[test_assign1_1.c-test single page content-L92-12:08:15] OK: expected true: character in page read from disk is the one we expected.
[test_assign1_1.c-test single page content-L92-12:08:15] OK: expected true: character in page read from disk is the one we expected.
[test_assign1_1.c-test single page content-L92-12:08:15] OK: expected true: character in page read from disk is the one we expected.
[test_assign1_1.c-test single page content-L92-12:08:15] OK: expected true: character in page read from disk is the one we expected.
[test_assign1_1.c-test single page content-L92-12:08:15] OK: expected true: character in page read from disk is the one we expected.
[test_assign1_1.c-test single page content-L92-12:08:15] OK: expected true: character in page read from disk is the one we expected.
[test_assign1_1.c-test single page content-L92-12:08:15] OK: expected true: character in page read from disk is the one we expected.
[test_assign1_1.c-test single page content-L92-12:08:15] OK: expected true: character in page read from disk is the one we expected.
[test_assign1_1.c-test single page content-L92-12:08:15] OK: expected true: character in page read from disk is the one we expected.
[test_assign1_1.c-test single page content-L92-12:08:15] OK: expected true: character in page read from disk is the one we expected.
[test_assign1_1.c-test single page content-L92-12:08:15] OK: expected true: character in page read from disk is the one we expected.
[test_assign1_1.c-test single page content-L92-12:08:15] OK: expected true: character in page read from disk is the one we expected.
[test_assign1_1.c-test single page content-L92-12:08:15] OK: expected true: character in page read from disk is the one we expected.
[test_assign1_1.c-test single page content-L92-12:08:15] OK: expected true: character in page read from disk is the one we expected.
[test_assign1_1.c-test single page content-L92-12:08:15] OK: expected true: character in page read from disk is the one we expected.
[test_assign1_1.c-test single page content-L92-12:08:15] OK: expected true: character in page read from disk is the one we expected.
[test_assign1_1.c-test single page content-L92-12:08:15] OK: expected true: character in page read from disk is the one we expected.
[test_assign1_1.c-test single page content-L92-12:08:15] OK: expected true: character in page read from disk is the one we expected.
[test_assign1_1.c-test single page content-L92-12:08:15] OK: expected true: character in page read from disk is the one we expected.
[test_assign1_1.c-test single page content-L92-12:08:15] OK: expected true: character in page read from disk is the one we expected.
[test_assign1_1.c-test single page content-L92-12:08:15] OK: expected true: character in page read from disk is the one we expected.
[test_assign1_1.c-test single page content-L92-12:08:15] OK: expected true: character in page read from disk is the one we expected.
[test_assign1_1.c-test single page content-L92-12:08:15] OK: expected true: character in page read from disk is the one we expected.
[test_assign1_1.c-test single page content-L92-12:08:15] OK: expected true: character in page read from disk is the one we expected.
[test_assign1_1.c-test single page content-L92-12:08:15] OK: expected true: character in page read from disk is the one we expected.
[test_assign1_1.c-test single page content-L92-12:08:15] OK: expected true: character in page read from disk is the one we expected.
[test_assign1_1.c-test single page content-L92-12:08:15] OK: expected true: character in page read from disk is the one we expected.
[test_assign1_1.c-test single page content-L92-12:08:15] OK: expected true: character in page read from disk is the one we expected.
[test_assign1_1.c-test single page content-L92-12:08:15] OK: expected true: character in page read from disk is the one we expected.
[test_assign1_1.c-test single page content-L92-12:08:15] OK: expected true: character in page read from disk is the one we expected.
[test_assign1_1.c-test single page content-L92-12:08:15] OK: expected true: character in page read from disk is the one we expected.
[test_assign1_1.c-test single page content-L92-12:08:15] OK: expected true: character in page read from disk is the one we expected.
[test_assign1_1.c-test single page content-L92-12:08:15] OK: expected true: character in page read from disk is the one we expected.
[test_assign1_1.c-test single page content-L92-12:08:15] OK: expected true: character in page read from disk is the one we expected.
[test_assign1_1.c-test single page content-L92-12:08:15] OK: expected true: character in page read from disk is the one we expected.
[test_assign1_1.c-test single page content-L92-12:08:15] OK: expected true: character in page read from disk is the one we expected.
[test_assign1_1.c-test single page content-L92-12:08:15] OK: expected true: character in page read from disk is the one we expected.
[test_assign1_1.c-test single page content-L92-12:08:15] OK: expected true: character in page read from disk is the one we expected.
[test_assign1_1.c-test single page content-L92-12:08:15] OK: expected true: character in page read from disk is the one we expected.
[test_assign1_1.c-test single page content-L92-12:08:15] OK: expected true: character in page read from disk is the one we expected.
[test_assign1_1.c-test single page content-L92-12:08:15] OK: expected true: character in page read from disk is the one we expected.
[test_assign1_1.c-test single page content-L92-12:08:15] OK: expected true: character in page read from disk is the one we expected.
[test_assign1_1.c-test single page content-L92-12:08:15] OK: expected true: character in page read from disk is the one we expected.
[test_assign1_1.c-test single page content-L92-12:08:15] OK: expected true: character in page read from disk is the one we expected.
[test_assign1_1.c-test single page content-L92-12:08:15] OK: expected true: character in page read from disk is the one we expected.
[test_assign1_1.c-test single page content-L92-12:08:15] OK: expected true: character in page read from disk is the one we expected.
[test_assign1_1.c-test single page content-L92-12:08:15] OK: expected true: character in page read from disk is the one we expected.
[test_assign1_1.c-test single page content-L92-12:08:15] OK: expected true: character in page read from disk is the one we expected.
[test_assign1_1.c-test single page content-L92-12:08:15] OK: expected true: character in page read from disk is the one we expected.
[test_assign1_1.c-test single page content-L92-12:08:15] OK: expected true: character in page read from disk is the one we expected.
[test_assign1_1.c-test single page content-L92-12:08:15] OK: expected true: character in page read from disk is the one we expected.
[test_assign1_1.c-test single page content-L92-12:08:15] OK: expected true: character in page read from disk is the one we expected.
[test_assign1_1.c-test single page content-L92-12:08:15] OK: expected true: character in page read from disk is the one we expected.
[test_assign1_1.c-test single page content-L92-12:08:15] OK: expected true: character in page read from disk is the one we expected.
[test_assign1_1.c-test single page content-L92-12:08:15] OK: expected true: character in page read from disk is the one we expected.
[test_assign1_1.c-test single page content-L92-12:08:15] OK: expected true: character in page read from disk is the one we expected.
[test_assign1_1.c-test single page content-L92-12:08:15] OK: expected true: character in page read from disk is the one we expected.
[test_assign1_1.c-test single page content-L92-12:08:15] OK: expected true: character in page read from disk is the one we expected.
[test_assign1_1.c-test single page content-L92-12:08:15] OK: expected true: character in page read from disk is the one we expected.
[test_assign1_1.c-test single page content-L92-12:08:15] OK: expected true: character in page read from disk is the one we expected.
[test_assign1_1.c-test single page content-L92-12:08:15] OK: expected true: character in page read from disk is the one we expected.
[test_assign1_1.c-test single page content-L92-12:08:15] OK: expected true: character in page read from disk is the one we expected.
[test_assign1_1.c-test single page content-L92-12:08:15] OK: expected true: character in page read from disk is the one we expected.
[test_assign1_1.c-test single page content-L92-12:08:15] OK: expected true: character in page read from disk is the one we expected.
[test_assign1_1.c-test single page content-L92-12:08:15] OK: expected true: character in page read from disk is the one we expected.
[test_assign1_1.c-test single page content-L92-12:08:15] OK: expected true: character in page read from disk is the one we expected.
[test_assign1_1.c-test single page content-L92-12:08:15] OK: expected true: character in page read from disk is the one we expected.
[test_assign1_1.c-test single page content-L92-12:08:15] OK: expected true: character in page read from disk is the one we expected.
[test_assign1_1.c-test single page content-L92-12:08:15] OK: expected true: character in page read from disk is the one we expected.
[test_assign1_1.c-test single page content-L92-12:08:15] OK: expected true: character in page read from disk is the one we expected.
[test_assign1_1.c-test single page content-L92-12:08:15] OK: expected true: character in page read from disk is the one we expected.
[test_assign1_1.c-test single page content-L92-12:08:15] OK: expected true: character in page read from disk is the one we expected.
[test_assign1_1.c-test single page content-L92-12:08:15] OK: expected true: character in page read from disk is the one we expected.
[test_assign1_1.c-test single page content-L92-12:08:15] OK: expected true: character in page read from disk is the one we expected.
[test_assign1_1.c-test single page content-L92-12:08:15] OK: expected true: character in page read from disk is the one we expected.
[test_assign1_1.c-test single page content-L92-12:08:15] OK: expected true: character in page read from disk is the one we expected.
[test_assign1_1.c-test single page content-L92-12:08:15] OK: expected true: character in page read from disk is the one we expected.
[test_assign1_1.c-test single page content-L92-12:08:15] OK: expected true: character in page read from disk is the one we expected.
[test_assign1_1.c-test single page content-L92-12:08:15] OK: expected true: character in page read from disk is the one we expected.
[test_assign1_1.c-test single page content-L92-12:08:15] OK: expected true: character in page read from disk is the one we expected.
[test_assign1_1.c-test single page content-L92-12:08:15] OK: expected true: character in page read from disk is the one we expected.
[test_assign1_1.c-test single page content-L92-12:08:15] OK: expected true: character in page read from disk is the one we expected.
[test_assign1_1.c-test single page content-L92-12:08:15] OK: expected true: character in page read from disk is the one we expected.
[test_assign1_1.c-test single page content-L92-12:08:15] OK: expected true: character in page read from disk is the one we expected.
[test_assign1_1.c-test single page content-L92-12:08:15] OK: expected true: character in page read from disk is the one we expected.
[test_assign1_1.c-test single page content-L92-12:08:15] OK: expected true: character in page read from disk is the one we expected.
[test_assign1_1.c-test single page content-L92-12:08:15] OK: expected true: character in page read from disk is the one we expected.
[test_assign1_1.c-test single page content-L92-12:08:15] OK: expected true: character in page read from disk is the one we expected.
[test_assign1_1.c-test single page content-L92-12:08:15] OK: expected true: character in page read from disk is the one we expected.
[test_assign1_1.c-test single page content-L92-12:08:15] OK: expected true: character in page read from disk is the one we expected.
[test_assign1_1.c-test single page content-L92-12:08:15] OK: expected true: character in page read from disk is the one we expected.
[test_assign1_1.c-test single page content-L92-12:08:15] OK: expected true: character in page read from disk is the one we expected.
[test_assign1_1.c-test single page content-L92-12:08:15] OK: expected true: character in page read from disk is the one we expected.
[test_assign1_1.c-test single page content-L92-12:08:15] OK: expected true: character in page read from disk is the one we expected.
[test_assign1_1.c-test single page content-L92-12:08:15] OK: expected true: character in page read from disk is the one we expected.
[test_assign1_1.c-test single page content-L92-12:08:15] OK: expected true: character in page read from disk is the one we expected.
[test_assign1_1.c-test single page content-L92-12:08:15] OK: expected true: character in page read from disk is the one we expected.
[test_assign1_1.c-test single page content-L92-12:08:15] OK: expected true: character in page read from disk is the one we expected.
[test_assign1_1.c-test single page content-L92-12:08:15] OK: expected true: character in page read from disk is the one we expected.
[test_assign1_1.c-test single page content-L92-12:08:15] OK: expected true: character in page read from disk is the one we expected.
[test_assign1_1.c-test single page content-L92-12:08:15] OK: expected true: character in page read from disk is the one we expected.
[test_assign1_1.c-test single page content-L92-12:08:15] OK: expected true: character in page read from disk is the one we expected.
[test_assign1_1.c-test single page content-L92-12:08:15] OK: expected true: character in page read from disk is the one we expected.
[test_assign1_1.c-test single page content-L92-12:08:15] OK: expected true: character in page read from disk is the one we expected.
[test_assign1_1.c-test single page content-L92-12:08:15] OK: expected true: character in page read from disk is the one we expected.
[test_assign1_1.c-test single page content-L92-12:08:15] OK: expected true: character in page read from disk is the one we expected.
[test_assign1_1.c-test single page content-L92-12:08:15] OK: expected true: character in page read from disk is the one we expected.
[test_assign1_1.c-test single page content-L92-12:08:15] OK: expected true: character in page read from disk is the one we expected.
[test_assign1_1.c-test single page content-L92-12:08:15] OK: expected true: character in page read from disk is the one we expected.
[test_assign1_1.c-test single page content-L92-12:08:15] OK: expected true: character in page read from disk is the one we expected.
[test_assign1_1.c-test single page content-L92-12:08:15] OK: expected true: character in page read from disk is the one we expected.
[test_assign1_1.c-test single page content-L92-12:08:15] OK: expected true: character in page read from disk is the one we expected.
[test_assign1_1.c-test single page content-L92-12:08:15] OK: expected true: character in page read from disk is the one we expected.
[test_assign1_1.c-test single page content-L92-12:08:15] OK: expected true: character in page read from disk is the one we expected.
[test_assign1_1.c-test single page content-L92-12:08:15] OK: expected true: character in page read from disk is the one we expected.
[test_assign1_1.c-test single page content-L92-12:08:15] OK: expected true: character in page read from disk is the one we expected.
[test_assign1_1.c-test single page content-L92-12:08:15] OK: expected true: character in page read from disk is the one we expected.
[test_assign1_1.c-test single page content-L92-12:08:15] OK: expected true: character in page read from disk is the one we expected.
[test_assign1_1.c-test single page content-L92-12:08:15] OK: expected true: character in page read from disk is the one we expected.
[test_assign1_1.c-test single page content-L92-12:08:15] OK: expected true: character in page read from disk is the one we expected.
[test_assign1_1.c-test single page content-L92-12:08:15] OK: expected true: character in page read from disk is the one we expected.
[test_assign1_1.c-test single page content-L92-12:08:15] OK: expected true: character in page read from disk is the one we expected.
[test_assign1_1.c-test single page content-L92-12:08:15] OK: expected true: character in page read from disk is the one we expected.
[test_assign1_1.c-test single page content-L92-12:08:15] OK: expected true: character in page read from disk is the one we expected.
[test_assign1_1.c-test single page content-L92-12:08:15] OK: expected true: character in page read from disk is the one we expected.
[test_assign1_1.c-test single page content-L92-12:08:15] OK: expected true: character in page read from disk is the one we expected.
[test_assign1_1.c-test single page content-L92-12:08:15] OK: expected true: character in page read from disk is the one we expected.
[test_assign1_1.c-test single page content-L92-12:08:15] OK: expected true: character in page read from disk is the one we expected.
[test_assign1_1.c-test single page content-L92-12:08:15] OK: expected true: character in page read from disk is the one we expected.
[test_assign1_1.c-test single page content-L92-12:08:15] OK: expected true: character in page read from disk is the one we expected.
[test_assign1_1.c-test single page content-L92-12:08:15] OK: expected true: character in page read from disk is the one we expected.
[test_assign1_1.c-test single page content-L92-12:08:15] OK: expected true: character in page read from disk is the one we expected.
[test_assign1_1.c-test single page content-L92-12:08:15] OK: expected true: character in page read from disk is the one we expected.
[test_assign1_1.c-test single page content-L92-12:08:15] OK: expected true: character in page read from disk is the one we expected.
[test_assign1_1.c-test single page content-L92-12:08:15] OK: expected true: character in page read from disk is the one we expected.
[test_assign1_1.c-test single page content-L92-12:08:15] OK: expected true: character in page read from disk is the one we expected.
[test_assign1_1.c-test single page content-L92-12:08:15] OK: expected true: character in page read from disk is the one we expected.
[test_assign1_1.c-test single page content-L92-12:08:15] OK: expected true: character in page read from disk is the one we expected.
[test_assign1_1.c-test single page content-L92-12:08:15] OK: expected true: character in page read from disk is the one we expected.
[test_assign1_1.c-test single page content-L92-12:08:15] OK: expected true: character in page read from disk is the one we expected.
[test_assign1_1.c-test single page content-L92-12:08:15] OK: expected true: character in page read from disk is the one we expected.
[test_assign1_1.c-test single page content-L92-12:08:15] OK: expected true: character in page read from disk is the one we expected.
[test_assign1_1.c-test single page content-L92-12:08:15] OK: expected true: character in page read from disk is the one we expected.
[test_assign1_1.c-test single page content-L92-12:08:15] OK: expected true: character in page read from disk is the one we expected.
[test_assign1_1.c-test single page content-L92-12:08:15] OK: expected true: character in page read from disk is the one we expected.
[test_assign1_1.c-test single page content-L92-12:08:15] OK: expected true: character in page read from disk is the one we expected.
[test_assign1_1.c-test single page content-L92-12:08:15] OK: expected true: character in page read from disk is the one we expected.
[test_assign1_1.c-test single page content-L92-12:08:15] OK: expected true: character in page read from disk is the one we expected.
[test_assign1_1.c-test single page content-L92-12:08:15] OK: expected true: character in page read from disk is the one we expected.
[test_assign1_1.c-test single page content-L92-12:08:15] OK: expected true: character in page read from disk is the one we expected.
[test_assign1_1.c-test single page content-L92-12:08:15] OK: expected true: character in page read from disk is the one we expected.
[test_assign1_1.c-test single page content-L92-12:08:15] OK: expected true: character in page read from disk is the one we expected.
[test_assign1_1.c-test single page content-L92-12:08:15] OK: expected true: character in page read from disk is the one we expected.
[test_assign1_1.c-test single page content-L92-12:08:15] OK: expected true: character in page read from disk is the one we expected.
[test_assign1_1.c-test single page content-L92-12:08:15] OK: expected true: character in page read from disk is the one we expected.
[test_assign1_1.c-test single page content-L92-12:08:15] OK: expected true: character in page read from disk is the one we expected.
[test_assign1_1.c-test single page content-L92-12:08:15] OK: expected true: character in page read from disk is the one we expected.
[test_assign1_1.c-test single page content-L92-12:08:15] OK: expected true: character in page read from disk is the one we expected.
[test_assign1_1.c-test single page content-L92-12:08:15] OK: expected true: character in page read from disk is the one we expected.
[test_assign1_1.c-test single page content-L92-12:08:15] OK: expected true: character in page read from disk is the one we expected.
[test_assign1_1.c-test single page content-L92-12:08:15] OK: expected true: character in page read from disk is the one we expected.
[test_assign1_1.c-test single page content-L92-12:08:15] OK: expected true: character in page read from disk is the one we expected.
[test_assign1_1.c-test single page content-L92-12:08:15] OK: expected true: character in page read from disk is the one we expected.
[test_assign1_1.c-test single page content-L92-12:08:15] OK: expected true: character in page read from disk is the one we expected.
[test_assign1_1.c-test single page content-L92-12:08:15] OK: expected true: character in page read from disk is the one we expected.
[test_assign1_1.c-test single page content-L92-12:08:15] OK: expected true: character in page read from disk is the one we expected.
[test_assign1_1.c-test single page content-L92-12:08:15] OK: expected true: character in page read from disk is the one we expected.
[test_assign1_1.c-test single page content-L92-12:08:15] OK: expected true: character in page read from disk is the one we expected.
[test_assign1_1.c-test single page content-L92-12:08:15] OK: expected true: character in page read from disk is the one we expected.
[test_assign1_1.c-test single page content-L92-12:08:15] OK: expected true: character in page read from disk is the one we expected.
[test_assign1_1.c-test single page content-L92-12:08:15] OK: expected true: character in page read from disk is the one we expected.
[test_assign1_1.c-test single page content-L92-12:08:15] OK: expected true: character in page read from disk is the one we expected.
[test_assign1_1.c-test single page content-L92-12:08:15] OK: expected true: character in page read from disk is the one we expected.
[test_assign1_1.c-test single page content-L92-12:08:15] OK: expected true: character in page read from disk is the one we expected.
[test_assign1_1.c-test single page content-L92-12:08:15] OK: expected true: character in page read from disk is the one we expected.
[test_assign1_1.c-test single page content-L92-12:08:15] OK: expected true: character in page read from disk is the one we expected.
[test_assign1_1.c-test single page content-L92-12:08:15] OK: expected true: character in page read from disk is the one we expected.
[test_assign1_1.c-test single page content-L92-12:08:15] OK: expected true: character in page read from disk is the one we expected.
[test_assign1_1.c-test single page content-L92-12:08:15] OK: expected true: character in page read from disk is the one we expected.
[test_assign1_1.c-test single page content-L92-12:08:15] OK: expected true: character in page read from disk is the one we expected.
[test_assign1_1.c-test single page content-L92-12:08:15] OK: expected true: character in page read from disk is the one we expected.
[test_assign1_1.c-test single page content-L92-12:08:15] OK: expected true: character in page read from disk is the one we expected.
[test_assign1_1.c-test single page content-L92-12:08:15] OK: expected true: character in page read from disk is the one we expected.
[test_assign1_1.c-test single page content-L92-12:08:15] OK: expected true: character in page read from disk is the one we expected.
[test_assign1_1.c-test single page content-L92-12:08:15] OK: expected true: character in page read from disk is the one we expected.
[test_assign1_1.c-test single page content-L92-12:08:15] OK: expected true: character in page read from disk is the one we expected.
[test_assign1_1.c-test single page content-L92-12:08:15] OK: expected true: character in page read from disk is the one we expected.
[test_assign1_1.c-test single page content-L92-12:08:15] OK: expected true: character in page read from disk is the one we expected.
[test_assign1_1.c-test single page content-L92-12:08:15] OK: expected true: character in page read from disk is the one we expected.
[test_assign1_1.c-test single page content-L92-12:08:15] OK: expected true: character in page read from disk is the one we expected.
[test_assign1_1.c-test single page content-L92-12:08:15] OK: expected true: character in page read from disk is the one we expected.
[test_assign1_1.c-test single page content-L92-12:08:15] OK: expected true: character in page read from disk is the one we expected.
[test_assign1_1.c-test single page content-L92-12:08:15] OK: expected true: character in page read from disk is the one we expected.
[test_assign1_1.c-test single page content-L92-12:08:15] OK: expected true: character in page read from disk is the one we expected.
[test_assign1_1.c-test single page content-L92-12:08:15] OK: expected true: character in page read from disk is the one we expected.
[test_assign1_1.c-test single page content-L92-12:08:15] OK: expected true: character in page read from disk is the one we expected.
[test_assign1_1.c-test single page content-L92-12:08:15] OK: expected true: character in page read from disk is the one we expected.
[test_assign1_1.c-test single page content-L92-12:08:15] OK: expected true: character in page read from disk is the one we expected.
[test_assign1_1.c-test single page content-L92-12:08:15] OK: expected true: character in page read from disk is the one we expected.
[test_assign1_1.c-test single page content-L92-12:08:15] OK: expected true: character in page read from disk is the one we expected.
[test_assign1_1.c-test single page content-L92-12:08:15] OK: expected true: character in page read from disk is the one we expected.
[test_assign1_1.c-test single page content-L92-12:08:15] OK: expected true: character in page read from disk is the one we expected.
[test_assign1_1.c-test single page content-L92-12:08:15] OK: expected true: character in page read from disk is the one we expected.
[test_assign1_1.c-test single page content-L92-12:08:15] OK: expected true: character in page read from disk is the one we expected.
[test_assign1_1.c-test single page content-L92-12:08:15] OK: expected true: character in page read from disk is the one we expected.
[test_assign1_1.c-test single page content-L92-12:08:15] OK: expected true: character in page read from disk is the one we expected.
[test_assign1_1.c-test single page content-L92-12:08:15] OK: expected true: character in page read from disk is the one we expected.
[test_assign1_1.c-test single page content-L92-12:08:15] OK: expected true: character in page read from disk is the one we expected.
[test_assign1_1.c-test single page content-L92-12:08:15] OK: expected true: character in page read from disk is the one we expected.
[test_assign1_1.c-test single page content-L92-12:08:15] OK: expected true: character in page read from disk is the one we expected.
[test_assign1_1.c-test single page content-L92-12:08:15] OK: expected true: character in page read from disk is the one we expected.
[test_assign1_1.c-test single page content-L92-12:08:15] OK: expected true: character in page read from disk is the one we expected.
[test_assign1_1.c-test single page content-L92-12:08:15] OK: expected true: character in page read from disk is the one we expected.
[test_assign1_1.c-test single page content-L92-12:08:15] OK: expected true: character in page read from disk is the one we expected.
[test_assign1_1.c-test single page content-L92-12:08:15] OK: expected true: character in page read from disk is the one we expected.
[test_assign1_1.c-test single page content-L92-12:08:15] OK: expected true: character in page read from disk is the one we expected.
[test_assign1_1.c-test single page content-L92-12:08:15] OK: expected true: character in page read from disk is the one we expected.
[test_assign1_1.c-test single page content-L92-12:08:15] OK: expected true: character in page read from disk is the one we expected.
[test_assign1_1.c-test single page content-L92-12:08:15] OK: expected true: character in page read from disk is the one we expected.
[test_assign1_1.c-test single page content-L92-12:08:15] OK: expected true: character in page read from disk is the one we expected.
[test_assign1_1.c-test single page content-L92-12:08:15] OK: expected true: character in page read from disk is the one we expected.
[test_assign1_1.c-test single page content-L92-12:08:15] OK: expected true: character in page read from disk is the one we expected.
[test_assign1_1.c-test single page content-L92-12:08:15] OK: expected true: character in page read from disk is the one we expected.
[test_assign1_1.c-test single page content-L92-12:08:15] OK: expected true: character in page read from disk is the one we expected.
[test_assign1_1.c-test single page content-L92-12:08:15] OK: expected true: character in page read from disk is the one we expected.
[test_assign1_1.c-test single page content-L92-12:08:15] OK: expected true: character in page read from disk is the one we expected.
[test_assign1_1.c-test single page content-L92-12:08:15] OK: expected true: character in page read from disk is the one we expected.
[test_assign1_1.c-test single page content-L92-12:08:15] OK: expected true: character in page read from disk is the one we expected.
[test_assign1_1.c-test single page content-L92-12:08:15] OK: expected true: character in page read from disk is the one we expected.
[test_assign1_1.c-test single page content-L92-12:08:15] OK: expected true: character in page read from disk is the one we expected.
[test_assign1_1.c-test single page content-L92-12:08:15] OK: expected true: character in page read from disk is the one we expected.
[test_assign1_1.c-test single page content-L92-12:08:15] OK: expected true: character in page read from disk is the one we expected.
[test_assign1_1.c-test single page content-L92-12:08:15] OK: expected true: character in page read from disk is the one we expected.
[test_assign1_1.c-test single page content-L92-12:08:15] OK: expected true: character in page read from disk is the one we expected.
[test_assign1_1.c-test single page content-L92-12:08:15] OK: expected true: character in page read from disk is the one we expected.
[test_assign1_1.c-test single page content-L92-12:08:15] OK: expected true: character in page read from disk is the one we expected.
[test_assign1_1.c-test single page content-L92-12:08:15] OK: expected true: character in page read from disk is the one we expected.
[test_assign1_1.c-test single page content-L92-12:08:15] OK: expected true: character in page read from disk is the one we expected.
[test_assign1_1.c-test single page content-L92-12:08:15] OK: expected true: character in page read from disk is the one we expected.
[test_assign1_1.c-test single page content-L92-12:08:15] OK: expected true: character in page read from disk is the one we expected.
[test_assign1_1.c-test single page content-L92-12:08:15] OK: expected true: character in page read from disk is the one we expected.
[test_assign1_1.c-test single page content-L92-12:08:15] OK: expected true: character in page read from disk is the one we expected.
[test_assign1_1.c-test single page content-L92-12:08:15] OK: expected true: character in page read from disk is the one we expected.
[test_assign1_1.c-test single page content-L92-12:08:15] OK: expected true: character in page read from disk is the one we expected.
[test_assign1_1.c-test single page content-L92-12:08:15] OK: expected true: character in page read from disk is the one we expected.
[test_assign1_1.c-test single page content-L92-12:08:15] OK: expected true: character in page read from disk is the one we expected.
[test_assign1_1.c-test single page content-L92-12:08:15] OK: expected true: character in page read from disk is the one we expected.
[test_assign1_1.c-test single page content-L92-12:08:15] OK: expected true: character in page read from disk is the one we expected.
[test_assign1_1.c-test single page content-L92-12:08:15] OK: expected true: character in page read from disk is the one we expected.
[test_assign1_1.c-test single page content-L92-12:08:15] OK: expected true: character in page read from disk is the one we expected.
[test_assign1_1.c-test single page content-L92-12:08:15] OK: expected true: character in page read from disk is the one we expected.
[test_assign1_1.c-test single page content-L92-12:08:15] OK: expected true: character in page read from disk is the one we expected.
[test_assign1_1.c-test single page content-L92-12:08:15] OK: expected true: character in page read from disk is the one we expected.
[test_assign1_1.c-test single page content-L92-12:08:15] OK: expected true: character in page read from disk is the one we expected.
[test_assign1_1.c-test single page content-L92-12:08:15] OK: expected true: character in page read from disk is the one we expected.
[test_assign1_1.c-test single page content-L92-12:08:15] OK: expected true: character in page read from disk is the one we expected.
[test_assign1_1.c-test single page content-L92-12:08:15] OK: expected true: character in page read from disk is the one we expected.
[test_assign1_1.c-test single page content-L92-12:08:15] OK: expected true: character in page read from disk is the one we expected.
[test_assign1_1.c-test single page content-L92-12:08:15] OK: expected true: character in page read from disk is the one we expected.
[test_assign1_1.c-test single page content-L92-12:08:15] OK: expected true: character in page read from disk is the one we expected.
[test_assign1_1.c-test single page content-L92-12:08:15] OK: expected true: character in page read from disk is the one we expected.
[test_assign1_1.c-test single page content-L92-12:08:15] OK: expected true: character in page read from disk is the one we expected.
[test_assign1_1.c-test single page content-L92-12:08:15] OK: expected true: character in page read from disk is the one we expected.
[test_assign1_1.c-test single page content-L92-12:08:15] OK: expected true: character in page read from disk is the one we expected.
[test_assign1_1.c-test single page content-L92-12:08:15] OK: expected true: character in page read from disk is the one we expected.
[test_assign1_1.c-test single page content-L92-12:08:15] OK: expected true: character in page read from disk is the one we expected.
[test_assign1_1.c-test single page content-L92-12:08:15] OK: expected true: character in page read from disk is the one we expected.
[test_assign1_1.c-test single page content-L92-12:08:15] OK: expected true: character in page read from disk is the one we expected.
[test_assign1_1.c-test single page content-L92-12:08:15] OK: expected true: character in page read from disk is the one we expected.
[test_assign1_1.c-test single page content-L92-12:08:15] OK: expected true: character in page read from disk is the one we expected.
[test_assign1_1.c-test single page content-L92-12:08:15] OK: expected true: character in page read from disk is the one we expected.
[test_assign1_1.c-test single page content-L92-12:08:15] OK: expected true: character in page read from disk is the one we expected.
[test_assign1_1.c-test single page content-L92-12:08:15] OK: expected true: character in page read from disk is the one we expected.
[test_assign1_1.c-test single page content-L92-12:08:15] OK: expected true: character in page read from disk is the one we expected.
[test_assign1_1.c-test single page content-L92-12:08:15] OK: expected true: character in page read from disk is the one we expected.
[test_assign1_1.c-test single page content-L92-12:08:15] OK: expected true: character in page read from disk is the one we expected.
[test_assign1_1.c-test single page content-L92-12:08:15] OK: expected true: character in page read from disk is the one we expected.
[test_assign1_1.c-test single page content-L92-12:08:15] OK: expected true: character in page read from disk is the one we expected.
[test_assign1_1.c-test single page content-L92-12:08:15] OK: expected true: character in page read from disk is the one we expected.
[test_assign1_1.c-test single page content-L92-12:08:15] OK: expected true: character in page read from disk is the one we expected.
[test_assign1_1.c-test single page content-L92-12:08:15] OK: expected true: character in page read from disk is the one we expected.
[test_assign1_1.c-test single page content-L92-12:08:15] OK: expected true: character in page read from disk is the one we expected.
[test_assign1_1.c-test single page content-L92-12:08:15] OK: expected true: character in page read from disk is the one we expected.
[test_assign1_1.c-test single page content-L92-12:08:15] OK: expected true: character in page read from disk is the one we expected.
[test_assign1_1.c-test single page content-L92-12:08:15] OK: expected true: character in page read from disk is the one we expected.
[test_assign1_1.c-test single page content-L92-12:08:15] OK: expected true: character in page read from disk is the one we expected.
[test_assign1_1.c-test single page content-L92-12:08:15] OK: expected true: character in page read from disk is the one we expected.
[test_assign1_1.c-test single page content-L92-12:08:15] OK: expected true: character in page read from disk is the one we expected.
[test_assign1_1.c-test single page content-L92-12:08:15] OK: expected true: character in page read from disk is the one we expected.
[test_assign1_1.c-test single page content-L92-12:08:15] OK: expected true: character in page read from disk is the one we expected.
[test_assign1_1.c-test single page content-L92-12:08:15] OK: expected true: character in page read from disk is the one we expected.
[test_assign1_1.c-test single page content-L92-12:08:15] OK: expected true: character in page read from disk is the one we expected.
[test_assign1_1.c-test single page content-L92-12:08:15] OK: expected true: character in page read from disk is the one we expected.
[test_assign1_1.c-test single page content-L92-12:08:15] OK: expected true: character in page read from disk is the one we expected.
[test_assign1_1.c-test single page content-L92-12:08:15] OK: expected true: character in page read from disk is the one we expected.
[test_assign1_1.c-test single page content-L92-12:08:15] OK: expected true: character in page read from disk is the one we expected.
[test_assign1_1.c-test single page content-L92-12:08:15] OK: expected true: character in page read from disk is the one we expected.
[test_assign1_1.c-test single page content-L92-12:08:15] OK: expected true: character in page read from disk is the one we expected.
[test_assign1_1.c-test single page content-L92-12:08:15] OK: expected true: character in page read from disk is the one we expected.
[test_assign1_1.c-test single page content-L92-12:08:15] OK: expected true: character in page read from disk is the one we expected.
[test_assign1_1.c-test single page content-L92-12:08:15] OK: expected true: character in page read from disk is the one we expected.
[test_assign1_1.c-test single page content-L92-12:08:15] OK: expected true: character in page read from disk is the one we expected.
[test_assign1_1.c-test single page content-L92-12:08:15] OK: expected true: character in page read from disk is the one we expected.
[test_assign1_1.c-test single page content-L92-12:08:15] OK: expected true: character in page read from disk is the one we expected.
[test_assign1_1.c-test single page content-L92-12:08:15] OK: expected true: character in page read from disk is the one we expected.
[test_assign1_1.c-test single page content-L92-12:08:15] OK: expected true: character in page read from disk is the one we expected.
[test_assign1_1.c-test single page content-L92-12:08:15] OK: expected true: character in page read from disk is the one we expected.
[test_assign1_1.c-test single page content-L92-12:08:15] OK: expected true: character in page read from disk is the one we expected.
[test_assign1_1.c-test single page content-L92-12:08:15] OK: expected true: character in page read from disk is the one we expected.
[test_assign1_1.c-test single page content-L92-12:08:15] OK: expected true: character in page read from disk is the one we expected.
[test_assign1_1.c-test single page content-L92-12:08:15] OK: expected true: character in page read from disk is the one we expected.
[test_assign1_1.c-test single page content-L92-12:08:15] OK: expected true: character in page read from disk is the one we expected.
[test_assign1_1.c-test single page content-L92-12:08:15] OK: expected true: character in page read from disk is the one we expected.
[test_assign1_1.c-test single page content-L92-12:08:15] OK: expected true: character in page read from disk is the one we expected.
[test_assign1_1.c-test single page content-L92-12:08:15] OK: expected true: character in page read from disk is the one we expected.
[test_assign1_1.c-test single page content-L92-12:08:15] OK: expected true: character in page read from disk is the one we expected.
[test_assign1_1.c-test single page content-L92-12:08:15] OK: expected true: character in page read from disk is the one we expected.
[test_assign1_1.c-test single page content-L92-12:08:15] OK: expected true: character in page read from disk is the one we expected.
[test_assign1_1.c-test single page content-L92-12:08:15] OK: expected true: character in page read from disk is the one we expected.
[test_assign1_1.c-test single page content-L92-12:08:15] OK: expected true: character in page read from disk is the one we expected.
[test_assign1_1.c-test single page content-L92-12:08:15] OK: expected true: character in page read from disk is the one we expected.
[test_assign1_1.c-test single page content-L92-12:08:15] OK: expected true: character in page read from disk is the one we expected.
[test_assign1_1.c-test single page content-L92-12:08:15] OK: expected true: character in page read from disk is the one we expected.
[test_assign1_1.c-test single page content-L92-12:08:15] OK: expected true: character in page read from disk is the one we expected.
[test_assign1_1.c-test single page content-L92-12:08:15] OK: expected true: character in page read from disk is the one we expected.
[test_assign1_1.c-test single page content-L92-12:08:15] OK: expected true: character in page read from disk is the one we expected.
[test_assign1_1.c-test single page content-L92-12:08:15] OK: expected true: character in page read from disk is the one we expected.
[test_assign1_1.c-test single page content-L92-12:08:15] OK: expected true: character in page read from disk is the one we expected.
[test_assign1_1.c-test single page content-L92-12:08:15] OK: expected true: character in page read from disk is the one we expected.
[test_assign1_1.c-test single page content-L92-12:08:15] OK: expected true: character in page read from disk is the one we expected.
[test_assign1_1.c-test single page content-L92-12:08:15] OK: expected true: character in page read from disk is the one we expected.
[test_assign1_1.c-test single page content-L92-12:08:15] OK: expected true: character in page read from disk is the one we expected.
[test_assign1_1.c-test single page content-L92-12:08:15] OK: expected true: character in page read from disk is the one we expected.
[test_assign1_1.c-test single page content-L92-12:08:15] OK: expected true: character in page read from disk is the one we expected.
[test_assign1_1.c-test single page content-L92-12:08:15] OK: expected true: character in page read from disk is the one we expected.
[test_assign1_1.c-test single page content-L92-12:08:15] OK: expected true: character in page read from disk is the one we expected.
[test_assign1_1.c-test single page content-L92-12:08:15] OK: expected true: character in page read from disk is the one we expected.
[test_assign1_1.c-test single page content-L92-12:08:15] OK: expected true: character in page read from disk is the one we expected.
[test_assign1_1.c-test single page content-L92-12:08:15] OK: expected true: character in page read from disk is the one we expected.
[test_assign1_1.c-test single page content-L92-12:08:15] OK: expected true: character in page read from disk is the one we expected.
[test_assign1_1.c-test single page content-L92-12:08:15] OK: expected true: character in page read from disk is the one we expected.
[test_assign1_1.c-test single page content-L92-12:08:15] OK: expected true: character in page read from disk is the one we expected.
[test_assign1_1.c-test single page content-L92-12:08:15] OK: expected true: character in page read from disk is the one we expected.
[test_assign1_1.c-test single page content-L92-12:08:15] OK: expected true: character in page read from disk is the one we expected.
[test_assign1_1.c-test single page content-L92-12:08:15] OK: expected true: character in page read from disk is the one we expected.
[test_assign1_1.c-test single page content-L92-12:08:15] OK: expected true: character in page read from disk is the one we expected.
[test_assign1_1.c-test single page content-L92-12:08:15] OK: expected true: character in page read from disk is the one we expected.
[test_assign1_1.c-test single page content-L92-12:08:15] OK: expected true: character in page read from disk is the one we expected.
[test_assign1_1.c-test single page content-L92-12:08:15] OK: expected true: character in page read from disk is the one we expected.
[test_assign1_1.c-test single page content-L92-12:08:15] OK: expected true: character in page read from disk is the one we expected.
[test_assign1_1.c-test single page content-L92-12:08:15] OK: expected true: character in page read from disk is the one we expected.
[test_assign1_1.c-test single page content-L92-12:08:15] OK: expected true: character in page read from disk is the one we expected.
[test_assign1_1.c-test single page content-L92-12:08:15] OK: expected true: character in page read from disk is the one we expected.
[test_assign1_1.c-test single page content-L92-12:08:15] OK: expected true: character in page read from disk is the one we expected.
[test_assign1_1.c-test single page content-L92-12:08:15] OK: expected true: character in page read from disk is the one we expected.
[test_assign1_1.c-test single page content-L92-12:08:15] OK: expected true: character in page read from disk is the one we expected.
[test_assign1_1.c-test single page content-L92-12:08:15] OK: expected true: character in page read from disk is the one we expected.
[test_assign1_1.c-test single page content-L92-12:08:15] OK: expected true: character in page read from disk is the one we expected.
[test_assign1_1.c-test single page content-L92-12:08:15] OK: expected true: character in page read from disk is the one we expected.
[test_assign1_1.c-test single page content-L92-12:08:15] OK: expected true: character in page read from disk is the one we expected.
[test_assign1_1.c-test single page content-L92-12:08:15] OK: expected true: character in page read from disk is the one we expected.
[test_assign1_1.c-test single page content-L92-12:08:15] OK: expected true: character in page read from disk is the one we expected.
[test_assign1_1.c-test single page content-L92-12:08:15] OK: expected true: character in page read from disk is the one we expected.
[test_assign1_1.c-test single page content-L92-12:08:15] OK: expected true: character in page read from disk is the one we expected.
[test_assign1_1.c-test single page content-L92-12:08:15] OK: expected true: character in page read from disk is the one we expected.
[test_assign1_1.c-test single page content-L92-12:08:15] OK: expected true: character in page read from disk is the one we expected.
[test_assign1_1.c-test single page content-L92-12:08:15] OK: expected true: character in page read from disk is the one we expected.
[test_assign1_1.c-test single page content-L92-12:08:15] OK: expected true: character in page read from disk is the one we expected.
[test_assign1_1.c-test single page content-L92-12:08:15] OK: expected true: character in page read from disk is the one we expected.
[test_assign1_1.c-test single page content-L92-12:08:15] OK: expected true: character in page read from disk is the one we expected.
[test_assign1_1.c-test single page content-L92-12:08:15] OK: expected true: character in page read from disk is the one we expected.
[test_assign1_1.c-test single page content-L92-12:08:15] OK: expected true: character in page read from disk is the one we expected.
[test_assign1_1.c-test single page content-L92-12:08:15] OK: expected true: character in page read from disk is the one we expected.
[test_assign1_1.c-test single page content-L92-12:08:15] OK: expected true: character in page read from disk is the one we expected.
[test_assign1_1.c-test single page content-L92-12:08:15] OK: expected true: character in page read from disk is the one we expected.
[test_assign1_1.c-test single page content-L92-12:08:15] OK: expected true: character in page read from disk is the one we expected.
[test_assign1_1.c-test single page content-L92-12:08:15] OK: expected true: character in page read from disk is the one we expected.
[test_assign1_1.c-test single page content-L92-12:08:15] OK: expected true: character in page read from disk is the one we expected.
[test_assign1_1.c-test single page content-L92-12:08:15] OK: expected true: character in page read from disk is the one we expected.
[test_assign1_1.c-test single page content-L92-12:08:15] OK: expected true: character in page read from disk is the one we expected.
[test_assign1_1.c-test single page content-L92-12:08:15] OK: expected true: character in page read from disk is the one we expected.
[test_assign1_1.c-test single page content-L92-12:08:15] OK: expected true: character in page read from disk is the one we expected.
[test_assign1_1.c-test single page content-L92-12:08:15] OK: expected true: character in page read from disk is the one we expected.
[test_assign1_1.c-test single page content-L92-12:08:15] OK: expected true: character in page read from disk is the one we expected.
[test_assign1_1.c-test single page content-L92-12:08:15] OK: expected true: character in page read from disk is the one we expected.
[test_assign1_1.c-test single page content-L92-12:08:15] OK: expected true: character in page read from disk is the one we expected.
[test_assign1_1.c-test single page content-L92-12:08:15] OK: expected true: character in page read from disk is the one we expected.
[test_assign1_1.c-test single page content-L92-12:08:15] OK: expected true: character in page read from disk is the one we expected.
[test_assign1_1.c-test single page content-L92-12:08:15] OK: expected true: character in page read from disk is the one we expected.
[test_assign1_1.c-test single page content-L92-12:08:15] OK: expected true: character in page read from disk is the one we expected.
[test_assign1_1.c-test single page content-L92-12:08:15] OK: expected true: character in page read from disk is the one we expected.
[test_assign1_1.c-test single page content-L92-12:08:15] OK: expected true: character in page read from disk is the one we expected.
[test_assign1_1.c-test single page content-L92-12:08:15] OK: expected true: character in page read from disk is the one we expected.
[test_assign1_1.c-test single page content-L92-12:08:15] OK: expected true: character in page read from disk is the one we expected.
[test_assign1_1.c-test single page content-L92-12:08:15] OK: expected true: character in page read from disk is the one we expected.
[test_assign1_1.c-test single page content-L92-12:08:15] OK: expected true: character in page read from disk is the one we expected.
[test_assign1_1.c-test single page content-L92-12:08:15] OK: expected true: character in page read from disk is the one we expected.
[test_assign1_1.c-test single page content-L92-12:08:15] OK: expected true: character in page read from disk is the one we expected.
[test_assign1_1.c-test single page content-L92-12:08:15] OK: expected true: character in page read from disk is the one we expected.
[test_assign1_1.c-test single page content-L92-12:08:15] OK: expected true: character in page read from disk is the one we expected.
[test_assign1_1.c-test single page content-L92-12:08:15] OK: expected true: character in page read from disk is the one we expected.
[test_assign1_1.c-test single page content-L92-12:08:15] OK: expected true: character in page read from disk is the one we expected.
[test_assign1_1.c-test single page content-L92-12:08:15] OK: expected true: character in page read from disk is the one we expected.
[test_assign1_1.c-test single page content-L92-12:08:15] OK: expected true: character in page read from disk is the one we expected.
[test_assign1_1.c-test single page content-L92-12:08:15] OK: expected true: character in page read from disk is the one we expected.
[test_assign1_1.c-test single page content-L92-12:08:15] OK: expected true: character in page read from disk is the one we expected.
[test_assign1_1.c-test single page content-L92-12:08:15] OK: expected true: character in page read from disk is the one we expected.
[test_assign1_1.c-test single page content-L92-12:08:15] OK: expected true: character in page read from disk is the one we expected.
[test_assign1_1.c-test single page content-L92-12:08:15] OK: expected true: character in page read from disk is the one we expected.
[test_assign1_1.c-test single page content-L92-12:08:15] OK: expected true: character in page read from disk is the one we expected.
[test_assign1_1.c-test single page content-L92-12:08:15] OK: expected true: character in page read from disk is the one we expected.
[test_assign1_1.c-test single page content-L92-12:08:15] OK: expected true: character in page read from disk is the one we expected.
[test_assign1_1.c-test single page content-L92-12:08:15] OK: expected true: character in page read from disk is the one we expected.
[test_assign1_1.c-test single page content-L92-12:08:15] OK: expected true: character in page read from disk is the one we expected.
[test_assign1_1.c-test single page content-L92-12:08:15] OK: expected true: character in page read from disk is the one we expected.
[test_assign1_1.c-test single page content-L92-12:08:15] OK: expected true: character in page read from disk is the one we expected.
[test_assign1_1.c-test single page content-L92-12:08:15] OK: expected true: character in page read from disk is the one we expected.
[test_assign1_1.c-test single page content-L92-12:08:15] OK: expected true: character in page read from disk is the one we expected.
[test_assign1_1.c-test single page content-L92-12:08:15] OK: expected true: character in page read from disk is the one we expected.
[test_assign1_1.c-test single page content-L92-12:08:15] OK: expected true: character in page read from disk is the one we expected.
[test_assign1_1.c-test single page content-L92-12:08:15] OK: expected true: character in page read from disk is the one we expected.
[test_assign1_1.c-test single page content-L92-12:08:15] OK: expected true: character in page read from disk is the one we expected.
[test_assign1_1.c-test single page content-L92-12:08:15] OK: expected true: character in page read from disk is the one we expected.
[test_assign1_1.c-test single page content-L92-12:08:15] OK: expected true: character in page read from disk is the one we expected.
[test_assign1_1.c-test single page content-L92-12:08:15] OK: expected true: character in page read from disk is the one we expected.
[test_assign1_1.c-test single page content-L92-12:08:15] OK: expected true: character in page read from disk is the one we expected.
[test_assign1_1.c-test single page content-L92-12:08:15] OK: expected true: character in page read from disk is the one we expected.
[test_assign1_1.c-test single page content-L92-12:08:15] OK: expected true: character in page read from disk is the one we expected.
[test_assign1_1.c-test single page content-L92-12:08:15] OK: expected true: character in page read from disk is the one we expected.
[test_assign1_1.c-test single page content-L92-12:08:15] OK: expected true: character in page read from disk is the one we expected.
[test_assign1_1.c-test single page content-L92-12:08:15] OK: expected true: character in page read from disk is the one we expected.
[test_assign1_1.c-test single page content-L92-12:08:15] OK: expected true: character in page read from disk is the one we expected.
[test_assign1_1.c-test single page content-L92-12:08:15] OK: expected true: character in page read from disk is the one we expected.
[test_assign1_1.c-test single page content-L92-12:08:15] OK: expected true: character in page read from disk is the one we expected.
[test_assign1_1.c-test single page content-L92-12:08:15] OK: expected true: character in page read from disk is the one we expected.
[test_assign1_1.c-test single page content-L92-12:08:15] OK: expected true: character in page read from disk is the one we expected.
[test_assign1_1.c-test single page content-L92-12:08:15] OK: expected true: character in page read from disk is the one we expected.
[test_assign1_1.c-test single page content-L92-12:08:15] OK: expected true: character in page read from disk is the one we expected.
[test_assign1_1.c-test single page content-L92-12:08:15] OK: expected true: character in page read from disk is the one we expected.
[test_assign1_1.c-test single page content-L92-12:08:15] OK: expected true: character in page read from disk is the one we expected.
[test_assign1_1.c-test single page content-L92-12:08:15] OK: expected true: character in page read from disk is the one we expected.
[test_assign1_1.c-test single page content-L92-12:08:15] OK: expected true: character in page read from disk is the one we expected.
[test_assign1_1.c-test single page content-L92-12:08:15] OK: expected true: character in page read from disk is the one we expected.
[test_assign1_1.c-test single page content-L92-12:08:15] OK: expected true: character in page read from disk is the one we expected.
[test_assign1_1.c-test single page content-L92-12:08:15] OK: expected true: character in page read from disk is the one we expected.
[test_assign1_1.c-test single page content-L92-12:08:15] OK: expected true: character in page read from disk is the one we expected.
[test_assign1_1.c-test single page content-L92-12:08:15] OK: expected true: character in page read from disk is the one we expected.
[test_assign1_1.c-test single page content-L92-12:08:15] OK: expected true: character in page read from disk is the one we expected.
[test_assign1_1.c-test single page content-L92-12:08:15] OK: expected true: character in page read from disk is the one we expected.
[test_assign1_1.c-test single page content-L92-12:08:15] OK: expected true: character in page read from disk is the one we expected.
[test_assign1_1.c-test single page content-L92-12:08:15] OK: expected true: character in page read from disk is the one we expected.
[test_assign1_1.c-test single page content-L92-12:08:15] OK: expected true: character in page read from disk is the one we expected.
[test_assign1_1.c-test single page content-L92-12:08:15] OK: expected true: character in page read from disk is the one we expected.
[test_assign1_1.c-test single page content-L92-12:08:15] OK: expected true: character in page read from disk is the one we expected.
[test_assign1_1.c-test single page content-L92-12:08:15] OK: expected true: character in page read from disk is the one we expected.
[test_assign1_1.c-test single page content-L92-12:08:15] OK: expected true: character in page read from disk is the one we expected.
[test_assign1_1.c-test single page content-L92-12:08:15] OK: expected true: character in page read from disk is the one we expected.
[test_assign1_1.c-test single page content-L92-12:08:15] OK: expected true: character in page read from disk is the one we expected.
[test_assign1_1.c-test single page content-L92-12:08:15] OK: expected true: character in page read from disk is the one we expected.
[test_assign1_1.c-test single page content-L92-12:08:15] OK: expected true: character in page read from disk is the one we expected.
[test_assign1_1.c-test single page content-L92-12:08:15] OK: expected true: character in page read from disk is the one we expected.
[test_assign1_1.c-test single page content-L92-12:08:15] OK: expected true: character in page read from disk is the one we expected.
[test_assign1_1.c-test single page content-L92-12:08:15] OK: expected true: character in page read from disk is the one we expected.
[test_assign1_1.c-test single page content-L92-12:08:15] OK: expected true: character in page read from disk is the one we expected.
[test_assign1_1.c-test single page content-L92-12:08:15] OK: expected true: character in page read from disk is the one we expected.
[test_assign1_1.c-test single page content-L92-12:08:15] OK: expected true: character in page read from disk is the one we expected.
[test_assign1_1.c-test single page content-L92-12:08:15] OK: expected true: character in page read from disk is the one we expected.
[test_assign1_1.c-test single page content-L92-12:08:15] OK: expected true: character in page read from disk is the one we expected.
[test_assign1_1.c-test single page content-L92-12:08:15] OK: expected true: character in page read from disk is the one we expected.
[test_assign1_1.c-test single page content-L92-12:08:15] OK: expected true: character in page read from disk is the one we expected.
[test_assign1_1.c-test single page content-L92-12:08:15] OK: expected true: character in page read from disk is the one we expected.
[test_assign1_1.c-test single page content-L92-12:08:15] OK: expected true: character in page read from disk is the one we expected.
[test_assign1_1.c-test single page content-L92-12:08:15] OK: expected true: character in page read from disk is the one we expected.
[test_assign1_1.c-test single page content-L92-12:08:15] OK: expected true: character in page read from disk is the one we expected.
[test_assign1_1.c-test single page content-L92-12:08:15] OK: expected true: character in page read from disk is the one we expected.
[test_assign1_1.c-test single page content-L92-12:08:15] OK: expected true: character in page read from disk is the one we expected.
[test_assign1_1.c-test single page content-L92-12:08:15] OK: expected true: character in page read from disk is the one we expected.
[test_assign1_1.c-test single page content-L92-12:08:15] OK: expected true: character in page read from disk is the one we expected.
[test_assign1_1.c-test single page content-L92-12:08:15] OK: expected true: character in page read from disk is the one we expected.
[test_assign1_1.c-test single page content-L92-12:08:15] OK: expected true: character in page read from disk is the one we expected.
[test_assign1_1.c-test single page content-L92-12:08:15] OK: expected true: character in page read from disk is the one we expected.
[test_assign1_1.c-test single page content-L92-12:08:15] OK: expected true: character in page read from disk is the one we expected.
[test_assign1_1.c-test single page content-L92-12:08:15] OK: expected true: character in page read from disk is the one we expected.
[test_assign1_1.c-test single page content-L92-12:08:15] OK: expected true: character in page read from disk is the one we expected.
[test_assign1_1.c-test single page content-L92-12:08:15] OK: expected true: character in page read from disk is the one we expected.
[test_assign1_1.c-test single page content-L92-12:08:15] OK: expected true: character in page read from disk is the one we expected.
[test_assign1_1.c-test single page content-L92-12:08:15] OK: expected true: character in page read from disk is the one we expected.
[test_assign1_1.c-test single page content-L92-12:08:15] OK: expected true: character in page read from disk is the one we expected.
[test_assign1_1.c-test single page content-L92-12:08:15] OK: expected true: character in page read from disk is the one we expected.
[test_assign1_1.c-test single page content-L92-12:08:15] OK: expected true: character in page read from disk is the one we expected.
[test_assign1_1.c-test single page content-L92-12:08:15] OK: expected true: character in page read from disk is the one we expected.
[test_assign1_1.c-test single page content-L92-12:08:15] OK: expected true: character in page read from disk is the one we expected.
[test_assign1_1.c-test single page content-L92-12:08:15] OK: expected true: character in page read from disk is the one we expected.
[test_assign1_1.c-test single page content-L92-12:08:15] OK: expected true: character in page read from disk is the one we expected.
[test_assign1_1.c-test single page content-L92-12:08:15] OK: expected true: character in page read from disk is the one we expected.
[test_assign1_1.c-test single page content-L92-12:08:15] OK: expected true: character in page read from disk is the one we expected.
[test_assign1_1.c-test single page content-L92-12:08:15] OK: expected true: character in page read from disk is the one we expected.
[test_assign1_1.c-test single page content-L92-12:08:15] OK: expected true: character in page read from disk is the one we expected.
[test_assign1_1.c-test single page content-L92-12:08:15] OK: expected true: character in page read from disk is the one we expected.
[test_assign1_1.c-test single page content-L92-12:08:15] OK: expected true: character in page read from disk is the one we expected.
[test_assign1_1.c-test single page content-L92-12:08:15] OK: expected true: character in page read from disk is the one we expected.
[test_assign1_1.c-test single page content-L92-12:08:15] OK: expected true: character in page read from disk is the one we expected.
[test_assign1_1.c-test single page content-L92-12:08:15] OK: expected true: character in page read from disk is the one we expected.
[test_assign1_1.c-test single page content-L92-12:08:15] OK: expected true: character in page read from disk is the one we expected.
[test_assign1_1.c-test single page content-L92-12:08:15] OK: expected true: character in page read from disk is the one we expected.
[test_assign1_1.c-test single page content-L92-12:08:15] OK: expected true: character in page read from disk is the one we expected.
[test_assign1_1.c-test single page content-L92-12:08:15] OK: expected true: character in page read from disk is the one we expected.
[test_assign1_1.c-test single page content-L92-12:08:15] OK: expected true: character in page read from disk is the one we expected.
[test_assign1_1.c-test single page content-L92-12:08:15] OK: expected true: character in page read from disk is the one we expected.
[test_assign1_1.c-test single page content-L92-12:08:15] OK: expected true: character in page read from disk is the one we expected.
[test_assign1_1.c-test single page content-L92-12:08:15] OK: expected true: character in page read from disk is the one we expected.
[test_assign1_1.c-test single page content-L92-12:08:15] OK: expected true: character in page read from disk is the one we expected.
[test_assign1_1.c-test single page content-L92-12:08:15] OK: expected true: character in page read from disk is the one we expected.
[test_assign1_1.c-test single page content-L92-12:08:15] OK: expected true: character in page read from disk is the one we expected.
[test_assign1_1.c-test single page content-L92-12:08:15] OK: expected true: character in page read from disk is the one we expected.
[test_assign1_1.c-test single page content-L92-12:08:15] OK: expected true: character in page read from disk is the one we expected.
[test_assign1_1.c-test single page content-L92-12:08:15] OK: expected true: character in page read from disk is the one we expected.
[test_assign1_1.c-test single page content-L92-12:08:15] OK: expected true: character in page read from disk is the one we expected.
[test_assign1_1.c-test single page content-L92-12:08:15] OK: expected true: character in page read from disk is the one we expected.
[test_assign1_1.c-test single page content-L92-12:08:15] OK: expected true: character in page read from disk is the one we expected.
[test_assign1_1.c-test single page content-L92-12:08:15] OK: expected true: character in page read from disk is the one we expected.
[test_assign1_1.c-test single page content-L92-12:08:15] OK: expected true: character in page read from disk is the one we expected.
[test_assign1_1.c-test single page content-L92-12:08:15] OK: expected true: character in page read from disk is the one we expected.
[test_assign1_1.c-test single page content-L92-12:08:15] OK: expected true: character in page read from disk is the one we expected.
[test_assign1_1.c-test single page content-L92-12:08:15] OK: expected true: character in page read from disk is the one we expected.
[test_assign1_1.c-test single page content-L92-12:08:15] OK: expected true: character in page read from disk is the one we expected.
[test_assign1_1.c-test single page content-L92-12:08:15] OK: expected true: character in page read from disk is the one we expected.
[test_assign1_1.c-test single page content-L92-12:08:15] OK: expected true: character in page read from disk is the one we expected.
[test_assign1_1.c-test single page content-L92-12:08:15] OK: expected true: character in page read from disk is the one we expected.
[test_assign1_1.c-test single page content-L92-12:08:15] OK: expected true: character in page read from disk is the one we expected.
[test_assign1_1.c-test single page content-L92-12:08:15] OK: expected true: character in page read from disk is the one we expected.
[test_assign1_1.c-test single page content-L92-12:08:15] OK: expected true: character in page read from disk is the one we expected.
[test_assign1_1.c-test single page content-L92-12:08:15] OK: expected true: character in page read from disk is the one we expected.
[test_assign1_1.c-test single page content-L92-12:08:15] OK: expected true: character in page read from disk is the one we expected.
[test_assign1_1.c-test single page content-L92-12:08:15] OK: expected true: character in page read from disk is the one we expected.
[test_assign1_1.c-test single page content-L92-12:08:15] OK: expected true: character in page read from disk is the one we expected.
[test_assign1_1.c-test single page content-L92-12:08:15] OK: expected true: character in page read from disk is the one we expected.
[test_assign1_1.c-test single page content-L92-12:08:15] OK: expected true: character in page read from disk is the one we expected.
[test_assign1_1.c-test single page content-L92-12:08:15] OK: expected true: character in page read from disk is the one we expected.
[test_assign1_1.c-test single page content-L92-12:08:15] OK: expected true: character in page read from disk is the one we expected.
[test_assign1_1.c-test single page content-L92-12:08:15] OK: expected true: character in page read from disk is the one we expected.
[test_assign1_1.c-test single page content-L92-12:08:15] OK: expected true: character in page read from disk is the one we expected.
[test_assign1_1.c-test single page content-L92-12:08:15] OK: expected true: character in page read from disk is the one we expected.
[test_assign1_1.c-test single page content-L92-12:08:15] OK: expected true: character in page read from disk is the one we expected.
[test_assign1_1.c-test single page content-L92-12:08:15] OK: expected true: character in page read from disk is the one we expected.
[test_assign1_1.c-test single page content-L92-12:08:15] OK: expected true: character in page read from disk is the one we expected.
[test_assign1_1.c-test single page content-L92-12:08:15] OK: expected true: character in page read from disk is the one we expected.
[test_assign1_1.c-test single page content-L92-12:08:15] OK: expected true: character in page read from disk is the one we expected.
[test_assign1_1.c-test single page content-L92-12:08:15] OK: expected true: character in page read from disk is the one we expected.
[test_assign1_1.c-test single page content-L92-12:08:15] OK: expected true: character in page read from disk is the one we expected.
[test_assign1_1.c-test single page content-L92-12:08:15] OK: expected true: character in page read from disk is the one we expected.
[test_assign1_1.c-test single page content-L92-12:08:15] OK: expected true: character in page read from disk is the one we expected.
[test_assign1_1.c-test single page content-L92-12:08:15] OK: expected true: character in page read from disk is the one we expected.
[test_assign1_1.c-test single page content-L92-12:08:15] OK: expected true: character in page read from disk is the one we expected.
[test_assign1_1.c-test single page content-L92-12:08:15] OK: expected true: character in page read from disk is the one we expected.
[test_assign1_1.c-test single page content-L92-12:08:15] OK: expected true: character in page read from disk is the one we expected.
[test_assign1_1.c-test single page content-L92-12:08:15] OK: expected true: character in page read from disk is the one we expected.
[test_assign1_1.c-test single page content-L92-12:08:15] OK: expected true: character in page read from disk is the one we expected.
[test_assign1_1.c-test single page content-L92-12:08:15] OK: expected true: character in page read from disk is the one we expected.
[test_assign1_1.c-test single page content-L92-12:08:15] OK: expected true: character in page read from disk is the one we expected.
[test_assign1_1.c-test single page content-L92-12:08:15] OK: expected true: character in page read from disk is the one we expected.
[test_assign1_1.c-test single page content-L92-12:08:15] OK: expected true: character in page read from disk is the one we expected.
[test_assign1_1.c-test single page content-L92-12:08:15] OK: expected true: character in page read from disk is the one we expected.
[test_assign1_1.c-test single page content-L92-12:08:15] OK: expected true: character in page read from disk is the one we expected.
[test_assign1_1.c-test single page content-L92-12:08:15] OK: expected true: character in page read from disk is the one we expected.
[test_assign1_1.c-test single page content-L92-12:08:15] OK: expected true: character in page read from disk is the one we expected.
[test_assign1_1.c-test single page content-L92-12:08:15] OK: expected true: character in page read from disk is the one we expected.
[test_assign1_1.c-test single page content-L92-12:08:15] OK: expected true: character in page read from disk is the one we expected.
[test_assign1_1.c-test single page content-L92-12:08:15] OK: expected true: character in page read from disk is the one we expected.
[test_assign1_1.c-test single page content-L92-12:08:15] OK: expected true: character in page read from disk is the one we expected.
[test_assign1_1.c-test single page content-L92-12:08:15] OK: expected true: character in page read from disk is the one we expected.
[test_assign1_1.c-test single page content-L92-12:08:15] OK: expected true: character in page read from disk is the one we expected.
[test_assign1_1.c-test single page content-L92-12:08:15] OK: expected true: character in page read from disk is the one we expected.
[test_assign1_1.c-test single page content-L92-12:08:15] OK: expected true: character in page read from disk is the one we expected.
[test_assign1_1.c-test single page content-L92-12:08:15] OK: expected true: character in page read from disk is the one we expected.
[test_assign1_1.c-test single page content-L92-12:08:15] OK: expected true: character in page read from disk is the one we expected.
[test_assign1_1.c-test single page content-L92-12:08:15] OK: expected true: character in page read from disk is the one we expected.
[test_assign1_1.c-test single page content-L92-12:08:15] OK: expected true: character in page read from disk is the one we expected.
[test_assign1_1.c-test single page content-L92-12:08:15] OK: expected true: character in page read from disk is the one we expected.
[test_assign1_1.c-test single page content-L92-12:08:15] OK: expected true: character in page read from disk is the one we expected.
[test_assign1_1.c-test single page content-L92-12:08:15] OK: expected true: character in page read from disk is the one we expected.
[test_assign1_1.c-test single page content-L92-12:08:15] OK: expected true: character in page read from disk is the one we expected.
[test_assign1_1.c-test single page content-L92-12:08:15] OK: expected true: character in page read from disk is the one we expected.
[test_assign1_1.c-test single page content-L92-12:08:15] OK: expected true: character in page read from disk is the one we expected.
[test_assign1_1.c-test single page content-L92-12:08:15] OK: expected true: character in page read from disk is the one we expected.
[test_assign1_1.c-test single page content-L92-12:08:15] OK: expected true: character in page read from disk is the one we expected.
[test_assign1_1.c-test single page content-L92-12:08:15] OK: expected true: character in page read from disk is the one we expected.
[test_assign1_1.c-test single page content-L92-12:08:15] OK: expected true: character in page read from disk is the one we expected.
[test_assign1_1.c-test single page content-L92-12:08:15] OK: expected true: character in page read from disk is the one we expected.
[test_assign1_1.c-test single page content-L92-12:08:15] OK: expected true: character in page read from disk is the one we expected.
[test_assign1_1.c-test single page content-L92-12:08:15] OK: expected true: character in page read from disk is the one we expected.
[test_assign1_1.c-test single page content-L92-12:08:15] OK: expected true: character in page read from disk is the one we expected.
[test_assign1_1.c-test single page content-L92-12:08:15] OK: expected true: character in page read from disk is the one we expected.
[test_assign1_1.c-test single page content-L92-12:08:15] OK: expected true: character in page read from disk is the one we expected.
[test_assign1_1.c-test single page content-L92-12:08:15] OK: expected true: character in page read from disk is the one we expected.
[test_assign1_1.c-test single page content-L92-12:08:15] OK: expected true: character in page read from disk is the one we expected.
[test_assign1_1.c-test single page content-L92-12:08:15] OK: expected true: character in page read from disk is the one we expected.
[test_assign1_1.c-test single page content-L92-12:08:15] OK: expected true: character in page read from disk is the one we expected.
[test_assign1_1.c-test single page content-L92-12:08:15] OK: expected true: character in page read from disk is the one we expected.
[test_assign1_1.c-test single page content-L92-12:08:15] OK: expected true: character in page read from disk is the one we expected.
[test_assign1_1.c-test single page content-L92-12:08:15] OK: expected true: character in page read from disk is the one we expected.
[test_assign1_1.c-test single page content-L92-12:08:15] OK: expected true: character in page read from disk is the one we expected.
[test_assign1_1.c-test single page content-L92-12:08:15] OK: expected true: character in page read from disk is the one we expected.
[test_assign1_1.c-test single page content-L92-12:08:15] OK: expected true: character in page read from disk is the one we expected.
[test_assign1_1.c-test single page content-L92-12:08:15] OK: expected true: character in page read from disk is the one we expected.
[test_assign1_1.c-test single page content-L92-12:08:15] OK: expected true: character in page read from disk is the one we expected.
[test_assign1_1.c-test single page content-L92-12:08:15] OK: expected true: character in page read from disk is the one we expected.
[test_assign1_1.c-test single page content-L92-12:08:15] OK: expected true: character in page read from disk is the one we expected.
[test_assign1_1.c-test single page content-L92-12:08:15] OK: expected true: character in page read from disk is the one we expected.
[test_assign1_1.c-test single page content-L92-12:08:15] OK: expected true: character in page read from disk is the one we expected.
[test_assign1_1.c-test single page content-L92-12:08:15] OK: expected true: character in page read from disk is the one we expected.
[test_assign1_1.c-test single page content-L92-12:08:15] OK: expected true: character in page read from disk is the one we expected.
[test_assign1_1.c-test single page content-L92-12:08:15] OK: expected true: character in page read from disk is the one we expected.
[test_assign1_1.c-test single page content-L92-12:08:15] OK: expected true: character in page read from disk is the one we expected.
[test_assign1_1.c-test single page content-L92-12:08:15] OK: expected true: character in page read from disk is the one we expected.
[test_assign1_1.c-test single page content-L92-12:08:15] OK: expected true: character in page read from disk is the one we expected.
[test_assign1_1.c-test single page content-L92-12:08:15] OK: expected true: character in page read from disk is the one we expected.
[test_assign1_1.c-test single page content-L92-12:08:15] OK: expected true: character in page read from disk is the one we expected.
[test_assign1_1.c-test single page content-L92-12:08:15] OK: expected true: character in page read from disk is the one we expected.
[test_assign1_1.c-test single page content-L92-12:08:15] OK: expected true: character in page read from disk is the one we expected.
[test_assign1_1.c-test single page content-L92-12:08:15] OK: expected true: character in page read from disk is the one we expected.
[test_assign1_1.c-test single page content-L92-12:08:15] OK: expected true: character in page read from disk is the one we expected.
[test_assign1_1.c-test single page content-L92-12:08:15] OK: expected true: character in page read from disk is the one we expected.
[test_assign1_1.c-test single page content-L92-12:08:15] OK: expected true: character in page read from disk is the one we expected.
[test_assign1_1.c-test single page content-L92-12:08:15] OK: expected true: character in page read from disk is the one we expected.
[test_assign1_1.c-test single page content-L92-12:08:15] OK: expected true: character in page read from disk is the one we expected.
[test_assign1_1.c-test single page content-L92-12:08:15] OK: expected true: character in page read from disk is the one we expected.
[test_assign1_1.c-test single page content-L92-12:08:15] OK: expected true: character in page read from disk is the one we expected.
[test_assign1_1.c-test single page content-L92-12:08:15] OK: expected true: character in page read from disk is the one we expected.
[test_assign1_1.c-test single page content-L92-12:08:15] OK: expected true: character in page read from disk is the one we expected.
[test_assign1_1.c-test single page content-L92-12:08:15] OK: expected true: character in page read from disk is the one we expected.
[test_assign1_1.c-test single page content-L92-12:08:15] OK: expected true: character in page read from disk is the one we expected.
[test_assign1_1.c-test single page content-L92-12:08:15] OK: expected true: character in page read from disk is the one we expected.
[test_assign1_1.c-test single page content-L92-12:08:15] OK: expected true: character in page read from disk is the one we expected.
[test_assign1_1.c-test single page content-L92-12:08:15] OK: expected true: character in page read from disk is the one we expected.
[test_assign1_1.c-test single page content-L92-12:08:15] OK: expected true: character in page read from disk is the one we expected.
[test_assign1_1.c-test single page content-L92-12:08:15] OK: expected true: character in page read from disk is the one we expected.
[test_assign1_1.c-test single page content-L92-12:08:15] OK: expected true: character in page read from disk is the one we expected.
[test_assign1_1.c-test single page content-L92-12:08:15] OK: expected true: character in page read from disk is the one we expected.
[test_assign1_1.c-test single page content-L92-12:08:15] OK: expected true: character in page read from disk is the one we expected.
[test_assign1_1.c-test single page content-L92-12:08:15] OK: expected true: character in page read from disk is the one we expected.
[test_assign1_1.c-test single page content-L92-12:08:15] OK: expected true: character in page read from disk is the one we expected.
[test_assign1_1.c-test single page content-L92-12:08:15] OK: expected true: character in page read from disk is the one we expected.
[test_assign1_1.c-test single page content-L92-12:08:15] OK: expected true: character in page read from disk is the one we expected.
[test_assign1_1.c-test single page content-L92-12:08:15] OK: expected true: character in page read from disk is the one we expected.
[test_assign1_1.c-test single page content-L92-12:08:15] OK: expected true: character in page read from disk is the one we expected.
[test_assign1_1.c-test single page content-L92-12:08:15] OK: expected true: character in page read from disk is the one we expected.
[test_assign1_1.c-test single page content-L92-12:08:15] OK: expected true: character in page read from disk is the one we expected.
[test_assign1_1.c-test single page content-L92-12:08:15] OK: expected true: character in page read from disk is the one we expected.
[test_assign1_1.c-test single page content-L92-12:08:15] OK: expected true: character in page read from disk is the one we expected.
[test_assign1_1.c-test single page content-L92-12:08:15] OK: expected true: character in page read from disk is the one we expected.
[test_assign1_1.c-test single page content-L92-12:08:15] OK: expected true: character in page read from disk is the one we expected.
[test_assign1_1.c-test single page content-L92-12:08:15] OK: expected true: character in page read from disk is the one we expected.
reading first block
[test_assign1_1.c-test single page content-L102-12:08:15] OK: finished test

